MPLINK 4.21, Linker
Linker Map File - Created Mon May 10 16:52:38 2010

                                 Section Info
                  Section       Type    Address   Location Size(Bytes)
                ---------  ---------  ---------  ---------  ---------
               _entry_scn       code   0x000000    program   0x000006
    HIGH_INTERRUPT_VECTOR       code   0x000008    program   0x000006
     LOW_INTERRUPT_VECTOR       code   0x000018    program   0x000006
    REMAPPED_RESET_VECTOR       code   0x000800    program   0x000006
REMAPPED_HIGH_INTERRUPT_VECTOR       code   0x000808    program   0x000006
REMAPPED_LOW_INTERRUPT_VECTOR       code   0x000818    program   0x000006
                   .cinit    romdata   0x00082a    program   0x000026
       .code_usb_device.o       code   0x000850    program   0x000b5a
             .code_main.o       code   0x0013aa    program   0x00096c
                     PROG       code   0x001d16    program   0x00050a
          .code_monitor.o       code   0x002220    program   0x0002e0
 .code_usb_function_hid.o       code   0x002500    program   0x0000ce
.romdata_usb_descriptors.o    romdata   0x0025ce    program   0x0000b6
               _cinit_scn       code   0x002684    program   0x00009e
          .code_adcopen.o       code   0x002722    program   0x00006e
                   STRING       code   0x002790    program   0x00006c
           .code_eeprom.o       code   0x0027fc    program   0x00006c
           .code_t1open.o       code   0x002868    program   0x000042
             .stringtable    romdata   0x0028aa    program   0x00003e
          .code_t1write.o       code   0x0028e8    program   0x000038
            .code_error.o       code   0x002920    program   0x000036
     .code_adcselchconv.o       code   0x002956    program   0x000030
             D10KTCYXCODE       code   0x002986    program   0x00002e
             _startup_scn       code   0x0029b4    program   0x00001c
              D10TCYXCODE       code   0x0029d0    program   0x000016
          .code_adcread.o       code   0x0029e6    program   0x000012
                    .code       code   0x0029f8    program   0x00000e
          .code_adcbusy.o       code   0x002a06    program   0x00000a
           .code___init.o       code   0x002a10    program   0x000002
       .romdata_adcread.o    romdata   0x002a12    program   0x000000
  .romdata_adcselchconv.o    romdata   0x002a12    program   0x000000
        .romdata_t1open.o    romdata   0x002a12    program   0x000000
       .idata_t1write.o_i    romdata   0x002a12    program   0x000000
        .idata_t1open.o_i    romdata   0x002a12    program   0x000000
       .romdata_t1write.o    romdata   0x002a12    program   0x000000
        .romdata___init.o    romdata   0x002a12    program   0x000000
       .romdata_adcopen.o    romdata   0x002a12    program   0x000000
         .romdata_c018i.o    romdata   0x002a12    program   0x000000
.idata_usb_descriptors.o_i    romdata   0x002a12    program   0x000000
          .romdata_main.o    romdata   0x002a12    program   0x000000
        .romdata_eeprom.o    romdata   0x002a12    program   0x000000
    .idata_usb_device.o_i    romdata   0x002a12    program   0x000000
    .romdata_usb_device.o    romdata   0x002a12    program   0x000000
.idata_usb_function_hid.o_i    romdata   0x002a12    program   0x000000
.romdata_usb_function_hid.o    romdata   0x002a12    program   0x000000
         .romdata_error.o    romdata   0x002a12    program   0x000000
       .idata_monitor.o_i    romdata   0x002a12    program   0x000016
       .romdata_monitor.o    romdata   0x002a12    program   0x000000
       .romdata_adcbusy.o    romdata   0x002a12    program   0x000000
          .idata_main.o_i    romdata   0x002a28    program   0x000011
         .idata_error.o_i    romdata   0x002a39    program   0x000021
       .idata_adcread.o_i    romdata   0x002a5a    program   0x000000
  .idata_adcselchconv.o_i    romdata   0x002a5a    program   0x000000
       .idata_adcopen.o_i    romdata   0x002a5a    program   0x000000
        .idata_eeprom.o_i    romdata   0x002a5a    program   0x000000
  .code_usb_descriptors.o       code   0x002a5a    program   0x000000
        .idata___init.o_i    romdata   0x002a5a    program   0x000000
       .idata_adcbusy.o_i    romdata   0x002a5a    program   0x000000
            .code_c018i.o       code   0x002a5a    program   0x000000
         .idata_c018i.o_i    romdata   0x002a5a    program   0x000000
                MATH_DATA      udata   0x000000       data   0x000014
                 .tmpdata      udata   0x000014       data   0x000014
                DELAYDAT2      udata   0x000028       data   0x000001
                DELAYDAT1      udata   0x000029       data   0x000001
      .udata_usb_device.o      udata   0x000060       data   0x000026
           .idata_error.o      idata   0x000086       data   0x000021
         .idata_monitor.o      idata   0x0000a7       data   0x000016
            .idata_main.o      idata   0x0000bd       data   0x000011
           .udata_c018i.o      udata   0x0000ce       data   0x00000a
            .udata_main.o      udata   0x0000d8       data   0x000003
.udata_usb_function_hid.o      udata   0x0000db       data   0x000002
          .udata_eeprom.o      udata   0x0000dd       data   0x000001
          .udata___init.o      udata   0x0000de       data   0x000000
         .idata_t1write.o      idata   0x0000de       data   0x000000
         .udata_t1write.o      udata   0x0000de       data   0x000000
    .idata_adcselchconv.o      idata   0x0000de       data   0x000000
    .udata_adcselchconv.o      udata   0x0000de       data   0x000000
         .idata_adcread.o      idata   0x0000de       data   0x000000
         .udata_adcread.o      udata   0x0000de       data   0x000000
          .idata_t1open.o      idata   0x0000de       data   0x000000
          .udata_t1open.o      udata   0x0000de       data   0x000000
         .idata_adcopen.o      idata   0x0000de       data   0x000000
         .udata_adcopen.o      udata   0x0000de       data   0x000000
          .idata___init.o      idata   0x0000de       data   0x000000
           .idata_c018i.o      idata   0x0000de       data   0x000000
         .idata_adcbusy.o      idata   0x0000de       data   0x000000
         .udata_adcbusy.o      udata   0x0000de       data   0x000000
 .udata_usb_descriptors.o      udata   0x0000de       data   0x000000
         .udata_monitor.o      udata   0x0000de       data   0x000000
 .idata_usb_descriptors.o      idata   0x0000de       data   0x000000
           .udata_error.o      udata   0x0000de       data   0x000000
.idata_usb_function_hid.o      idata   0x0000de       data   0x000000
      .idata_usb_device.o      idata   0x0000de       data   0x000000
          .idata_eeprom.o      idata   0x0000de       data   0x000000
                   .stack      udata   0x000300       data   0x000100
                  USB_BDT      udata   0x000400       data   0x000036
            USB_VARIABLES      udata   0x000500       data   0x000080
            SFR_UNBANKED0      udata   0x000f62       data   0x00009e



                              Program Memory Usage 
                               Start         End      
                           ---------   ---------      
                            0x000000    0x000005      
                            0x000008    0x00000d      
                            0x000018    0x00001d      
                            0x000800    0x000805      
                            0x000808    0x00080d      
                            0x000818    0x00081d      
                            0x00082a    0x002a59      
            8788 out of 33048 program addresses used, program memory utilization is 26%



                              Symbols - Sorted by Name
                     Name    Address   Location    Storage File                     
                ---------  ---------  ---------  --------- ---------                
           BlinkUSBStatus   0x001afe    program     extern C:\krobot\elec\boards\Monitoring_Battery\Firmware\main.c
                  BusyADC   0x002a06    program     extern C:\MCC18\src\pmc_common\ADC\adcbusy.c
                   D10K_1   0x002992    program     static C:\MCC18\src\traditional\delays\d10ktcyx.asm
                    D10Kl   0x00299e    program     static C:\MCC18\src\traditional\delays\d10ktcyx.asm
                    D10Kx   0x002990    program     static C:\MCC18\src\traditional\delays\d10ktcyx.asm
                    D10_1   0x0029e0    program     static C:\MCC18\src\traditional\delays\d10tcyx.asm
                     D10x   0x0029d8    program     static C:\MCC18\src\traditional\delays\d10tcyx.asm
             Delay10KTCYx   0x002986    program     extern C:\MCC18\src\traditional\delays\d10ktcyx.asm
              Delay10TCYx   0x0029d0    program     extern C:\MCC18\src\traditional\delays\d10tcyx.asm
                 FLO1632S   0x001d1a    program     extern C:\MCC18\src\traditional\math\cast16FP.asm
                 FLO1632U   0x001d16    program     extern C:\MCC18\src\traditional\math\cast16FP.asm
                    FPA32   0x001ec2    program     extern C:\MCC18\src\traditional\math\addFP.asm
                    FPD32   0x001d40    program     extern C:\MCC18\src\traditional\math\divFP.asm
                    FPM32   0x001de6    program     extern C:\MCC18\src\traditional\math\mulFP.asm
                    FPS32   0x001ec0    program     extern C:\MCC18\src\traditional\math\addFP.asm
                 FXM1616S   0x001fee    program     extern C:\MCC18\src\traditional\math\fxm1616s.asm
                 High_ISR   0x000008    program     extern C:\krobot\elec\boards\Monitoring_Battery\Firmware\main.c
                  INT3216   0x002048    program     extern C:\MCC18\src\traditional\math\castFP16.asm
                  INT3232   0x0020a6    program     extern C:\MCC18\src\traditional\math\castFP32.asm
         InitializeSystem   0x0014dc    program     static C:\krobot\elec\boards\Monitoring_Battery\Firmware\main.c
                  Low_ISR   0x000018    program     extern C:\krobot\elec\boards\Monitoring_Battery\Firmware\main.c
                  OpenADC   0x002722    program     extern C:\MCC18\src\pmc_common\ADC\adcopen.c
               OpenTimer1   0x002868    program     extern C:\MCC18\src\pmc_common\Timers\t1open.c
                ProcessIO   0x001572    program     extern C:\krobot\elec\boards\Monitoring_Battery\Firmware\main.c
                  ReadADC   0x0029e6    program     extern C:\MCC18\src\pmc_common\ADC\adcread.c
               ReadEEPROM   0x00283c    program     extern C:\krobot\elec\boards\Monitoring_Battery\Firmware\eeprom.c
        Remapped_High_ISR   0x000808    program     extern C:\krobot\elec\boards\Monitoring_Battery\Firmware\main.c
         Remapped_Low_ISR   0x000818    program     extern C:\krobot\elec\boards\Monitoring_Battery\Firmware\main.c
              ResetSource   0x001c74    program     extern C:\krobot\elec\boards\Monitoring_Battery\Firmware\main.c
           SelChanConvADC   0x002956    program     extern C:\MCC18\src\pmc_common\ADC\adcselchconv.c
               TSIGN1616A   0x00203a    program     static C:\MCC18\src\traditional\math\fxm1616s.asm
       USBCBCheckOtherReq   0x001b84    program     extern C:\krobot\elec\boards\Monitoring_Battery\Firmware\main.c
        USBCBErrorHandler   0x001b82    program     extern C:\krobot\elec\boards\Monitoring_Battery\Firmware\main.c
              USBCBInitEP   0x001b8a    program     extern C:\krobot\elec\boards\Monitoring_Battery\Firmware\main.c
          USBCBSendResume   0x001bc2    program     extern C:\krobot\elec\boards\Monitoring_Battery\Firmware\main.c
    USBCBStdSetDscHandler   0x001b88    program     extern C:\krobot\elec\boards\Monitoring_Battery\Firmware\main.c
             USBCBSuspend   0x001b7c    program     extern C:\krobot\elec\boards\Monitoring_Battery\Firmware\main.c
     USBCBWakeFromSuspend   0x001b7e    program     extern C:\krobot\elec\boards\Monitoring_Battery\Firmware\main.c
        USBCB_SOF_Handler   0x001b80    program     extern C:\krobot\elec\boards\Monitoring_Battery\Firmware\main.c
       USBCheckHIDRequest   0x002500    program     extern C:\krobot\elec\boards\Monitoring_Battery\Firmware\usb_function_hid.c
       USBCheckStdRequest   0x000bb2    program     extern C:\krobot\elec\boards\Monitoring_Battery\Firmware\usb_device.c
    USBClearInterruptFlag   0x001168    program     extern C:\krobot\elec\boards\Monitoring_Battery\Firmware\usb_device.c
     USBConfigureEndpoint   0x001024    program     extern C:\krobot\elec\boards\Monitoring_Battery\Firmware\usb_device.c
         USBCtrlEPService   0x000a3c    program     extern C:\krobot\elec\boards\Monitoring_Battery\Firmware\usb_device.c
 USBCtrlEPServiceComplete   0x000e1c    program     extern C:\krobot\elec\boards\Monitoring_Battery\Firmware\usb_device.c
      USBCtrlTrfInHandler   0x000b10    program     extern C:\krobot\elec\boards\Monitoring_Battery\Firmware\usb_device.c
     USBCtrlTrfOutHandler   0x000af4    program     extern C:\krobot\elec\boards\Monitoring_Battery\Firmware\usb_device.c
      USBCtrlTrfRxService   0x000f36    program     extern C:\krobot\elec\boards\Monitoring_Battery\Firmware\usb_device.c
   USBCtrlTrfSetupHandler   0x000ad0    program     extern C:\krobot\elec\boards\Monitoring_Battery\Firmware\usb_device.c
      USBCtrlTrfTxService   0x000e90    program     extern C:\krobot\elec\boards\Monitoring_Battery\Firmware\usb_device.c
            USBDeviceInit   0x000850    program     extern C:\krobot\elec\boards\Monitoring_Battery\Firmware\usb_device.c
           USBDeviceTasks   0x0008bc    program     extern C:\krobot\elec\boards\Monitoring_Battery\Firmware\usb_device.c
        USBEnableEndpoint   0x00109c    program     extern C:\krobot\elec\boards\Monitoring_Battery\Firmware\usb_device.c
USBPrepareForNextSetupTrf   0x000b6a    program     extern C:\krobot\elec\boards\Monitoring_Battery\Firmware\usb_device.c
         USBStallEndpoint   0x0010d6    program     extern C:\krobot\elec\boards\Monitoring_Battery\Firmware\usb_device.c
          USBStallHandler   0x0009ec    program     extern C:\krobot\elec\boards\Monitoring_Battery\Firmware\usb_device.c
  USBStdFeatureReqHandler   0x000c5a    program     extern C:\krobot\elec\boards\Monitoring_Battery\Firmware\usb_device.c
      USBStdGetDscHandler   0x000d1c    program     extern C:\krobot\elec\boards\Monitoring_Battery\Firmware\usb_device.c
   USBStdGetStatusHandler   0x000d9e    program     extern C:\krobot\elec\boards\Monitoring_Battery\Firmware\usb_device.c
      USBStdSetCfgHandler   0x000fee    program     extern C:\krobot\elec\boards\Monitoring_Battery\Firmware\usb_device.c
               USBSuspend   0x000a12    program     extern C:\krobot\elec\boards\Monitoring_Battery\Firmware\usb_device.c
     USBTransferOnePacket   0x001100    program     extern C:\krobot\elec\boards\Monitoring_Battery\Firmware\usb_device.c
       USBWakeFromSuspend   0x000a24    program     extern C:\krobot\elec\boards\Monitoring_Battery\Firmware\usb_device.c
               USB_CD_Ptr   0x00267c    program     extern C:\krobot\elec\boards\Monitoring_Battery\Firmware\usb_descriptors.c
               USB_SD_Ptr   0x00267e    program     extern C:\krobot\elec\boards\Monitoring_Battery\Firmware\usb_descriptors.c
USER_USB_CALLBACK_EVENT_HANDLER   0x001bde    program     extern C:\krobot\elec\boards\Monitoring_Battery\Firmware\main.c
                 UserInit   0x0014e8    program     extern C:\krobot\elec\boards\Monitoring_Battery\Firmware\main.c
              WriteEEPROM   0x0027fc    program     extern C:\krobot\elec\boards\Monitoring_Battery\Firmware\eeprom.c
              WriteTimer1   0x0028e8    program     extern C:\MCC18\src\pmc_common\Timers\t1write.c
  YourHighPriorityISRCode   0x0013aa    program     extern C:\krobot\elec\boards\Monitoring_Battery\Firmware\main.c
   YourLowPriorityISRCode   0x001488    program     extern C:\krobot\elec\boards\Monitoring_Battery\Firmware\main.c
              _2jContinue   0x0027b0    program     static C:\MCC18\src\traditional\stdclib\memset.asm
                   _3jEnd   0x0027ba    program     static C:\MCC18\src\traditional\stdclib\memset.asm
       _D10KTCYXCODE_0010   0x002996    program     static C:\MCC18\src\traditional\delays\d10ktcyx.asm
       _D10KTCYXCODE_001C   0x0029a2    program     static C:\MCC18\src\traditional\delays\d10ktcyx.asm
        _D10TCYXCODE_000A   0x0029da    program     static C:\MCC18\src\traditional\delays\d10tcyx.asm
        _D10TCYXCODE_000C   0x0029dc    program     static C:\MCC18\src\traditional\delays\d10tcyx.asm
        _D10TCYXCODE_000E   0x0029de    program     static C:\MCC18\src\traditional\delays\d10tcyx.asm
                 __FpExit   0x002120    program     extern C:\MCC18\src\traditional\math\packFP.asm
                 __FpPack   0x00214c    program     extern C:\MCC18\src\traditional\math\packFP.asm
            __FpReturnNaN   0x002114    program     extern C:\MCC18\src\traditional\math\packFP.asm
         __FpReturnNegInf   0x002126    program     extern C:\MCC18\src\traditional\math\packFP.asm
        __FpReturnNegZero   0x00213e    program     extern C:\MCC18\src\traditional\math\packFP.asm
         __FpReturnPosInf   0x00212c    program     extern C:\MCC18\src\traditional\math\packFP.asm
        __FpReturnPosZero   0x002146    program     extern C:\MCC18\src\traditional\math\packFP.asm
        __FpReturnSignInf   0x002122    program     extern C:\MCC18\src\traditional\math\packFP.asm
       __FpReturnSignZero   0x00213a    program     extern C:\MCC18\src\traditional\math\packFP.asm
              __FpReturnW   0x0021a4    program     extern C:\MCC18\src\traditional\math\packFP.asm
              __FpUnPackA   0x0021c4    program     extern C:\MCC18\src\traditional\math\UnpackFP.asm
              __FpUnPackB   0x0021f4    program     extern C:\MCC18\src\traditional\math\UnpackFP.asm
           ___?:_lbl00022   0x0015b2    program     static                          
           ___?:_lbl00023   0x0015a2    program     static                          
           ___?:_lbl00029   0x001660    program     static                          
           ___?:_lbl00030   0x001650    program     static                          
           ___?:_lbl00034   0x0016be    program     static                          
           ___?:_lbl00035   0x0016ae    program     static                          
           ___?:_lbl00062   0x001a56    program     static                          
           ___?:_lbl00063   0x001a46    program     static                          
      ___case_-1_lbl00114   0x001c5e    program     static                          
       ___case_0_lbl00032   0x00167e    program     static                          
       ___case_0_lbl00037   0x001708    program     static                          
       ___case_0_lbl00053   0x001952    program     static                          
      ___case_11_lbl00045   0x0017ee    program     static                          
      ___case_12_lbl00046   0x001898    program     static                          
      ___case_13_lbl00047   0x0018ce    program     static                          
      ___case_14_lbl00048   0x0018d8    program     static                          
       ___case_1_lbl00033   0x001682    program     static                          
       ___case_1_lbl00038   0x00170e    program     static                          
       ___case_1_lbl00054   0x001972    program     static                          
       ___case_1_lbl00115   0x001c62    program     static                          
      ___case_21_lbl00108   0x001c46    program     static                          
      ___case_22_lbl00109   0x001c4a    program     static                          
      ___case_23_lbl00110   0x001c4e    program     static                          
       ___case_2_lbl00039   0x00173e    program     static                          
       ___case_2_lbl00051   0x0016a2    program     static                          
       ___case_2_lbl00055   0x001992    program     static                          
       ___case_2_lbl00111   0x001c52    program     static                          
       ___case_3_lbl00040   0x0017c2    program     static                          
       ___case_3_lbl00056   0x0019b2    program     static                          
       ___case_3_lbl00113   0x001c5a    program     static                          
       ___case_4_lbl00041   0x0017d8    program     static                          
       ___case_4_lbl00112   0x001c56    program     static                          
       ___case_6_lbl00057   0x0019d2    program     static                          
       ___case_6_lbl00061   0x001938    program     static                          
      ___default_lbl00049   0x0018e2    program     static                          
      ___default_lbl00060   0x001a08    program     static                          
      ___default_lbl00065   0x001a3a    program     static                          
      ___default_lbl00116   0x001c66    program     static                          
         ___else_lbl00027   0x001636    program     static                          
         ___else_lbl00059   0x0019ea    program     static                          
          ___for_lbl00042   0x00188a    program     static                          
          ___for_lbl00043   0x001896    program     static                          
          ___for_lbl00044   0x0017f6    program     static                          
           ___if_lbl00019   0x001586    program     static                          
           ___if_lbl00021   0x001596    program     static                          
           ___if_lbl00025   0x001644    program     static                          
           ___if_lbl00026   0x001644    program     static                          
           ___if_lbl00028   0x001644    program     static                          
           ___if_lbl00050   0x001936    program     static                          
           ___if_lbl00058   0x0019ee    program     static                          
           ___if_lbl00064   0x001abc    program     static                          
           ___if_lbl00066   0x001abc    program     static                          
       ___return_lbl00000   0x000804    program     static                          
       ___return_lbl00000   0x000004    program     static                          
       ___return_lbl00001   0x00080c    program     static                          
       ___return_lbl00001   0x0029ce    program     static                          
       ___return_lbl00002   0x00081c    program     static                          
       ___return_lbl00002   0x002720    program     static                          
       ___return_lbl00003   0x00000c    program     static                          
       ___return_lbl00004   0x00001c    program     static                          
       ___return_lbl00018   0x001abc    program     static                          
       ___return_lbl00106   0x001c6c    program     static                          
   ___switchexit_lbl00031   0x001abc    program     static                          
   ___switchexit_lbl00036   0x0018e8    program     static                          
   ___switchexit_lbl00052   0x001a12    program     static                          
   ___switchexit_lbl00107   0x001c68    program     static                          
                   __init   0x002a10    program     extern C:\MCC18\src\traditional\stdclib\__init.c
                   __pa_0   0x0024a2    program     static C:\krobot\elec\boards\Monitoring_Battery\Firmware\monitor.c
                   __pa_0   0x002948    program     static C:\krobot\elec\boards\Monitoring_Battery\Firmware\error.c
                   __pa_0   0x001192    program     static C:\krobot\elec\boards\Monitoring_Battery\Firmware\usb_device.c
                   __pa_0   0x001cc6    program     static C:\krobot\elec\boards\Monitoring_Battery\Firmware\main.c
                   __pa_0   0x002858    program     static C:\krobot\elec\boards\Monitoring_Battery\Firmware\eeprom.c
                   __pa_1   0x0024b4    program     static C:\krobot\elec\boards\Monitoring_Battery\Firmware\monitor.c
                   __pa_1   0x0011a0    program     static C:\krobot\elec\boards\Monitoring_Battery\Firmware\usb_device.c
                   __pa_1   0x001cda    program     static C:\krobot\elec\boards\Monitoring_Battery\Firmware\main.c
                  __pa_10   0x0011f0    program     static C:\krobot\elec\boards\Monitoring_Battery\Firmware\usb_device.c
                  __pa_11   0x001200    program     static C:\krobot\elec\boards\Monitoring_Battery\Firmware\usb_device.c
                  __pa_12   0x001214    program     static C:\krobot\elec\boards\Monitoring_Battery\Firmware\usb_device.c
                  __pa_13   0x001226    program     static C:\krobot\elec\boards\Monitoring_Battery\Firmware\usb_device.c
                  __pa_14   0x001232    program     static C:\krobot\elec\boards\Monitoring_Battery\Firmware\usb_device.c
                  __pa_15   0x00124e    program     static C:\krobot\elec\boards\Monitoring_Battery\Firmware\usb_device.c
                  __pa_16   0x001254    program     static C:\krobot\elec\boards\Monitoring_Battery\Firmware\usb_device.c
                  __pa_17   0x00125e    program     static C:\krobot\elec\boards\Monitoring_Battery\Firmware\usb_device.c
                  __pa_18   0x00126a    program     static C:\krobot\elec\boards\Monitoring_Battery\Firmware\usb_device.c
                  __pa_19   0x001276    program     static C:\krobot\elec\boards\Monitoring_Battery\Firmware\usb_device.c
                   __pa_2   0x001cec    program     static C:\krobot\elec\boards\Monitoring_Battery\Firmware\main.c
                   __pa_2   0x0011a6    program     static C:\krobot\elec\boards\Monitoring_Battery\Firmware\usb_device.c
                   __pa_2   0x0024c6    program     static C:\krobot\elec\boards\Monitoring_Battery\Firmware\monitor.c
                  __pa_20   0x001286    program     static C:\krobot\elec\boards\Monitoring_Battery\Firmware\usb_device.c
                  __pa_21   0x001296    program     static C:\krobot\elec\boards\Monitoring_Battery\Firmware\usb_device.c
                  __pa_22   0x0012a6    program     static C:\krobot\elec\boards\Monitoring_Battery\Firmware\usb_device.c
                  __pa_23   0x0012b4    program     static C:\krobot\elec\boards\Monitoring_Battery\Firmware\usb_device.c
                  __pa_24   0x0012c2    program     static C:\krobot\elec\boards\Monitoring_Battery\Firmware\usb_device.c
                  __pa_25   0x0012d0    program     static C:\krobot\elec\boards\Monitoring_Battery\Firmware\usb_device.c
                  __pa_26   0x0012de    program     static C:\krobot\elec\boards\Monitoring_Battery\Firmware\usb_device.c
                  __pa_27   0x0012ec    program     static C:\krobot\elec\boards\Monitoring_Battery\Firmware\usb_device.c
                  __pa_28   0x001304    program     static C:\krobot\elec\boards\Monitoring_Battery\Firmware\usb_device.c
                  __pa_29   0x001320    program     static C:\krobot\elec\boards\Monitoring_Battery\Firmware\usb_device.c
                   __pa_3   0x0024d6    program     static C:\krobot\elec\boards\Monitoring_Battery\Firmware\monitor.c
                   __pa_3   0x0011b0    program     static C:\krobot\elec\boards\Monitoring_Battery\Firmware\usb_device.c
                   __pa_3   0x001cfc    program     static C:\krobot\elec\boards\Monitoring_Battery\Firmware\main.c
                  __pa_30   0x00132a    program     static C:\krobot\elec\boards\Monitoring_Battery\Firmware\usb_device.c
                  __pa_31   0x001332    program     static C:\krobot\elec\boards\Monitoring_Battery\Firmware\usb_device.c
                  __pa_32   0x001344    program     static C:\krobot\elec\boards\Monitoring_Battery\Firmware\usb_device.c
                  __pa_33   0x00134e    program     static C:\krobot\elec\boards\Monitoring_Battery\Firmware\usb_device.c
                  __pa_34   0x001358    program     static C:\krobot\elec\boards\Monitoring_Battery\Firmware\usb_device.c
                  __pa_35   0x001362    program     static C:\krobot\elec\boards\Monitoring_Battery\Firmware\usb_device.c
                  __pa_36   0x001372    program     static C:\krobot\elec\boards\Monitoring_Battery\Firmware\usb_device.c
                  __pa_37   0x001380    program     static C:\krobot\elec\boards\Monitoring_Battery\Firmware\usb_device.c
                  __pa_38   0x00138a    program     static C:\krobot\elec\boards\Monitoring_Battery\Firmware\usb_device.c
                  __pa_39   0x001394    program     static C:\krobot\elec\boards\Monitoring_Battery\Firmware\usb_device.c
                   __pa_4   0x001d0c    program     static C:\krobot\elec\boards\Monitoring_Battery\Firmware\main.c
                   __pa_4   0x0024e6    program     static C:\krobot\elec\boards\Monitoring_Battery\Firmware\monitor.c
                   __pa_4   0x0011b8    program     static C:\krobot\elec\boards\Monitoring_Battery\Firmware\usb_device.c
                  __pa_40   0x00139c    program     static C:\krobot\elec\boards\Monitoring_Battery\Firmware\usb_device.c
                  __pa_41   0x0013a4    program     static C:\krobot\elec\boards\Monitoring_Battery\Firmware\usb_device.c
                   __pa_5   0x0011c2    program     static C:\krobot\elec\boards\Monitoring_Battery\Firmware\usb_device.c
                   __pa_5   0x0024f6    program     static C:\krobot\elec\boards\Monitoring_Battery\Firmware\monitor.c
                   __pa_6   0x0011ca    program     static C:\krobot\elec\boards\Monitoring_Battery\Firmware\usb_device.c
                   __pa_7   0x0011d2    program     static C:\krobot\elec\boards\Monitoring_Battery\Firmware\usb_device.c
                   __pa_8   0x0011d8    program     static C:\krobot\elec\boards\Monitoring_Battery\Firmware\usb_device.c
                   __pa_9   0x0011e6    program     static C:\krobot\elec\boards\Monitoring_Battery\Firmware\usb_device.c
               __string_0   0x0028c1    program     static C:\krobot\elec\boards\Monitoring_Battery\Firmware\main.c
               __string_1   0x0028b5    program     static C:\krobot\elec\boards\Monitoring_Battery\Firmware\main.c
               __string_2   0x0028b3    program     static C:\krobot\elec\boards\Monitoring_Battery\Firmware\main.c
               __string_3   0x0028aa    program     static C:\krobot\elec\boards\Monitoring_Battery\Firmware\main.c
               __tmplbl_0   0x001594    program     static                          
               __tmplbl_1   0x00158e    program     static                          
              __tmplbl_10   0x001c38    program     static                          
              __tmplbl_11   0x001c42    program     static                          
               __tmplbl_2   0x0015ca    program     static                          
              __tmplbl_20   0x0011ca    program     static                          
              __tmplbl_27   0x0011ca    program     static                          
               __tmplbl_3   0x0015b6    program     static                          
               __tmplbl_4   0x001bfa    program     static                          
               __tmplbl_5   0x001c06    program     static                          
               __tmplbl_6   0x001c10    program     static                          
               __tmplbl_7   0x001c1a    program     static                          
               __tmplbl_8   0x001c24    program     static                          
               __tmplbl_9   0x001c2e    program     static                          
            __zero_memory   0x0029f8    program     extern C:\MCC18\src\traditional\proc\p18F4550.asm
                _do_cinit   0x002684    program     extern C:\MCC18\src\traditional\startup\c018i.c
                   _entry   0x000000    program     extern C:\MCC18\src\traditional\startup\c018i.c
                   _reset   0x000800    program     extern C:\krobot\elec\boards\Monitoring_Battery\Firmware\main.c
                 _startup   0x0029b4    program     extern C:\MCC18\src\traditional\startup\c018i.c
               clear_loop   0x0029fe    program     static C:\MCC18\src\traditional\proc\p18F4550.asm
        configDescriptor1   0x0025e0    program     extern C:\krobot\elec\boards\Monitoring_Battery\Firmware\usb_descriptors.c
                copy_loop   0x0026f6    program     static                          
            copy_one_byte   0x0026fc    program     static                          
               device_dsc   0x0025ce    program     extern C:\krobot\elec\boards\Monitoring_Battery\Firmware\usb_descriptors.c
                     done   0x002720    program     static                          
             done_copying   0x00270a    program     static                          
                    error   0x002920    program     extern C:\krobot\elec\boards\Monitoring_Battery\Firmware\error.c
          getBatteryState   0x0023f4    program     extern C:\krobot\elec\boards\Monitoring_Battery\Firmware\monitor.c
           getCellVoltage   0x0022e6    program     extern C:\krobot\elec\boards\Monitoring_Battery\Firmware\monitor.c
               getCurrent   0x00235a    program     extern C:\krobot\elec\boards\Monitoring_Battery\Firmware\monitor.c
            getPowerState   0x0023e0    program     extern C:\krobot\elec\boards\Monitoring_Battery\Firmware\monitor.c
                hid_rpt01   0x00265f    program     extern C:\krobot\elec\boards\Monitoring_Battery\Firmware\usb_descriptors.c
              initMonitor   0x0022ca    program     extern C:\krobot\elec\boards\Monitoring_Battery\Firmware\monitor.c
          interruptBuzzer   0x001ad0    program     extern C:\krobot\elec\boards\Monitoring_Battery\Firmware\main.c
         interruptMonitor   0x002220    program     extern C:\krobot\elec\boards\Monitoring_Battery\Firmware\monitor.c
                 jANotInf   0x001eea    program     static C:\MCC18\src\traditional\math\addFP.asm
                 jANotInf   0x001e04    program     static C:\MCC18\src\traditional\math\mulFP.asm
                 jANotInf   0x001d5e    program     static C:\MCC18\src\traditional\math\divFP.asm
                 jANotNeg   0x001f7e    program     static C:\MCC18\src\traditional\math\addFP.asm
                jANotZero   0x001d72    program     static C:\MCC18\src\traditional\math\divFP.asm
              jAandWsetup   0x001f4e    program     static C:\MCC18\src\traditional\math\addFP.asm
                 jAltBexp   0x001f3c    program     static C:\MCC18\src\traditional\math\addFP.asm
                jBANotInf   0x001ee0    program     static C:\MCC18\src\traditional\math\addFP.asm
                 jBNotInf   0x001ef8    program     static C:\MCC18\src\traditional\math\addFP.asm
              jBothFinite   0x001e12    program     static C:\MCC18\src\traditional\math\mulFP.asm
             jBothNotZero   0x001e1e    program     static C:\MCC18\src\traditional\math\mulFP.asm
            jDifOrPosSign   0x001f0c    program     static C:\MCC18\src\traditional\math\addFP.asm
                     jEnd   0x0027c2    program     static C:\MCC18\src\traditional\stdclib\memset.asm
                     jEnd   0x0027fa    program     static C:\MCC18\src\traditional\stdclib\scatp2r.asm
                    jExit   0x002112    program     static C:\MCC18\src\traditional\math\castFP32.asm
                    jExit   0x0020a4    program     static C:\MCC18\src\traditional\math\castFP16.asm
               jFinalSign   0x001fe6    program     static C:\MCC18\src\traditional\math\addFP.asm
                jHaveZero   0x001e1a    program     static C:\MCC18\src\traditional\math\mulFP.asm
                jI2F16Beg   0x001d2a    program     static C:\MCC18\src\traditional\math\cast16FP.asm
                    jLoop   0x0027f0    program     static C:\MCC18\src\traditional\stdclib\scatp2r.asm
                    jLoop   0x001d9a    program     static C:\MCC18\src\traditional\math\divFP.asm
                    jLoop   0x002084    program     static C:\MCC18\src\traditional\math\castFP16.asm
                    jLoop   0x0027a4    program     static C:\MCC18\src\traditional\stdclib\memset.asm
                    jLoop   0x0020e6    program     static C:\MCC18\src\traditional\math\castFP32.asm
                jLoopExit   0x0020fa    program     static C:\MCC18\src\traditional\math\castFP32.asm
                jLoopExit   0x002094    program     static C:\MCC18\src\traditional\math\castFP16.asm
                     jMax   0x002058    program     static C:\MCC18\src\traditional\math\castFP16.asm
                     jMax   0x0020b6    program     static C:\MCC18\src\traditional\math\castFP32.asm
                  jMaxNeg   0x002066    program     static C:\MCC18\src\traditional\math\castFP16.asm
                  jMaxNeg   0x0020c8    program     static C:\MCC18\src\traditional\math\castFP32.asm
                  jMaxPos   0x00205c    program     static C:\MCC18\src\traditional\math\castFP16.asm
                  jMaxPos   0x0020ba    program     static C:\MCC18\src\traditional\math\castFP32.asm
                    jNext   0x001dc0    program     static C:\MCC18\src\traditional\math\divFP.asm
                jNoAdjust   0x001dbe    program     static C:\MCC18\src\traditional\math\divFP.asm
             jNotBothZero   0x001f10    program     static C:\MCC18\src\traditional\math\addFP.asm
                  jNotInf   0x0020d4    program     static C:\MCC18\src\traditional\math\castFP32.asm
                  jNotInf   0x002074    program     static C:\MCC18\src\traditional\math\castFP16.asm
                jNullLoop   0x0027ea    program     static C:\MCC18\src\traditional\stdclib\scatp2r.asm
                  jPkLoop   0x00215a    program     static C:\MCC18\src\traditional\math\packFP.asm
             jPkRoundDone   0x0021a4    program     static C:\MCC18\src\traditional\math\packFP.asm
               jPkRoundIt   0x00218c    program     static C:\MCC18\src\traditional\math\packFP.asm
             jPkShiftDone   0x002176    program     static C:\MCC18\src\traditional\math\packFP.asm
           jReturnPosInf0   0x002130    program     static C:\MCC18\src\traditional\math\packFP.asm
               jShiftDone   0x001fa6    program     static C:\MCC18\src\traditional\math\addFP.asm
               jShiftLoop   0x001f98    program     static C:\MCC18\src\traditional\math\addFP.asm
                jSignDone   0x001fd6    program     static C:\MCC18\src\traditional\math\addFP.asm
              jSignedZero   0x001d68    program     static C:\MCC18\src\traditional\math\divFP.asm
                  jUnpkA1   0x0021ce    program     static C:\MCC18\src\traditional\math\UnpackFP.asm
                  jUnpkA2   0x0021e6    program     static C:\MCC18\src\traditional\math\UnpackFP.asm
                 jUnpkANZ   0x0021dc    program     static C:\MCC18\src\traditional\math\UnpackFP.asm
                  jUnpkB1   0x0021fe    program     static C:\MCC18\src\traditional\math\UnpackFP.asm
                  jUnpkB2   0x002216    program     static C:\MCC18\src\traditional\math\UnpackFP.asm
                 jUnpkBNZ   0x00220c    program     static C:\MCC18\src\traditional\math\UnpackFP.asm
                 jUnpkNaN   0x0021f0    program     static C:\MCC18\src\traditional\math\UnpackFP.asm
                 jWNotNeg   0x001f92    program     static C:\MCC18\src\traditional\math\addFP.asm
                   jWr123   0x0020c0    program     static C:\MCC18\src\traditional\math\castFP32.asm
                  jWrZ123   0x0020d0    program     static C:\MCC18\src\traditional\math\castFP32.asm
                    jZero   0x0020ce    program     static C:\MCC18\src\traditional\math\castFP32.asm
                    jZero   0x00206e    program     static C:\MCC18\src\traditional\math\castFP16.asm
               jZero1and2   0x002134    program     static C:\MCC18\src\traditional\math\packFP.asm
                     loop   0x0029c4    program     static                          
                     main   0x0014d2    program     extern C:\krobot\elec\boards\Monitoring_Battery\Firmware\main.c
                   memset   0x002790    program     extern C:\MCC18\src\traditional\stdclib\memset.asm
                    sd000   0x002609    program     extern C:\krobot\elec\boards\Monitoring_Battery\Firmware\usb_descriptors.c
                    sd001   0x00260d    program     extern C:\krobot\elec\boards\Monitoring_Battery\Firmware\usb_descriptors.c
                    sd002   0x002639    program     extern C:\krobot\elec\boards\Monitoring_Battery\Firmware\usb_descriptors.c
            strcatpgm2ram   0x0027c4    program     extern C:\MCC18\src\traditional\stdclib\scatp2r.asm
                     test   0x00269e    program     static                          
                   ADCON0   0x000fc2       data     extern C:\MCC18\src\traditional\proc\p18F4550.asm
               ADCON0bits   0x000fc2       data     extern C:\MCC18\src\traditional\proc\p18F4550.asm
                   ADCON1   0x000fc1       data     extern C:\MCC18\src\traditional\proc\p18F4550.asm
               ADCON1bits   0x000fc1       data     extern C:\MCC18\src\traditional\proc\p18F4550.asm
                   ADCON2   0x000fc0       data     extern C:\MCC18\src\traditional\proc\p18F4550.asm
               ADCON2bits   0x000fc0       data     extern C:\MCC18\src\traditional\proc\p18F4550.asm
                    ADRES   0x000fc3       data     extern C:\MCC18\src\traditional\proc\p18F4550.asm
                   ADRESH   0x000fc4       data     extern C:\MCC18\src\traditional\proc\p18F4550.asm
                   ADRESL   0x000fc3       data     extern C:\MCC18\src\traditional\proc\p18F4550.asm
                  BAUDCON   0x000fb8       data     extern C:\MCC18\src\traditional\proc\p18F4550.asm
              BAUDCONbits   0x000fb8       data     extern C:\MCC18\src\traditional\proc\p18F4550.asm
                      BDT   0x000400       data     extern C:\krobot\elec\boards\Monitoring_Battery\Firmware\usb_device.c
                      BSR   0x000fe0       data     extern C:\MCC18\src\traditional\proc\p18F4550.asm
       BothEP0OutUOWNsSet   0x000081       data     extern C:\krobot\elec\boards\Monitoring_Battery\Firmware\usb_device.c
                   CCP1AS   0x000fb6       data     extern C:\MCC18\src\traditional\proc\p18F4550.asm
               CCP1ASbits   0x000fb6       data     extern C:\MCC18\src\traditional\proc\p18F4550.asm
                  CCP1CON   0x000fbd       data     extern C:\MCC18\src\traditional\proc\p18F4550.asm
              CCP1CONbits   0x000fbd       data     extern C:\MCC18\src\traditional\proc\p18F4550.asm
                  CCP1DEL   0x000fb7       data     extern C:\MCC18\src\traditional\proc\p18F4550.asm
              CCP1DELbits   0x000fb7       data     extern C:\MCC18\src\traditional\proc\p18F4550.asm
                  CCP2CON   0x000fba       data     extern C:\MCC18\src\traditional\proc\p18F4550.asm
              CCP2CONbits   0x000fba       data     extern C:\MCC18\src\traditional\proc\p18F4550.asm
                    CCPR1   0x000fbe       data     extern C:\MCC18\src\traditional\proc\p18F4550.asm
                   CCPR1H   0x000fbf       data     extern C:\MCC18\src\traditional\proc\p18F4550.asm
                   CCPR1L   0x000fbe       data     extern C:\MCC18\src\traditional\proc\p18F4550.asm
                    CCPR2   0x000fbb       data     extern C:\MCC18\src\traditional\proc\p18F4550.asm
                   CCPR2H   0x000fbc       data     extern C:\MCC18\src\traditional\proc\p18F4550.asm
                   CCPR2L   0x000fbb       data     extern C:\MCC18\src\traditional\proc\p18F4550.asm
                    CMCON   0x000fb4       data     extern C:\MCC18\src\traditional\proc\p18F4550.asm
                CMCONbits   0x000fb4       data     extern C:\MCC18\src\traditional\proc\p18F4550.asm
                   CVRCON   0x000fb5       data     extern C:\MCC18\src\traditional\proc\p18F4550.asm
               CVRCONbits   0x000fb5       data     extern C:\MCC18\src\traditional\proc\p18F4550.asm
              CtrlTrfData   0x000428       data     extern C:\krobot\elec\boards\Monitoring_Battery\Firmware\usb_device.c
                     DDRA   0x000f92       data     extern C:\MCC18\src\traditional\proc\p18F4550.asm
                 DDRAbits   0x000f92       data     extern C:\MCC18\src\traditional\proc\p18F4550.asm
                     DDRB   0x000f93       data     extern C:\MCC18\src\traditional\proc\p18F4550.asm
                 DDRBbits   0x000f93       data     extern C:\MCC18\src\traditional\proc\p18F4550.asm
                     DDRC   0x000f94       data     extern C:\MCC18\src\traditional\proc\p18F4550.asm
                 DDRCbits   0x000f94       data     extern C:\MCC18\src\traditional\proc\p18F4550.asm
                     DDRD   0x000f95       data     extern C:\MCC18\src\traditional\proc\p18F4550.asm
                 DDRDbits   0x000f95       data     extern C:\MCC18\src\traditional\proc\p18F4550.asm
                     DDRE   0x000f96       data     extern C:\MCC18\src\traditional\proc\p18F4550.asm
                 DDREbits   0x000f96       data     extern C:\MCC18\src\traditional\proc\p18F4550.asm
            DelayCounter1   0x000029       data     extern C:\MCC18\src\traditional\delays\delayd1.asm
            DelayCounter2   0x000028       data     extern C:\MCC18\src\traditional\delays\delayd2.asm
                  ECCP1AS   0x000fb6       data     extern C:\MCC18\src\traditional\proc\p18F4550.asm
              ECCP1ASbits   0x000fb6       data     extern C:\MCC18\src\traditional\proc\p18F4550.asm
                 ECCP1CON   0x000fbd       data     extern C:\MCC18\src\traditional\proc\p18F4550.asm
             ECCP1CONbits   0x000fbd       data     extern C:\MCC18\src\traditional\proc\p18F4550.asm
                 ECCP1DEL   0x000fb7       data     extern C:\MCC18\src\traditional\proc\p18F4550.asm
             ECCP1DELbits   0x000fb7       data     extern C:\MCC18\src\traditional\proc\p18F4550.asm
                    EEADR   0x000fa9       data     extern C:\MCC18\src\traditional\proc\p18F4550.asm
                   EECON1   0x000fa6       data     extern C:\MCC18\src\traditional\proc\p18F4550.asm
               EECON1bits   0x000fa6       data     extern C:\MCC18\src\traditional\proc\p18F4550.asm
                   EECON2   0x000fa7       data     extern C:\MCC18\src\traditional\proc\p18F4550.asm
                   EEDATA   0x000fa8       data     extern C:\MCC18\src\traditional\proc\p18F4550.asm
                     FSR0   0x000fe9       data     extern C:\MCC18\src\traditional\proc\p18F4550.asm
                    FSR0H   0x000fea       data     extern C:\MCC18\src\traditional\proc\p18F4550.asm
                    FSR0L   0x000fe9       data     extern C:\MCC18\src\traditional\proc\p18F4550.asm
                     FSR1   0x000fe1       data     extern C:\MCC18\src\traditional\proc\p18F4550.asm
                    FSR1H   0x000fe2       data     extern C:\MCC18\src\traditional\proc\p18F4550.asm
                    FSR1L   0x000fe1       data     extern C:\MCC18\src\traditional\proc\p18F4550.asm
                     FSR2   0x000fd9       data     extern C:\MCC18\src\traditional\proc\p18F4550.asm
                    FSR2H   0x000fda       data     extern C:\MCC18\src\traditional\proc\p18F4550.asm
                    FSR2L   0x000fd9       data     extern C:\MCC18\src\traditional\proc\p18F4550.asm
               GIE_Status   0x0000dd       data     static C:\krobot\elec\boards\Monitoring_Battery\Firmware\eeprom.c
                  HLVDCON   0x000fd2       data     extern C:\MCC18\src\traditional\proc\p18F4550.asm
              HLVDCONbits   0x000fd2       data     extern C:\MCC18\src\traditional\proc\p18F4550.asm
                    INDF0   0x000fef       data     extern C:\MCC18\src\traditional\proc\p18F4550.asm
                    INDF1   0x000fe7       data     extern C:\MCC18\src\traditional\proc\p18F4550.asm
                    INDF2   0x000fdf       data     extern C:\MCC18\src\traditional\proc\p18F4550.asm
                   INTCON   0x000ff2       data     extern C:\MCC18\src\traditional\proc\p18F4550.asm
                  INTCON2   0x000ff1       data     extern C:\MCC18\src\traditional\proc\p18F4550.asm
              INTCON2bits   0x000ff1       data     extern C:\MCC18\src\traditional\proc\p18F4550.asm
                  INTCON3   0x000ff0       data     extern C:\MCC18\src\traditional\proc\p18F4550.asm
              INTCON3bits   0x000ff0       data     extern C:\MCC18\src\traditional\proc\p18F4550.asm
               INTCONbits   0x000ff2       data     extern C:\MCC18\src\traditional\proc\p18F4550.asm
                     IPR1   0x000f9f       data     extern C:\MCC18\src\traditional\proc\p18F4550.asm
                 IPR1bits   0x000f9f       data     extern C:\MCC18\src\traditional\proc\p18F4550.asm
                     IPR2   0x000fa2       data     extern C:\MCC18\src\traditional\proc\p18F4550.asm
                 IPR2bits   0x000fa2       data     extern C:\MCC18\src\traditional\proc\p18F4550.asm
                     LATA   0x000f89       data     extern C:\MCC18\src\traditional\proc\p18F4550.asm
                 LATAbits   0x000f89       data     extern C:\MCC18\src\traditional\proc\p18F4550.asm
                     LATB   0x000f8a       data     extern C:\MCC18\src\traditional\proc\p18F4550.asm
                 LATBbits   0x000f8a       data     extern C:\MCC18\src\traditional\proc\p18F4550.asm
                     LATC   0x000f8b       data     extern C:\MCC18\src\traditional\proc\p18F4550.asm
                 LATCbits   0x000f8b       data     extern C:\MCC18\src\traditional\proc\p18F4550.asm
                     LATD   0x000f8c       data     extern C:\MCC18\src\traditional\proc\p18F4550.asm
                 LATDbits   0x000f8c       data     extern C:\MCC18\src\traditional\proc\p18F4550.asm
                     LATE   0x000f8d       data     extern C:\MCC18\src\traditional\proc\p18F4550.asm
                 LATEbits   0x000f8d       data     extern C:\MCC18\src\traditional\proc\p18F4550.asm
                   LVDCON   0x000fd2       data     extern C:\MCC18\src\traditional\proc\p18F4550.asm
               LVDCONbits   0x000fd2       data     extern C:\MCC18\src\traditional\proc\p18F4550.asm
                  Measure   0x0000a7       data     extern C:\krobot\elec\boards\Monitoring_Battery\Firmware\monitor.c
                   OSCCON   0x000fd3       data     extern C:\MCC18\src\traditional\proc\p18F4550.asm
               OSCCONbits   0x000fd3       data     extern C:\MCC18\src\traditional\proc\p18F4550.asm
                  OSCTUNE   0x000f9b       data     extern C:\MCC18\src\traditional\proc\p18F4550.asm
              OSCTUNEbits   0x000f9b       data     extern C:\MCC18\src\traditional\proc\p18F4550.asm
                       PC   0x000ff9       data     extern C:\MCC18\src\traditional\proc\p18F4550.asm
                      PCL   0x000ff9       data     extern C:\MCC18\src\traditional\proc\p18F4550.asm
                   PCLATH   0x000ffa       data     extern C:\MCC18\src\traditional\proc\p18F4550.asm
                   PCLATU   0x000ffb       data     extern C:\MCC18\src\traditional\proc\p18F4550.asm
                     PIE1   0x000f9d       data     extern C:\MCC18\src\traditional\proc\p18F4550.asm
                 PIE1bits   0x000f9d       data     extern C:\MCC18\src\traditional\proc\p18F4550.asm
                     PIE2   0x000fa0       data     extern C:\MCC18\src\traditional\proc\p18F4550.asm
                 PIE2bits   0x000fa0       data     extern C:\MCC18\src\traditional\proc\p18F4550.asm
                     PIR1   0x000f9e       data     extern C:\MCC18\src\traditional\proc\p18F4550.asm
                 PIR1bits   0x000f9e       data     extern C:\MCC18\src\traditional\proc\p18F4550.asm
                     PIR2   0x000fa1       data     extern C:\MCC18\src\traditional\proc\p18F4550.asm
                 PIR2bits   0x000fa1       data     extern C:\MCC18\src\traditional\proc\p18F4550.asm
                   PLUSW0   0x000feb       data     extern C:\MCC18\src\traditional\proc\p18F4550.asm
                   PLUSW1   0x000fe3       data     extern C:\MCC18\src\traditional\proc\p18F4550.asm
                   PLUSW2   0x000fdb       data     extern C:\MCC18\src\traditional\proc\p18F4550.asm
                    PORTA   0x000f80       data     extern C:\MCC18\src\traditional\proc\p18F4550.asm
                PORTAbits   0x000f80       data     extern C:\MCC18\src\traditional\proc\p18F4550.asm
                    PORTB   0x000f81       data     extern C:\MCC18\src\traditional\proc\p18F4550.asm
                PORTBbits   0x000f81       data     extern C:\MCC18\src\traditional\proc\p18F4550.asm
                    PORTC   0x000f82       data     extern C:\MCC18\src\traditional\proc\p18F4550.asm
                PORTCbits   0x000f82       data     extern C:\MCC18\src\traditional\proc\p18F4550.asm
                    PORTD   0x000f83       data     extern C:\MCC18\src\traditional\proc\p18F4550.asm
                PORTDbits   0x000f83       data     extern C:\MCC18\src\traditional\proc\p18F4550.asm
                    PORTE   0x000f84       data     extern C:\MCC18\src\traditional\proc\p18F4550.asm
                PORTEbits   0x000f84       data     extern C:\MCC18\src\traditional\proc\p18F4550.asm
                 POSTDEC0   0x000fed       data     extern C:\MCC18\src\traditional\proc\p18F4550.asm
                 POSTDEC1   0x000fe5       data     extern C:\MCC18\src\traditional\proc\p18F4550.asm
                 POSTDEC2   0x000fdd       data     extern C:\MCC18\src\traditional\proc\p18F4550.asm
                 POSTINC0   0x000fee       data     extern C:\MCC18\src\traditional\proc\p18F4550.asm
                 POSTINC1   0x000fe6       data     extern C:\MCC18\src\traditional\proc\p18F4550.asm
                 POSTINC2   0x000fde       data     extern C:\MCC18\src\traditional\proc\p18F4550.asm
                      PR2   0x000fcb       data     extern C:\MCC18\src\traditional\proc\p18F4550.asm
                  PREINC0   0x000fec       data     extern C:\MCC18\src\traditional\proc\p18F4550.asm
                  PREINC1   0x000fe4       data     extern C:\MCC18\src\traditional\proc\p18F4550.asm
                  PREINC2   0x000fdc       data     extern C:\MCC18\src\traditional\proc\p18F4550.asm
                     PROD   0x000ff3       data     extern C:\MCC18\src\traditional\proc\p18F4550.asm
                    PRODH   0x000ff4       data     extern C:\MCC18\src\traditional\proc\p18F4550.asm
                    PRODL   0x000ff3       data     extern C:\MCC18\src\traditional\proc\p18F4550.asm
                     RCON   0x000fd0       data     extern C:\MCC18\src\traditional\proc\p18F4550.asm
                 RCONbits   0x000fd0       data     extern C:\MCC18\src\traditional\proc\p18F4550.asm
                    RCREG   0x000fae       data     extern C:\MCC18\src\traditional\proc\p18F4550.asm
                    RCSTA   0x000fab       data     extern C:\MCC18\src\traditional\proc\p18F4550.asm
                RCSTAbits   0x000fab       data     extern C:\MCC18\src\traditional\proc\p18F4550.asm
       ReceivedDataBuffer   0x000500       data     extern C:\krobot\elec\boards\Monitoring_Battery\Firmware\main.c
             RemoteWakeup   0x00007f       data     extern C:\krobot\elec\boards\Monitoring_Battery\Firmware\usb_device.c
                     SIGN   0x000000       data     extern C:\MCC18\src\traditional\math\cmath18.asm
                    SPBRG   0x000faf       data     extern C:\MCC18\src\traditional\proc\p18F4550.asm
                   SPBRGH   0x000fb0       data     extern C:\MCC18\src\traditional\proc\p18F4550.asm
                   SPPCFG   0x000f63       data     extern C:\MCC18\src\traditional\proc\p18F4550.asm
               SPPCFGbits   0x000f63       data     extern C:\MCC18\src\traditional\proc\p18F4550.asm
                   SPPCON   0x000f65       data     extern C:\MCC18\src\traditional\proc\p18F4550.asm
               SPPCONbits   0x000f65       data     extern C:\MCC18\src\traditional\proc\p18F4550.asm
                  SPPDATA   0x000f62       data     extern C:\MCC18\src\traditional\proc\p18F4550.asm
                   SPPEPS   0x000f64       data     extern C:\MCC18\src\traditional\proc\p18F4550.asm
               SPPEPSbits   0x000f64       data     extern C:\MCC18\src\traditional\proc\p18F4550.asm
                   SSPADD   0x000fc8       data     extern C:\MCC18\src\traditional\proc\p18F4550.asm
                   SSPBUF   0x000fc9       data     extern C:\MCC18\src\traditional\proc\p18F4550.asm
                  SSPCON1   0x000fc6       data     extern C:\MCC18\src\traditional\proc\p18F4550.asm
              SSPCON1bits   0x000fc6       data     extern C:\MCC18\src\traditional\proc\p18F4550.asm
                  SSPCON2   0x000fc5       data     extern C:\MCC18\src\traditional\proc\p18F4550.asm
              SSPCON2bits   0x000fc5       data     extern C:\MCC18\src\traditional\proc\p18F4550.asm
                  SSPSTAT   0x000fc7       data     extern C:\MCC18\src\traditional\proc\p18F4550.asm
              SSPSTATbits   0x000fc7       data     extern C:\MCC18\src\traditional\proc\p18F4550.asm
                   STATUS   0x000fd8       data     extern C:\MCC18\src\traditional\proc\p18F4550.asm
               STATUSbits   0x000fd8       data     extern C:\MCC18\src\traditional\proc\p18F4550.asm
                   STKPTR   0x000ffc       data     extern C:\MCC18\src\traditional\proc\p18F4550.asm
               STKPTRbits   0x000ffc       data     extern C:\MCC18\src\traditional\proc\p18F4550.asm
                 SetupPkt   0x000420       data     extern C:\krobot\elec\boards\Monitoring_Battery\Firmware\usb_device.c
                    T0CON   0x000fd5       data     extern C:\MCC18\src\traditional\proc\p18F4550.asm
                T0CONbits   0x000fd5       data     extern C:\MCC18\src\traditional\proc\p18F4550.asm
                    T1CON   0x000fcd       data     extern C:\MCC18\src\traditional\proc\p18F4550.asm
                T1CONbits   0x000fcd       data     extern C:\MCC18\src\traditional\proc\p18F4550.asm
                    T2CON   0x000fca       data     extern C:\MCC18\src\traditional\proc\p18F4550.asm
                T2CONbits   0x000fca       data     extern C:\MCC18\src\traditional\proc\p18F4550.asm
                    T3CON   0x000fb1       data     extern C:\MCC18\src\traditional\proc\p18F4550.asm
                T3CONbits   0x000fb1       data     extern C:\MCC18\src\traditional\proc\p18F4550.asm
                   TABLAT   0x000ff5       data     extern C:\MCC18\src\traditional\proc\p18F4550.asm
                   TBLPTR   0x000ff6       data     extern C:\MCC18\src\traditional\proc\p18F4550.asm
                  TBLPTRH   0x000ff7       data     extern C:\MCC18\src\traditional\proc\p18F4550.asm
                  TBLPTRL   0x000ff6       data     extern C:\MCC18\src\traditional\proc\p18F4550.asm
                  TBLPTRU   0x000ff8       data     extern C:\MCC18\src\traditional\proc\p18F4550.asm
                    TMR0H   0x000fd7       data     extern C:\MCC18\src\traditional\proc\p18F4550.asm
                    TMR0L   0x000fd6       data     extern C:\MCC18\src\traditional\proc\p18F4550.asm
                    TMR1H   0x000fcf       data     extern C:\MCC18\src\traditional\proc\p18F4550.asm
                    TMR1L   0x000fce       data     extern C:\MCC18\src\traditional\proc\p18F4550.asm
                     TMR2   0x000fcc       data     extern C:\MCC18\src\traditional\proc\p18F4550.asm
                    TMR3H   0x000fb3       data     extern C:\MCC18\src\traditional\proc\p18F4550.asm
                    TMR3L   0x000fb2       data     extern C:\MCC18\src\traditional\proc\p18F4550.asm
                      TOS   0x000ffd       data     extern C:\MCC18\src\traditional\proc\p18F4550.asm
                     TOSH   0x000ffe       data     extern C:\MCC18\src\traditional\proc\p18F4550.asm
                     TOSL   0x000ffd       data     extern C:\MCC18\src\traditional\proc\p18F4550.asm
                     TOSU   0x000fff       data     extern C:\MCC18\src\traditional\proc\p18F4550.asm
                    TRISA   0x000f92       data     extern C:\MCC18\src\traditional\proc\p18F4550.asm
                TRISAbits   0x000f92       data     extern C:\MCC18\src\traditional\proc\p18F4550.asm
                    TRISB   0x000f93       data     extern C:\MCC18\src\traditional\proc\p18F4550.asm
                TRISBbits   0x000f93       data     extern C:\MCC18\src\traditional\proc\p18F4550.asm
                    TRISC   0x000f94       data     extern C:\MCC18\src\traditional\proc\p18F4550.asm
                TRISCbits   0x000f94       data     extern C:\MCC18\src\traditional\proc\p18F4550.asm
                    TRISD   0x000f95       data     extern C:\MCC18\src\traditional\proc\p18F4550.asm
                TRISDbits   0x000f95       data     extern C:\MCC18\src\traditional\proc\p18F4550.asm
                    TRISE   0x000f96       data     extern C:\MCC18\src\traditional\proc\p18F4550.asm
                TRISEbits   0x000f96       data     extern C:\MCC18\src\traditional\proc\p18F4550.asm
                    TXREG   0x000fad       data     extern C:\MCC18\src\traditional\proc\p18F4550.asm
                    TXSTA   0x000fac       data     extern C:\MCC18\src\traditional\proc\p18F4550.asm
                TXSTAbits   0x000fac       data     extern C:\MCC18\src\traditional\proc\p18F4550.asm
         ToSendDataBuffer   0x000540       data     extern C:\krobot\elec\boards\Monitoring_Battery\Firmware\main.c
                    UADDR   0x000f6e       data     extern C:\MCC18\src\traditional\proc\p18F4550.asm
                UADDRbits   0x000f6e       data     extern C:\MCC18\src\traditional\proc\p18F4550.asm
                     UCFG   0x000f6f       data     extern C:\MCC18\src\traditional\proc\p18F4550.asm
                 UCFGbits   0x000f6f       data     extern C:\MCC18\src\traditional\proc\p18F4550.asm
                     UCON   0x000f6d       data     extern C:\MCC18\src\traditional\proc\p18F4550.asm
                 UCONbits   0x000f6d       data     extern C:\MCC18\src\traditional\proc\p18F4550.asm
                     UEIE   0x000f6b       data     extern C:\MCC18\src\traditional\proc\p18F4550.asm
                 UEIEbits   0x000f6b       data     extern C:\MCC18\src\traditional\proc\p18F4550.asm
                     UEIR   0x000f6a       data     extern C:\MCC18\src\traditional\proc\p18F4550.asm
                 UEIRbits   0x000f6a       data     extern C:\MCC18\src\traditional\proc\p18F4550.asm
                     UEP0   0x000f70       data     extern C:\MCC18\src\traditional\proc\p18F4550.asm
                 UEP0bits   0x000f70       data     extern C:\MCC18\src\traditional\proc\p18F4550.asm
                     UEP1   0x000f71       data     extern C:\MCC18\src\traditional\proc\p18F4550.asm
                    UEP10   0x000f7a       data     extern C:\MCC18\src\traditional\proc\p18F4550.asm
                UEP10bits   0x000f7a       data     extern C:\MCC18\src\traditional\proc\p18F4550.asm
                    UEP11   0x000f7b       data     extern C:\MCC18\src\traditional\proc\p18F4550.asm
                UEP11bits   0x000f7b       data     extern C:\MCC18\src\traditional\proc\p18F4550.asm
                    UEP12   0x000f7c       data     extern C:\MCC18\src\traditional\proc\p18F4550.asm
                UEP12bits   0x000f7c       data     extern C:\MCC18\src\traditional\proc\p18F4550.asm
                    UEP13   0x000f7d       data     extern C:\MCC18\src\traditional\proc\p18F4550.asm
                UEP13bits   0x000f7d       data     extern C:\MCC18\src\traditional\proc\p18F4550.asm
                    UEP14   0x000f7e       data     extern C:\MCC18\src\traditional\proc\p18F4550.asm
                UEP14bits   0x000f7e       data     extern C:\MCC18\src\traditional\proc\p18F4550.asm
                    UEP15   0x000f7f       data     extern C:\MCC18\src\traditional\proc\p18F4550.asm
                UEP15bits   0x000f7f       data     extern C:\MCC18\src\traditional\proc\p18F4550.asm
                 UEP1bits   0x000f71       data     extern C:\MCC18\src\traditional\proc\p18F4550.asm
                     UEP2   0x000f72       data     extern C:\MCC18\src\traditional\proc\p18F4550.asm
                 UEP2bits   0x000f72       data     extern C:\MCC18\src\traditional\proc\p18F4550.asm
                     UEP3   0x000f73       data     extern C:\MCC18\src\traditional\proc\p18F4550.asm
                 UEP3bits   0x000f73       data     extern C:\MCC18\src\traditional\proc\p18F4550.asm
                     UEP4   0x000f74       data     extern C:\MCC18\src\traditional\proc\p18F4550.asm
                 UEP4bits   0x000f74       data     extern C:\MCC18\src\traditional\proc\p18F4550.asm
                     UEP5   0x000f75       data     extern C:\MCC18\src\traditional\proc\p18F4550.asm
                 UEP5bits   0x000f75       data     extern C:\MCC18\src\traditional\proc\p18F4550.asm
                     UEP6   0x000f76       data     extern C:\MCC18\src\traditional\proc\p18F4550.asm
                 UEP6bits   0x000f76       data     extern C:\MCC18\src\traditional\proc\p18F4550.asm
                     UEP7   0x000f77       data     extern C:\MCC18\src\traditional\proc\p18F4550.asm
                 UEP7bits   0x000f77       data     extern C:\MCC18\src\traditional\proc\p18F4550.asm
                     UEP8   0x000f78       data     extern C:\MCC18\src\traditional\proc\p18F4550.asm
                 UEP8bits   0x000f78       data     extern C:\MCC18\src\traditional\proc\p18F4550.asm
                     UEP9   0x000f79       data     extern C:\MCC18\src\traditional\proc\p18F4550.asm
                 UEP9bits   0x000f79       data     extern C:\MCC18\src\traditional\proc\p18F4550.asm
                     UFRM   0x000f66       data     extern C:\MCC18\src\traditional\proc\p18F4550.asm
                    UFRMH   0x000f67       data     extern C:\MCC18\src\traditional\proc\p18F4550.asm
                UFRMHbits   0x000f67       data     extern C:\MCC18\src\traditional\proc\p18F4550.asm
                    UFRML   0x000f66       data     extern C:\MCC18\src\traditional\proc\p18F4550.asm
                UFRMLbits   0x000f66       data     extern C:\MCC18\src\traditional\proc\p18F4550.asm
                      UIE   0x000f69       data     extern C:\MCC18\src\traditional\proc\p18F4550.asm
                  UIEbits   0x000f69       data     extern C:\MCC18\src\traditional\proc\p18F4550.asm
                      UIR   0x000f68       data     extern C:\MCC18\src\traditional\proc\p18F4550.asm
                  UIRbits   0x000f68       data     extern C:\MCC18\src\traditional\proc\p18F4550.asm
              UPClientSeq   0x0000c2       data     extern C:\krobot\elec\boards\Monitoring_Battery\Firmware\main.c
   USBActiveConfiguration   0x000061       data     extern C:\krobot\elec\boards\Monitoring_Battery\Firmware\usb_device.c
    USBAlternateInterface   0x000062       data     extern C:\krobot\elec\boards\Monitoring_Battery\Firmware\usb_device.c
           USBDeviceState   0x000060       data     extern C:\krobot\elec\boards\Monitoring_Battery\Firmware\usb_device.c
                USBInData   0x000084       data     extern C:\krobot\elec\boards\Monitoring_Battery\Firmware\usb_device.c
              USBInHandle   0x0000bf       data     extern C:\krobot\elec\boards\Monitoring_Battery\Firmware\main.c
       USBInMaxPacketSize   0x000082       data     extern C:\krobot\elec\boards\Monitoring_Battery\Firmware\usb_device.c
             USBOutHandle   0x0000bd       data     extern C:\krobot\elec\boards\Monitoring_Battery\Firmware\main.c
                    USTAT   0x000f6c       data     extern C:\MCC18\src\traditional\proc\p18F4550.asm
                USTATbits   0x000f6c       data     extern C:\MCC18\src\traditional\proc\p18F4550.asm
                USTATcopy   0x000080       data     extern C:\krobot\elec\boards\Monitoring_Battery\Firmware\usb_device.c
                   WDTCON   0x000fd1       data     extern C:\MCC18\src\traditional\proc\p18F4550.asm
               WDTCONbits   0x000fd1       data     extern C:\MCC18\src\traditional\proc\p18F4550.asm
                     WREG   0x000fe8       data     extern C:\MCC18\src\traditional\proc\p18F4550.asm
                 __AARGB0   0x000009       data     extern C:\MCC18\src\traditional\math\aarg.asm
                 __AARGB1   0x000008       data     extern C:\MCC18\src\traditional\math\aarg.asm
                 __AARGB2   0x000007       data     extern C:\MCC18\src\traditional\math\aarg.asm
                 __AARGB3   0x000006       data     extern C:\MCC18\src\traditional\math\aarg.asm
                 __AARGB4   0x000005       data     extern C:\MCC18\src\traditional\math\aarg.asm
                 __AARGB5   0x000004       data     extern C:\MCC18\src\traditional\math\aarg.asm
                 __AARGB6   0x000003       data     extern C:\MCC18\src\traditional\math\aarg.asm
                 __AARGB7   0x000002       data     extern C:\MCC18\src\traditional\math\aarg.asm
                   __AEXP   0x00000a       data     extern C:\MCC18\src\traditional\math\aarg.asm
                 __BARGB0   0x00000e       data     extern C:\MCC18\src\traditional\math\barg.asm
                 __BARGB1   0x00000d       data     extern C:\MCC18\src\traditional\math\barg.asm
                 __BARGB2   0x00000c       data     extern C:\MCC18\src\traditional\math\barg.asm
                 __BARGB3   0x00000b       data     extern C:\MCC18\src\traditional\math\barg.asm
                   __BEXP   0x00000f       data     extern C:\MCC18\src\traditional\math\barg.asm
                __FPFLAGS   0x000001       data     extern C:\MCC18\src\traditional\math\cmath18.asm
            __FPFLAGSbits   0x000001       data     extern C:\MCC18\src\traditional\math\cmath18.asm
                  __REMB0   0x000005       data     extern C:\MCC18\src\traditional\math\aarg.asm
                  __REMB1   0x000004       data     extern C:\MCC18\src\traditional\math\aarg.asm
                  __REMB2   0x000003       data     extern C:\MCC18\src\traditional\math\aarg.asm
                  __REMB3   0x000002       data     extern C:\MCC18\src\traditional\math\aarg.asm
                   __TEMP   0x000013       data     extern C:\MCC18\src\traditional\math\temparg.asm
                 __TEMPB0   0x000013       data     extern C:\MCC18\src\traditional\math\temparg.asm
                 __TEMPB1   0x000012       data     extern C:\MCC18\src\traditional\math\temparg.asm
                 __TEMPB2   0x000011       data     extern C:\MCC18\src\traditional\math\temparg.asm
                 __TEMPB3   0x000010       data     extern C:\MCC18\src\traditional\math\temparg.asm
                  __tmp_0   0x000014       data     static C:\krobot\elec\boards\Monitoring_Battery\Firmware\monitor.c
                  __tmp_0   0x000014       data     static C:\krobot\elec\boards\Monitoring_Battery\Firmware\main.c
                  __tmp_0   0x000014       data     static C:\MCC18\src\pmc_common\ADC\adcselchconv.c
                  __tmp_0   0x000014       data     static C:\krobot\elec\boards\Monitoring_Battery\Firmware\usb_device.c
                  __tmp_0   0x000014       data     static C:\MCC18\src\pmc_common\ADC\adcread.c
                  __tmp_0   0x000014       data     static C:\MCC18\src\pmc_common\ADC\adcopen.c
          active_protocol   0x0000dc       data     extern C:\krobot\elec\boards\Monitoring_Battery\Firmware\usb_function_hid.c
         blinkStatusValid   0x0000c1       data     extern C:\krobot\elec\boards\Monitoring_Battery\Firmware\main.c
             buzzer_count   0x0000c8       data     static C:\krobot\elec\boards\Monitoring_Battery\Firmware\main.c
             buzzer_count   0x0000ca       data     static C:\krobot\elec\boards\Monitoring_Battery\Firmware\main.c
                buzzer_on   0x0000c7       data     extern C:\krobot\elec\boards\Monitoring_Battery\Firmware\main.c
                  channel   0x0000bc       data     static C:\krobot\elec\boards\Monitoring_Battery\Firmware\monitor.c
     controlTransferState   0x000070       data     extern C:\krobot\elec\boards\Monitoring_Battery\Firmware\usb_device.c
                curr_byte   0x0000d1       data     static C:\MCC18\src\traditional\startup\c018i.c
               curr_entry   0x0000d3       data     static C:\MCC18\src\traditional\startup\c018i.c
                 data_ptr   0x0000d5       data     static C:\MCC18\src\traditional\startup\c018i.c
              delay_count   0x0000d9       data     static C:\krobot\elec\boards\Monitoring_Battery\Firmware\main.c
                      err   0x000086       data     extern C:\krobot\elec\boards\Monitoring_Battery\Firmware\error.c
                    errno   0x0000a6       data     extern C:\krobot\elec\boards\Monitoring_Battery\Firmware\error.c
            hid_report_in   0x000433       data     extern C:\krobot\elec\boards\Monitoring_Battery\Firmware\usb_device.c
           hid_report_out   0x000430       data     extern C:\krobot\elec\boards\Monitoring_Battery\Firmware\usb_device.c
                idle_rate   0x0000db       data     extern C:\krobot\elec\boards\Monitoring_Battery\Firmware\usb_function_hid.c
                  inPipes   0x000071       data     extern C:\krobot\elec\boards\Monitoring_Battery\Firmware\usb_device.c
                led_count   0x0000cc       data     static C:\krobot\elec\boards\Monitoring_Battery\Firmware\main.c
                       ms   0x0000c3       data     extern C:\krobot\elec\boards\Monitoring_Battery\Firmware\main.c
                 outPipes   0x000076       data     extern C:\krobot\elec\boards\Monitoring_Battery\Firmware\usb_device.c
   pBDTEntryEP0OutCurrent   0x000063       data     extern C:\krobot\elec\boards\Monitoring_Battery\Firmware\usb_device.c
      pBDTEntryEP0OutNext   0x000065       data     extern C:\krobot\elec\boards\Monitoring_Battery\Firmware\usb_device.c
              pBDTEntryIn   0x00006b       data     extern C:\krobot\elec\boards\Monitoring_Battery\Firmware\usb_device.c
             pBDTEntryOut   0x000067       data     extern C:\krobot\elec\boards\Monitoring_Battery\Firmware\usb_device.c
                     pDst   0x00007d       data     extern C:\krobot\elec\boards\Monitoring_Battery\Firmware\usb_device.c
                     prom   0x0000ce       data     static C:\MCC18\src\traditional\startup\c018i.c
              resetSource   0x0000d8       data     extern C:\krobot\elec\boards\Monitoring_Battery\Firmware\main.c
                        s   0x0000c5       data     extern C:\krobot\elec\boards\Monitoring_Battery\Firmware\main.c
        shortPacketStatus   0x00006f       data     extern C:\krobot\elec\boards\Monitoring_Battery\Firmware\usb_device.c
                    state   0x0000bb       data     static C:\krobot\elec\boards\Monitoring_Battery\Firmware\monitor.c



                              Symbols - Sorted by Address
                     Name    Address   Location    Storage File                     
                ---------  ---------  ---------  --------- ---------                
                   _entry   0x000000    program     extern C:\MCC18\src\traditional\startup\c018i.c
       ___return_lbl00000   0x000004    program     static                          
                 High_ISR   0x000008    program     extern C:\krobot\elec\boards\Monitoring_Battery\Firmware\main.c
       ___return_lbl00003   0x00000c    program     static                          
                  Low_ISR   0x000018    program     extern C:\krobot\elec\boards\Monitoring_Battery\Firmware\main.c
       ___return_lbl00004   0x00001c    program     static                          
                   _reset   0x000800    program     extern C:\krobot\elec\boards\Monitoring_Battery\Firmware\main.c
       ___return_lbl00000   0x000804    program     static                          
        Remapped_High_ISR   0x000808    program     extern C:\krobot\elec\boards\Monitoring_Battery\Firmware\main.c
       ___return_lbl00001   0x00080c    program     static                          
         Remapped_Low_ISR   0x000818    program     extern C:\krobot\elec\boards\Monitoring_Battery\Firmware\main.c
       ___return_lbl00002   0x00081c    program     static                          
            USBDeviceInit   0x000850    program     extern C:\krobot\elec\boards\Monitoring_Battery\Firmware\usb_device.c
           USBDeviceTasks   0x0008bc    program     extern C:\krobot\elec\boards\Monitoring_Battery\Firmware\usb_device.c
          USBStallHandler   0x0009ec    program     extern C:\krobot\elec\boards\Monitoring_Battery\Firmware\usb_device.c
               USBSuspend   0x000a12    program     extern C:\krobot\elec\boards\Monitoring_Battery\Firmware\usb_device.c
       USBWakeFromSuspend   0x000a24    program     extern C:\krobot\elec\boards\Monitoring_Battery\Firmware\usb_device.c
         USBCtrlEPService   0x000a3c    program     extern C:\krobot\elec\boards\Monitoring_Battery\Firmware\usb_device.c
   USBCtrlTrfSetupHandler   0x000ad0    program     extern C:\krobot\elec\boards\Monitoring_Battery\Firmware\usb_device.c
     USBCtrlTrfOutHandler   0x000af4    program     extern C:\krobot\elec\boards\Monitoring_Battery\Firmware\usb_device.c
      USBCtrlTrfInHandler   0x000b10    program     extern C:\krobot\elec\boards\Monitoring_Battery\Firmware\usb_device.c
USBPrepareForNextSetupTrf   0x000b6a    program     extern C:\krobot\elec\boards\Monitoring_Battery\Firmware\usb_device.c
       USBCheckStdRequest   0x000bb2    program     extern C:\krobot\elec\boards\Monitoring_Battery\Firmware\usb_device.c
  USBStdFeatureReqHandler   0x000c5a    program     extern C:\krobot\elec\boards\Monitoring_Battery\Firmware\usb_device.c
      USBStdGetDscHandler   0x000d1c    program     extern C:\krobot\elec\boards\Monitoring_Battery\Firmware\usb_device.c
   USBStdGetStatusHandler   0x000d9e    program     extern C:\krobot\elec\boards\Monitoring_Battery\Firmware\usb_device.c
 USBCtrlEPServiceComplete   0x000e1c    program     extern C:\krobot\elec\boards\Monitoring_Battery\Firmware\usb_device.c
      USBCtrlTrfTxService   0x000e90    program     extern C:\krobot\elec\boards\Monitoring_Battery\Firmware\usb_device.c
      USBCtrlTrfRxService   0x000f36    program     extern C:\krobot\elec\boards\Monitoring_Battery\Firmware\usb_device.c
[...]
                UEP13bits   0x000f7d       data     extern C:\MCC18\src\traditional\proc\p18F4550.asm
                    UEP13   0x000f7d       data     extern C:\MCC18\src\traditional\proc\p18F4550.asm
                UEP14bits   0x000f7e       data     extern C:\MCC18\src\traditional\proc\p18F4550.asm
                    UEP14   0x000f7e       data     extern C:\MCC18\src\traditional\proc\p18F4550.asm
                    UEP15   0x000f7f       data     extern C:\MCC18\src\traditional\proc\p18F4550.asm
                UEP15bits   0x000f7f       data     extern C:\MCC18\src\traditional\proc\p18F4550.asm
                    PORTA   0x000f80       data     extern C:\MCC18\src\traditional\proc\p18F4550.asm
                PORTAbits   0x000f80       data     extern C:\MCC18\src\traditional\proc\p18F4550.asm
                    PORTB   0x000f81       data     extern C:\MCC18\src\traditional\proc\p18F4550.asm
                PORTBbits   0x000f81       data     extern C:\MCC18\src\traditional\proc\p18F4550.asm
                    PORTC   0x000f82       data     extern C:\MCC18\src\traditional\proc\p18F4550.asm
                PORTCbits   0x000f82       data     extern C:\MCC18\src\traditional\proc\p18F4550.asm
                    PORTD   0x000f83       data     extern C:\MCC18\src\traditional\proc\p18F4550.asm
                PORTDbits   0x000f83       data     extern C:\MCC18\src\traditional\proc\p18F4550.asm
                    PORTE   0x000f84       data     extern C:\MCC18\src\traditional\proc\p18F4550.asm
                PORTEbits   0x000f84       data     extern C:\MCC18\src\traditional\proc\p18F4550.asm
                     LATA   0x000f89       data     extern C:\MCC18\src\traditional\proc\p18F4550.asm
                 LATAbits   0x000f89       data     extern C:\MCC18\src\traditional\proc\p18F4550.asm
                     LATB   0x000f8a       data     extern C:\MCC18\src\traditional\proc\p18F4550.asm
                 LATBbits   0x000f8a       data     extern C:\MCC18\src\traditional\proc\p18F4550.asm
                     LATC   0x000f8b       data     extern C:\MCC18\src\traditional\proc\p18F4550.asm
                 LATCbits   0x000f8b       data     extern C:\MCC18\src\traditional\proc\p18F4550.asm
                     LATD   0x000f8c       data     extern C:\MCC18\src\traditional\proc\p18F4550.asm
                 LATDbits   0x000f8c       data     extern C:\MCC18\src\traditional\proc\p18F4550.asm
                     LATE   0x000f8d       data     extern C:\MCC18\src\traditional\proc\p18F4550.asm
                 LATEbits   0x000f8d       data     extern C:\MCC18\src\traditional\proc\p18F4550.asm
                    TRISA   0x000f92       data     extern C:\MCC18\src\traditional\proc\p18F4550.asm
                TRISAbits   0x000f92       data     extern C:\MCC18\src\traditional\proc\p18F4550.asm
                     DDRA   0x000f92       data     extern C:\MCC18\src\traditional\proc\p18F4550.asm
                 DDRAbits   0x000f92       data     extern C:\MCC18\src\traditional\proc\p18F4550.asm
                     DDRB   0x000f93       data     extern C:\MCC18\src\traditional\proc\p18F4550.asm
                 DDRBbits   0x000f93       data     extern C:\MCC18\src\traditional\proc\p18F4550.asm
                    TRISB   0x000f93       data     extern C:\MCC18\src\traditional\proc\p18F4550.asm
                TRISBbits   0x000f93       data     extern C:\MCC18\src\traditional\proc\p18F4550.asm
                 DDRCbits   0x000f94       data     extern C:\MCC18\src\traditional\proc\p18F4550.asm
                    TRISC   0x000f94       data     extern C:\MCC18\src\traditional\proc\p18F4550.asm
                TRISCbits   0x000f94       data     extern C:\MCC18\src\traditional\proc\p18F4550.asm
                     DDRC   0x000f94       data     extern C:\MCC18\src\traditional\proc\p18F4550.asm
                 DDRDbits   0x000f95       data     extern C:\MCC18\src\traditional\proc\p18F4550.asm
                     DDRD   0x000f95       data     extern C:\MCC18\src\traditional\proc\p18F4550.asm
                TRISDbits   0x000f95       data     extern C:\MCC18\src\traditional\proc\p18F4550.asm
                    TRISD   0x000f95       data     extern C:\MCC18\src\traditional\proc\p18F4550.asm
                     DDRE   0x000f96       data     extern C:\MCC18\src\traditional\proc\p18F4550.asm
                TRISEbits   0x000f96       data     extern C:\MCC18\src\traditional\proc\p18F4550.asm
                    TRISE   0x000f96       data     extern C:\MCC18\src\traditional\proc\p18F4550.asm
                 DDREbits   0x000f96       data     extern C:\MCC18\src\traditional\proc\p18F4550.asm
              OSCTUNEbits   0x000f9b       data     extern C:\MCC18\src\traditional\proc\p18F4550.asm
                  OSCTUNE   0x000f9b       data     extern C:\MCC18\src\traditional\proc\p18F4550.asm
                     PIE1   0x000f9d       data     extern C:\MCC18\src\traditional\proc\p18F4550.asm
                 PIE1bits   0x000f9d       data     extern C:\MCC18\src\traditional\proc\p18F4550.asm
                     PIR1   0x000f9e       data     extern C:\MCC18\src\traditional\proc\p18F4550.asm
                 PIR1bits   0x000f9e       data     extern C:\MCC18\src\traditional\proc\p18F4550.asm
                 IPR1bits   0x000f9f       data     extern C:\MCC18\src\traditional\proc\p18F4550.asm
                     IPR1   0x000f9f       data     extern C:\MCC18\src\traditional\proc\p18F4550.asm
                     PIE2   0x000fa0       data     extern C:\MCC18\src\traditional\proc\p18F4550.asm
                 PIE2bits   0x000fa0       data     extern C:\MCC18\src\traditional\proc\p18F4550.asm
                 PIR2bits   0x000fa1       data     extern C:\MCC18\src\traditional\proc\p18F4550.asm
                     PIR2   0x000fa1       data     extern C:\MCC18\src\traditional\proc\p18F4550.asm
                 IPR2bits   0x000fa2       data     extern C:\MCC18\src\traditional\proc\p18F4550.asm
                     IPR2   0x000fa2       data     extern C:\MCC18\src\traditional\proc\p18F4550.asm
               EECON1bits   0x000fa6       data     extern C:\MCC18\src\traditional\proc\p18F4550.asm
                   EECON1   0x000fa6       data     extern C:\MCC18\src\traditional\proc\p18F4550.asm
                   EECON2   0x000fa7       data     extern C:\MCC18\src\traditional\proc\p18F4550.asm
                   EEDATA   0x000fa8       data     extern C:\MCC18\src\traditional\proc\p18F4550.asm
                    EEADR   0x000fa9       data     extern C:\MCC18\src\traditional\proc\p18F4550.asm
                    RCSTA   0x000fab       data     extern C:\MCC18\src\traditional\proc\p18F4550.asm
                RCSTAbits   0x000fab       data     extern C:\MCC18\src\traditional\proc\p18F4550.asm
                    TXSTA   0x000fac       data     extern C:\MCC18\src\traditional\proc\p18F4550.asm
                TXSTAbits   0x000fac       data     extern C:\MCC18\src\traditional\proc\p18F4550.asm
                    TXREG   0x000fad       data     extern C:\MCC18\src\traditional\proc\p18F4550.asm
                    RCREG   0x000fae       data     extern C:\MCC18\src\traditional\proc\p18F4550.asm
                    SPBRG   0x000faf       data     extern C:\MCC18\src\traditional\proc\p18F4550.asm
                   SPBRGH   0x000fb0       data     extern C:\MCC18\src\traditional\proc\p18F4550.asm
                T3CONbits   0x000fb1       data     extern C:\MCC18\src\traditional\proc\p18F4550.asm
                    T3CON   0x000fb1       data     extern C:\MCC18\src\traditional\proc\p18F4550.asm
                    TMR3L   0x000fb2       data     extern C:\MCC18\src\traditional\proc\p18F4550.asm
                    TMR3H   0x000fb3       data     extern C:\MCC18\src\traditional\proc\p18F4550.asm
                CMCONbits   0x000fb4       data     extern C:\MCC18\src\traditional\proc\p18F4550.asm
                    CMCON   0x000fb4       data     extern C:\MCC18\src\traditional\proc\p18F4550.asm
                   CVRCON   0x000fb5       data     extern C:\MCC18\src\traditional\proc\p18F4550.asm
               CVRCONbits   0x000fb5       data     extern C:\MCC18\src\traditional\proc\p18F4550.asm
                   CCP1AS   0x000fb6       data     extern C:\MCC18\src\traditional\proc\p18F4550.asm
                  ECCP1AS   0x000fb6       data     extern C:\MCC18\src\traditional\proc\p18F4550.asm
              ECCP1ASbits   0x000fb6       data     extern C:\MCC18\src\traditional\proc\p18F4550.asm
               CCP1ASbits   0x000fb6       data     extern C:\MCC18\src\traditional\proc\p18F4550.asm
                 ECCP1DEL   0x000fb7       data     extern C:\MCC18\src\traditional\proc\p18F4550.asm
             ECCP1DELbits   0x000fb7       data     extern C:\MCC18\src\traditional\proc\p18F4550.asm
                  CCP1DEL   0x000fb7       data     extern C:\MCC18\src\traditional\proc\p18F4550.asm
              CCP1DELbits   0x000fb7       data     extern C:\MCC18\src\traditional\proc\p18F4550.asm
              BAUDCONbits   0x000fb8       data     extern C:\MCC18\src\traditional\proc\p18F4550.asm
                  BAUDCON   0x000fb8       data     extern C:\MCC18\src\traditional\proc\p18F4550.asm
                  CCP2CON   0x000fba       data     extern C:\MCC18\src\traditional\proc\p18F4550.asm
              CCP2CONbits   0x000fba       data     extern C:\MCC18\src\traditional\proc\p18F4550.asm
                    CCPR2   0x000fbb       data     extern C:\MCC18\src\traditional\proc\p18F4550.asm
                   CCPR2L   0x000fbb       data     extern C:\MCC18\src\traditional\proc\p18F4550.asm
                   CCPR2H   0x000fbc       data     extern C:\MCC18\src\traditional\proc\p18F4550.asm
              CCP1CONbits   0x000fbd       data     extern C:\MCC18\src\traditional\proc\p18F4550.asm
                  CCP1CON   0x000fbd       data     extern C:\MCC18\src\traditional\proc\p18F4550.asm
                 ECCP1CON   0x000fbd       data     extern C:\MCC18\src\traditional\proc\p18F4550.asm
             ECCP1CONbits   0x000fbd       data     extern C:\MCC18\src\traditional\proc\p18F4550.asm
                   CCPR1L   0x000fbe       data     extern C:\MCC18\src\traditional\proc\p18F4550.asm
                    CCPR1   0x000fbe       data     extern C:\MCC18\src\traditional\proc\p18F4550.asm
                   CCPR1H   0x000fbf       data     extern C:\MCC18\src\traditional\proc\p18F4550.asm
               ADCON2bits   0x000fc0       data     extern C:\MCC18\src\traditional\proc\p18F4550.asm
                   ADCON2   0x000fc0       data     extern C:\MCC18\src\traditional\proc\p18F4550.asm
               ADCON1bits   0x000fc1       data     extern C:\MCC18\src\traditional\proc\p18F4550.asm
                   ADCON1   0x000fc1       data     extern C:\MCC18\src\traditional\proc\p18F4550.asm
                   ADCON0   0x000fc2       data     extern C:\MCC18\src\traditional\proc\p18F4550.asm
               ADCON0bits   0x000fc2       data     extern C:\MCC18\src\traditional\proc\p18F4550.asm
                    ADRES   0x000fc3       data     extern C:\MCC18\src\traditional\proc\p18F4550.asm
                   ADRESL   0x000fc3       data     extern C:\MCC18\src\traditional\proc\p18F4550.asm
                   ADRESH   0x000fc4       data     extern C:\MCC18\src\traditional\proc\p18F4550.asm
              SSPCON2bits   0x000fc5       data     extern C:\MCC18\src\traditional\proc\p18F4550.asm
                  SSPCON2   0x000fc5       data     extern C:\MCC18\src\traditional\proc\p18F4550.asm
              SSPCON1bits   0x000fc6       data     extern C:\MCC18\src\traditional\proc\p18F4550.asm
                  SSPCON1   0x000fc6       data     extern C:\MCC18\src\traditional\proc\p18F4550.asm
              SSPSTATbits   0x000fc7       data     extern C:\MCC18\src\traditional\proc\p18F4550.asm
                  SSPSTAT   0x000fc7       data     extern C:\MCC18\src\traditional\proc\p18F4550.asm
                   SSPADD   0x000fc8       data     extern C:\MCC18\src\traditional\proc\p18F4550.asm
                   SSPBUF   0x000fc9       data     extern C:\MCC18\src\traditional\proc\p18F4550.asm
                T2CONbits   0x000fca       data     extern C:\MCC18\src\traditional\proc\p18F4550.asm
                    T2CON   0x000fca       data     extern C:\MCC18\src\traditional\proc\p18F4550.asm
                      PR2   0x000fcb       data     extern C:\MCC18\src\traditional\proc\p18F4550.asm
                     TMR2   0x000fcc       data     extern C:\MCC18\src\traditional\proc\p18F4550.asm
                    T1CON   0x000fcd       data     extern C:\MCC18\src\traditional\proc\p18F4550.asm
                T1CONbits   0x000fcd       data     extern C:\MCC18\src\traditional\proc\p18F4550.asm
                    TMR1L   0x000fce       data     extern C:\MCC18\src\traditional\proc\p18F4550.asm
                    TMR1H   0x000fcf       data     extern C:\MCC18\src\traditional\proc\p18F4550.asm
                     RCON   0x000fd0       data     extern C:\MCC18\src\traditional\proc\p18F4550.asm
                 RCONbits   0x000fd0       data     extern C:\MCC18\src\traditional\proc\p18F4550.asm
                   WDTCON   0x000fd1       data     extern C:\MCC18\src\traditional\proc\p18F4550.asm
               WDTCONbits   0x000fd1       data     extern C:\MCC18\src\traditional\proc\p18F4550.asm
              HLVDCONbits   0x000fd2       data     extern C:\MCC18\src\traditional\proc\p18F4550.asm
               LVDCONbits   0x000fd2       data     extern C:\MCC18\src\traditional\proc\p18F4550.asm
                   LVDCON   0x000fd2       data     extern C:\MCC18\src\traditional\proc\p18F4550.asm
                  HLVDCON   0x000fd2       data     extern C:\MCC18\src\traditional\proc\p18F4550.asm
                   OSCCON   0x000fd3       data     extern C:\MCC18\src\traditional\proc\p18F4550.asm
               OSCCONbits   0x000fd3       data     extern C:\MCC18\src\traditional\proc\p18F4550.asm
                T0CONbits   0x000fd5       data     extern C:\MCC18\src\traditional\proc\p18F4550.asm
                    T0CON   0x000fd5       data     extern C:\MCC18\src\traditional\proc\p18F4550.asm
                    TMR0L   0x000fd6       data     extern C:\MCC18\src\traditional\proc\p18F4550.asm
                    TMR0H   0x000fd7       data     extern C:\MCC18\src\traditional\proc\p18F4550.asm
               STATUSbits   0x000fd8       data     extern C:\MCC18\src\traditional\proc\p18F4550.asm
                   STATUS   0x000fd8       data     extern C:\MCC18\src\traditional\proc\p18F4550.asm
                     FSR2   0x000fd9       data     extern C:\MCC18\src\traditional\proc\p18F4550.asm
                    FSR2L   0x000fd9       data     extern C:\MCC18\src\traditional\proc\p18F4550.asm
                    FSR2H   0x000fda       data     extern C:\MCC18\src\traditional\proc\p18F4550.asm
                   PLUSW2   0x000fdb       data     extern C:\MCC18\src\traditional\proc\p18F4550.asm
                  PREINC2   0x000fdc       data     extern C:\MCC18\src\traditional\proc\p18F4550.asm
                 POSTDEC2   0x000fdd       data     extern C:\MCC18\src\traditional\proc\p18F4550.asm
                 POSTINC2   0x000fde       data     extern C:\MCC18\src\traditional\proc\p18F4550.asm
                    INDF2   0x000fdf       data     extern C:\MCC18\src\traditional\proc\p18F4550.asm
                      BSR   0x000fe0       data     extern C:\MCC18\src\traditional\proc\p18F4550.asm
                    FSR1L   0x000fe1       data     extern C:\MCC18\src\traditional\proc\p18F4550.asm
                     FSR1   0x000fe1       data     extern C:\MCC18\src\traditional\proc\p18F4550.asm
                    FSR1H   0x000fe2       data     extern C:\MCC18\src\traditional\proc\p18F4550.asm
                   PLUSW1   0x000fe3       data     extern C:\MCC18\src\traditional\proc\p18F4550.asm
                  PREINC1   0x000fe4       data     extern C:\MCC18\src\traditional\proc\p18F4550.asm
                 POSTDEC1   0x000fe5       data     extern C:\MCC18\src\traditional\proc\p18F4550.asm
                 POSTINC1   0x000fe6       data     extern C:\MCC18\src\traditional\proc\p18F4550.asm
                    INDF1   0x000fe7       data     extern C:\MCC18\src\traditional\proc\p18F4550.asm
                     WREG   0x000fe8       data     extern C:\MCC18\src\traditional\proc\p18F4550.asm
                    FSR0L   0x000fe9       data     extern C:\MCC18\src\traditional\proc\p18F4550.asm
                     FSR0   0x000fe9       data     extern C:\MCC18\src\traditional\proc\p18F4550.asm
                    FSR0H   0x000fea       data     extern C:\MCC18\src\traditional\proc\p18F4550.asm
                   PLUSW0   0x000feb       data     extern C:\MCC18\src\traditional\proc\p18F4550.asm
                  PREINC0   0x000fec       data     extern C:\MCC18\src\traditional\proc\p18F4550.asm
                 POSTDEC0   0x000fed       data     extern C:\MCC18\src\traditional\proc\p18F4550.asm
                 POSTINC0   0x000fee       data     extern C:\MCC18\src\traditional\proc\p18F4550.asm
                    INDF0   0x000fef       data     extern C:\MCC18\src\traditional\proc\p18F4550.asm
                  INTCON3   0x000ff0       data     extern C:\MCC18\src\traditional\proc\p18F4550.asm
              INTCON3bits   0x000ff0       data     extern C:\MCC18\src\traditional\proc\p18F4550.asm
              INTCON2bits   0x000ff1       data     extern C:\MCC18\src\traditional\proc\p18F4550.asm
                  INTCON2   0x000ff1       data     extern C:\MCC18\src\traditional\proc\p18F4550.asm
                   INTCON   0x000ff2       data     extern C:\MCC18\src\traditional\proc\p18F4550.asm
               INTCONbits   0x000ff2       data     extern C:\MCC18\src\traditional\proc\p18F4550.asm
                     PROD   0x000ff3       data     extern C:\MCC18\src\traditional\proc\p18F4550.asm
                    PRODL   0x000ff3       data     extern C:\MCC18\src\traditional\proc\p18F4550.asm
                    PRODH   0x000ff4       data     extern C:\MCC18\src\traditional\proc\p18F4550.asm
                   TABLAT   0x000ff5       data     extern C:\MCC18\src\traditional\proc\p18F4550.asm
                  TBLPTRL   0x000ff6       data     extern C:\MCC18\src\traditional\proc\p18F4550.asm
                   TBLPTR   0x000ff6       data     extern C:\MCC18\src\traditional\proc\p18F4550.asm
                  TBLPTRH   0x000ff7       data     extern C:\MCC18\src\traditional\proc\p18F4550.asm
                  TBLPTRU   0x000ff8       data     extern C:\MCC18\src\traditional\proc\p18F4550.asm
                      PCL   0x000ff9       data     extern C:\MCC18\src\traditional\proc\p18F4550.asm
                       PC   0x000ff9       data     extern C:\MCC18\src\traditional\proc\p18F4550.asm
                   PCLATH   0x000ffa       data     extern C:\MCC18\src\traditional\proc\p18F4550.asm
                   PCLATU   0x000ffb       data     extern C:\MCC18\src\traditional\proc\p18F4550.asm
               STKPTRbits   0x000ffc       data     extern C:\MCC18\src\traditional\proc\p18F4550.asm
                   STKPTR   0x000ffc       data     extern C:\MCC18\src\traditional\proc\p18F4550.asm
                      TOS   0x000ffd       data     extern C:\MCC18\src\traditional\proc\p18F4550.asm
                     TOSL   0x000ffd       data     extern C:\MCC18\src\traditional\proc\p18F4550.asm
                     TOSH   0x000ffe       data     extern C:\MCC18\src\traditional\proc\p18F4550.asm
                     TOSU   0x000fff       data     extern C:\MCC18\src\traditional\proc\p18F4550.asm


