MPLINK 4.21, Linker
Linker Map File - Created Fri May 14 12:49:27 2010

                                 Section Info
                  Section       Type    Address   Location Size(Bytes)
                ---------  ---------  ---------  ---------  ---------
               _entry_scn       code   0x000000    program   0x000006
    HIGH_INTERRUPT_VECTOR       code   0x000008    program   0x000006
     LOW_INTERRUPT_VECTOR       code   0x000018    program   0x000006
    REMAPPED_RESET_VECTOR       code   0x000800    program   0x000006
REMAPPED_HIGH_INTERRUPT_VECTOR       code   0x000808    program   0x000006
REMAPPED_LOW_INTERRUPT_VECTOR       code   0x000818    program   0x000006
                   .cinit    romdata   0x00082a    program   0x000032
            .code_lm629.o       code   0x00085c    program   0x001fba
             .code_main.o       code   0x002816    program   0x00185a
       .code_usb_device.o       code   0x004070    program   0x000b4c
                     PROG       code   0x004bbc    program   0x000600
             .code_atan.o       code   0x0051bc    program   0x000518
             .code_sqrt.o       code   0x0056d4    program   0x000442
            .code_motor.o       code   0x005b16    program   0x00038a
            .code_atan2.o       code   0x005ea0    program   0x000234
            .code_ldexp.o       code   0x0060d4    program   0x000138
         .code_UnpkMath.o       code   0x00620c    program   0x00011c
         .code_PackMath.o       code   0x006328    program   0x00011a
 .code_usb_function_hid.o       code   0x006442    program   0x0000ce
.romdata_usb_descriptors.o    romdata   0x006510    program   0x0000b2
               _cinit_scn       code   0x0065c2    program   0x00009e
          .code_adcopen.o       code   0x006660    program   0x00006e
                   STRING       code   0x0066ce    program   0x00006c
           .code_eeprom.o       code   0x00673a    program   0x00006c
             .code_fabs.o       code   0x0067a6    program   0x000066
             .stringtable    romdata   0x00680c    program   0x00004f
       .idata_adcread.o_i    romdata   0x00685b    program   0x000000
       .romdata_adcread.o    romdata   0x00685b    program   0x000000
  .idata_adcselchconv.o_i    romdata   0x00685b    program   0x000000
         .romdata_ldexp.o    romdata   0x00685b    program   0x000000
  .romdata_adcselchconv.o    romdata   0x00685b    program   0x000000
       .idata_t1write.o_i    romdata   0x00685b    program   0x000000
         .idata_ldexp.o_i    romdata   0x00685b    program   0x000000
       .romdata_t1write.o    romdata   0x00685b    program   0x000000
        .idata___init.o_i    romdata   0x00685b    program   0x000000
        .romdata___init.o    romdata   0x00685b    program   0x000000
         .idata_atan2.o_i    romdata   0x00685b    program   0x000000
         .romdata_atan2.o    romdata   0x00685b    program   0x000000
      .romdata_PackMath.o    romdata   0x00685b    program   0x000000
      .idata_UnpkMath.o_i    romdata   0x00685b    program   0x000000
      .romdata_UnpkMath.o    romdata   0x00685b    program   0x000000
      .idata_PackMath.o_i    romdata   0x00685b    program   0x000000
          .idata_atan.o_i    romdata   0x00685b    program   0x000000
      .romdata_fxd1616u.o    romdata   0x00685b    program   0x000000
          .romdata_atan.o    romdata   0x00685b    program   0x000000
      .idata_fxd1616u.o_i    romdata   0x00685b    program   0x000000
          .idata_fabs.o_i    romdata   0x00685b    program   0x000000
          .romdata_fabs.o    romdata   0x00685b    program   0x000000
          .romdata_sqrt.o    romdata   0x00685b    program   0x000000
          .idata_sqrt.o_i    romdata   0x00685b    program   0x000000
         .idata_c018i.o_i    romdata   0x00685b    program   0x000000
         .romdata_c018i.o    romdata   0x00685b    program   0x000000
.idata_usb_descriptors.o_i    romdata   0x00685b    program   0x000000
          .romdata_main.o    romdata   0x00685b    program   0x000000
        .idata_eeprom.o_i    romdata   0x00685b    program   0x000000
        .romdata_eeprom.o    romdata   0x00685b    program   0x000000
         .romdata_motor.o    romdata   0x00685b    program   0x000000
         .romdata_lm629.o    romdata   0x00685b    program   0x000000
    .idata_usb_device.o_i    romdata   0x00685b    program   0x000000
    .romdata_usb_device.o    romdata   0x00685b    program   0x000000
.idata_usb_function_hid.o_i    romdata   0x00685b    program   0x000000
.romdata_usb_function_hid.o    romdata   0x00685b    program   0x000000
         .romdata_error.o    romdata   0x00685b    program   0x000000
       .idata_adcbusy.o_i    romdata   0x00685b    program   0x000000
       .romdata_adcbusy.o    romdata   0x00685b    program   0x000000
        .romdata_t1open.o    romdata   0x00685b    program   0x000000
        .idata_t1open.o_i    romdata   0x00685b    program   0x000000
       .romdata_adcopen.o    romdata   0x00685b    program   0x000000
       .idata_adcopen.o_i    romdata   0x00685b    program   0x000000
           .code_t1open.o       code   0x00685c    program   0x000042
            .code_c018i.o       code   0x00685c    program   0x000000
  .code_usb_descriptors.o       code   0x00685c    program   0x000000
          .code_t1write.o       code   0x00689e    program   0x000038
            .code_error.o       code   0x0068d6    program   0x000036
     .code_adcselchconv.o       code   0x00690c    program   0x000030
             D10KTCYXCODE       code   0x00693c    program   0x00002e
         .code_fxd1616u.o       code   0x00696a    program   0x00002c
             _startup_scn       code   0x006996    program   0x00001c
             D100TCYXCODE       code   0x0069b2    program   0x00001c
              D10TCYXCODE       code   0x0069ce    program   0x000016
          .code_adcread.o       code   0x0069e4    program   0x000012
                    .code       code   0x0069f6    program   0x00000e
          .code_adcbusy.o       code   0x006a04    program   0x00000a
           .code___init.o       code   0x006a0e    program   0x000002
         .idata_motor.o_i    romdata   0x006a10    program   0x000003
          .idata_main.o_i    romdata   0x006a13    program   0x00000d
         .idata_lm629.o_i    romdata   0x006a20    program   0x00000b
         .idata_error.o_i    romdata   0x006a2b    program   0x000021
                 .tmpdata      udata   0x000000       data   0x000029
                MATH_DATA      udata   0x000029       data   0x000014
                DELAYDAT2      udata   0x00003d       data   0x000001
                DELAYDAT1      udata   0x00003e       data   0x000001
           .udata_motor.o      udata   0x000060       data   0x0000a0
      .udata_usb_device.o      udata   0x000100       data   0x000026
           .idata_error.o      idata   0x000126       data   0x000021
           .udata_lm629.o      udata   0x000147       data   0x000010
            .idata_main.o      idata   0x000157       data   0x00000d
           .idata_lm629.o      idata   0x000164       data   0x00000b
           .udata_c018i.o      udata   0x00016f       data   0x00000a
            .udata_main.o      udata   0x000179       data   0x000003
           .idata_motor.o      idata   0x00017c       data   0x000003
.udata_usb_function_hid.o      udata   0x00017f       data   0x000002
          .udata_eeprom.o      udata   0x000181       data   0x000001
           .udata_atan2.o      udata   0x000182       data   0x000000
          .idata___init.o      idata   0x000182       data   0x000000
           .idata_atan2.o      idata   0x000182       data   0x000000
        .udata_UnpkMath.o      udata   0x000182       data   0x000000
        .idata_UnpkMath.o      idata   0x000182       data   0x000000
          .udata___init.o      udata   0x000182       data   0x000000
         .idata_t1write.o      idata   0x000182       data   0x000000
         .udata_t1write.o      udata   0x000182       data   0x000000
            .udata_atan.o      udata   0x000182       data   0x000000
            .idata_atan.o      idata   0x000182       data   0x000000
            .udata_fabs.o      udata   0x000182       data   0x000000
            .idata_fabs.o      idata   0x000182       data   0x000000
            .udata_sqrt.o      udata   0x000182       data   0x000000
            .idata_sqrt.o      idata   0x000182       data   0x000000
        .udata_fxd1616u.o      udata   0x000182       data   0x000000
        .idata_fxd1616u.o      idata   0x000182       data   0x000000
        .udata_PackMath.o      udata   0x000182       data   0x000000
        .idata_PackMath.o      idata   0x000182       data   0x000000
           .udata_ldexp.o      udata   0x000182       data   0x000000
           .idata_ldexp.o      idata   0x000182       data   0x000000
 .idata_usb_descriptors.o      idata   0x000182       data   0x000000
 .udata_usb_descriptors.o      udata   0x000182       data   0x000000
          .idata_eeprom.o      idata   0x000182       data   0x000000
      .idata_usb_device.o      idata   0x000182       data   0x000000
           .idata_c018i.o      idata   0x000182       data   0x000000
.idata_usb_function_hid.o      idata   0x000182       data   0x000000
           .udata_error.o      udata   0x000182       data   0x000000
         .udata_adcbusy.o      udata   0x000182       data   0x000000
         .idata_adcbusy.o      idata   0x000182       data   0x000000
         .udata_adcopen.o      udata   0x000182       data   0x000000
         .idata_adcopen.o      idata   0x000182       data   0x000000
          .udata_t1open.o      udata   0x000182       data   0x000000
          .idata_t1open.o      idata   0x000182       data   0x000000
         .udata_adcread.o      udata   0x000182       data   0x000000
         .idata_adcread.o      idata   0x000182       data   0x000000
    .udata_adcselchconv.o      udata   0x000182       data   0x000000
    .idata_adcselchconv.o      idata   0x000182       data   0x000000
                   .stack      udata   0x000300       data   0x000100
                  USB_BDT      udata   0x000400       data   0x000036
            USB_VARIABLES      udata   0x000500       data   0x000080
            SFR_UNBANKED0      udata   0x000f62       data   0x00009e



                              Program Memory Usage 
                               Start         End      
                           ---------   ---------      
                            0x000000    0x000005      
                            0x000008    0x00000d      
                            0x000018    0x00001d      
                            0x000800    0x000805      
                            0x000808    0x00080d      
                            0x000818    0x00081d      
                            0x00082a    0x00685a      
                            0x00685c    0x006a4b      
            25157 out of 33048 program addresses used, program memory utilization is 76%



                              Symbols - Sorted by Name
                     Name    Address   Location    Storage File                     
                ---------  ---------  ---------  --------- ---------                
           BlinkUSBStatus   0x003e64    program     extern C:\krobot\elec\boards\Controller_Motor\Firmware\main.c
                  BusyADC   0x006a04    program     extern C:\MCC18\src\pmc_common\ADC\adcbusy.c
                   D100_1   0x0069c0    program     static C:\MCC18\src\traditional\delays\d100tcyx.asm
                    D100x   0x0069be    program     static C:\MCC18\src\traditional\delays\d100tcyx.asm
                   D10K_1   0x006948    program     static C:\MCC18\src\traditional\delays\d10ktcyx.asm
                    D10Kl   0x006954    program     static C:\MCC18\src\traditional\delays\d10ktcyx.asm
                    D10Kx   0x006946    program     static C:\MCC18\src\traditional\delays\d10ktcyx.asm
                    D10_1   0x0069de    program     static C:\MCC18\src\traditional\delays\d10tcyx.asm
                     D10x   0x0069d6    program     static C:\MCC18\src\traditional\delays\d10tcyx.asm
                   D1616S   0x005192    program     static C:\MCC18\src\traditional\math\fxd1616s.asm
                D1616SNEG   0x0051a0    program     static C:\MCC18\src\traditional\math\fxd1616s.asm
                 D1616SOK   0x00519c    program     static C:\MCC18\src\traditional\math\fxd1616s.asm
                  D1616SX   0x0051b2    program     static C:\MCC18\src\traditional\math\fxd1616s.asm
                  DA1616S   0x005182    program     static C:\MCC18\src\traditional\math\fxd1616s.asm
             Delay100TCYx   0x0069b2    program     extern C:\MCC18\src\traditional\delays\d100tcyx.asm
             Delay10KTCYx   0x00693c    program     extern C:\MCC18\src\traditional\delays\d10ktcyx.asm
              Delay10TCYx   0x0069ce    program     extern C:\MCC18\src\traditional\delays\d10tcyx.asm
                 FLO1632S   0x004bc0    program     extern C:\MCC18\src\traditional\math\cast16FP.asm
                 FLO1632U   0x004bbc    program     extern C:\MCC18\src\traditional\math\cast16FP.asm
                 FLO3232S   0x004bea    program     extern C:\MCC18\src\traditional\math\cast32FP.asm
                 FLO3232U   0x004be6    program     extern C:\MCC18\src\traditional\math\cast32FP.asm
                    FPA32   0x004c1e    program     extern C:\MCC18\src\traditional\math\addFP.asm
                    FPD32   0x004d4a    program     extern C:\MCC18\src\traditional\math\divFP.asm
                    FPM32   0x004df0    program     extern C:\MCC18\src\traditional\math\mulFP.asm
                    FPS32   0x004c1c    program     extern C:\MCC18\src\traditional\math\addFP.asm
                 FXD1616S   0x005170    program     extern C:\MCC18\src\traditional\math\fxd1616s.asm
                 FXD1616U   0x00696a    program     extern C:\MCC18\src\traditional\math\fxd1616u.c
                 High_ISR   0x000008    program     extern C:\krobot\elec\boards\Controller_Motor\Firmware\main.c
                  INT3216   0x004eca    program     extern C:\MCC18\src\traditional\math\castFP16.asm
                  INT3232   0x004f28    program     extern C:\MCC18\src\traditional\math\castFP32.asm
         InitializeSystem   0x002956    program     static C:\krobot\elec\boards\Controller_Motor\Firmware\main.c
                  Low_ISR   0x000018    program     extern C:\krobot\elec\boards\Controller_Motor\Firmware\main.c
                  OpenADC   0x006660    program     extern C:\MCC18\src\pmc_common\ADC\adcopen.c
               OpenTimer1   0x00685c    program     extern C:\MCC18\src\pmc_common\Timers\t1open.c
                ProcessIO   0x002a1e    program     extern C:\krobot\elec\boards\Controller_Motor\Firmware\main.c
                  ReadADC   0x0069e4    program     extern C:\MCC18\src\pmc_common\ADC\adcread.c
               ReadEEPROM   0x00677a    program     extern C:\krobot\elec\boards\Controller_Motor\Firmware\eeprom.c
        Remapped_High_ISR   0x000808    program     extern C:\krobot\elec\boards\Controller_Motor\Firmware\main.c
         Remapped_Low_ISR   0x000818    program     extern C:\krobot\elec\boards\Controller_Motor\Firmware\main.c
              ResetSource   0x003fda    program     extern C:\krobot\elec\boards\Controller_Motor\Firmware\main.c
           SelChanConvADC   0x00690c    program     extern C:\MCC18\src\pmc_common\ADC\adcselchconv.c
                  TAGTB32   0x00515e    program     extern C:\MCC18\src\traditional\math\gtFP.asm
                  TALTB32   0x004f96    program     extern C:\MCC18\src\traditional\math\ltFP.asm
       USBCBCheckOtherReq   0x003eea    program     extern C:\krobot\elec\boards\Controller_Motor\Firmware\main.c
        USBCBErrorHandler   0x003ee8    program     extern C:\krobot\elec\boards\Controller_Motor\Firmware\main.c
              USBCBInitEP   0x003ef0    program     extern C:\krobot\elec\boards\Controller_Motor\Firmware\main.c
          USBCBSendResume   0x003f28    program     extern C:\krobot\elec\boards\Controller_Motor\Firmware\main.c
    USBCBStdSetDscHandler   0x003eee    program     extern C:\krobot\elec\boards\Controller_Motor\Firmware\main.c
             USBCBSuspend   0x003ee2    program     extern C:\krobot\elec\boards\Controller_Motor\Firmware\main.c
     USBCBWakeFromSuspend   0x003ee4    program     extern C:\krobot\elec\boards\Controller_Motor\Firmware\main.c
        USBCB_SOF_Handler   0x003ee6    program     extern C:\krobot\elec\boards\Controller_Motor\Firmware\main.c
       USBCheckHIDRequest   0x006442    program     extern C:\krobot\elec\boards\Controller_Motor\Firmware\usb_function_hid.c
       USBCheckStdRequest   0x0043c4    program     extern C:\krobot\elec\boards\Controller_Motor\Firmware\usb_device.c
    USBClearInterruptFlag   0x00497a    program     extern C:\krobot\elec\boards\Controller_Motor\Firmware\usb_device.c
     USBConfigureEndpoint   0x004836    program     extern C:\krobot\elec\boards\Controller_Motor\Firmware\usb_device.c
         USBCtrlEPService   0x00424e    program     extern C:\krobot\elec\boards\Controller_Motor\Firmware\usb_device.c
 USBCtrlEPServiceComplete   0x00462e    program     extern C:\krobot\elec\boards\Controller_Motor\Firmware\usb_device.c
      USBCtrlTrfInHandler   0x004322    program     extern C:\krobot\elec\boards\Controller_Motor\Firmware\usb_device.c
     USBCtrlTrfOutHandler   0x004306    program     extern C:\krobot\elec\boards\Controller_Motor\Firmware\usb_device.c
      USBCtrlTrfRxService   0x004748    program     extern C:\krobot\elec\boards\Controller_Motor\Firmware\usb_device.c
   USBCtrlTrfSetupHandler   0x0042e2    program     extern C:\krobot\elec\boards\Controller_Motor\Firmware\usb_device.c
      USBCtrlTrfTxService   0x0046a2    program     extern C:\krobot\elec\boards\Controller_Motor\Firmware\usb_device.c
            USBDeviceInit   0x004070    program     extern C:\krobot\elec\boards\Controller_Motor\Firmware\usb_device.c
           USBDeviceTasks   0x0040dc    program     extern C:\krobot\elec\boards\Controller_Motor\Firmware\usb_device.c
        USBEnableEndpoint   0x0048ae    program     extern C:\krobot\elec\boards\Controller_Motor\Firmware\usb_device.c
USBPrepareForNextSetupTrf   0x00437c    program     extern C:\krobot\elec\boards\Controller_Motor\Firmware\usb_device.c
         USBStallEndpoint   0x0048e8    program     extern C:\krobot\elec\boards\Controller_Motor\Firmware\usb_device.c
          USBStallHandler   0x0041fe    program     extern C:\krobot\elec\boards\Controller_Motor\Firmware\usb_device.c
  USBStdFeatureReqHandler   0x00446c    program     extern C:\krobot\elec\boards\Controller_Motor\Firmware\usb_device.c
      USBStdGetDscHandler   0x00452e    program     extern C:\krobot\elec\boards\Controller_Motor\Firmware\usb_device.c
   USBStdGetStatusHandler   0x0045b0    program     extern C:\krobot\elec\boards\Controller_Motor\Firmware\usb_device.c
      USBStdSetCfgHandler   0x004800    program     extern C:\krobot\elec\boards\Controller_Motor\Firmware\usb_device.c
               USBSuspend   0x004224    program     extern C:\krobot\elec\boards\Controller_Motor\Firmware\usb_device.c
     USBTransferOnePacket   0x004912    program     extern C:\krobot\elec\boards\Controller_Motor\Firmware\usb_device.c
       USBWakeFromSuspend   0x004236    program     extern C:\krobot\elec\boards\Controller_Motor\Firmware\usb_device.c
               USB_CD_Ptr   0x0065ba    program     extern C:\krobot\elec\boards\Controller_Motor\Firmware\usb_descriptors.c
               USB_SD_Ptr   0x0065bc    program     extern C:\krobot\elec\boards\Controller_Motor\Firmware\usb_descriptors.c
USER_USB_CALLBACK_EVENT_HANDLER   0x003f44    program     extern C:\krobot\elec\boards\Controller_Motor\Firmware\main.c
                 UserInit   0x002960    program     extern C:\krobot\elec\boards\Controller_Motor\Firmware\main.c
              WriteEEPROM   0x00673a    program     extern C:\krobot\elec\boards\Controller_Motor\Firmware\eeprom.c
              WriteTimer1   0x00689e    program     extern C:\MCC18\src\pmc_common\Timers\t1write.c
  YourHighPriorityISRCode   0x002816    program     extern C:\krobot\elec\boards\Controller_Motor\Firmware\main.c
   YourLowPriorityISRCode   0x0028f4    program     extern C:\krobot\elec\boards\Controller_Motor\Firmware\main.c
              _2jContinue   0x0066ee    program     static C:\MCC18\src\traditional\stdclib\memset.asm
                   _3jEnd   0x0066f8    program     static C:\MCC18\src\traditional\stdclib\memset.asm
       _D100TCYXCODE_0008   0x0069ba    program     static C:\MCC18\src\traditional\delays\d100tcyx.asm
       _D100TCYXCODE_0012   0x0069c4    program     static C:\MCC18\src\traditional\delays\d100tcyx.asm
       _D100TCYXCODE_0018   0x0069ca    program     static C:\MCC18\src\traditional\delays\d100tcyx.asm
       _D10KTCYXCODE_0010   0x00694c    program     static C:\MCC18\src\traditional\delays\d10ktcyx.asm
       _D10KTCYXCODE_001C   0x006958    program     static C:\MCC18\src\traditional\delays\d10ktcyx.asm
        _D10TCYXCODE_000A   0x0069d8    program     static C:\MCC18\src\traditional\delays\d10tcyx.asm
        _D10TCYXCODE_000C   0x0069da    program     static C:\MCC18\src\traditional\delays\d10tcyx.asm
        _D10TCYXCODE_000E   0x0069dc    program     static C:\MCC18\src\traditional\delays\d10tcyx.asm
                _PackMath   0x006328    program     extern C:\MCC18\src\traditional\stdclib\PackMath.c
                _UnpkMath   0x00620c    program     extern C:\MCC18\src\traditional\stdclib\UnpkMath.c
              __FpCompare   0x004fa8    program     extern C:\MCC18\src\traditional\math\compFP.asm
                 __FpExit   0x00505e    program     extern C:\MCC18\src\traditional\math\packFP.asm
                 __FpPack   0x00508a    program     extern C:\MCC18\src\traditional\math\packFP.asm
            __FpReturnNaN   0x005052    program     extern C:\MCC18\src\traditional\math\packFP.asm
         __FpReturnNegInf   0x005064    program     extern C:\MCC18\src\traditional\math\packFP.asm
        __FpReturnNegZero   0x00507c    program     extern C:\MCC18\src\traditional\math\packFP.asm
         __FpReturnPosInf   0x00506a    program     extern C:\MCC18\src\traditional\math\packFP.asm
        __FpReturnPosZero   0x005084    program     extern C:\MCC18\src\traditional\math\packFP.asm
        __FpReturnSignInf   0x005060    program     extern C:\MCC18\src\traditional\math\packFP.asm
       __FpReturnSignZero   0x005078    program     extern C:\MCC18\src\traditional\math\packFP.asm
              __FpReturnW   0x0050e2    program     extern C:\MCC18\src\traditional\math\packFP.asm
              __FpUnPackA   0x005102    program     extern C:\MCC18\src\traditional\math\UnpackFP.asm
              __FpUnPackB   0x005132    program     extern C:\MCC18\src\traditional\math\UnpackFP.asm
           ___?:_lbl00022   0x002a92    program     static                          
           ___?:_lbl00023   0x002a82    program     static                          
           ___?:_lbl00029   0x002b40    program     static                          
           ___?:_lbl00030   0x002b30    program     static                          
           ___?:_lbl00039   0x002c0a    program     static                          
           ___?:_lbl00040   0x002bfa    program     static                          
           ___?:_lbl00044   0x002c84    program     static                          
           ___?:_lbl00045   0x002c74    program     static                          
           ___?:_lbl00098   0x003d2e    program     static                          
           ___?:_lbl00099   0x003d1e    program     static                          
           ___?:_lbl00102   0x003dea    program     static                          
           ___?:_lbl00103   0x003dda    program     static                          
      ___case_-1_lbl00148   0x003fc4    program     static                          
       ___case_0_lbl00042   0x002c40    program     static                          
       ___case_0_lbl00047   0x002cda    program     static                          
       ___case_0_lbl00062   0x0030c2    program     static                          
       ___case_0_lbl00080   0x003588    program     static                          
      ___case_10_lbl00090   0x003b46    program     static                          
      ___case_10_lbl00097   0x0031f0    program     static                          
      ___case_11_lbl00073   0x003176    program     static                          
      ___case_11_lbl00076   0x003264    program     static                          
      ___case_12_lbl00079   0x003496    program     static                          
      ___case_13_lbl00091   0x003c04    program     static                          
      ___case_14_lbl00092   0x003c10    program     static                          
      ___case_15_lbl00056   0x002f98    program     static                          
      ___case_15_lbl00078   0x003378    program     static                          
      ___case_16_lbl00057   0x00300e    program     static                          
      ___case_16_lbl00085   0x0036e6    program     static                          
      ___case_17_lbl00055   0x002f22    program     static                          
      ___case_18_lbl00053   0x002e36    program     static                          
       ___case_1_lbl00035   0x002ba8    program     static                          
       ___case_1_lbl00043   0x002c46    program     static                          
       ___case_1_lbl00048   0x002ce0    program     static                          
       ___case_1_lbl00063   0x0030e2    program     static                          
       ___case_1_lbl00069   0x003184    program     static                          
       ___case_1_lbl00081   0x00358e    program     static                          
       ___case_1_lbl00149   0x003fc8    program     static                          
      ___case_21_lbl00142   0x003fac    program     static                          
      ___case_22_lbl00143   0x003fb0    program     static                          
      ___case_23_lbl00144   0x003fb4    program     static                          
       ___case_2_lbl00037   0x002bc2    program     static                          
       ___case_2_lbl00049   0x002d10    program     static                          
       ___case_2_lbl00060   0x002c68    program     static                          
       ___case_2_lbl00064   0x003102    program     static                          
       ___case_2_lbl00070   0x003190    program     static                          
       ___case_2_lbl00082   0x0035e4    program     static                          
       ___case_2_lbl00145   0x003fb8    program     static                          
       ___case_3_lbl00050   0x002d94    program     static                          
       ___case_3_lbl00065   0x003122    program     static                          
       ___case_3_lbl00083   0x00363a    program     static                          
       ___case_3_lbl00147   0x003fc0    program     static                          
       ___case_4_lbl00051   0x002daa    program     static                          
       ___case_4_lbl00084   0x003690    program     static                          
       ___case_4_lbl00146   0x003fbc    program     static                          
       ___case_5_lbl00086   0x003758    program     static                          
       ___case_6_lbl00052   0x002dc0    program     static                          
       ___case_6_lbl00067   0x0030ac    program     static                          
       ___case_6_lbl00093   0x003c90    program     static                          
       ___case_7_lbl00054   0x002eac    program     static                          
       ___case_7_lbl00087   0x0037e2    program     static                          
       ___case_7_lbl00101   0x003d12    program     static                          
       ___case_8_lbl00088   0x00380a    program     static                          
       ___case_9_lbl00089   0x0039e0    program     static                          
      ___default_lbl00038   0x002bea    program     static                          
      ___default_lbl00058   0x003054    program     static                          
      ___default_lbl00066   0x003142    program     static                          
      ___default_lbl00072   0x0031bc    program     static                          
      ___default_lbl00096   0x003ce0    program     static                          
      ___default_lbl00105   0x003dce    program     static                          
      ___default_lbl00150   0x003fcc    program     static                          
           ___do_lbl00017   0x000990    program     static                          
           ___do_lbl00018   0x000994    program     static                          
           ___do_lbl00019   0x00097c    program     static                          
           ___do_lbl00021   0x0009b4    program     static                          
           ___do_lbl00022   0x0009b8    program     static                          
           ___do_lbl00023   0x0009a0    program     static                          
         ___else_lbl00027   0x002b16    program     static                          
         ___else_lbl00030   0x000cf2    program     static                          
         ___else_lbl00034   0x000e9c    program     static                          
         ___else_lbl00095   0x003cb2    program     static                          
           ___if_lbl00016   0x002a34    program     static                          
           ___if_lbl00018   0x002a62    program     static                          
           ___if_lbl00019   0x002a66    program     static                          
           ___if_lbl00020   0x000994    program     static                          
           ___if_lbl00021   0x002a76    program     static                          
           ___if_lbl00024   0x0009b8    program     static                          
           ___if_lbl00025   0x002b24    program     static                          
           ___if_lbl00026   0x002b24    program     static                          
           ___if_lbl00028   0x002b24    program     static                          
           ___if_lbl00029   0x000e5e    program     static                          
           ___if_lbl00032   0x002b9a    program     static                          
           ___if_lbl00033   0x000f76    program     static                          
           ___if_lbl00033   0x002b9a    program     static                          
           ___if_lbl00036   0x002bc0    program     static                          
           ___if_lbl00059   0x0030a8    program     static                          
           ___if_lbl00071   0x0031ba    program     static                          
           ___if_lbl00075   0x0032ea    program     static                          
           ___if_lbl00077   0x003370    program     static                          
           ___if_lbl00094   0x003cb6    program     static                          
           ___if_lbl00100   0x003dcc    program     static                          
           ___if_lbl00104   0x003e50    program     static                          
           ___if_lbl00106   0x003e50    program     static                          
       ___return_lbl00000   0x000004    program     static                          
       ___return_lbl00000   0x000804    program     static                          
       ___return_lbl00000   0x006994    program     static                          
       ___return_lbl00001   0x0069b0    program     static                          
       ___return_lbl00001   0x00080c    program     static                          
       ___return_lbl00002   0x00081c    program     static                          
       ___return_lbl00002   0x00665e    program     static                          
       ___return_lbl00003   0x00000c    program     static                          
       ___return_lbl00004   0x00001c    program     static                          
       ___return_lbl00015   0x003e50    program     static                          
       ___return_lbl00016   0x0009b8    program     static                          
       ___return_lbl00025   0x000ad4    program     static                          
       ___return_lbl00026   0x000cb2    program     static                          
       ___return_lbl00027   0x000e5e    program     static                          
       ___return_lbl00031   0x000f76    program     static                          
       ___return_lbl00140   0x003fd2    program     static                          
   ___switchexit_lbl00034   0x002bee    program     static                          
   ___switchexit_lbl00041   0x003e50    program     static                          
   ___switchexit_lbl00046   0x00305a    program     static                          
   ___switchexit_lbl00061   0x00314c    program     static                          
   ___switchexit_lbl00068   0x0031c6    program     static                          
   ___switchexit_lbl00074   0x003cea    program     static                          
   ___switchexit_lbl00141   0x003fce    program     static                          
                   __init   0x006a0e    program     extern C:\MCC18\src\traditional\stdclib\__init.c
                   __pa_0   0x0049a4    program     static C:\krobot\elec\boards\Controller_Motor\Firmware\usb_device.c
                   __pa_0   0x0068fe    program     static C:\krobot\elec\boards\Controller_Motor\Firmware\error.c
                   __pa_0   0x006202    program     static C:\MCC18\src\traditional\stdclib\ldexp.c
                   __pa_0   0x0063f0    program     static C:\MCC18\src\traditional\stdclib\PackMath.c
                   __pa_0   0x00402c    program     static C:\krobot\elec\boards\Controller_Motor\Firmware\main.c
                   __pa_0   0x001e12    program     static C:\krobot\elec\boards\Controller_Motor\Firmware\lm629.c
                   __pa_0   0x006796    program     static C:\krobot\elec\boards\Controller_Motor\Firmware\eeprom.c
                   __pa_0   0x005de0    program     static C:\krobot\elec\boards\Controller_Motor\Firmware\motor.c
                   __pa_0   0x006082    program     static C:\MCC18\src\traditional\stdclib\atan2.c
                   __pa_0   0x00631a    program     static C:\MCC18\src\traditional\stdclib\UnpkMath.c
                   __pa_0   0x0055d6    program     static C:\MCC18\src\traditional\stdclib\atan.c
                   __pa_0   0x005a72    program     static C:\MCC18\src\traditional\stdclib\sqrt.c
                   __pa_1   0x001e28    program     static C:\krobot\elec\boards\Controller_Motor\Firmware\lm629.c
                   __pa_1   0x0060a6    program     static C:\MCC18\src\traditional\stdclib\atan2.c
                   __pa_1   0x00560e    program     static C:\MCC18\src\traditional\stdclib\atan.c
                   __pa_1   0x005a7c    program     static C:\MCC18\src\traditional\stdclib\sqrt.c
                   __pa_1   0x0049b2    program     static C:\krobot\elec\boards\Controller_Motor\Firmware\usb_device.c
                   __pa_1   0x005dee    program     static C:\krobot\elec\boards\Controller_Motor\Firmware\motor.c
                   __pa_1   0x00403e    program     static C:\krobot\elec\boards\Controller_Motor\Firmware\main.c
                   __pa_1   0x006400    program     static C:\MCC18\src\traditional\stdclib\PackMath.c
                  __pa_10   0x0056a8    program     static C:\MCC18\src\traditional\stdclib\atan.c
                  __pa_10   0x005e66    program     static C:\krobot\elec\boards\Controller_Motor\Firmware\motor.c
                  __pa_10   0x004a02    program     static C:\krobot\elec\boards\Controller_Motor\Firmware\usb_device.c
                  __pa_10   0x001eca    program     static C:\krobot\elec\boards\Controller_Motor\Firmware\lm629.c
                 __pa_100   0x00252c    program     static C:\krobot\elec\boards\Controller_Motor\Firmware\lm629.c
                 __pa_101   0x002530    program     static C:\krobot\elec\boards\Controller_Motor\Firmware\lm629.c
                 __pa_102   0x002538    program     static C:\krobot\elec\boards\Controller_Motor\Firmware\lm629.c
                 __pa_103   0x002540    program     static C:\krobot\elec\boards\Controller_Motor\Firmware\lm629.c
                 __pa_104   0x00254a    program     static C:\krobot\elec\boards\Controller_Motor\Firmware\lm629.c
                 __pa_105   0x002550    program     static C:\krobot\elec\boards\Controller_Motor\Firmware\lm629.c
                 __pa_106   0x002558    program     static C:\krobot\elec\boards\Controller_Motor\Firmware\lm629.c
                 __pa_107   0x002562    program     static C:\krobot\elec\boards\Controller_Motor\Firmware\lm629.c
                 __pa_108   0x00256e    program     static C:\krobot\elec\boards\Controller_Motor\Firmware\lm629.c
                 __pa_109   0x00257c    program     static C:\krobot\elec\boards\Controller_Motor\Firmware\lm629.c
                  __pa_11   0x001ed8    program     static C:\krobot\elec\boards\Controller_Motor\Firmware\lm629.c
                  __pa_11   0x0056b2    program     static C:\MCC18\src\traditional\stdclib\atan.c
                  __pa_11   0x004a12    program     static C:\krobot\elec\boards\Controller_Motor\Firmware\usb_device.c
                  __pa_11   0x005e7a    program     static C:\krobot\elec\boards\Controller_Motor\Firmware\motor.c
                 __pa_110   0x002584    program     static C:\krobot\elec\boards\Controller_Motor\Firmware\lm629.c
                 __pa_111   0x00258e    program     static C:\krobot\elec\boards\Controller_Motor\Firmware\lm629.c
                 __pa_112   0x00259c    program     static C:\krobot\elec\boards\Controller_Motor\Firmware\lm629.c
                 __pa_113   0x0025a4    program     static C:\krobot\elec\boards\Controller_Motor\Firmware\lm629.c
                 __pa_114   0x0025ae    program     static C:\krobot\elec\boards\Controller_Motor\Firmware\lm629.c
                 __pa_115   0x0025b6    program     static C:\krobot\elec\boards\Controller_Motor\Firmware\lm629.c
                 __pa_116   0x0025bc    program     static C:\krobot\elec\boards\Controller_Motor\Firmware\lm629.c
                 __pa_117   0x0025c2    program     static C:\krobot\elec\boards\Controller_Motor\Firmware\lm629.c
                 __pa_118   0x0025c8    program     static C:\krobot\elec\boards\Controller_Motor\Firmware\lm629.c
                 __pa_119   0x002640    program     static C:\krobot\elec\boards\Controller_Motor\Firmware\lm629.c
                  __pa_12   0x005e8c    program     static C:\krobot\elec\boards\Controller_Motor\Firmware\motor.c
                  __pa_12   0x0056ba    program     static C:\MCC18\src\traditional\stdclib\atan.c
                  __pa_12   0x004a26    program     static C:\krobot\elec\boards\Controller_Motor\Firmware\usb_device.c
                  __pa_12   0x001ede    program     static C:\krobot\elec\boards\Controller_Motor\Firmware\lm629.c
                 __pa_120   0x002648    program     static C:\krobot\elec\boards\Controller_Motor\Firmware\lm629.c
                 __pa_121   0x00265a    program     static C:\krobot\elec\boards\Controller_Motor\Firmware\lm629.c
                 __pa_122   0x002662    program     static C:\krobot\elec\boards\Controller_Motor\Firmware\lm629.c
                 __pa_123   0x002674    program     static C:\krobot\elec\boards\Controller_Motor\Firmware\lm629.c
                 __pa_124   0x002688    program     static C:\krobot\elec\boards\Controller_Motor\Firmware\lm629.c
                 __pa_125   0x0026ac    program     static C:\krobot\elec\boards\Controller_Motor\Firmware\lm629.c
                 __pa_126   0x0026be    program     static C:\krobot\elec\boards\Controller_Motor\Firmware\lm629.c
                 __pa_127   0x0026da    program     static C:\krobot\elec\boards\Controller_Motor\Firmware\lm629.c
                 __pa_128   0x0026e2    program     static C:\krobot\elec\boards\Controller_Motor\Firmware\lm629.c
                 __pa_129   0x0026f4    program     static C:\krobot\elec\boards\Controller_Motor\Firmware\lm629.c
                  __pa_13   0x001ef8    program     static C:\krobot\elec\boards\Controller_Motor\Firmware\lm629.c
                  __pa_13   0x0056c6    program     static C:\MCC18\src\traditional\stdclib\atan.c
                  __pa_13   0x004a38    program     static C:\krobot\elec\boards\Controller_Motor\Firmware\usb_device.c
                  __pa_13   0x005e96    program     static C:\krobot\elec\boards\Controller_Motor\Firmware\motor.c
                 __pa_130   0x002706    program     static C:\krobot\elec\boards\Controller_Motor\Firmware\lm629.c
                 __pa_131   0x00271c    program     static C:\krobot\elec\boards\Controller_Motor\Firmware\lm629.c
                 __pa_132   0x00272a    program     static C:\krobot\elec\boards\Controller_Motor\Firmware\lm629.c
                 __pa_133   0x002736    program     static C:\krobot\elec\boards\Controller_Motor\Firmware\lm629.c
                 __pa_134   0x00273e    program     static C:\krobot\elec\boards\Controller_Motor\Firmware\lm629.c
                 __pa_135   0x00274e    program     static C:\krobot\elec\boards\Controller_Motor\Firmware\lm629.c
                 __pa_136   0x00275a    program     static C:\krobot\elec\boards\Controller_Motor\Firmware\lm629.c
                 __pa_137   0x002764    program     static C:\krobot\elec\boards\Controller_Motor\Firmware\lm629.c
                 __pa_138   0x002772    program     static C:\krobot\elec\boards\Controller_Motor\Firmware\lm629.c
                 __pa_139   0x00277c    program     static C:\krobot\elec\boards\Controller_Motor\Firmware\lm629.c
                  __pa_14   0x001f02    program     static C:\krobot\elec\boards\Controller_Motor\Firmware\lm629.c
                  __pa_14   0x004a44    program     static C:\krobot\elec\boards\Controller_Motor\Firmware\usb_device.c
                 __pa_140   0x002788    program     static C:\krobot\elec\boards\Controller_Motor\Firmware\lm629.c
                 __pa_141   0x002794    program     static C:\krobot\elec\boards\Controller_Motor\Firmware\lm629.c
                 __pa_142   0x0027a0    program     static C:\krobot\elec\boards\Controller_Motor\Firmware\lm629.c
                 __pa_143   0x0027a8    program     static C:\krobot\elec\boards\Controller_Motor\Firmware\lm629.c
                 __pa_144   0x0027b0    program     static C:\krobot\elec\boards\Controller_Motor\Firmware\lm629.c
                 __pa_145   0x0027b6    program     static C:\krobot\elec\boards\Controller_Motor\Firmware\lm629.c
                 __pa_146   0x0027c4    program     static C:\krobot\elec\boards\Controller_Motor\Firmware\lm629.c
                 __pa_147   0x0027d4    program     static C:\krobot\elec\boards\Controller_Motor\Firmware\lm629.c
                 __pa_148   0x0027ec    program     static C:\krobot\elec\boards\Controller_Motor\Firmware\lm629.c
                 __pa_149   0x0027f4    program     static C:\krobot\elec\boards\Controller_Motor\Firmware\lm629.c
                  __pa_15   0x004a60    program     static C:\krobot\elec\boards\Controller_Motor\Firmware\usb_device.c
                  __pa_15   0x001f0a    program     static C:\krobot\elec\boards\Controller_Motor\Firmware\lm629.c
                 __pa_150   0x002802    program     static C:\krobot\elec\boards\Controller_Motor\Firmware\lm629.c
                 __pa_151   0x002808    program     static C:\krobot\elec\boards\Controller_Motor\Firmware\lm629.c
                 __pa_152   0x00280e    program     static C:\krobot\elec\boards\Controller_Motor\Firmware\lm629.c
                  __pa_16   0x001f24    program     static C:\krobot\elec\boards\Controller_Motor\Firmware\lm629.c
                  __pa_16   0x004a66    program     static C:\krobot\elec\boards\Controller_Motor\Firmware\usb_device.c
                  __pa_17   0x004a70    program     static C:\krobot\elec\boards\Controller_Motor\Firmware\usb_device.c
                  __pa_17   0x001f2c    program     static C:\krobot\elec\boards\Controller_Motor\Firmware\lm629.c
                  __pa_18   0x004a7c    program     static C:\krobot\elec\boards\Controller_Motor\Firmware\usb_device.c
                  __pa_18   0x001f32    program     static C:\krobot\elec\boards\Controller_Motor\Firmware\lm629.c
                  __pa_19   0x004a88    program     static C:\krobot\elec\boards\Controller_Motor\Firmware\usb_device.c
                  __pa_19   0x001f5c    program     static C:\krobot\elec\boards\Controller_Motor\Firmware\lm629.c
                   __pa_2   0x00640e    program     static C:\MCC18\src\traditional\stdclib\PackMath.c
                   __pa_2   0x001e52    program     static C:\krobot\elec\boards\Controller_Motor\Firmware\lm629.c
                   __pa_2   0x0049b8    program     static C:\krobot\elec\boards\Controller_Motor\Firmware\usb_device.c
                   __pa_2   0x005e00    program     static C:\krobot\elec\boards\Controller_Motor\Firmware\motor.c
                   __pa_2   0x005a96    program     static C:\MCC18\src\traditional\stdclib\sqrt.c
                   __pa_2   0x004048    program     static C:\krobot\elec\boards\Controller_Motor\Firmware\main.c
                   __pa_2   0x005616    program     static C:\MCC18\src\traditional\stdclib\atan.c
                   __pa_2   0x0060b8    program     static C:\MCC18\src\traditional\stdclib\atan2.c
                  __pa_20   0x001f66    program     static C:\krobot\elec\boards\Controller_Motor\Firmware\lm629.c
                  __pa_20   0x004a98    program     static C:\krobot\elec\boards\Controller_Motor\Firmware\usb_device.c
                  __pa_21   0x001f78    program     static C:\krobot\elec\boards\Controller_Motor\Firmware\lm629.c
                  __pa_21   0x004aa8    program     static C:\krobot\elec\boards\Controller_Motor\Firmware\usb_device.c
                  __pa_22   0x001f9a    program     static C:\krobot\elec\boards\Controller_Motor\Firmware\lm629.c
                  __pa_22   0x004ab8    program     static C:\krobot\elec\boards\Controller_Motor\Firmware\usb_device.c
                  __pa_23   0x001faa    program     static C:\krobot\elec\boards\Controller_Motor\Firmware\lm629.c
                  __pa_23   0x004ac6    program     static C:\krobot\elec\boards\Controller_Motor\Firmware\usb_device.c
                  __pa_24   0x004ad4    program     static C:\krobot\elec\boards\Controller_Motor\Firmware\usb_device.c
                  __pa_24   0x001fca    program     static C:\krobot\elec\boards\Controller_Motor\Firmware\lm629.c
                  __pa_25   0x004ae2    program     static C:\krobot\elec\boards\Controller_Motor\Firmware\usb_device.c
                  __pa_25   0x001fe4    program     static C:\krobot\elec\boards\Controller_Motor\Firmware\lm629.c
                  __pa_26   0x001ff6    program     static C:\krobot\elec\boards\Controller_Motor\Firmware\lm629.c
                  __pa_26   0x004af0    program     static C:\krobot\elec\boards\Controller_Motor\Firmware\usb_device.c
                  __pa_27   0x002018    program     static C:\krobot\elec\boards\Controller_Motor\Firmware\lm629.c
                  __pa_27   0x004afe    program     static C:\krobot\elec\boards\Controller_Motor\Firmware\usb_device.c
                  __pa_28   0x00202e    program     static C:\krobot\elec\boards\Controller_Motor\Firmware\lm629.c
                  __pa_28   0x004b16    program     static C:\krobot\elec\boards\Controller_Motor\Firmware\usb_device.c
                  __pa_29   0x002040    program     static C:\krobot\elec\boards\Controller_Motor\Firmware\lm629.c
                  __pa_29   0x004b32    program     static C:\krobot\elec\boards\Controller_Motor\Firmware\usb_device.c
                   __pa_3   0x004058    program     static C:\krobot\elec\boards\Controller_Motor\Firmware\main.c
                   __pa_3   0x006418    program     static C:\MCC18\src\traditional\stdclib\PackMath.c
                   __pa_3   0x005e0a    program     static C:\krobot\elec\boards\Controller_Motor\Firmware\motor.c
                   __pa_3   0x0049c2    program     static C:\krobot\elec\boards\Controller_Motor\Firmware\usb_device.c
                   __pa_3   0x005ab0    program     static C:\MCC18\src\traditional\stdclib\sqrt.c
                   __pa_3   0x00562a    program     static C:\MCC18\src\traditional\stdclib\atan.c
                   __pa_3   0x0060c6    program     static C:\MCC18\src\traditional\stdclib\atan2.c
                   __pa_3   0x001e64    program     static C:\krobot\elec\boards\Controller_Motor\Firmware\lm629.c
                  __pa_30   0x004b3c    program     static C:\krobot\elec\boards\Controller_Motor\Firmware\usb_device.c
                  __pa_30   0x00204a    program     static C:\krobot\elec\boards\Controller_Motor\Firmware\lm629.c
                  __pa_31   0x002072    program     static C:\krobot\elec\boards\Controller_Motor\Firmware\lm629.c
                  __pa_31   0x004b44    program     static C:\krobot\elec\boards\Controller_Motor\Firmware\usb_device.c
                  __pa_32   0x004b56    program     static C:\krobot\elec\boards\Controller_Motor\Firmware\usb_device.c
                  __pa_32   0x002080    program     static C:\krobot\elec\boards\Controller_Motor\Firmware\lm629.c
                  __pa_33   0x002086    program     static C:\krobot\elec\boards\Controller_Motor\Firmware\lm629.c
                  __pa_33   0x004b60    program     static C:\krobot\elec\boards\Controller_Motor\Firmware\usb_device.c
                  __pa_34   0x002094    program     static C:\krobot\elec\boards\Controller_Motor\Firmware\lm629.c
                  __pa_34   0x004b6a    program     static C:\krobot\elec\boards\Controller_Motor\Firmware\usb_device.c
                  __pa_35   0x00209c    program     static C:\krobot\elec\boards\Controller_Motor\Firmware\lm629.c
                  __pa_35   0x004b74    program     static C:\krobot\elec\boards\Controller_Motor\Firmware\usb_device.c
                  __pa_36   0x0020a6    program     static C:\krobot\elec\boards\Controller_Motor\Firmware\lm629.c
                  __pa_36   0x004b84    program     static C:\krobot\elec\boards\Controller_Motor\Firmware\usb_device.c
                  __pa_37   0x0020ae    program     static C:\krobot\elec\boards\Controller_Motor\Firmware\lm629.c
                  __pa_37   0x004b92    program     static C:\krobot\elec\boards\Controller_Motor\Firmware\usb_device.c
                  __pa_38   0x0020ce    program     static C:\krobot\elec\boards\Controller_Motor\Firmware\lm629.c
                  __pa_38   0x004b9c    program     static C:\krobot\elec\boards\Controller_Motor\Firmware\usb_device.c
                  __pa_39   0x004ba6    program     static C:\krobot\elec\boards\Controller_Motor\Firmware\usb_device.c
                  __pa_39   0x0020dc    program     static C:\krobot\elec\boards\Controller_Motor\Firmware\lm629.c
                   __pa_4   0x006426    program     static C:\MCC18\src\traditional\stdclib\PackMath.c
                   __pa_4   0x0049ca    program     static C:\krobot\elec\boards\Controller_Motor\Firmware\usb_device.c
                   __pa_4   0x005ac2    program     static C:\MCC18\src\traditional\stdclib\sqrt.c
                   __pa_4   0x00563e    program     static C:\MCC18\src\traditional\stdclib\atan.c
                   __pa_4   0x001e6c    program     static C:\krobot\elec\boards\Controller_Motor\Firmware\lm629.c
                   __pa_4   0x005e20    program     static C:\krobot\elec\boards\Controller_Motor\Firmware\motor.c
                   __pa_4   0x004066    program     static C:\krobot\elec\boards\Controller_Motor\Firmware\main.c
                  __pa_40   0x004bae    program     static C:\krobot\elec\boards\Controller_Motor\Firmware\usb_device.c
                  __pa_40   0x0020fe    program     static C:\krobot\elec\boards\Controller_Motor\Firmware\lm629.c
                  __pa_41   0x004bb6    program     static C:\krobot\elec\boards\Controller_Motor\Firmware\usb_device.c
                  __pa_41   0x002120    program     static C:\krobot\elec\boards\Controller_Motor\Firmware\lm629.c
                  __pa_42   0x002126    program     static C:\krobot\elec\boards\Controller_Motor\Firmware\lm629.c
                  __pa_43   0x00212c    program     static C:\krobot\elec\boards\Controller_Motor\Firmware\lm629.c
                  __pa_44   0x00214a    program     static C:\krobot\elec\boards\Controller_Motor\Firmware\lm629.c
                  __pa_45   0x00215c    program     static C:\krobot\elec\boards\Controller_Motor\Firmware\lm629.c
                  __pa_46   0x002164    program     static C:\krobot\elec\boards\Controller_Motor\Firmware\lm629.c
                  __pa_47   0x002170    program     static C:\krobot\elec\boards\Controller_Motor\Firmware\lm629.c
                  __pa_48   0x00218a    program     static C:\krobot\elec\boards\Controller_Motor\Firmware\lm629.c
                  __pa_49   0x0021a4    program     static C:\krobot\elec\boards\Controller_Motor\Firmware\lm629.c
                   __pa_5   0x001e7e    program     static C:\krobot\elec\boards\Controller_Motor\Firmware\lm629.c
                   __pa_5   0x005ad4    program     static C:\MCC18\src\traditional\stdclib\sqrt.c
                   __pa_5   0x0049d4    program     static C:\krobot\elec\boards\Controller_Motor\Firmware\usb_device.c
                   __pa_5   0x005650    program     static C:\MCC18\src\traditional\stdclib\atan.c
                   __pa_5   0x00642e    program     static C:\MCC18\src\traditional\stdclib\PackMath.c
                   __pa_5   0x005e26    program     static C:\krobot\elec\boards\Controller_Motor\Firmware\motor.c
                  __pa_50   0x0021be    program     static C:\krobot\elec\boards\Controller_Motor\Firmware\lm629.c
                  __pa_51   0x0021d8    program     static C:\krobot\elec\boards\Controller_Motor\Firmware\lm629.c
                  __pa_52   0x0021f2    program     static C:\krobot\elec\boards\Controller_Motor\Firmware\lm629.c
                  __pa_53   0x0021fa    program     static C:\krobot\elec\boards\Controller_Motor\Firmware\lm629.c
                  __pa_54   0x002200    program     static C:\krobot\elec\boards\Controller_Motor\Firmware\lm629.c
                  __pa_55   0x00220a    program     static C:\krobot\elec\boards\Controller_Motor\Firmware\lm629.c
                  __pa_56   0x002212    program     static C:\krobot\elec\boards\Controller_Motor\Firmware\lm629.c
                  __pa_57   0x00221a    program     static C:\krobot\elec\boards\Controller_Motor\Firmware\lm629.c
                  __pa_58   0x00222e    program     static C:\krobot\elec\boards\Controller_Motor\Firmware\lm629.c
                  __pa_59   0x002236    program     static C:\krobot\elec\boards\Controller_Motor\Firmware\lm629.c
                   __pa_6   0x005668    program     static C:\MCC18\src\traditional\stdclib\atan.c
                   __pa_6   0x005ae6    program     static C:\MCC18\src\traditional\stdclib\sqrt.c
                   __pa_6   0x001e90    program     static C:\krobot\elec\boards\Controller_Motor\Firmware\lm629.c
                   __pa_6   0x0049dc    program     static C:\krobot\elec\boards\Controller_Motor\Firmware\usb_device.c
                   __pa_6   0x006436    program     static C:\MCC18\src\traditional\stdclib\PackMath.c
                   __pa_6   0x005e38    program     static C:\krobot\elec\boards\Controller_Motor\Firmware\motor.c
                  __pa_60   0x002248    program     static C:\krobot\elec\boards\Controller_Motor\Firmware\lm629.c
                  __pa_61   0x002254    program     static C:\krobot\elec\boards\Controller_Motor\Firmware\lm629.c
                  __pa_62   0x00225e    program     static C:\krobot\elec\boards\Controller_Motor\Firmware\lm629.c
                  __pa_63   0x002268    program     static C:\krobot\elec\boards\Controller_Motor\Firmware\lm629.c
                  __pa_64   0x002272    program     static C:\krobot\elec\boards\Controller_Motor\Firmware\lm629.c
                  __pa_65   0x00227a    program     static C:\krobot\elec\boards\Controller_Motor\Firmware\lm629.c
                  __pa_66   0x00228a    program     static C:\krobot\elec\boards\Controller_Motor\Firmware\lm629.c
                  __pa_67   0x002294    program     static C:\krobot\elec\boards\Controller_Motor\Firmware\lm629.c
                  __pa_68   0x0022a2    program     static C:\krobot\elec\boards\Controller_Motor\Firmware\lm629.c
                  __pa_69   0x0022b0    program     static C:\krobot\elec\boards\Controller_Motor\Firmware\lm629.c
                   __pa_7   0x001ea0    program     static C:\krobot\elec\boards\Controller_Motor\Firmware\lm629.c
                   __pa_7   0x0049e4    program     static C:\krobot\elec\boards\Controller_Motor\Firmware\usb_device.c
                   __pa_7   0x00567a    program     static C:\MCC18\src\traditional\stdclib\atan.c
                   __pa_7   0x005af4    program     static C:\MCC18\src\traditional\stdclib\sqrt.c
                   __pa_7   0x005e48    program     static C:\krobot\elec\boards\Controller_Motor\Firmware\motor.c
                  __pa_70   0x0022ba    program     static C:\krobot\elec\boards\Controller_Motor\Firmware\lm629.c
                  __pa_71   0x0022c8    program     static C:\krobot\elec\boards\Controller_Motor\Firmware\lm629.c
                  __pa_72   0x0022d6    program     static C:\krobot\elec\boards\Controller_Motor\Firmware\lm629.c
                  __pa_73   0x0022e6    program     static C:\krobot\elec\boards\Controller_Motor\Firmware\lm629.c
                  __pa_74   0x0022f8    program     static C:\krobot\elec\boards\Controller_Motor\Firmware\lm629.c
                  __pa_75   0x00232e    program     static C:\krobot\elec\boards\Controller_Motor\Firmware\lm629.c
                  __pa_76   0x002372    program     static C:\krobot\elec\boards\Controller_Motor\Firmware\lm629.c
                  __pa_77   0x00239e    program     static C:\krobot\elec\boards\Controller_Motor\Firmware\lm629.c
                  __pa_78   0x0023de    program     static C:\krobot\elec\boards\Controller_Motor\Firmware\lm629.c
                  __pa_79   0x002400    program     static C:\krobot\elec\boards\Controller_Motor\Firmware\lm629.c
                   __pa_8   0x005afc    program     static C:\MCC18\src\traditional\stdclib\sqrt.c
                   __pa_8   0x0049ea    program     static C:\krobot\elec\boards\Controller_Motor\Firmware\usb_device.c
                   __pa_8   0x001eb2    program     static C:\krobot\elec\boards\Controller_Motor\Firmware\lm629.c
                   __pa_8   0x005e54    program     static C:\krobot\elec\boards\Controller_Motor\Firmware\motor.c
                   __pa_8   0x005690    program     static C:\MCC18\src\traditional\stdclib\atan.c
                  __pa_80   0x002408    program     static C:\krobot\elec\boards\Controller_Motor\Firmware\lm629.c
                  __pa_81   0x00241c    program     static C:\krobot\elec\boards\Controller_Motor\Firmware\lm629.c
                  __pa_82   0x002424    program     static C:\krobot\elec\boards\Controller_Motor\Firmware\lm629.c
                  __pa_83   0x00242c    program     static C:\krobot\elec\boards\Controller_Motor\Firmware\lm629.c
                  __pa_84   0x002444    program     static C:\krobot\elec\boards\Controller_Motor\Firmware\lm629.c
                  __pa_85   0x00245c    program     static C:\krobot\elec\boards\Controller_Motor\Firmware\lm629.c
                  __pa_86   0x002476    program     static C:\krobot\elec\boards\Controller_Motor\Firmware\lm629.c
                  __pa_87   0x002480    program     static C:\krobot\elec\boards\Controller_Motor\Firmware\lm629.c
                  __pa_88   0x00248a    program     static C:\krobot\elec\boards\Controller_Motor\Firmware\lm629.c
                  __pa_89   0x002494    program     static C:\krobot\elec\boards\Controller_Motor\Firmware\lm629.c
                   __pa_9   0x00569a    program     static C:\MCC18\src\traditional\stdclib\atan.c
                   __pa_9   0x005e5e    program     static C:\krobot\elec\boards\Controller_Motor\Firmware\motor.c
                   __pa_9   0x005b06    program     static C:\MCC18\src\traditional\stdclib\sqrt.c
                   __pa_9   0x0049f8    program     static C:\krobot\elec\boards\Controller_Motor\Firmware\usb_device.c
                   __pa_9   0x001ebc    program     static C:\krobot\elec\boards\Controller_Motor\Firmware\lm629.c
                  __pa_90   0x0024ae    program     static C:\krobot\elec\boards\Controller_Motor\Firmware\lm629.c
                  __pa_91   0x0024c4    program     static C:\krobot\elec\boards\Controller_Motor\Firmware\lm629.c
                  __pa_92   0x0024cc    program     static C:\krobot\elec\boards\Controller_Motor\Firmware\lm629.c
                  __pa_93   0x0024d2    program     static C:\krobot\elec\boards\Controller_Motor\Firmware\lm629.c
                  __pa_94   0x0024e8    program     static C:\krobot\elec\boards\Controller_Motor\Firmware\lm629.c
                  __pa_95   0x0024f2    program     static C:\krobot\elec\boards\Controller_Motor\Firmware\lm629.c
                  __pa_96   0x0024fc    program     static C:\krobot\elec\boards\Controller_Motor\Firmware\lm629.c
                  __pa_97   0x002506    program     static C:\krobot\elec\boards\Controller_Motor\Firmware\lm629.c
                  __pa_98   0x00250e    program     static C:\krobot\elec\boards\Controller_Motor\Firmware\lm629.c
                  __pa_99   0x002520    program     static C:\krobot\elec\boards\Controller_Motor\Firmware\lm629.c
               __string_0   0x006837    program     static C:\krobot\elec\boards\Controller_Motor\Firmware\main.c
               __string_1   0x00682b    program     static C:\krobot\elec\boards\Controller_Motor\Firmware\main.c
               __string_2   0x006829    program     static C:\krobot\elec\boards\Controller_Motor\Firmware\main.c
               __string_3   0x006820    program     static C:\krobot\elec\boards\Controller_Motor\Firmware\main.c
               __string_4   0x00680c    program     static C:\krobot\elec\boards\Controller_Motor\Firmware\main.c
               __tmplbl_0   0x002a42    program     static                          
               __tmplbl_1   0x002a3c    program     static                          
              __tmplbl_10   0x003f76    program     static                          
              __tmplbl_10   0x000b34    program     static                          
              __tmplbl_11   0x003f80    program     static                          
              __tmplbl_11   0x000b30    program     static                          
              __tmplbl_12   0x003f8a    program     static                          
              __tmplbl_12   0x000ce0    program     static                          
              __tmplbl_13   0x003f94    program     static                          
              __tmplbl_13   0x000cd8    program     static                          
              __tmplbl_14   0x000d1e    program     static                          
              __tmplbl_14   0x003f9e    program     static                          
              __tmplbl_15   0x000d1a    program     static                          
              __tmplbl_15   0x003fa8    program     static                          
              __tmplbl_16   0x000d34    program     static                          
              __tmplbl_17   0x000d30    program     static                          
              __tmplbl_18   0x000e8c    program     static                          
              __tmplbl_19   0x000e84    program     static                          
               __tmplbl_2   0x002a72    program     static                          
              __tmplbl_20   0x0049dc    program     static                          
              __tmplbl_20   0x000ec8    program     static                          
              __tmplbl_21   0x000ec4    program     static                          
              __tmplbl_22   0x000ede    program     static                          
              __tmplbl_23   0x000eda    program     static                          
              __tmplbl_26   0x0049dc    program     static                          
               __tmplbl_3   0x002a6c    program     static                          
               __tmplbl_4   0x002aaa    program     static                          
               __tmplbl_4   0x0009fc    program     static                          
               __tmplbl_5   0x0009f8    program     static                          
               __tmplbl_5   0x002a96    program     static                          
              __tmplbl_53   0x001f02    program     static                          
              __tmplbl_54   0x001f02    program     static                          
              __tmplbl_55   0x001f02    program     static                          
              __tmplbl_56   0x001f02    program     static                          
              __tmplbl_57   0x001f02    program     static                          
              __tmplbl_58   0x001f02    program     static                          
              __tmplbl_59   0x001f02    program     static                          
               __tmplbl_6   0x000a12    program     static                          
               __tmplbl_6   0x002b4c    program     static                          
              __tmplbl_60   0x001f02    program     static                          
              __tmplbl_61   0x001f02    program     static                          
              __tmplbl_62   0x001f02    program     static                          
              __tmplbl_65   0x001f02    program     static                          
              __tmplbl_66   0x001f02    program     static                          
              __tmplbl_69   0x001f02    program     static                          
               __tmplbl_7   0x000a0e    program     static                          
               __tmplbl_7   0x002b44    program     static                          
              __tmplbl_70   0x001f02    program     static                          
              __tmplbl_71   0x001f02    program     static                          
              __tmplbl_72   0x001f02    program     static                          
              __tmplbl_73   0x001f02    program     static                          
              __tmplbl_74   0x001f02    program     static                          
              __tmplbl_75   0x001f02    program     static                          
              __tmplbl_76   0x001f02    program     static                          
              __tmplbl_77   0x001f02    program     static                          
              __tmplbl_78   0x0024c4    program     static                          
              __tmplbl_79   0x0024c4    program     static                          
               __tmplbl_8   0x000b1e    program     static                          
               __tmplbl_8   0x003f60    program     static                          
               __tmplbl_9   0x000b1a    program     static                          
               __tmplbl_9   0x003f6c    program     static                          
            __zero_memory   0x0069f6    program     extern C:\MCC18\src\traditional\proc\p18F4550.asm
                _do_cinit   0x0065c2    program     extern C:\MCC18\src\traditional\startup\c018i.c
                   _entry   0x000000    program     extern C:\MCC18\src\traditional\startup\c018i.c
                   _reset   0x000800    program     extern C:\krobot\elec\boards\Controller_Motor\Firmware\main.c
                 _startup   0x006996    program     extern C:\MCC18\src\traditional\startup\c018i.c
                     atan   0x0051bc    program     extern C:\MCC18\src\traditional\stdclib\atan.c
                    atan2   0x005ea0    program     extern C:\MCC18\src\traditional\stdclib\atan2.c
           changeVelocity   0x001304    program     extern C:\krobot\elec\boards\Controller_Motor\Firmware\lm629.c
      checkLM629Interrupt   0x00085c    program     extern C:\krobot\elec\boards\Controller_Motor\Firmware\lm629.c
               clear_loop   0x0069fc    program     static C:\MCC18\src\traditional\proc\p18F4550.asm
        configDescriptor1   0x006522    program     extern C:\krobot\elec\boards\Controller_Motor\Firmware\usb_descriptors.c
                copy_loop   0x006634    program     static                          
            copy_one_byte   0x00663a    program     static                          
         dataBusDirection   0x000932    program     extern C:\krobot\elec\boards\Controller_Motor\Firmware\lm629.c
               device_dsc   0x006510    program     extern C:\krobot\elec\boards\Controller_Motor\Firmware\usb_descriptors.c
             disableMotor   0x005dd2    program     extern C:\krobot\elec\boards\Controller_Motor\Firmware\motor.c
                     done   0x00665e    program     static                          
             done_copying   0x006648    program     static                          
              enableMotor   0x005dc4    program     extern C:\krobot\elec\boards\Controller_Motor\Firmware\motor.c
                  endloop   0x006990    program     static                          
                    error   0x0068d6    program     extern C:\krobot\elec\boards\Controller_Motor\Firmware\error.c
                     fabs   0x0067a6    program     extern C:\MCC18\src\traditional\stdclib\fabs.c
       getDesiredPosition   0x00144a    program     extern C:\krobot\elec\boards\Controller_Motor\Firmware\lm629.c
       getDesiredVelocity   0x0014d6    program     extern C:\krobot\elec\boards\Controller_Motor\Firmware\lm629.c
        getIntegrationSum   0x00156e    program     extern C:\krobot\elec\boards\Controller_Motor\Firmware\lm629.c
                 getIsens   0x005c62    program     extern C:\krobot\elec\boards\Controller_Motor\Firmware\motor.c
          getRealPosition   0x001490    program     extern C:\krobot\elec\boards\Controller_Motor\Firmware\lm629.c
          getRealVelocity   0x00151c    program     extern C:\krobot\elec\boards\Controller_Motor\Firmware\lm629.c
                getRelPos   0x0015cc    program     extern C:\krobot\elec\boards\Controller_Motor\Firmware\lm629.c
                     goTo   0x001986    program     extern C:\krobot\elec\boards\Controller_Motor\Firmware\lm629.c
                hid_rpt01   0x00659d    program     extern C:\krobot\elec\boards\Controller_Motor\Firmware\usb_descriptors.c
                   initLM   0x001016    program     extern C:\krobot\elec\boards\Controller_Motor\Firmware\lm629.c
                  initLMs   0x0010d6    program     extern C:\krobot\elec\boards\Controller_Motor\Firmware\lm629.c
           interruptMotor   0x005b16    program     extern C:\krobot\elec\boards\Controller_Motor\Firmware\motor.c
           isTrajComplete   0x001df0    program     extern C:\krobot\elec\boards\Controller_Motor\Firmware\lm629.c
            isTrajEngaged   0x001e0c    program     extern C:\krobot\elec\boards\Controller_Motor\Firmware\lm629.c
                 jANotInf   0x004c46    program     static C:\MCC18\src\traditional\math\addFP.asm
                 jANotInf   0x004e0e    program     static C:\MCC18\src\traditional\math\mulFP.asm
                 jANotInf   0x004d68    program     static C:\MCC18\src\traditional\math\divFP.asm
                 jANotNeg   0x004cda    program     static C:\MCC18\src\traditional\math\addFP.asm
                jANotZero   0x004d7c    program     static C:\MCC18\src\traditional\math\divFP.asm
              jAandWsetup   0x004caa    program     static C:\MCC18\src\traditional\math\addFP.asm
                  jAisNeg   0x005024    program     static C:\MCC18\src\traditional\math\compFP.asm
                 jAltBexp   0x004c98    program     static C:\MCC18\src\traditional\math\addFP.asm
                jBANotInf   0x004c3c    program     static C:\MCC18\src\traditional\math\addFP.asm
                 jBNotInf   0x004c54    program     static C:\MCC18\src\traditional\math\addFP.asm
              jBothFinite   0x004e1c    program     static C:\MCC18\src\traditional\math\mulFP.asm
             jBothNotZero   0x004fc6    program     static C:\MCC18\src\traditional\math\compFP.asm
             jBothNotZero   0x004e28    program     static C:\MCC18\src\traditional\math\mulFP.asm
            jDifOrPosSign   0x004c68    program     static C:\MCC18\src\traditional\math\addFP.asm
                      jEQ   0x004fe2    program     static C:\MCC18\src\traditional\math\compFP.asm
                     jEnd   0x006738    program     static C:\MCC18\src\traditional\stdclib\scatp2r.asm
                     jEnd   0x006700    program     static C:\MCC18\src\traditional\stdclib\memset.asm
                    jExch   0x004fee    program     static C:\MCC18\src\traditional\math\compFP.asm
                    jExit   0x004f26    program     static C:\MCC18\src\traditional\math\castFP16.asm
                    jExit   0x004f94    program     static C:\MCC18\src\traditional\math\castFP32.asm
                   jExpEQ   0x005034    program     static C:\MCC18\src\traditional\math\compFP.asm
                   jFinal   0x005018    program     static C:\MCC18\src\traditional\math\compFP.asm
               jFinalSign   0x004d42    program     static C:\MCC18\src\traditional\math\addFP.asm
                jHaveZero   0x004e24    program     static C:\MCC18\src\traditional\math\mulFP.asm
                jI2F16Beg   0x004bd0    program     static C:\MCC18\src\traditional\math\cast16FP.asm
                jI2F32Beg   0x004c02    program     static C:\MCC18\src\traditional\math\cast32FP.asm
                    jLoop   0x00672e    program     static C:\MCC18\src\traditional\stdclib\scatp2r.asm
                    jLoop   0x0066e2    program     static C:\MCC18\src\traditional\stdclib\memset.asm
                    jLoop   0x004da4    program     static C:\MCC18\src\traditional\math\divFP.asm
                    jLoop   0x004f68    program     static C:\MCC18\src\traditional\math\castFP32.asm
                    jLoop   0x004f06    program     static C:\MCC18\src\traditional\math\castFP16.asm
                jLoopExit   0x004f7c    program     static C:\MCC18\src\traditional\math\castFP32.asm
                jLoopExit   0x004f16    program     static C:\MCC18\src\traditional\math\castFP16.asm
                     jMax   0x004f38    program     static C:\MCC18\src\traditional\math\castFP32.asm
                     jMax   0x004eda    program     static C:\MCC18\src\traditional\math\castFP16.asm
                  jMaxNeg   0x004ee8    program     static C:\MCC18\src\traditional\math\castFP16.asm
                  jMaxNeg   0x004f4a    program     static C:\MCC18\src\traditional\math\castFP32.asm
                  jMaxPos   0x004ede    program     static C:\MCC18\src\traditional\math\castFP16.asm
                  jMaxPos   0x004f3c    program     static C:\MCC18\src\traditional\math\castFP32.asm
                      jNE   0x004fe6    program     static C:\MCC18\src\traditional\math\compFP.asm
                    jNext   0x004dca    program     static C:\MCC18\src\traditional\math\divFP.asm
                jNoAdjust   0x004dc8    program     static C:\MCC18\src\traditional\math\divFP.asm
                  jNoExch   0x00500e    program     static C:\MCC18\src\traditional\math\compFP.asm
             jNotBothZero   0x004c6c    program     static C:\MCC18\src\traditional\math\addFP.asm
                  jNotInf   0x004ef6    program     static C:\MCC18\src\traditional\math\castFP16.asm
                  jNotInf   0x004f56    program     static C:\MCC18\src\traditional\math\castFP32.asm
                jNullLoop   0x006728    program     static C:\MCC18\src\traditional\stdclib\scatp2r.asm
                  jPkLoop   0x005098    program     static C:\MCC18\src\traditional\math\packFP.asm
             jPkRoundDone   0x0050e2    program     static C:\MCC18\src\traditional\math\packFP.asm
               jPkRoundIt   0x0050ca    program     static C:\MCC18\src\traditional\math\packFP.asm
             jPkShiftDone   0x0050b4    program     static C:\MCC18\src\traditional\math\packFP.asm
           jReturnPosInf0   0x00506e    program     static C:\MCC18\src\traditional\math\packFP.asm
                  jRotate   0x005040    program     static C:\MCC18\src\traditional\math\compFP.asm
                   jShift   0x00502a    program     static C:\MCC18\src\traditional\math\compFP.asm
               jShiftDone   0x004d02    program     static C:\MCC18\src\traditional\math\addFP.asm
               jShiftLoop   0x004cf4    program     static C:\MCC18\src\traditional\math\addFP.asm
                jSignDone   0x004d32    program     static C:\MCC18\src\traditional\math\addFP.asm
              jSignedZero   0x004d72    program     static C:\MCC18\src\traditional\math\divFP.asm
                 jSignsEQ   0x004fca    program     static C:\MCC18\src\traditional\math\compFP.asm
                  jUnpkA1   0x00510c    program     static C:\MCC18\src\traditional\math\UnpackFP.asm
                  jUnpkA2   0x005124    program     static C:\MCC18\src\traditional\math\UnpackFP.asm
                 jUnpkANZ   0x00511a    program     static C:\MCC18\src\traditional\math\UnpackFP.asm
                  jUnpkB1   0x00513c    program     static C:\MCC18\src\traditional\math\UnpackFP.asm
                  jUnpkB2   0x005154    program     static C:\MCC18\src\traditional\math\UnpackFP.asm
                 jUnpkBNZ   0x00514a    program     static C:\MCC18\src\traditional\math\UnpackFP.asm
                 jUnpkNaN   0x00512e    program     static C:\MCC18\src\traditional\math\UnpackFP.asm
                 jWNotNeg   0x004cee    program     static C:\MCC18\src\traditional\math\addFP.asm
                   jWr123   0x004f42    program     static C:\MCC18\src\traditional\math\castFP32.asm
                  jWrZ123   0x004f52    program     static C:\MCC18\src\traditional\math\castFP32.asm
[...]
                    UEP13   0x000f7d       data     extern C:\MCC18\src\traditional\proc\p18F4550.asm
                UEP13bits   0x000f7d       data     extern C:\MCC18\src\traditional\proc\p18F4550.asm
                    UEP14   0x000f7e       data     extern C:\MCC18\src\traditional\proc\p18F4550.asm
                UEP14bits   0x000f7e       data     extern C:\MCC18\src\traditional\proc\p18F4550.asm
                    UEP15   0x000f7f       data     extern C:\MCC18\src\traditional\proc\p18F4550.asm
                UEP15bits   0x000f7f       data     extern C:\MCC18\src\traditional\proc\p18F4550.asm
                    PORTA   0x000f80       data     extern C:\MCC18\src\traditional\proc\p18F4550.asm
                PORTAbits   0x000f80       data     extern C:\MCC18\src\traditional\proc\p18F4550.asm
                PORTBbits   0x000f81       data     extern C:\MCC18\src\traditional\proc\p18F4550.asm
                    PORTB   0x000f81       data     extern C:\MCC18\src\traditional\proc\p18F4550.asm
                PORTCbits   0x000f82       data     extern C:\MCC18\src\traditional\proc\p18F4550.asm
                    PORTC   0x000f82       data     extern C:\MCC18\src\traditional\proc\p18F4550.asm
                PORTDbits   0x000f83       data     extern C:\MCC18\src\traditional\proc\p18F4550.asm
                    PORTD   0x000f83       data     extern C:\MCC18\src\traditional\proc\p18F4550.asm
                PORTEbits   0x000f84       data     extern C:\MCC18\src\traditional\proc\p18F4550.asm
                    PORTE   0x000f84       data     extern C:\MCC18\src\traditional\proc\p18F4550.asm
                 LATAbits   0x000f89       data     extern C:\MCC18\src\traditional\proc\p18F4550.asm
                     LATA   0x000f89       data     extern C:\MCC18\src\traditional\proc\p18F4550.asm
                 LATBbits   0x000f8a       data     extern C:\MCC18\src\traditional\proc\p18F4550.asm
                     LATB   0x000f8a       data     extern C:\MCC18\src\traditional\proc\p18F4550.asm
                 LATCbits   0x000f8b       data     extern C:\MCC18\src\traditional\proc\p18F4550.asm
                     LATC   0x000f8b       data     extern C:\MCC18\src\traditional\proc\p18F4550.asm
                     LATD   0x000f8c       data     extern C:\MCC18\src\traditional\proc\p18F4550.asm
                 LATDbits   0x000f8c       data     extern C:\MCC18\src\traditional\proc\p18F4550.asm
                 LATEbits   0x000f8d       data     extern C:\MCC18\src\traditional\proc\p18F4550.asm
                     LATE   0x000f8d       data     extern C:\MCC18\src\traditional\proc\p18F4550.asm
                TRISAbits   0x000f92       data     extern C:\MCC18\src\traditional\proc\p18F4550.asm
                    TRISA   0x000f92       data     extern C:\MCC18\src\traditional\proc\p18F4550.asm
                     DDRA   0x000f92       data     extern C:\MCC18\src\traditional\proc\p18F4550.asm
                 DDRAbits   0x000f92       data     extern C:\MCC18\src\traditional\proc\p18F4550.asm
                TRISBbits   0x000f93       data     extern C:\MCC18\src\traditional\proc\p18F4550.asm
                    TRISB   0x000f93       data     extern C:\MCC18\src\traditional\proc\p18F4550.asm
                     DDRB   0x000f93       data     extern C:\MCC18\src\traditional\proc\p18F4550.asm
                 DDRBbits   0x000f93       data     extern C:\MCC18\src\traditional\proc\p18F4550.asm
                TRISCbits   0x000f94       data     extern C:\MCC18\src\traditional\proc\p18F4550.asm
                    TRISC   0x000f94       data     extern C:\MCC18\src\traditional\proc\p18F4550.asm
                     DDRC   0x000f94       data     extern C:\MCC18\src\traditional\proc\p18F4550.asm
                 DDRCbits   0x000f94       data     extern C:\MCC18\src\traditional\proc\p18F4550.asm
                TRISDbits   0x000f95       data     extern C:\MCC18\src\traditional\proc\p18F4550.asm
                    TRISD   0x000f95       data     extern C:\MCC18\src\traditional\proc\p18F4550.asm
                     DDRD   0x000f95       data     extern C:\MCC18\src\traditional\proc\p18F4550.asm
                 DDRDbits   0x000f95       data     extern C:\MCC18\src\traditional\proc\p18F4550.asm
                TRISEbits   0x000f96       data     extern C:\MCC18\src\traditional\proc\p18F4550.asm
                    TRISE   0x000f96       data     extern C:\MCC18\src\traditional\proc\p18F4550.asm
                     DDRE   0x000f96       data     extern C:\MCC18\src\traditional\proc\p18F4550.asm
                 DDREbits   0x000f96       data     extern C:\MCC18\src\traditional\proc\p18F4550.asm
                  OSCTUNE   0x000f9b       data     extern C:\MCC18\src\traditional\proc\p18F4550.asm
              OSCTUNEbits   0x000f9b       data     extern C:\MCC18\src\traditional\proc\p18F4550.asm
                     PIE1   0x000f9d       data     extern C:\MCC18\src\traditional\proc\p18F4550.asm
                 PIE1bits   0x000f9d       data     extern C:\MCC18\src\traditional\proc\p18F4550.asm
                 PIR1bits   0x000f9e       data     extern C:\MCC18\src\traditional\proc\p18F4550.asm
                     PIR1   0x000f9e       data     extern C:\MCC18\src\traditional\proc\p18F4550.asm
                     IPR1   0x000f9f       data     extern C:\MCC18\src\traditional\proc\p18F4550.asm
                 IPR1bits   0x000f9f       data     extern C:\MCC18\src\traditional\proc\p18F4550.asm
                 PIE2bits   0x000fa0       data     extern C:\MCC18\src\traditional\proc\p18F4550.asm
                     PIE2   0x000fa0       data     extern C:\MCC18\src\traditional\proc\p18F4550.asm
                     PIR2   0x000fa1       data     extern C:\MCC18\src\traditional\proc\p18F4550.asm
                 PIR2bits   0x000fa1       data     extern C:\MCC18\src\traditional\proc\p18F4550.asm
                 IPR2bits   0x000fa2       data     extern C:\MCC18\src\traditional\proc\p18F4550.asm
                     IPR2   0x000fa2       data     extern C:\MCC18\src\traditional\proc\p18F4550.asm
               EECON1bits   0x000fa6       data     extern C:\MCC18\src\traditional\proc\p18F4550.asm
                   EECON1   0x000fa6       data     extern C:\MCC18\src\traditional\proc\p18F4550.asm
                   EECON2   0x000fa7       data     extern C:\MCC18\src\traditional\proc\p18F4550.asm
                   EEDATA   0x000fa8       data     extern C:\MCC18\src\traditional\proc\p18F4550.asm
                    EEADR   0x000fa9       data     extern C:\MCC18\src\traditional\proc\p18F4550.asm
                    RCSTA   0x000fab       data     extern C:\MCC18\src\traditional\proc\p18F4550.asm
                RCSTAbits   0x000fab       data     extern C:\MCC18\src\traditional\proc\p18F4550.asm
                TXSTAbits   0x000fac       data     extern C:\MCC18\src\traditional\proc\p18F4550.asm
                    TXSTA   0x000fac       data     extern C:\MCC18\src\traditional\proc\p18F4550.asm
                    TXREG   0x000fad       data     extern C:\MCC18\src\traditional\proc\p18F4550.asm
                    RCREG   0x000fae       data     extern C:\MCC18\src\traditional\proc\p18F4550.asm
                    SPBRG   0x000faf       data     extern C:\MCC18\src\traditional\proc\p18F4550.asm
                   SPBRGH   0x000fb0       data     extern C:\MCC18\src\traditional\proc\p18F4550.asm
                T3CONbits   0x000fb1       data     extern C:\MCC18\src\traditional\proc\p18F4550.asm
                    T3CON   0x000fb1       data     extern C:\MCC18\src\traditional\proc\p18F4550.asm
                    TMR3L   0x000fb2       data     extern C:\MCC18\src\traditional\proc\p18F4550.asm
                    TMR3H   0x000fb3       data     extern C:\MCC18\src\traditional\proc\p18F4550.asm
                    CMCON   0x000fb4       data     extern C:\MCC18\src\traditional\proc\p18F4550.asm
                CMCONbits   0x000fb4       data     extern C:\MCC18\src\traditional\proc\p18F4550.asm
               CVRCONbits   0x000fb5       data     extern C:\MCC18\src\traditional\proc\p18F4550.asm
                   CVRCON   0x000fb5       data     extern C:\MCC18\src\traditional\proc\p18F4550.asm
                   CCP1AS   0x000fb6       data     extern C:\MCC18\src\traditional\proc\p18F4550.asm
              ECCP1ASbits   0x000fb6       data     extern C:\MCC18\src\traditional\proc\p18F4550.asm
                  ECCP1AS   0x000fb6       data     extern C:\MCC18\src\traditional\proc\p18F4550.asm
               CCP1ASbits   0x000fb6       data     extern C:\MCC18\src\traditional\proc\p18F4550.asm
             ECCP1DELbits   0x000fb7       data     extern C:\MCC18\src\traditional\proc\p18F4550.asm
                 ECCP1DEL   0x000fb7       data     extern C:\MCC18\src\traditional\proc\p18F4550.asm
              CCP1DELbits   0x000fb7       data     extern C:\MCC18\src\traditional\proc\p18F4550.asm
                  CCP1DEL   0x000fb7       data     extern C:\MCC18\src\traditional\proc\p18F4550.asm
              BAUDCONbits   0x000fb8       data     extern C:\MCC18\src\traditional\proc\p18F4550.asm
                  BAUDCON   0x000fb8       data     extern C:\MCC18\src\traditional\proc\p18F4550.asm
                  CCP2CON   0x000fba       data     extern C:\MCC18\src\traditional\proc\p18F4550.asm
              CCP2CONbits   0x000fba       data     extern C:\MCC18\src\traditional\proc\p18F4550.asm
                    CCPR2   0x000fbb       data     extern C:\MCC18\src\traditional\proc\p18F4550.asm
                   CCPR2L   0x000fbb       data     extern C:\MCC18\src\traditional\proc\p18F4550.asm
                   CCPR2H   0x000fbc       data     extern C:\MCC18\src\traditional\proc\p18F4550.asm
                  CCP1CON   0x000fbd       data     extern C:\MCC18\src\traditional\proc\p18F4550.asm
              CCP1CONbits   0x000fbd       data     extern C:\MCC18\src\traditional\proc\p18F4550.asm
                 ECCP1CON   0x000fbd       data     extern C:\MCC18\src\traditional\proc\p18F4550.asm
             ECCP1CONbits   0x000fbd       data     extern C:\MCC18\src\traditional\proc\p18F4550.asm
                    CCPR1   0x000fbe       data     extern C:\MCC18\src\traditional\proc\p18F4550.asm
                   CCPR1L   0x000fbe       data     extern C:\MCC18\src\traditional\proc\p18F4550.asm
                   CCPR1H   0x000fbf       data     extern C:\MCC18\src\traditional\proc\p18F4550.asm
               ADCON2bits   0x000fc0       data     extern C:\MCC18\src\traditional\proc\p18F4550.asm
                   ADCON2   0x000fc0       data     extern C:\MCC18\src\traditional\proc\p18F4550.asm
               ADCON1bits   0x000fc1       data     extern C:\MCC18\src\traditional\proc\p18F4550.asm
                   ADCON1   0x000fc1       data     extern C:\MCC18\src\traditional\proc\p18F4550.asm
                   ADCON0   0x000fc2       data     extern C:\MCC18\src\traditional\proc\p18F4550.asm
               ADCON0bits   0x000fc2       data     extern C:\MCC18\src\traditional\proc\p18F4550.asm
                    ADRES   0x000fc3       data     extern C:\MCC18\src\traditional\proc\p18F4550.asm
                   ADRESL   0x000fc3       data     extern C:\MCC18\src\traditional\proc\p18F4550.asm
                   ADRESH   0x000fc4       data     extern C:\MCC18\src\traditional\proc\p18F4550.asm
                  SSPCON2   0x000fc5       data     extern C:\MCC18\src\traditional\proc\p18F4550.asm
              SSPCON2bits   0x000fc5       data     extern C:\MCC18\src\traditional\proc\p18F4550.asm
                  SSPCON1   0x000fc6       data     extern C:\MCC18\src\traditional\proc\p18F4550.asm
              SSPCON1bits   0x000fc6       data     extern C:\MCC18\src\traditional\proc\p18F4550.asm
                  SSPSTAT   0x000fc7       data     extern C:\MCC18\src\traditional\proc\p18F4550.asm
              SSPSTATbits   0x000fc7       data     extern C:\MCC18\src\traditional\proc\p18F4550.asm
                   SSPADD   0x000fc8       data     extern C:\MCC18\src\traditional\proc\p18F4550.asm
                   SSPBUF   0x000fc9       data     extern C:\MCC18\src\traditional\proc\p18F4550.asm
                    T2CON   0x000fca       data     extern C:\MCC18\src\traditional\proc\p18F4550.asm
                T2CONbits   0x000fca       data     extern C:\MCC18\src\traditional\proc\p18F4550.asm
                      PR2   0x000fcb       data     extern C:\MCC18\src\traditional\proc\p18F4550.asm
                     TMR2   0x000fcc       data     extern C:\MCC18\src\traditional\proc\p18F4550.asm
                T1CONbits   0x000fcd       data     extern C:\MCC18\src\traditional\proc\p18F4550.asm
                    T1CON   0x000fcd       data     extern C:\MCC18\src\traditional\proc\p18F4550.asm
                    TMR1L   0x000fce       data     extern C:\MCC18\src\traditional\proc\p18F4550.asm
                    TMR1H   0x000fcf       data     extern C:\MCC18\src\traditional\proc\p18F4550.asm
                     RCON   0x000fd0       data     extern C:\MCC18\src\traditional\proc\p18F4550.asm
                 RCONbits   0x000fd0       data     extern C:\MCC18\src\traditional\proc\p18F4550.asm
               WDTCONbits   0x000fd1       data     extern C:\MCC18\src\traditional\proc\p18F4550.asm
                   WDTCON   0x000fd1       data     extern C:\MCC18\src\traditional\proc\p18F4550.asm
                  HLVDCON   0x000fd2       data     extern C:\MCC18\src\traditional\proc\p18F4550.asm
              HLVDCONbits   0x000fd2       data     extern C:\MCC18\src\traditional\proc\p18F4550.asm
                   LVDCON   0x000fd2       data     extern C:\MCC18\src\traditional\proc\p18F4550.asm
               LVDCONbits   0x000fd2       data     extern C:\MCC18\src\traditional\proc\p18F4550.asm
               OSCCONbits   0x000fd3       data     extern C:\MCC18\src\traditional\proc\p18F4550.asm
                   OSCCON   0x000fd3       data     extern C:\MCC18\src\traditional\proc\p18F4550.asm
                T0CONbits   0x000fd5       data     extern C:\MCC18\src\traditional\proc\p18F4550.asm
                    T0CON   0x000fd5       data     extern C:\MCC18\src\traditional\proc\p18F4550.asm
                    TMR0L   0x000fd6       data     extern C:\MCC18\src\traditional\proc\p18F4550.asm
                    TMR0H   0x000fd7       data     extern C:\MCC18\src\traditional\proc\p18F4550.asm
                   STATUS   0x000fd8       data     extern C:\MCC18\src\traditional\proc\p18F4550.asm
               STATUSbits   0x000fd8       data     extern C:\MCC18\src\traditional\proc\p18F4550.asm
                     FSR2   0x000fd9       data     extern C:\MCC18\src\traditional\proc\p18F4550.asm
                    FSR2L   0x000fd9       data     extern C:\MCC18\src\traditional\proc\p18F4550.asm
                    FSR2H   0x000fda       data     extern C:\MCC18\src\traditional\proc\p18F4550.asm
                   PLUSW2   0x000fdb       data     extern C:\MCC18\src\traditional\proc\p18F4550.asm
                  PREINC2   0x000fdc       data     extern C:\MCC18\src\traditional\proc\p18F4550.asm
                 POSTDEC2   0x000fdd       data     extern C:\MCC18\src\traditional\proc\p18F4550.asm
                 POSTINC2   0x000fde       data     extern C:\MCC18\src\traditional\proc\p18F4550.asm
                    INDF2   0x000fdf       data     extern C:\MCC18\src\traditional\proc\p18F4550.asm
                      BSR   0x000fe0       data     extern C:\MCC18\src\traditional\proc\p18F4550.asm
                     FSR1   0x000fe1       data     extern C:\MCC18\src\traditional\proc\p18F4550.asm
                    FSR1L   0x000fe1       data     extern C:\MCC18\src\traditional\proc\p18F4550.asm
                    FSR1H   0x000fe2       data     extern C:\MCC18\src\traditional\proc\p18F4550.asm
                   PLUSW1   0x000fe3       data     extern C:\MCC18\src\traditional\proc\p18F4550.asm
                  PREINC1   0x000fe4       data     extern C:\MCC18\src\traditional\proc\p18F4550.asm
                 POSTDEC1   0x000fe5       data     extern C:\MCC18\src\traditional\proc\p18F4550.asm
                 POSTINC1   0x000fe6       data     extern C:\MCC18\src\traditional\proc\p18F4550.asm
                    INDF1   0x000fe7       data     extern C:\MCC18\src\traditional\proc\p18F4550.asm
                     WREG   0x000fe8       data     extern C:\MCC18\src\traditional\proc\p18F4550.asm
                    FSR0L   0x000fe9       data     extern C:\MCC18\src\traditional\proc\p18F4550.asm
                     FSR0   0x000fe9       data     extern C:\MCC18\src\traditional\proc\p18F4550.asm
                    FSR0H   0x000fea       data     extern C:\MCC18\src\traditional\proc\p18F4550.asm
                   PLUSW0   0x000feb       data     extern C:\MCC18\src\traditional\proc\p18F4550.asm
                  PREINC0   0x000fec       data     extern C:\MCC18\src\traditional\proc\p18F4550.asm
                 POSTDEC0   0x000fed       data     extern C:\MCC18\src\traditional\proc\p18F4550.asm
                 POSTINC0   0x000fee       data     extern C:\MCC18\src\traditional\proc\p18F4550.asm
                    INDF0   0x000fef       data     extern C:\MCC18\src\traditional\proc\p18F4550.asm
              INTCON3bits   0x000ff0       data     extern C:\MCC18\src\traditional\proc\p18F4550.asm
                  INTCON3   0x000ff0       data     extern C:\MCC18\src\traditional\proc\p18F4550.asm
              INTCON2bits   0x000ff1       data     extern C:\MCC18\src\traditional\proc\p18F4550.asm
                  INTCON2   0x000ff1       data     extern C:\MCC18\src\traditional\proc\p18F4550.asm
               INTCONbits   0x000ff2       data     extern C:\MCC18\src\traditional\proc\p18F4550.asm
                   INTCON   0x000ff2       data     extern C:\MCC18\src\traditional\proc\p18F4550.asm
                     PROD   0x000ff3       data     extern C:\MCC18\src\traditional\proc\p18F4550.asm
                    PRODL   0x000ff3       data     extern C:\MCC18\src\traditional\proc\p18F4550.asm
                    PRODH   0x000ff4       data     extern C:\MCC18\src\traditional\proc\p18F4550.asm
                   TABLAT   0x000ff5       data     extern C:\MCC18\src\traditional\proc\p18F4550.asm
                  TBLPTRL   0x000ff6       data     extern C:\MCC18\src\traditional\proc\p18F4550.asm
                   TBLPTR   0x000ff6       data     extern C:\MCC18\src\traditional\proc\p18F4550.asm
                  TBLPTRH   0x000ff7       data     extern C:\MCC18\src\traditional\proc\p18F4550.asm
                  TBLPTRU   0x000ff8       data     extern C:\MCC18\src\traditional\proc\p18F4550.asm
                       PC   0x000ff9       data     extern C:\MCC18\src\traditional\proc\p18F4550.asm
                      PCL   0x000ff9       data     extern C:\MCC18\src\traditional\proc\p18F4550.asm
                   PCLATH   0x000ffa       data     extern C:\MCC18\src\traditional\proc\p18F4550.asm
                   PCLATU   0x000ffb       data     extern C:\MCC18\src\traditional\proc\p18F4550.asm
                   STKPTR   0x000ffc       data     extern C:\MCC18\src\traditional\proc\p18F4550.asm
               STKPTRbits   0x000ffc       data     extern C:\MCC18\src\traditional\proc\p18F4550.asm
                      TOS   0x000ffd       data     extern C:\MCC18\src\traditional\proc\p18F4550.asm
                     TOSL   0x000ffd       data     extern C:\MCC18\src\traditional\proc\p18F4550.asm
                     TOSH   0x000ffe       data     extern C:\MCC18\src\traditional\proc\p18F4550.asm
                     TOSU   0x000fff       data     extern C:\MCC18\src\traditional\proc\p18F4550.asm


