MPLINK 4.21, Linker
Linker Map File - Created Fri May 14 12:00:40 2010

                                 Section Info
                  Section       Type    Address   Location Size(Bytes)
                ---------  ---------  ---------  ---------  ---------
               _entry_scn       code   0x000000    program   0x000006
    HIGH_INTERRUPT_VECTOR       code   0x000008    program   0x000006
     LOW_INTERRUPT_VECTOR       code   0x000018    program   0x000006
    REMAPPED_RESET_VECTOR       code   0x000800    program   0x000006
REMAPPED_HIGH_INTERRUPT_VECTOR       code   0x000808    program   0x000006
REMAPPED_LOW_INTERRUPT_VECTOR       code   0x000818    program   0x000006
                   .cinit    romdata   0x00082a    program   0x000032
            .code_lm629.o       code   0x00085c    program   0x001fc2
             .code_main.o       code   0x00281e    program   0x001762
       .code_usb_device.o       code   0x003f80    program   0x000b4c
                     PROG       code   0x004acc    program   0x000600
             .code_atan.o       code   0x0050cc    program   0x000518
             .code_sqrt.o       code   0x0055e4    program   0x000442
            .code_motor.o       code   0x005a26    program   0x00038a
            .code_atan2.o       code   0x005db0    program   0x000234
            .code_ldexp.o       code   0x005fe4    program   0x000138
         .code_UnpkMath.o       code   0x00611c    program   0x00011c
         .code_PackMath.o       code   0x006238    program   0x00011a
 .code_usb_function_hid.o       code   0x006352    program   0x0000ce
.romdata_usb_descriptors.o    romdata   0x006420    program   0x0000b2
               _cinit_scn       code   0x0064d2    program   0x00009e
          .code_adcopen.o       code   0x006570    program   0x00006e
                   STRING       code   0x0065de    program   0x00006c
           .code_eeprom.o       code   0x00664a    program   0x00006c
             .code_fabs.o       code   0x0066b6    program   0x000066
             .stringtable    romdata   0x00671c    program   0x00004f
       .idata_adcread.o_i    romdata   0x00676b    program   0x000000
       .romdata_adcread.o    romdata   0x00676b    program   0x000000
  .idata_adcselchconv.o_i    romdata   0x00676b    program   0x000000
         .romdata_ldexp.o    romdata   0x00676b    program   0x000000
  .romdata_adcselchconv.o    romdata   0x00676b    program   0x000000
       .idata_t1write.o_i    romdata   0x00676b    program   0x000000
         .idata_ldexp.o_i    romdata   0x00676b    program   0x000000
       .romdata_t1write.o    romdata   0x00676b    program   0x000000
        .idata___init.o_i    romdata   0x00676b    program   0x000000
        .romdata___init.o    romdata   0x00676b    program   0x000000
         .idata_atan2.o_i    romdata   0x00676b    program   0x000000
         .romdata_atan2.o    romdata   0x00676b    program   0x000000
      .romdata_PackMath.o    romdata   0x00676b    program   0x000000
      .idata_UnpkMath.o_i    romdata   0x00676b    program   0x000000
      .romdata_UnpkMath.o    romdata   0x00676b    program   0x000000
      .idata_PackMath.o_i    romdata   0x00676b    program   0x000000
          .idata_atan.o_i    romdata   0x00676b    program   0x000000
      .romdata_fxd1616u.o    romdata   0x00676b    program   0x000000
          .romdata_atan.o    romdata   0x00676b    program   0x000000
      .idata_fxd1616u.o_i    romdata   0x00676b    program   0x000000
          .idata_fabs.o_i    romdata   0x00676b    program   0x000000
          .romdata_fabs.o    romdata   0x00676b    program   0x000000
          .romdata_sqrt.o    romdata   0x00676b    program   0x000000
          .idata_sqrt.o_i    romdata   0x00676b    program   0x000000
         .idata_c018i.o_i    romdata   0x00676b    program   0x000000
         .romdata_c018i.o    romdata   0x00676b    program   0x000000
.idata_usb_descriptors.o_i    romdata   0x00676b    program   0x000000
          .romdata_main.o    romdata   0x00676b    program   0x000000
        .idata_eeprom.o_i    romdata   0x00676b    program   0x000000
        .romdata_eeprom.o    romdata   0x00676b    program   0x000000
         .romdata_motor.o    romdata   0x00676b    program   0x000000
         .romdata_lm629.o    romdata   0x00676b    program   0x000000
    .idata_usb_device.o_i    romdata   0x00676b    program   0x000000
    .romdata_usb_device.o    romdata   0x00676b    program   0x000000
.idata_usb_function_hid.o_i    romdata   0x00676b    program   0x000000
.romdata_usb_function_hid.o    romdata   0x00676b    program   0x000000
         .romdata_error.o    romdata   0x00676b    program   0x000000
       .idata_adcbusy.o_i    romdata   0x00676b    program   0x000000
       .romdata_adcbusy.o    romdata   0x00676b    program   0x000000
        .romdata_t1open.o    romdata   0x00676b    program   0x000000
        .idata_t1open.o_i    romdata   0x00676b    program   0x000000
       .romdata_adcopen.o    romdata   0x00676b    program   0x000000
       .idata_adcopen.o_i    romdata   0x00676b    program   0x000000
           .code_t1open.o       code   0x00676c    program   0x000042
            .code_c018i.o       code   0x00676c    program   0x000000
  .code_usb_descriptors.o       code   0x00676c    program   0x000000
          .code_t1write.o       code   0x0067ae    program   0x000038
            .code_error.o       code   0x0067e6    program   0x000036
     .code_adcselchconv.o       code   0x00681c    program   0x000030
             D10KTCYXCODE       code   0x00684c    program   0x00002e
         .code_fxd1616u.o       code   0x00687a    program   0x00002c
             _startup_scn       code   0x0068a6    program   0x00001c
             D100TCYXCODE       code   0x0068c2    program   0x00001c
              D10TCYXCODE       code   0x0068de    program   0x000016
          .code_adcread.o       code   0x0068f4    program   0x000012
                    .code       code   0x006906    program   0x00000e
          .code_adcbusy.o       code   0x006914    program   0x00000a
           .code___init.o       code   0x00691e    program   0x000002
         .idata_motor.o_i    romdata   0x006920    program   0x000003
          .idata_main.o_i    romdata   0x006923    program   0x00000d
         .idata_lm629.o_i    romdata   0x006930    program   0x00000b
         .idata_error.o_i    romdata   0x00693b    program   0x000021
                 .tmpdata      udata   0x000000       data   0x000029
                MATH_DATA      udata   0x000029       data   0x000014
                DELAYDAT2      udata   0x00003d       data   0x000001
                DELAYDAT1      udata   0x00003e       data   0x000001
           .udata_motor.o      udata   0x000060       data   0x0000a0
      .udata_usb_device.o      udata   0x000100       data   0x000026
           .idata_error.o      idata   0x000126       data   0x000021
           .udata_lm629.o      udata   0x000147       data   0x000010
            .idata_main.o      idata   0x000157       data   0x00000d
           .idata_lm629.o      idata   0x000164       data   0x00000b
           .udata_c018i.o      udata   0x00016f       data   0x00000a
            .udata_main.o      udata   0x000179       data   0x000003
           .idata_motor.o      idata   0x00017c       data   0x000003
.udata_usb_function_hid.o      udata   0x00017f       data   0x000002
          .udata_eeprom.o      udata   0x000181       data   0x000001
           .udata_atan2.o      udata   0x000182       data   0x000000
          .idata___init.o      idata   0x000182       data   0x000000
           .idata_atan2.o      idata   0x000182       data   0x000000
        .udata_UnpkMath.o      udata   0x000182       data   0x000000
        .idata_UnpkMath.o      idata   0x000182       data   0x000000
          .udata___init.o      udata   0x000182       data   0x000000
         .idata_t1write.o      idata   0x000182       data   0x000000
         .udata_t1write.o      udata   0x000182       data   0x000000
            .udata_atan.o      udata   0x000182       data   0x000000
            .idata_atan.o      idata   0x000182       data   0x000000
            .udata_fabs.o      udata   0x000182       data   0x000000
            .idata_fabs.o      idata   0x000182       data   0x000000
            .udata_sqrt.o      udata   0x000182       data   0x000000
            .idata_sqrt.o      idata   0x000182       data   0x000000
        .udata_fxd1616u.o      udata   0x000182       data   0x000000
        .idata_fxd1616u.o      idata   0x000182       data   0x000000
        .udata_PackMath.o      udata   0x000182       data   0x000000
        .idata_PackMath.o      idata   0x000182       data   0x000000
           .udata_ldexp.o      udata   0x000182       data   0x000000
           .idata_ldexp.o      idata   0x000182       data   0x000000
 .idata_usb_descriptors.o      idata   0x000182       data   0x000000
 .udata_usb_descriptors.o      udata   0x000182       data   0x000000
          .idata_eeprom.o      idata   0x000182       data   0x000000
      .idata_usb_device.o      idata   0x000182       data   0x000000
           .idata_c018i.o      idata   0x000182       data   0x000000
.idata_usb_function_hid.o      idata   0x000182       data   0x000000
           .udata_error.o      udata   0x000182       data   0x000000
         .udata_adcbusy.o      udata   0x000182       data   0x000000
         .idata_adcbusy.o      idata   0x000182       data   0x000000
         .udata_adcopen.o      udata   0x000182       data   0x000000
         .idata_adcopen.o      idata   0x000182       data   0x000000
          .udata_t1open.o      udata   0x000182       data   0x000000
          .idata_t1open.o      idata   0x000182       data   0x000000
         .udata_adcread.o      udata   0x000182       data   0x000000
         .idata_adcread.o      idata   0x000182       data   0x000000
    .udata_adcselchconv.o      udata   0x000182       data   0x000000
    .idata_adcselchconv.o      idata   0x000182       data   0x000000
                   .stack      udata   0x000300       data   0x000100
                  USB_BDT      udata   0x000400       data   0x000036
            USB_VARIABLES      udata   0x000500       data   0x000080
            SFR_UNBANKED0      udata   0x000f62       data   0x00009e



                              Program Memory Usage 
                               Start         End      
                           ---------   ---------      
                            0x000000    0x000005      
                            0x000008    0x00000d      
                            0x000018    0x00001d      
                            0x000800    0x000805      
                            0x000808    0x00080d      
                            0x000818    0x00081d      
                            0x00082a    0x00676a      
                            0x00676c    0x00695b      
            24917 out of 33048 program addresses used, program memory utilization is 75%



                              Symbols - Sorted by Name
                     Name    Address   Location    Storage File                     
                ---------  ---------  ---------  --------- ---------                
           BlinkUSBStatus   0x003d74    program     extern C:\krobot\elec\boards\Controller_Motor\Firmware\main.c
                  BusyADC   0x006914    program     extern C:\MCC18\src\pmc_common\ADC\adcbusy.c
                   D100_1   0x0068d0    program     static C:\MCC18\src\traditional\delays\d100tcyx.asm
                    D100x   0x0068ce    program     static C:\MCC18\src\traditional\delays\d100tcyx.asm
                   D10K_1   0x006858    program     static C:\MCC18\src\traditional\delays\d10ktcyx.asm
                    D10Kl   0x006864    program     static C:\MCC18\src\traditional\delays\d10ktcyx.asm
                    D10Kx   0x006856    program     static C:\MCC18\src\traditional\delays\d10ktcyx.asm
                    D10_1   0x0068ee    program     static C:\MCC18\src\traditional\delays\d10tcyx.asm
                     D10x   0x0068e6    program     static C:\MCC18\src\traditional\delays\d10tcyx.asm
                   D1616S   0x0050a2    program     static C:\MCC18\src\traditional\math\fxd1616s.asm
                D1616SNEG   0x0050b0    program     static C:\MCC18\src\traditional\math\fxd1616s.asm
                 D1616SOK   0x0050ac    program     static C:\MCC18\src\traditional\math\fxd1616s.asm
                  D1616SX   0x0050c2    program     static C:\MCC18\src\traditional\math\fxd1616s.asm
                  DA1616S   0x005092    program     static C:\MCC18\src\traditional\math\fxd1616s.asm
             Delay100TCYx   0x0068c2    program     extern C:\MCC18\src\traditional\delays\d100tcyx.asm
             Delay10KTCYx   0x00684c    program     extern C:\MCC18\src\traditional\delays\d10ktcyx.asm
              Delay10TCYx   0x0068de    program     extern C:\MCC18\src\traditional\delays\d10tcyx.asm
                 FLO1632S   0x004ad0    program     extern C:\MCC18\src\traditional\math\cast16FP.asm
                 FLO1632U   0x004acc    program     extern C:\MCC18\src\traditional\math\cast16FP.asm
                 FLO3232S   0x004afa    program     extern C:\MCC18\src\traditional\math\cast32FP.asm
                 FLO3232U   0x004af6    program     extern C:\MCC18\src\traditional\math\cast32FP.asm
                    FPA32   0x004b2e    program     extern C:\MCC18\src\traditional\math\addFP.asm
                    FPD32   0x004c5a    program     extern C:\MCC18\src\traditional\math\divFP.asm
                    FPM32   0x004d00    program     extern C:\MCC18\src\traditional\math\mulFP.asm
                    FPS32   0x004b2c    program     extern C:\MCC18\src\traditional\math\addFP.asm
                 FXD1616S   0x005080    program     extern C:\MCC18\src\traditional\math\fxd1616s.asm
                 FXD1616U   0x00687a    program     extern C:\MCC18\src\traditional\math\fxd1616u.c
                 High_ISR   0x000008    program     extern C:\krobot\elec\boards\Controller_Motor\Firmware\main.c
                  INT3216   0x004dda    program     extern C:\MCC18\src\traditional\math\castFP16.asm
                  INT3232   0x004e38    program     extern C:\MCC18\src\traditional\math\castFP32.asm
         InitializeSystem   0x00295e    program     static C:\krobot\elec\boards\Controller_Motor\Firmware\main.c
                  Low_ISR   0x000018    program     extern C:\krobot\elec\boards\Controller_Motor\Firmware\main.c
                  OpenADC   0x006570    program     extern C:\MCC18\src\pmc_common\ADC\adcopen.c
               OpenTimer1   0x00676c    program     extern C:\MCC18\src\pmc_common\Timers\t1open.c
                ProcessIO   0x002a26    program     extern C:\krobot\elec\boards\Controller_Motor\Firmware\main.c
                  ReadADC   0x0068f4    program     extern C:\MCC18\src\pmc_common\ADC\adcread.c
               ReadEEPROM   0x00668a    program     extern C:\krobot\elec\boards\Controller_Motor\Firmware\eeprom.c
        Remapped_High_ISR   0x000808    program     extern C:\krobot\elec\boards\Controller_Motor\Firmware\main.c
         Remapped_Low_ISR   0x000818    program     extern C:\krobot\elec\boards\Controller_Motor\Firmware\main.c
              ResetSource   0x003eea    program     extern C:\krobot\elec\boards\Controller_Motor\Firmware\main.c
           SelChanConvADC   0x00681c    program     extern C:\MCC18\src\pmc_common\ADC\adcselchconv.c
                  TAGTB32   0x00506e    program     extern C:\MCC18\src\traditional\math\gtFP.asm
                  TALTB32   0x004ea6    program     extern C:\MCC18\src\traditional\math\ltFP.asm
       USBCBCheckOtherReq   0x003dfa    program     extern C:\krobot\elec\boards\Controller_Motor\Firmware\main.c
        USBCBErrorHandler   0x003df8    program     extern C:\krobot\elec\boards\Controller_Motor\Firmware\main.c
              USBCBInitEP   0x003e00    program     extern C:\krobot\elec\boards\Controller_Motor\Firmware\main.c
          USBCBSendResume   0x003e38    program     extern C:\krobot\elec\boards\Controller_Motor\Firmware\main.c
    USBCBStdSetDscHandler   0x003dfe    program     extern C:\krobot\elec\boards\Controller_Motor\Firmware\main.c
             USBCBSuspend   0x003df2    program     extern C:\krobot\elec\boards\Controller_Motor\Firmware\main.c
     USBCBWakeFromSuspend   0x003df4    program     extern C:\krobot\elec\boards\Controller_Motor\Firmware\main.c
        USBCB_SOF_Handler   0x003df6    program     extern C:\krobot\elec\boards\Controller_Motor\Firmware\main.c
       USBCheckHIDRequest   0x006352    program     extern C:\krobot\elec\boards\Controller_Motor\Firmware\usb_function_hid.c
       USBCheckStdRequest   0x0042d4    program     extern C:\krobot\elec\boards\Controller_Motor\Firmware\usb_device.c
    USBClearInterruptFlag   0x00488a    program     extern C:\krobot\elec\boards\Controller_Motor\Firmware\usb_device.c
     USBConfigureEndpoint   0x004746    program     extern C:\krobot\elec\boards\Controller_Motor\Firmware\usb_device.c
         USBCtrlEPService   0x00415e    program     extern C:\krobot\elec\boards\Controller_Motor\Firmware\usb_device.c
 USBCtrlEPServiceComplete   0x00453e    program     extern C:\krobot\elec\boards\Controller_Motor\Firmware\usb_device.c
      USBCtrlTrfInHandler   0x004232    program     extern C:\krobot\elec\boards\Controller_Motor\Firmware\usb_device.c
     USBCtrlTrfOutHandler   0x004216    program     extern C:\krobot\elec\boards\Controller_Motor\Firmware\usb_device.c
      USBCtrlTrfRxService   0x004658    program     extern C:\krobot\elec\boards\Controller_Motor\Firmware\usb_device.c
   USBCtrlTrfSetupHandler   0x0041f2    program     extern C:\krobot\elec\boards\Controller_Motor\Firmware\usb_device.c
      USBCtrlTrfTxService   0x0045b2    program     extern C:\krobot\elec\boards\Controller_Motor\Firmware\usb_device.c
            USBDeviceInit   0x003f80    program     extern C:\krobot\elec\boards\Controller_Motor\Firmware\usb_device.c
           USBDeviceTasks   0x003fec    program     extern C:\krobot\elec\boards\Controller_Motor\Firmware\usb_device.c
        USBEnableEndpoint   0x0047be    program     extern C:\krobot\elec\boards\Controller_Motor\Firmware\usb_device.c
USBPrepareForNextSetupTrf   0x00428c    program     extern C:\krobot\elec\boards\Controller_Motor\Firmware\usb_device.c
         USBStallEndpoint   0x0047f8    program     extern C:\krobot\elec\boards\Controller_Motor\Firmware\usb_device.c
          USBStallHandler   0x00410e    program     extern C:\krobot\elec\boards\Controller_Motor\Firmware\usb_device.c
  USBStdFeatureReqHandler   0x00437c    program     extern C:\krobot\elec\boards\Controller_Motor\Firmware\usb_device.c
      USBStdGetDscHandler   0x00443e    program     extern C:\krobot\elec\boards\Controller_Motor\Firmware\usb_device.c
   USBStdGetStatusHandler   0x0044c0    program     extern C:\krobot\elec\boards\Controller_Motor\Firmware\usb_device.c
      USBStdSetCfgHandler   0x004710    program     extern C:\krobot\elec\boards\Controller_Motor\Firmware\usb_device.c
               USBSuspend   0x004134    program     extern C:\krobot\elec\boards\Controller_Motor\Firmware\usb_device.c
     USBTransferOnePacket   0x004822    program     extern C:\krobot\elec\boards\Controller_Motor\Firmware\usb_device.c
       USBWakeFromSuspend   0x004146    program     extern C:\krobot\elec\boards\Controller_Motor\Firmware\usb_device.c
               USB_CD_Ptr   0x0064ca    program     extern C:\krobot\elec\boards\Controller_Motor\Firmware\usb_descriptors.c
               USB_SD_Ptr   0x0064cc    program     extern C:\krobot\elec\boards\Controller_Motor\Firmware\usb_descriptors.c
USER_USB_CALLBACK_EVENT_HANDLER   0x003e54    program     extern C:\krobot\elec\boards\Controller_Motor\Firmware\main.c
                 UserInit   0x002968    program     extern C:\krobot\elec\boards\Controller_Motor\Firmware\main.c
              WriteEEPROM   0x00664a    program     extern C:\krobot\elec\boards\Controller_Motor\Firmware\eeprom.c
              WriteTimer1   0x0067ae    program     extern C:\MCC18\src\pmc_common\Timers\t1write.c
  YourHighPriorityISRCode   0x00281e    program     extern C:\krobot\elec\boards\Controller_Motor\Firmware\main.c
   YourLowPriorityISRCode   0x0028fc    program     extern C:\krobot\elec\boards\Controller_Motor\Firmware\main.c
              _2jContinue   0x0065fe    program     static C:\MCC18\src\traditional\stdclib\memset.asm
                   _3jEnd   0x006608    program     static C:\MCC18\src\traditional\stdclib\memset.asm
       _D100TCYXCODE_0008   0x0068ca    program     static C:\MCC18\src\traditional\delays\d100tcyx.asm
       _D100TCYXCODE_0012   0x0068d4    program     static C:\MCC18\src\traditional\delays\d100tcyx.asm
       _D100TCYXCODE_0018   0x0068da    program     static C:\MCC18\src\traditional\delays\d100tcyx.asm
       _D10KTCYXCODE_0010   0x00685c    program     static C:\MCC18\src\traditional\delays\d10ktcyx.asm
       _D10KTCYXCODE_001C   0x006868    program     static C:\MCC18\src\traditional\delays\d10ktcyx.asm
        _D10TCYXCODE_000A   0x0068e8    program     static C:\MCC18\src\traditional\delays\d10tcyx.asm
        _D10TCYXCODE_000C   0x0068ea    program     static C:\MCC18\src\traditional\delays\d10tcyx.asm
        _D10TCYXCODE_000E   0x0068ec    program     static C:\MCC18\src\traditional\delays\d10tcyx.asm
                _PackMath   0x006238    program     extern C:\MCC18\src\traditional\stdclib\PackMath.c
                _UnpkMath   0x00611c    program     extern C:\MCC18\src\traditional\stdclib\UnpkMath.c
              __FpCompare   0x004eb8    program     extern C:\MCC18\src\traditional\math\compFP.asm
                 __FpExit   0x004f6e    program     extern C:\MCC18\src\traditional\math\packFP.asm
                 __FpPack   0x004f9a    program     extern C:\MCC18\src\traditional\math\packFP.asm
            __FpReturnNaN   0x004f62    program     extern C:\MCC18\src\traditional\math\packFP.asm
         __FpReturnNegInf   0x004f74    program     extern C:\MCC18\src\traditional\math\packFP.asm
        __FpReturnNegZero   0x004f8c    program     extern C:\MCC18\src\traditional\math\packFP.asm
         __FpReturnPosInf   0x004f7a    program     extern C:\MCC18\src\traditional\math\packFP.asm
        __FpReturnPosZero   0x004f94    program     extern C:\MCC18\src\traditional\math\packFP.asm
        __FpReturnSignInf   0x004f70    program     extern C:\MCC18\src\traditional\math\packFP.asm
       __FpReturnSignZero   0x004f88    program     extern C:\MCC18\src\traditional\math\packFP.asm
              __FpReturnW   0x004ff2    program     extern C:\MCC18\src\traditional\math\packFP.asm
              __FpUnPackA   0x005012    program     extern C:\MCC18\src\traditional\math\UnpackFP.asm
              __FpUnPackB   0x005042    program     extern C:\MCC18\src\traditional\math\UnpackFP.asm
           ___?:_lbl00022   0x002a9a    program     static                          
           ___?:_lbl00023   0x002a8a    program     static                          
           ___?:_lbl00029   0x002b48    program     static                          
           ___?:_lbl00030   0x002b38    program     static                          
           ___?:_lbl00039   0x002c12    program     static                          
           ___?:_lbl00040   0x002c02    program     static                          
           ___?:_lbl00044   0x002c8c    program     static                          
           ___?:_lbl00045   0x002c7c    program     static                          
           ___?:_lbl00096   0x003c3e    program     static                          
           ___?:_lbl00097   0x003c2e    program     static                          
           ___?:_lbl00100   0x003cfa    program     static                          
           ___?:_lbl00101   0x003cea    program     static                          
      ___case_-1_lbl00146   0x003ed4    program     static                          
       ___case_0_lbl00042   0x002c48    program     static                          
       ___case_0_lbl00047   0x002cd6    program     static                          
       ___case_0_lbl00060   0x002fd2    program     static                          
       ___case_0_lbl00078   0x003498    program     static                          
      ___case_10_lbl00088   0x003a56    program     static                          
      ___case_10_lbl00095   0x003100    program     static                          
      ___case_11_lbl00071   0x003086    program     static                          
      ___case_11_lbl00074   0x003174    program     static                          
      ___case_12_lbl00077   0x0033a6    program     static                          
      ___case_13_lbl00089   0x003b14    program     static                          
      ___case_14_lbl00090   0x003b20    program     static                          
      ___case_15_lbl00054   0x002ea8    program     static                          
      ___case_15_lbl00076   0x003288    program     static                          
      ___case_16_lbl00055   0x002f1e    program     static                          
      ___case_16_lbl00083   0x0035f6    program     static                          
       ___case_1_lbl00035   0x002bb0    program     static                          
       ___case_1_lbl00043   0x002c4e    program     static                          
       ___case_1_lbl00048   0x002cdc    program     static                          
       ___case_1_lbl00061   0x002ff2    program     static                          
       ___case_1_lbl00067   0x003094    program     static                          
       ___case_1_lbl00079   0x00349e    program     static                          
       ___case_1_lbl00147   0x003ed8    program     static                          
      ___case_21_lbl00140   0x003ebc    program     static                          
      ___case_22_lbl00141   0x003ec0    program     static                          
      ___case_23_lbl00142   0x003ec4    program     static                          
       ___case_2_lbl00037   0x002bca    program     static                          
       ___case_2_lbl00049   0x002d0c    program     static                          
       ___case_2_lbl00058   0x002c70    program     static                          
       ___case_2_lbl00062   0x003012    program     static                          
       ___case_2_lbl00068   0x0030a0    program     static                          
       ___case_2_lbl00080   0x0034f4    program     static                          
       ___case_2_lbl00143   0x003ec8    program     static                          
       ___case_3_lbl00050   0x002d90    program     static                          
       ___case_3_lbl00063   0x003032    program     static                          
       ___case_3_lbl00081   0x00354a    program     static                          
       ___case_3_lbl00145   0x003ed0    program     static                          
       ___case_4_lbl00051   0x002da6    program     static                          
       ___case_4_lbl00082   0x0035a0    program     static                          
       ___case_4_lbl00144   0x003ecc    program     static                          
       ___case_5_lbl00084   0x003668    program     static                          
       ___case_6_lbl00052   0x002dbc    program     static                          
       ___case_6_lbl00065   0x002fbc    program     static                          
       ___case_6_lbl00091   0x003ba0    program     static                          
       ___case_7_lbl00053   0x002e32    program     static                          
       ___case_7_lbl00085   0x0036f2    program     static                          
       ___case_7_lbl00099   0x003c22    program     static                          
       ___case_8_lbl00086   0x00371a    program     static                          
       ___case_9_lbl00087   0x0038f0    program     static                          
      ___default_lbl00038   0x002bf2    program     static                          
      ___default_lbl00056   0x002f64    program     static                          
      ___default_lbl00064   0x003052    program     static                          
      ___default_lbl00070   0x0030cc    program     static                          
      ___default_lbl00094   0x003bf0    program     static                          
      ___default_lbl00103   0x003cde    program     static                          
      ___default_lbl00148   0x003edc    program     static                          
           ___do_lbl00017   0x000990    program     static                          
           ___do_lbl00018   0x000994    program     static                          
           ___do_lbl00019   0x00097c    program     static                          
           ___do_lbl00021   0x0009b4    program     static                          
           ___do_lbl00022   0x0009b8    program     static                          
           ___do_lbl00023   0x0009a0    program     static                          
         ___else_lbl00027   0x002b1e    program     static                          
         ___else_lbl00030   0x000cf2    program     static                          
         ___else_lbl00034   0x000e9c    program     static                          
         ___else_lbl00093   0x003bc2    program     static                          
           ___if_lbl00016   0x002a3c    program     static                          
           ___if_lbl00018   0x002a6a    program     static                          
           ___if_lbl00019   0x002a6e    program     static                          
           ___if_lbl00020   0x000994    program     static                          
           ___if_lbl00021   0x002a7e    program     static                          
           ___if_lbl00024   0x0009b8    program     static                          
           ___if_lbl00025   0x002b2c    program     static                          
           ___if_lbl00026   0x002b2c    program     static                          
           ___if_lbl00028   0x002b2c    program     static                          
           ___if_lbl00029   0x000e5e    program     static                          
           ___if_lbl00032   0x002ba2    program     static                          
           ___if_lbl00033   0x000f76    program     static                          
           ___if_lbl00033   0x002ba2    program     static                          
           ___if_lbl00036   0x002bc8    program     static                          
           ___if_lbl00057   0x002fb8    program     static                          
           ___if_lbl00069   0x0030ca    program     static                          
           ___if_lbl00073   0x0031fa    program     static                          
           ___if_lbl00075   0x003280    program     static                          
           ___if_lbl00092   0x003bc6    program     static                          
           ___if_lbl00098   0x003cdc    program     static                          
           ___if_lbl00102   0x003d60    program     static                          
           ___if_lbl00104   0x003d60    program     static                          
       ___return_lbl00000   0x000804    program     static                          
       ___return_lbl00000   0x000004    program     static                          
       ___return_lbl00000   0x0068a4    program     static                          
       ___return_lbl00001   0x00080c    program     static                          
       ___return_lbl00001   0x0068c0    program     static                          
       ___return_lbl00002   0x00081c    program     static                          
       ___return_lbl00002   0x00656e    program     static                          
       ___return_lbl00003   0x00000c    program     static                          
       ___return_lbl00004   0x00001c    program     static                          
       ___return_lbl00015   0x003d60    program     static                          
       ___return_lbl00016   0x0009b8    program     static                          
       ___return_lbl00025   0x000ad4    program     static                          
       ___return_lbl00026   0x000cb2    program     static                          
       ___return_lbl00027   0x000e5e    program     static                          
       ___return_lbl00031   0x000f76    program     static                          
       ___return_lbl00138   0x003ee2    program     static                          
   ___switchexit_lbl00034   0x002bf6    program     static                          
   ___switchexit_lbl00041   0x003d60    program     static                          
   ___switchexit_lbl00046   0x002f6a    program     static                          
   ___switchexit_lbl00059   0x00305c    program     static                          
   ___switchexit_lbl00066   0x0030d6    program     static                          
   ___switchexit_lbl00072   0x003bfa    program     static                          
   ___switchexit_lbl00139   0x003ede    program     static                          
                   __init   0x00691e    program     extern C:\MCC18\src\traditional\stdclib\__init.c
                   __pa_0   0x0048b4    program     static C:\krobot\elec\boards\Controller_Motor\Firmware\usb_device.c
                   __pa_0   0x00680e    program     static C:\krobot\elec\boards\Controller_Motor\Firmware\error.c
                   __pa_0   0x006112    program     static C:\MCC18\src\traditional\stdclib\ldexp.c
                   __pa_0   0x006300    program     static C:\MCC18\src\traditional\stdclib\PackMath.c
                   __pa_0   0x003f3c    program     static C:\krobot\elec\boards\Controller_Motor\Firmware\main.c
                   __pa_0   0x001e0c    program     static C:\krobot\elec\boards\Controller_Motor\Firmware\lm629.c
                   __pa_0   0x0066a6    program     static C:\krobot\elec\boards\Controller_Motor\Firmware\eeprom.c
                   __pa_0   0x005cf0    program     static C:\krobot\elec\boards\Controller_Motor\Firmware\motor.c
                   __pa_0   0x005f92    program     static C:\MCC18\src\traditional\stdclib\atan2.c
                   __pa_0   0x00622a    program     static C:\MCC18\src\traditional\stdclib\UnpkMath.c
                   __pa_0   0x0054e6    program     static C:\MCC18\src\traditional\stdclib\atan.c
                   __pa_0   0x005982    program     static C:\MCC18\src\traditional\stdclib\sqrt.c
                   __pa_1   0x001e22    program     static C:\krobot\elec\boards\Controller_Motor\Firmware\lm629.c
                   __pa_1   0x005fb6    program     static C:\MCC18\src\traditional\stdclib\atan2.c
                   __pa_1   0x00551e    program     static C:\MCC18\src\traditional\stdclib\atan.c
                   __pa_1   0x00598c    program     static C:\MCC18\src\traditional\stdclib\sqrt.c
                   __pa_1   0x0048c2    program     static C:\krobot\elec\boards\Controller_Motor\Firmware\usb_device.c
                   __pa_1   0x005cfe    program     static C:\krobot\elec\boards\Controller_Motor\Firmware\motor.c
                   __pa_1   0x003f4e    program     static C:\krobot\elec\boards\Controller_Motor\Firmware\main.c
                   __pa_1   0x006310    program     static C:\MCC18\src\traditional\stdclib\PackMath.c
                  __pa_10   0x0055b8    program     static C:\MCC18\src\traditional\stdclib\atan.c
                  __pa_10   0x005d76    program     static C:\krobot\elec\boards\Controller_Motor\Firmware\motor.c
                  __pa_10   0x004912    program     static C:\krobot\elec\boards\Controller_Motor\Firmware\usb_device.c
                  __pa_10   0x001ec4    program     static C:\krobot\elec\boards\Controller_Motor\Firmware\lm629.c
                 __pa_100   0x002526    program     static C:\krobot\elec\boards\Controller_Motor\Firmware\lm629.c
                 __pa_101   0x00252a    program     static C:\krobot\elec\boards\Controller_Motor\Firmware\lm629.c
                 __pa_102   0x002532    program     static C:\krobot\elec\boards\Controller_Motor\Firmware\lm629.c
                 __pa_103   0x00253a    program     static C:\krobot\elec\boards\Controller_Motor\Firmware\lm629.c
                 __pa_104   0x002544    program     static C:\krobot\elec\boards\Controller_Motor\Firmware\lm629.c
                 __pa_105   0x00254a    program     static C:\krobot\elec\boards\Controller_Motor\Firmware\lm629.c
                 __pa_106   0x002552    program     static C:\krobot\elec\boards\Controller_Motor\Firmware\lm629.c
                 __pa_107   0x002560    program     static C:\krobot\elec\boards\Controller_Motor\Firmware\lm629.c
                 __pa_108   0x00256a    program     static C:\krobot\elec\boards\Controller_Motor\Firmware\lm629.c
                 __pa_109   0x002576    program     static C:\krobot\elec\boards\Controller_Motor\Firmware\lm629.c
                  __pa_11   0x001ed2    program     static C:\krobot\elec\boards\Controller_Motor\Firmware\lm629.c
                  __pa_11   0x004922    program     static C:\krobot\elec\boards\Controller_Motor\Firmware\usb_device.c
                  __pa_11   0x0055c2    program     static C:\MCC18\src\traditional\stdclib\atan.c
                  __pa_11   0x005d8a    program     static C:\krobot\elec\boards\Controller_Motor\Firmware\motor.c
                 __pa_110   0x002584    program     static C:\krobot\elec\boards\Controller_Motor\Firmware\lm629.c
                 __pa_111   0x00258c    program     static C:\krobot\elec\boards\Controller_Motor\Firmware\lm629.c
                 __pa_112   0x002596    program     static C:\krobot\elec\boards\Controller_Motor\Firmware\lm629.c
                 __pa_113   0x0025a4    program     static C:\krobot\elec\boards\Controller_Motor\Firmware\lm629.c
                 __pa_114   0x0025ac    program     static C:\krobot\elec\boards\Controller_Motor\Firmware\lm629.c
                 __pa_115   0x0025b6    program     static C:\krobot\elec\boards\Controller_Motor\Firmware\lm629.c
                 __pa_116   0x0025be    program     static C:\krobot\elec\boards\Controller_Motor\Firmware\lm629.c
                 __pa_117   0x0025c4    program     static C:\krobot\elec\boards\Controller_Motor\Firmware\lm629.c
                 __pa_118   0x0025ca    program     static C:\krobot\elec\boards\Controller_Motor\Firmware\lm629.c
                 __pa_119   0x0025d0    program     static C:\krobot\elec\boards\Controller_Motor\Firmware\lm629.c
                  __pa_12   0x001ed8    program     static C:\krobot\elec\boards\Controller_Motor\Firmware\lm629.c
                  __pa_12   0x005d9c    program     static C:\krobot\elec\boards\Controller_Motor\Firmware\motor.c
                  __pa_12   0x0055ca    program     static C:\MCC18\src\traditional\stdclib\atan.c
                  __pa_12   0x004936    program     static C:\krobot\elec\boards\Controller_Motor\Firmware\usb_device.c
                 __pa_120   0x002648    program     static C:\krobot\elec\boards\Controller_Motor\Firmware\lm629.c
                 __pa_121   0x002650    program     static C:\krobot\elec\boards\Controller_Motor\Firmware\lm629.c
                 __pa_122   0x002662    program     static C:\krobot\elec\boards\Controller_Motor\Firmware\lm629.c
                 __pa_123   0x00266a    program     static C:\krobot\elec\boards\Controller_Motor\Firmware\lm629.c
                 __pa_124   0x00267c    program     static C:\krobot\elec\boards\Controller_Motor\Firmware\lm629.c
                 __pa_125   0x002690    program     static C:\krobot\elec\boards\Controller_Motor\Firmware\lm629.c
                 __pa_126   0x0026b4    program     static C:\krobot\elec\boards\Controller_Motor\Firmware\lm629.c
                 __pa_127   0x0026c6    program     static C:\krobot\elec\boards\Controller_Motor\Firmware\lm629.c
                 __pa_128   0x0026e2    program     static C:\krobot\elec\boards\Controller_Motor\Firmware\lm629.c
                 __pa_129   0x0026ea    program     static C:\krobot\elec\boards\Controller_Motor\Firmware\lm629.c
                  __pa_13   0x005da6    program     static C:\krobot\elec\boards\Controller_Motor\Firmware\motor.c
                  __pa_13   0x001ef2    program     static C:\krobot\elec\boards\Controller_Motor\Firmware\lm629.c
                  __pa_13   0x0055d6    program     static C:\MCC18\src\traditional\stdclib\atan.c
                  __pa_13   0x004948    program     static C:\krobot\elec\boards\Controller_Motor\Firmware\usb_device.c
                 __pa_130   0x0026fc    program     static C:\krobot\elec\boards\Controller_Motor\Firmware\lm629.c
                 __pa_131   0x00270e    program     static C:\krobot\elec\boards\Controller_Motor\Firmware\lm629.c
                 __pa_132   0x002724    program     static C:\krobot\elec\boards\Controller_Motor\Firmware\lm629.c
                 __pa_133   0x002732    program     static C:\krobot\elec\boards\Controller_Motor\Firmware\lm629.c
                 __pa_134   0x00273e    program     static C:\krobot\elec\boards\Controller_Motor\Firmware\lm629.c
                 __pa_135   0x002746    program     static C:\krobot\elec\boards\Controller_Motor\Firmware\lm629.c
                 __pa_136   0x002756    program     static C:\krobot\elec\boards\Controller_Motor\Firmware\lm629.c
                 __pa_137   0x002762    program     static C:\krobot\elec\boards\Controller_Motor\Firmware\lm629.c
                 __pa_138   0x00276c    program     static C:\krobot\elec\boards\Controller_Motor\Firmware\lm629.c
                 __pa_139   0x00277a    program     static C:\krobot\elec\boards\Controller_Motor\Firmware\lm629.c
                  __pa_14   0x001efc    program     static C:\krobot\elec\boards\Controller_Motor\Firmware\lm629.c
                  __pa_14   0x004954    program     static C:\krobot\elec\boards\Controller_Motor\Firmware\usb_device.c
                 __pa_140   0x002784    program     static C:\krobot\elec\boards\Controller_Motor\Firmware\lm629.c
                 __pa_141   0x002790    program     static C:\krobot\elec\boards\Controller_Motor\Firmware\lm629.c
                 __pa_142   0x00279c    program     static C:\krobot\elec\boards\Controller_Motor\Firmware\lm629.c
                 __pa_143   0x0027a8    program     static C:\krobot\elec\boards\Controller_Motor\Firmware\lm629.c
                 __pa_144   0x0027b0    program     static C:\krobot\elec\boards\Controller_Motor\Firmware\lm629.c
                 __pa_145   0x0027b8    program     static C:\krobot\elec\boards\Controller_Motor\Firmware\lm629.c
                 __pa_146   0x0027be    program     static C:\krobot\elec\boards\Controller_Motor\Firmware\lm629.c
                 __pa_147   0x0027cc    program     static C:\krobot\elec\boards\Controller_Motor\Firmware\lm629.c
                 __pa_148   0x0027dc    program     static C:\krobot\elec\boards\Controller_Motor\Firmware\lm629.c
                 __pa_149   0x0027f4    program     static C:\krobot\elec\boards\Controller_Motor\Firmware\lm629.c
                  __pa_15   0x004970    program     static C:\krobot\elec\boards\Controller_Motor\Firmware\usb_device.c
                  __pa_15   0x001f04    program     static C:\krobot\elec\boards\Controller_Motor\Firmware\lm629.c
                 __pa_150   0x0027fc    program     static C:\krobot\elec\boards\Controller_Motor\Firmware\lm629.c
                 __pa_151   0x00280a    program     static C:\krobot\elec\boards\Controller_Motor\Firmware\lm629.c
                 __pa_152   0x002810    program     static C:\krobot\elec\boards\Controller_Motor\Firmware\lm629.c
                 __pa_153   0x002816    program     static C:\krobot\elec\boards\Controller_Motor\Firmware\lm629.c
                  __pa_16   0x001f1e    program     static C:\krobot\elec\boards\Controller_Motor\Firmware\lm629.c
                  __pa_16   0x004976    program     static C:\krobot\elec\boards\Controller_Motor\Firmware\usb_device.c
                  __pa_17   0x001f26    program     static C:\krobot\elec\boards\Controller_Motor\Firmware\lm629.c
                  __pa_17   0x004980    program     static C:\krobot\elec\boards\Controller_Motor\Firmware\usb_device.c
                  __pa_18   0x001f2c    program     static C:\krobot\elec\boards\Controller_Motor\Firmware\lm629.c
                  __pa_18   0x00498c    program     static C:\krobot\elec\boards\Controller_Motor\Firmware\usb_device.c
                  __pa_19   0x004998    program     static C:\krobot\elec\boards\Controller_Motor\Firmware\usb_device.c
                  __pa_19   0x001f56    program     static C:\krobot\elec\boards\Controller_Motor\Firmware\lm629.c
                   __pa_2   0x005d10    program     static C:\krobot\elec\boards\Controller_Motor\Firmware\motor.c
                   __pa_2   0x001e4c    program     static C:\krobot\elec\boards\Controller_Motor\Firmware\lm629.c
                   __pa_2   0x005fc8    program     static C:\MCC18\src\traditional\stdclib\atan2.c
                   __pa_2   0x005526    program     static C:\MCC18\src\traditional\stdclib\atan.c
                   __pa_2   0x003f58    program     static C:\krobot\elec\boards\Controller_Motor\Firmware\main.c
                   __pa_2   0x0048c8    program     static C:\krobot\elec\boards\Controller_Motor\Firmware\usb_device.c
                   __pa_2   0x0059a6    program     static C:\MCC18\src\traditional\stdclib\sqrt.c
                   __pa_2   0x00631e    program     static C:\MCC18\src\traditional\stdclib\PackMath.c
                  __pa_20   0x0049a8    program     static C:\krobot\elec\boards\Controller_Motor\Firmware\usb_device.c
                  __pa_20   0x001f60    program     static C:\krobot\elec\boards\Controller_Motor\Firmware\lm629.c
                  __pa_21   0x0049b8    program     static C:\krobot\elec\boards\Controller_Motor\Firmware\usb_device.c
                  __pa_21   0x001f72    program     static C:\krobot\elec\boards\Controller_Motor\Firmware\lm629.c
                  __pa_22   0x001f94    program     static C:\krobot\elec\boards\Controller_Motor\Firmware\lm629.c
                  __pa_22   0x0049c8    program     static C:\krobot\elec\boards\Controller_Motor\Firmware\usb_device.c
                  __pa_23   0x001fa4    program     static C:\krobot\elec\boards\Controller_Motor\Firmware\lm629.c
                  __pa_23   0x0049d6    program     static C:\krobot\elec\boards\Controller_Motor\Firmware\usb_device.c
                  __pa_24   0x001fc4    program     static C:\krobot\elec\boards\Controller_Motor\Firmware\lm629.c
                  __pa_24   0x0049e4    program     static C:\krobot\elec\boards\Controller_Motor\Firmware\usb_device.c
                  __pa_25   0x001fde    program     static C:\krobot\elec\boards\Controller_Motor\Firmware\lm629.c
                  __pa_25   0x0049f2    program     static C:\krobot\elec\boards\Controller_Motor\Firmware\usb_device.c
                  __pa_26   0x004a00    program     static C:\krobot\elec\boards\Controller_Motor\Firmware\usb_device.c
                  __pa_26   0x001ff0    program     static C:\krobot\elec\boards\Controller_Motor\Firmware\lm629.c
                  __pa_27   0x002012    program     static C:\krobot\elec\boards\Controller_Motor\Firmware\lm629.c
                  __pa_27   0x004a0e    program     static C:\krobot\elec\boards\Controller_Motor\Firmware\usb_device.c
                  __pa_28   0x002028    program     static C:\krobot\elec\boards\Controller_Motor\Firmware\lm629.c
                  __pa_28   0x004a26    program     static C:\krobot\elec\boards\Controller_Motor\Firmware\usb_device.c
                  __pa_29   0x00203a    program     static C:\krobot\elec\boards\Controller_Motor\Firmware\lm629.c
                  __pa_29   0x004a42    program     static C:\krobot\elec\boards\Controller_Motor\Firmware\usb_device.c
                   __pa_3   0x001e5e    program     static C:\krobot\elec\boards\Controller_Motor\Firmware\lm629.c
                   __pa_3   0x005d1a    program     static C:\krobot\elec\boards\Controller_Motor\Firmware\motor.c
                   __pa_3   0x0048d2    program     static C:\krobot\elec\boards\Controller_Motor\Firmware\usb_device.c
                   __pa_3   0x005fd6    program     static C:\MCC18\src\traditional\stdclib\atan2.c
                   __pa_3   0x003f68    program     static C:\krobot\elec\boards\Controller_Motor\Firmware\main.c
                   __pa_3   0x0059c0    program     static C:\MCC18\src\traditional\stdclib\sqrt.c
                   __pa_3   0x006328    program     static C:\MCC18\src\traditional\stdclib\PackMath.c
                   __pa_3   0x00553a    program     static C:\MCC18\src\traditional\stdclib\atan.c
                  __pa_30   0x002044    program     static C:\krobot\elec\boards\Controller_Motor\Firmware\lm629.c
                  __pa_30   0x004a4c    program     static C:\krobot\elec\boards\Controller_Motor\Firmware\usb_device.c
                  __pa_31   0x00206c    program     static C:\krobot\elec\boards\Controller_Motor\Firmware\lm629.c
                  __pa_31   0x004a54    program     static C:\krobot\elec\boards\Controller_Motor\Firmware\usb_device.c
                  __pa_32   0x00207a    program     static C:\krobot\elec\boards\Controller_Motor\Firmware\lm629.c
                  __pa_32   0x004a66    program     static C:\krobot\elec\boards\Controller_Motor\Firmware\usb_device.c
                  __pa_33   0x004a70    program     static C:\krobot\elec\boards\Controller_Motor\Firmware\usb_device.c
                  __pa_33   0x002080    program     static C:\krobot\elec\boards\Controller_Motor\Firmware\lm629.c
                  __pa_34   0x00208e    program     static C:\krobot\elec\boards\Controller_Motor\Firmware\lm629.c
                  __pa_34   0x004a7a    program     static C:\krobot\elec\boards\Controller_Motor\Firmware\usb_device.c
                  __pa_35   0x004a84    program     static C:\krobot\elec\boards\Controller_Motor\Firmware\usb_device.c
                  __pa_35   0x002096    program     static C:\krobot\elec\boards\Controller_Motor\Firmware\lm629.c
                  __pa_36   0x004a94    program     static C:\krobot\elec\boards\Controller_Motor\Firmware\usb_device.c
                  __pa_36   0x0020a0    program     static C:\krobot\elec\boards\Controller_Motor\Firmware\lm629.c
                  __pa_37   0x004aa2    program     static C:\krobot\elec\boards\Controller_Motor\Firmware\usb_device.c
                  __pa_37   0x0020a8    program     static C:\krobot\elec\boards\Controller_Motor\Firmware\lm629.c
                  __pa_38   0x0020c8    program     static C:\krobot\elec\boards\Controller_Motor\Firmware\lm629.c
                  __pa_38   0x004aac    program     static C:\krobot\elec\boards\Controller_Motor\Firmware\usb_device.c
                  __pa_39   0x004ab6    program     static C:\krobot\elec\boards\Controller_Motor\Firmware\usb_device.c
                  __pa_39   0x0020d6    program     static C:\krobot\elec\boards\Controller_Motor\Firmware\lm629.c
                   __pa_4   0x00554e    program     static C:\MCC18\src\traditional\stdclib\atan.c
                   __pa_4   0x006336    program     static C:\MCC18\src\traditional\stdclib\PackMath.c
                   __pa_4   0x001e66    program     static C:\krobot\elec\boards\Controller_Motor\Firmware\lm629.c
                   __pa_4   0x0059d2    program     static C:\MCC18\src\traditional\stdclib\sqrt.c
                   __pa_4   0x003f76    program     static C:\krobot\elec\boards\Controller_Motor\Firmware\main.c
                   __pa_4   0x005d30    program     static C:\krobot\elec\boards\Controller_Motor\Firmware\motor.c
                   __pa_4   0x0048da    program     static C:\krobot\elec\boards\Controller_Motor\Firmware\usb_device.c
                  __pa_40   0x004abe    program     static C:\krobot\elec\boards\Controller_Motor\Firmware\usb_device.c
                  __pa_40   0x0020f8    program     static C:\krobot\elec\boards\Controller_Motor\Firmware\lm629.c
                  __pa_41   0x00211a    program     static C:\krobot\elec\boards\Controller_Motor\Firmware\lm629.c
                  __pa_41   0x004ac6    program     static C:\krobot\elec\boards\Controller_Motor\Firmware\usb_device.c
                  __pa_42   0x002120    program     static C:\krobot\elec\boards\Controller_Motor\Firmware\lm629.c
                  __pa_43   0x002126    program     static C:\krobot\elec\boards\Controller_Motor\Firmware\lm629.c
                  __pa_44   0x002144    program     static C:\krobot\elec\boards\Controller_Motor\Firmware\lm629.c
                  __pa_45   0x002156    program     static C:\krobot\elec\boards\Controller_Motor\Firmware\lm629.c
                  __pa_46   0x00215e    program     static C:\krobot\elec\boards\Controller_Motor\Firmware\lm629.c
                  __pa_47   0x00216a    program     static C:\krobot\elec\boards\Controller_Motor\Firmware\lm629.c
                  __pa_48   0x002184    program     static C:\krobot\elec\boards\Controller_Motor\Firmware\lm629.c
                  __pa_49   0x00219e    program     static C:\krobot\elec\boards\Controller_Motor\Firmware\lm629.c
                   __pa_5   0x0048e4    program     static C:\krobot\elec\boards\Controller_Motor\Firmware\usb_device.c
                   __pa_5   0x005560    program     static C:\MCC18\src\traditional\stdclib\atan.c
                   __pa_5   0x0059e4    program     static C:\MCC18\src\traditional\stdclib\sqrt.c
                   __pa_5   0x005d36    program     static C:\krobot\elec\boards\Controller_Motor\Firmware\motor.c
                   __pa_5   0x001e78    program     static C:\krobot\elec\boards\Controller_Motor\Firmware\lm629.c
                   __pa_5   0x00633e    program     static C:\MCC18\src\traditional\stdclib\PackMath.c
                  __pa_50   0x0021b8    program     static C:\krobot\elec\boards\Controller_Motor\Firmware\lm629.c
                  __pa_51   0x0021d2    program     static C:\krobot\elec\boards\Controller_Motor\Firmware\lm629.c
                  __pa_52   0x0021ec    program     static C:\krobot\elec\boards\Controller_Motor\Firmware\lm629.c
                  __pa_53   0x0021f4    program     static C:\krobot\elec\boards\Controller_Motor\Firmware\lm629.c
                  __pa_54   0x0021fa    program     static C:\krobot\elec\boards\Controller_Motor\Firmware\lm629.c
                  __pa_55   0x002204    program     static C:\krobot\elec\boards\Controller_Motor\Firmware\lm629.c
                  __pa_56   0x00220c    program     static C:\krobot\elec\boards\Controller_Motor\Firmware\lm629.c
                  __pa_57   0x002214    program     static C:\krobot\elec\boards\Controller_Motor\Firmware\lm629.c
                  __pa_58   0x002228    program     static C:\krobot\elec\boards\Controller_Motor\Firmware\lm629.c
                  __pa_59   0x002230    program     static C:\krobot\elec\boards\Controller_Motor\Firmware\lm629.c
                   __pa_6   0x0048ec    program     static C:\krobot\elec\boards\Controller_Motor\Firmware\usb_device.c
                   __pa_6   0x005d48    program     static C:\krobot\elec\boards\Controller_Motor\Firmware\motor.c
                   __pa_6   0x005578    program     static C:\MCC18\src\traditional\stdclib\atan.c
                   __pa_6   0x0059f6    program     static C:\MCC18\src\traditional\stdclib\sqrt.c
                   __pa_6   0x001e88    program     static C:\krobot\elec\boards\Controller_Motor\Firmware\lm629.c
                   __pa_6   0x006346    program     static C:\MCC18\src\traditional\stdclib\PackMath.c
                  __pa_60   0x002242    program     static C:\krobot\elec\boards\Controller_Motor\Firmware\lm629.c
                  __pa_61   0x00224e    program     static C:\krobot\elec\boards\Controller_Motor\Firmware\lm629.c
                  __pa_62   0x002258    program     static C:\krobot\elec\boards\Controller_Motor\Firmware\lm629.c
                  __pa_63   0x002262    program     static C:\krobot\elec\boards\Controller_Motor\Firmware\lm629.c
                  __pa_64   0x00226c    program     static C:\krobot\elec\boards\Controller_Motor\Firmware\lm629.c
                  __pa_65   0x002274    program     static C:\krobot\elec\boards\Controller_Motor\Firmware\lm629.c
                  __pa_66   0x002284    program     static C:\krobot\elec\boards\Controller_Motor\Firmware\lm629.c
                  __pa_67   0x00228e    program     static C:\krobot\elec\boards\Controller_Motor\Firmware\lm629.c
                  __pa_68   0x00229c    program     static C:\krobot\elec\boards\Controller_Motor\Firmware\lm629.c
                  __pa_69   0x0022aa    program     static C:\krobot\elec\boards\Controller_Motor\Firmware\lm629.c
                   __pa_7   0x001e9a    program     static C:\krobot\elec\boards\Controller_Motor\Firmware\lm629.c
                   __pa_7   0x0048f4    program     static C:\krobot\elec\boards\Controller_Motor\Firmware\usb_device.c
                   __pa_7   0x005d58    program     static C:\krobot\elec\boards\Controller_Motor\Firmware\motor.c
                   __pa_7   0x00558a    program     static C:\MCC18\src\traditional\stdclib\atan.c
                   __pa_7   0x005a04    program     static C:\MCC18\src\traditional\stdclib\sqrt.c
                  __pa_70   0x0022b4    program     static C:\krobot\elec\boards\Controller_Motor\Firmware\lm629.c
                  __pa_71   0x0022c2    program     static C:\krobot\elec\boards\Controller_Motor\Firmware\lm629.c
                  __pa_72   0x0022d0    program     static C:\krobot\elec\boards\Controller_Motor\Firmware\lm629.c
                  __pa_73   0x0022e0    program     static C:\krobot\elec\boards\Controller_Motor\Firmware\lm629.c
                  __pa_74   0x0022f2    program     static C:\krobot\elec\boards\Controller_Motor\Firmware\lm629.c
                  __pa_75   0x002328    program     static C:\krobot\elec\boards\Controller_Motor\Firmware\lm629.c
                  __pa_76   0x00236c    program     static C:\krobot\elec\boards\Controller_Motor\Firmware\lm629.c
                  __pa_77   0x002398    program     static C:\krobot\elec\boards\Controller_Motor\Firmware\lm629.c
                  __pa_78   0x0023d8    program     static C:\krobot\elec\boards\Controller_Motor\Firmware\lm629.c
                  __pa_79   0x0023fa    program     static C:\krobot\elec\boards\Controller_Motor\Firmware\lm629.c
                   __pa_8   0x0055a0    program     static C:\MCC18\src\traditional\stdclib\atan.c
                   __pa_8   0x005a0c    program     static C:\MCC18\src\traditional\stdclib\sqrt.c
                   __pa_8   0x0048fa    program     static C:\krobot\elec\boards\Controller_Motor\Firmware\usb_device.c
                   __pa_8   0x005d64    program     static C:\krobot\elec\boards\Controller_Motor\Firmware\motor.c
                   __pa_8   0x001eac    program     static C:\krobot\elec\boards\Controller_Motor\Firmware\lm629.c
                  __pa_80   0x002402    program     static C:\krobot\elec\boards\Controller_Motor\Firmware\lm629.c
                  __pa_81   0x002416    program     static C:\krobot\elec\boards\Controller_Motor\Firmware\lm629.c
                  __pa_82   0x00241e    program     static C:\krobot\elec\boards\Controller_Motor\Firmware\lm629.c
                  __pa_83   0x002426    program     static C:\krobot\elec\boards\Controller_Motor\Firmware\lm629.c
                  __pa_84   0x00243e    program     static C:\krobot\elec\boards\Controller_Motor\Firmware\lm629.c
                  __pa_85   0x002456    program     static C:\krobot\elec\boards\Controller_Motor\Firmware\lm629.c
                  __pa_86   0x002470    program     static C:\krobot\elec\boards\Controller_Motor\Firmware\lm629.c
                  __pa_87   0x00247a    program     static C:\krobot\elec\boards\Controller_Motor\Firmware\lm629.c
                  __pa_88   0x002484    program     static C:\krobot\elec\boards\Controller_Motor\Firmware\lm629.c
                  __pa_89   0x00248e    program     static C:\krobot\elec\boards\Controller_Motor\Firmware\lm629.c
                   __pa_9   0x001eb6    program     static C:\krobot\elec\boards\Controller_Motor\Firmware\lm629.c
                   __pa_9   0x004908    program     static C:\krobot\elec\boards\Controller_Motor\Firmware\usb_device.c
                   __pa_9   0x005d6e    program     static C:\krobot\elec\boards\Controller_Motor\Firmware\motor.c
                   __pa_9   0x0055aa    program     static C:\MCC18\src\traditional\stdclib\atan.c
                   __pa_9   0x005a16    program     static C:\MCC18\src\traditional\stdclib\sqrt.c
                  __pa_90   0x0024a8    program     static C:\krobot\elec\boards\Controller_Motor\Firmware\lm629.c
                  __pa_91   0x0024be    program     static C:\krobot\elec\boards\Controller_Motor\Firmware\lm629.c
                  __pa_92   0x0024c6    program     static C:\krobot\elec\boards\Controller_Motor\Firmware\lm629.c
                  __pa_93   0x0024cc    program     static C:\krobot\elec\boards\Controller_Motor\Firmware\lm629.c
                  __pa_94   0x0024e2    program     static C:\krobot\elec\boards\Controller_Motor\Firmware\lm629.c
                  __pa_95   0x0024ec    program     static C:\krobot\elec\boards\Controller_Motor\Firmware\lm629.c
                  __pa_96   0x0024f6    program     static C:\krobot\elec\boards\Controller_Motor\Firmware\lm629.c
                  __pa_97   0x002500    program     static C:\krobot\elec\boards\Controller_Motor\Firmware\lm629.c
                  __pa_98   0x002508    program     static C:\krobot\elec\boards\Controller_Motor\Firmware\lm629.c
                  __pa_99   0x00251a    program     static C:\krobot\elec\boards\Controller_Motor\Firmware\lm629.c
               __string_0   0x006747    program     static C:\krobot\elec\boards\Controller_Motor\Firmware\main.c
               __string_1   0x00673b    program     static C:\krobot\elec\boards\Controller_Motor\Firmware\main.c
               __string_2   0x006739    program     static C:\krobot\elec\boards\Controller_Motor\Firmware\main.c
               __string_3   0x006730    program     static C:\krobot\elec\boards\Controller_Motor\Firmware\main.c
               __string_4   0x00671c    program     static C:\krobot\elec\boards\Controller_Motor\Firmware\main.c
               __tmplbl_0   0x002a4a    program     static                          
               __tmplbl_1   0x002a44    program     static                          
              __tmplbl_10   0x000b34    program     static                          
              __tmplbl_10   0x003e86    program     static                          
              __tmplbl_11   0x003e90    program     static                          
              __tmplbl_11   0x000b30    program     static                          
              __tmplbl_12   0x000ce0    program     static                          
              __tmplbl_12   0x003e9a    program     static                          
              __tmplbl_13   0x000cd8    program     static                          
              __tmplbl_13   0x003ea4    program     static                          
              __tmplbl_14   0x003eae    program     static                          
              __tmplbl_14   0x000d1e    program     static                          
              __tmplbl_15   0x003eb8    program     static                          
              __tmplbl_15   0x000d1a    program     static                          
              __tmplbl_16   0x000d34    program     static                          
              __tmplbl_17   0x000d30    program     static                          
              __tmplbl_18   0x000e8c    program     static                          
              __tmplbl_19   0x000e84    program     static                          
               __tmplbl_2   0x002a7a    program     static                          
              __tmplbl_20   0x000ec8    program     static                          
              __tmplbl_20   0x0048ec    program     static                          
              __tmplbl_21   0x000ec4    program     static                          
              __tmplbl_22   0x000ede    program     static                          
              __tmplbl_23   0x000eda    program     static                          
              __tmplbl_26   0x0048ec    program     static                          
               __tmplbl_3   0x002a74    program     static                          
               __tmplbl_4   0x002ab2    program     static                          
               __tmplbl_4   0x0009fc    program     static                          
               __tmplbl_5   0x002a9e    program     static                          
               __tmplbl_5   0x0009f8    program     static                          
              __tmplbl_53   0x001efc    program     static                          
              __tmplbl_54   0x001efc    program     static                          
              __tmplbl_55   0x001efc    program     static                          
              __tmplbl_56   0x001efc    program     static                          
              __tmplbl_57   0x001efc    program     static                          
              __tmplbl_58   0x001efc    program     static                          
              __tmplbl_59   0x001efc    program     static                          
               __tmplbl_6   0x002b54    program     static                          
               __tmplbl_6   0x000a12    program     static                          
              __tmplbl_60   0x001efc    program     static                          
              __tmplbl_61   0x001efc    program     static                          
              __tmplbl_62   0x001efc    program     static                          
              __tmplbl_65   0x001efc    program     static                          
              __tmplbl_66   0x001efc    program     static                          
              __tmplbl_69   0x001efc    program     static                          
               __tmplbl_7   0x000a0e    program     static                          
               __tmplbl_7   0x002b4c    program     static                          
              __tmplbl_70   0x001efc    program     static                          
              __tmplbl_71   0x001efc    program     static                          
              __tmplbl_72   0x001efc    program     static                          
              __tmplbl_73   0x001efc    program     static                          
              __tmplbl_74   0x001efc    program     static                          
              __tmplbl_75   0x001efc    program     static                          
              __tmplbl_76   0x001efc    program     static                          
              __tmplbl_77   0x001efc    program     static                          
              __tmplbl_78   0x0024be    program     static                          
              __tmplbl_79   0x0024be    program     static                          
               __tmplbl_8   0x000b1e    program     static                          
               __tmplbl_8   0x003e70    program     static                          
               __tmplbl_9   0x003e7c    program     static                          
               __tmplbl_9   0x000b1a    program     static                          
            __zero_memory   0x006906    program     extern C:\MCC18\src\traditional\proc\p18F4550.asm
                _do_cinit   0x0064d2    program     extern C:\MCC18\src\traditional\startup\c018i.c
                   _entry   0x000000    program     extern C:\MCC18\src\traditional\startup\c018i.c
                   _reset   0x000800    program     extern C:\krobot\elec\boards\Controller_Motor\Firmware\main.c
                 _startup   0x0068a6    program     extern C:\MCC18\src\traditional\startup\c018i.c
                     atan   0x0050cc    program     extern C:\MCC18\src\traditional\stdclib\atan.c
                    atan2   0x005db0    program     extern C:\MCC18\src\traditional\stdclib\atan2.c
           changeVelocity   0x001304    program     extern C:\krobot\elec\boards\Controller_Motor\Firmware\lm629.c
      checkLM629Interrupt   0x00085c    program     extern C:\krobot\elec\boards\Controller_Motor\Firmware\lm629.c
               clear_loop   0x00690c    program     static C:\MCC18\src\traditional\proc\p18F4550.asm
        configDescriptor1   0x006432    program     extern C:\krobot\elec\boards\Controller_Motor\Firmware\usb_descriptors.c
                copy_loop   0x006544    program     static                          
            copy_one_byte   0x00654a    program     static                          
         dataBusDirection   0x000932    program     extern C:\krobot\elec\boards\Controller_Motor\Firmware\lm629.c
               device_dsc   0x006420    program     extern C:\krobot\elec\boards\Controller_Motor\Firmware\usb_descriptors.c
             disableMotor   0x005ce2    program     extern C:\krobot\elec\boards\Controller_Motor\Firmware\motor.c
                     done   0x00656e    program     static                          
             done_copying   0x006558    program     static                          
              enableMotor   0x005cd4    program     extern C:\krobot\elec\boards\Controller_Motor\Firmware\motor.c
                  endloop   0x0068a0    program     static                          
                    error   0x0067e6    program     extern C:\krobot\elec\boards\Controller_Motor\Firmware\error.c
                     fabs   0x0066b6    program     extern C:\MCC18\src\traditional\stdclib\fabs.c
       getDesiredPosition   0x001444    program     extern C:\krobot\elec\boards\Controller_Motor\Firmware\lm629.c
       getDesiredVelocity   0x0014d0    program     extern C:\krobot\elec\boards\Controller_Motor\Firmware\lm629.c
        getIntegrationSum   0x001568    program     extern C:\krobot\elec\boards\Controller_Motor\Firmware\lm629.c
                 getIsens   0x005b72    program     extern C:\krobot\elec\boards\Controller_Motor\Firmware\motor.c
          getRealPosition   0x00148a    program     extern C:\krobot\elec\boards\Controller_Motor\Firmware\lm629.c
          getRealVelocity   0x001516    program     extern C:\krobot\elec\boards\Controller_Motor\Firmware\lm629.c
                getRelPos   0x0015c6    program     extern C:\krobot\elec\boards\Controller_Motor\Firmware\lm629.c
                     goTo   0x001980    program     extern C:\krobot\elec\boards\Controller_Motor\Firmware\lm629.c
                hid_rpt01   0x0064ad    program     extern C:\krobot\elec\boards\Controller_Motor\Firmware\usb_descriptors.c
                   initLM   0x001016    program     extern C:\krobot\elec\boards\Controller_Motor\Firmware\lm629.c
                  initLMs   0x0010d6    program     extern C:\krobot\elec\boards\Controller_Motor\Firmware\lm629.c
           interruptMotor   0x005a26    program     extern C:\krobot\elec\boards\Controller_Motor\Firmware\motor.c
           isTrajComplete   0x001dea    program     extern C:\krobot\elec\boards\Controller_Motor\Firmware\lm629.c
            isTrajEngaged   0x001e06    program     extern C:\krobot\elec\boards\Controller_Motor\Firmware\lm629.c
                 jANotInf   0x004b56    program     static C:\MCC18\src\traditional\math\addFP.asm
                 jANotInf   0x004d1e    program     static C:\MCC18\src\traditional\math\mulFP.asm
                 jANotInf   0x004c78    program     static C:\MCC18\src\traditional\math\divFP.asm
                 jANotNeg   0x004bea    program     static C:\MCC18\src\traditional\math\addFP.asm
                jANotZero   0x004c8c    program     static C:\MCC18\src\traditional\math\divFP.asm
              jAandWsetup   0x004bba    program     static C:\MCC18\src\traditional\math\addFP.asm
                  jAisNeg   0x004f34    program     static C:\MCC18\src\traditional\math\compFP.asm
                 jAltBexp   0x004ba8    program     static C:\MCC18\src\traditional\math\addFP.asm
                jBANotInf   0x004b4c    program     static C:\MCC18\src\traditional\math\addFP.asm
                 jBNotInf   0x004b64    program     static C:\MCC18\src\traditional\math\addFP.asm
              jBothFinite   0x004d2c    program     static C:\MCC18\src\traditional\math\mulFP.asm
             jBothNotZero   0x004ed6    program     static C:\MCC18\src\traditional\math\compFP.asm
             jBothNotZero   0x004d38    program     static C:\MCC18\src\traditional\math\mulFP.asm
            jDifOrPosSign   0x004b78    program     static C:\MCC18\src\traditional\math\addFP.asm
                      jEQ   0x004ef2    program     static C:\MCC18\src\traditional\math\compFP.asm
                     jEnd   0x006648    program     static C:\MCC18\src\traditional\stdclib\scatp2r.asm
                     jEnd   0x006610    program     static C:\MCC18\src\traditional\stdclib\memset.asm
                    jExch   0x004efe    program     static C:\MCC18\src\traditional\math\compFP.asm
                    jExit   0x004e36    program     static C:\MCC18\src\traditional\math\castFP16.asm
                    jExit   0x004ea4    program     static C:\MCC18\src\traditional\math\castFP32.asm
                   jExpEQ   0x004f44    program     static C:\MCC18\src\traditional\math\compFP.asm
                   jFinal   0x004f28    program     static C:\MCC18\src\traditional\math\compFP.asm
               jFinalSign   0x004c52    program     static C:\MCC18\src\traditional\math\addFP.asm
                jHaveZero   0x004d34    program     static C:\MCC18\src\traditional\math\mulFP.asm
                jI2F16Beg   0x004ae0    program     static C:\MCC18\src\traditional\math\cast16FP.asm
                jI2F32Beg   0x004b12    program     static C:\MCC18\src\traditional\math\cast32FP.asm
                    jLoop   0x00663e    program     static C:\MCC18\src\traditional\stdclib\scatp2r.asm
                    jLoop   0x0065f2    program     static C:\MCC18\src\traditional\stdclib\memset.asm
                    jLoop   0x004cb4    program     static C:\MCC18\src\traditional\math\divFP.asm
                    jLoop   0x004e78    program     static C:\MCC18\src\traditional\math\castFP32.asm
                    jLoop   0x004e16    program     static C:\MCC18\src\traditional\math\castFP16.asm
                jLoopExit   0x004e8c    program     static C:\MCC18\src\traditional\math\castFP32.asm
                jLoopExit   0x004e26    program     static C:\MCC18\src\traditional\math\castFP16.asm
                     jMax   0x004e48    program     static C:\MCC18\src\traditional\math\castFP32.asm
                     jMax   0x004dea    program     static C:\MCC18\src\traditional\math\castFP16.asm
                  jMaxNeg   0x004df8    program     static C:\MCC18\src\traditional\math\castFP16.asm
                  jMaxNeg   0x004e5a    program     static C:\MCC18\src\traditional\math\castFP32.asm
                  jMaxPos   0x004dee    program     static C:\MCC18\src\traditional\math\castFP16.asm
                  jMaxPos   0x004e4c    program     static C:\MCC18\src\traditional\math\castFP32.asm
                      jNE   0x004ef6    program     static C:\MCC18\src\traditional\math\compFP.asm
                    jNext   0x004cda    program     static C:\MCC18\src\traditional\math\divFP.asm
                jNoAdjust   0x004cd8    program     static C:\MCC18\src\traditional\math\divFP.asm
                  jNoExch   0x004f1e    program     static C:\MCC18\src\traditional\math\compFP.asm
             jNotBothZero   0x004b7c    program     static C:\MCC18\src\traditional\math\addFP.asm
                  jNotInf   0x004e06    program     static C:\MCC18\src\traditional\math\castFP16.asm
                  jNotInf   0x004e66    program     static C:\MCC18\src\traditional\math\castFP32.asm
                jNullLoop   0x006638    program     static C:\MCC18\src\traditional\stdclib\scatp2r.asm
                  jPkLoop   0x004fa8    program     static C:\MCC18\src\traditional\math\packFP.asm
             jPkRoundDone   0x004ff2    program     static C:\MCC18\src\traditional\math\packFP.asm
               jPkRoundIt   0x004fda    program     static C:\MCC18\src\traditional\math\packFP.asm
             jPkShiftDone   0x004fc4    program     static C:\MCC18\src\traditional\math\packFP.asm
           jReturnPosInf0   0x004f7e    program     static C:\MCC18\src\traditional\math\packFP.asm
                  jRotate   0x004f50    program     static C:\MCC18\src\traditional\math\compFP.asm
                   jShift   0x004f3a    program     static C:\MCC18\src\traditional\math\compFP.asm
               jShiftDone   0x004c12    program     static C:\MCC18\src\traditional\math\addFP.asm
               jShiftLoop   0x004c04    program     static C:\MCC18\src\traditional\math\addFP.asm
                jSignDone   0x004c42    program     static C:\MCC18\src\traditional\math\addFP.asm
              jSignedZero   0x004c82    program     static C:\MCC18\src\traditional\math\divFP.asm
                 jSignsEQ   0x004eda    program     static C:\MCC18\src\traditional\math\compFP.asm
                  jUnpkA1   0x00501c    program     static C:\MCC18\src\traditional\math\UnpackFP.asm
                  jUnpkA2   0x005034    program     static C:\MCC18\src\traditional\math\UnpackFP.asm
                 jUnpkANZ   0x00502a    program     static C:\MCC18\src\traditional\math\UnpackFP.asm
                  jUnpkB1   0x00504c    program     static C:\MCC18\src\traditional\math\UnpackFP.asm
                  jUnpkB2   0x005064    program     static C:\MCC18\src\traditional\math\UnpackFP.asm
                 jUnpkBNZ   0x00505a    program     static C:\MCC18\src\traditional\math\UnpackFP.asm
                 jUnpkNaN   0x00503e    program     static C:\MCC18\src\traditional\math\UnpackFP.asm
                 jWNotNeg   0x004bfe    program     static C:\MCC18\src\traditional\math\addFP.asm
                   jWr123   0x004e52    program     static C:\MCC18\src\traditional\math\castFP32.asm
                  jWrZ123   0x004e62    program     static C:\MCC18\src\traditional\math\castFP32.asm
                    jZero   0x004e00    program     static C:\MCC18\src\traditional\math\castFP16.asm
[...]
                    UEP13   0x000f7d       data     extern C:\MCC18\src\traditional\proc\p18F4550.asm
                UEP13bits   0x000f7d       data     extern C:\MCC18\src\traditional\proc\p18F4550.asm
                    UEP14   0x000f7e       data     extern C:\MCC18\src\traditional\proc\p18F4550.asm
                UEP14bits   0x000f7e       data     extern C:\MCC18\src\traditional\proc\p18F4550.asm
                    UEP15   0x000f7f       data     extern C:\MCC18\src\traditional\proc\p18F4550.asm
                UEP15bits   0x000f7f       data     extern C:\MCC18\src\traditional\proc\p18F4550.asm
                    PORTA   0x000f80       data     extern C:\MCC18\src\traditional\proc\p18F4550.asm
                PORTAbits   0x000f80       data     extern C:\MCC18\src\traditional\proc\p18F4550.asm
                PORTBbits   0x000f81       data     extern C:\MCC18\src\traditional\proc\p18F4550.asm
                    PORTB   0x000f81       data     extern C:\MCC18\src\traditional\proc\p18F4550.asm
                PORTCbits   0x000f82       data     extern C:\MCC18\src\traditional\proc\p18F4550.asm
                    PORTC   0x000f82       data     extern C:\MCC18\src\traditional\proc\p18F4550.asm
                PORTDbits   0x000f83       data     extern C:\MCC18\src\traditional\proc\p18F4550.asm
                    PORTD   0x000f83       data     extern C:\MCC18\src\traditional\proc\p18F4550.asm
                PORTEbits   0x000f84       data     extern C:\MCC18\src\traditional\proc\p18F4550.asm
                    PORTE   0x000f84       data     extern C:\MCC18\src\traditional\proc\p18F4550.asm
                 LATAbits   0x000f89       data     extern C:\MCC18\src\traditional\proc\p18F4550.asm
                     LATA   0x000f89       data     extern C:\MCC18\src\traditional\proc\p18F4550.asm
                 LATBbits   0x000f8a       data     extern C:\MCC18\src\traditional\proc\p18F4550.asm
                     LATB   0x000f8a       data     extern C:\MCC18\src\traditional\proc\p18F4550.asm
                 LATCbits   0x000f8b       data     extern C:\MCC18\src\traditional\proc\p18F4550.asm
                     LATC   0x000f8b       data     extern C:\MCC18\src\traditional\proc\p18F4550.asm
                     LATD   0x000f8c       data     extern C:\MCC18\src\traditional\proc\p18F4550.asm
                 LATDbits   0x000f8c       data     extern C:\MCC18\src\traditional\proc\p18F4550.asm
                 LATEbits   0x000f8d       data     extern C:\MCC18\src\traditional\proc\p18F4550.asm
                     LATE   0x000f8d       data     extern C:\MCC18\src\traditional\proc\p18F4550.asm
                TRISAbits   0x000f92       data     extern C:\MCC18\src\traditional\proc\p18F4550.asm
                    TRISA   0x000f92       data     extern C:\MCC18\src\traditional\proc\p18F4550.asm
                     DDRA   0x000f92       data     extern C:\MCC18\src\traditional\proc\p18F4550.asm
                 DDRAbits   0x000f92       data     extern C:\MCC18\src\traditional\proc\p18F4550.asm
                TRISBbits   0x000f93       data     extern C:\MCC18\src\traditional\proc\p18F4550.asm
                    TRISB   0x000f93       data     extern C:\MCC18\src\traditional\proc\p18F4550.asm
                     DDRB   0x000f93       data     extern C:\MCC18\src\traditional\proc\p18F4550.asm
                 DDRBbits   0x000f93       data     extern C:\MCC18\src\traditional\proc\p18F4550.asm
                TRISCbits   0x000f94       data     extern C:\MCC18\src\traditional\proc\p18F4550.asm
                    TRISC   0x000f94       data     extern C:\MCC18\src\traditional\proc\p18F4550.asm
                     DDRC   0x000f94       data     extern C:\MCC18\src\traditional\proc\p18F4550.asm
                 DDRCbits   0x000f94       data     extern C:\MCC18\src\traditional\proc\p18F4550.asm
                TRISDbits   0x000f95       data     extern C:\MCC18\src\traditional\proc\p18F4550.asm
                    TRISD   0x000f95       data     extern C:\MCC18\src\traditional\proc\p18F4550.asm
                     DDRD   0x000f95       data     extern C:\MCC18\src\traditional\proc\p18F4550.asm
                 DDRDbits   0x000f95       data     extern C:\MCC18\src\traditional\proc\p18F4550.asm
                TRISEbits   0x000f96       data     extern C:\MCC18\src\traditional\proc\p18F4550.asm
                    TRISE   0x000f96       data     extern C:\MCC18\src\traditional\proc\p18F4550.asm
                     DDRE   0x000f96       data     extern C:\MCC18\src\traditional\proc\p18F4550.asm
                 DDREbits   0x000f96       data     extern C:\MCC18\src\traditional\proc\p18F4550.asm
                  OSCTUNE   0x000f9b       data     extern C:\MCC18\src\traditional\proc\p18F4550.asm
              OSCTUNEbits   0x000f9b       data     extern C:\MCC18\src\traditional\proc\p18F4550.asm
                     PIE1   0x000f9d       data     extern C:\MCC18\src\traditional\proc\p18F4550.asm
                 PIE1bits   0x000f9d       data     extern C:\MCC18\src\traditional\proc\p18F4550.asm
                 PIR1bits   0x000f9e       data     extern C:\MCC18\src\traditional\proc\p18F4550.asm
                     PIR1   0x000f9e       data     extern C:\MCC18\src\traditional\proc\p18F4550.asm
                     IPR1   0x000f9f       data     extern C:\MCC18\src\traditional\proc\p18F4550.asm
                 IPR1bits   0x000f9f       data     extern C:\MCC18\src\traditional\proc\p18F4550.asm
                 PIE2bits   0x000fa0       data     extern C:\MCC18\src\traditional\proc\p18F4550.asm
                     PIE2   0x000fa0       data     extern C:\MCC18\src\traditional\proc\p18F4550.asm
                     PIR2   0x000fa1       data     extern C:\MCC18\src\traditional\proc\p18F4550.asm
                 PIR2bits   0x000fa1       data     extern C:\MCC18\src\traditional\proc\p18F4550.asm
                 IPR2bits   0x000fa2       data     extern C:\MCC18\src\traditional\proc\p18F4550.asm
                     IPR2   0x000fa2       data     extern C:\MCC18\src\traditional\proc\p18F4550.asm
               EECON1bits   0x000fa6       data     extern C:\MCC18\src\traditional\proc\p18F4550.asm
                   EECON1   0x000fa6       data     extern C:\MCC18\src\traditional\proc\p18F4550.asm
                   EECON2   0x000fa7       data     extern C:\MCC18\src\traditional\proc\p18F4550.asm
                   EEDATA   0x000fa8       data     extern C:\MCC18\src\traditional\proc\p18F4550.asm
                    EEADR   0x000fa9       data     extern C:\MCC18\src\traditional\proc\p18F4550.asm
                    RCSTA   0x000fab       data     extern C:\MCC18\src\traditional\proc\p18F4550.asm
                RCSTAbits   0x000fab       data     extern C:\MCC18\src\traditional\proc\p18F4550.asm
                TXSTAbits   0x000fac       data     extern C:\MCC18\src\traditional\proc\p18F4550.asm
                    TXSTA   0x000fac       data     extern C:\MCC18\src\traditional\proc\p18F4550.asm
                    TXREG   0x000fad       data     extern C:\MCC18\src\traditional\proc\p18F4550.asm
                    RCREG   0x000fae       data     extern C:\MCC18\src\traditional\proc\p18F4550.asm
                    SPBRG   0x000faf       data     extern C:\MCC18\src\traditional\proc\p18F4550.asm
                   SPBRGH   0x000fb0       data     extern C:\MCC18\src\traditional\proc\p18F4550.asm
                T3CONbits   0x000fb1       data     extern C:\MCC18\src\traditional\proc\p18F4550.asm
                    T3CON   0x000fb1       data     extern C:\MCC18\src\traditional\proc\p18F4550.asm
                    TMR3L   0x000fb2       data     extern C:\MCC18\src\traditional\proc\p18F4550.asm
                    TMR3H   0x000fb3       data     extern C:\MCC18\src\traditional\proc\p18F4550.asm
                    CMCON   0x000fb4       data     extern C:\MCC18\src\traditional\proc\p18F4550.asm
                CMCONbits   0x000fb4       data     extern C:\MCC18\src\traditional\proc\p18F4550.asm
               CVRCONbits   0x000fb5       data     extern C:\MCC18\src\traditional\proc\p18F4550.asm
                   CVRCON   0x000fb5       data     extern C:\MCC18\src\traditional\proc\p18F4550.asm
                   CCP1AS   0x000fb6       data     extern C:\MCC18\src\traditional\proc\p18F4550.asm
              ECCP1ASbits   0x000fb6       data     extern C:\MCC18\src\traditional\proc\p18F4550.asm
                  ECCP1AS   0x000fb6       data     extern C:\MCC18\src\traditional\proc\p18F4550.asm
               CCP1ASbits   0x000fb6       data     extern C:\MCC18\src\traditional\proc\p18F4550.asm
             ECCP1DELbits   0x000fb7       data     extern C:\MCC18\src\traditional\proc\p18F4550.asm
                 ECCP1DEL   0x000fb7       data     extern C:\MCC18\src\traditional\proc\p18F4550.asm
              CCP1DELbits   0x000fb7       data     extern C:\MCC18\src\traditional\proc\p18F4550.asm
                  CCP1DEL   0x000fb7       data     extern C:\MCC18\src\traditional\proc\p18F4550.asm
              BAUDCONbits   0x000fb8       data     extern C:\MCC18\src\traditional\proc\p18F4550.asm
                  BAUDCON   0x000fb8       data     extern C:\MCC18\src\traditional\proc\p18F4550.asm
                  CCP2CON   0x000fba       data     extern C:\MCC18\src\traditional\proc\p18F4550.asm
              CCP2CONbits   0x000fba       data     extern C:\MCC18\src\traditional\proc\p18F4550.asm
                    CCPR2   0x000fbb       data     extern C:\MCC18\src\traditional\proc\p18F4550.asm
                   CCPR2L   0x000fbb       data     extern C:\MCC18\src\traditional\proc\p18F4550.asm
                   CCPR2H   0x000fbc       data     extern C:\MCC18\src\traditional\proc\p18F4550.asm
                  CCP1CON   0x000fbd       data     extern C:\MCC18\src\traditional\proc\p18F4550.asm
              CCP1CONbits   0x000fbd       data     extern C:\MCC18\src\traditional\proc\p18F4550.asm
                 ECCP1CON   0x000fbd       data     extern C:\MCC18\src\traditional\proc\p18F4550.asm
             ECCP1CONbits   0x000fbd       data     extern C:\MCC18\src\traditional\proc\p18F4550.asm
                    CCPR1   0x000fbe       data     extern C:\MCC18\src\traditional\proc\p18F4550.asm
                   CCPR1L   0x000fbe       data     extern C:\MCC18\src\traditional\proc\p18F4550.asm
                   CCPR1H   0x000fbf       data     extern C:\MCC18\src\traditional\proc\p18F4550.asm
               ADCON2bits   0x000fc0       data     extern C:\MCC18\src\traditional\proc\p18F4550.asm
                   ADCON2   0x000fc0       data     extern C:\MCC18\src\traditional\proc\p18F4550.asm
               ADCON1bits   0x000fc1       data     extern C:\MCC18\src\traditional\proc\p18F4550.asm
                   ADCON1   0x000fc1       data     extern C:\MCC18\src\traditional\proc\p18F4550.asm
                   ADCON0   0x000fc2       data     extern C:\MCC18\src\traditional\proc\p18F4550.asm
               ADCON0bits   0x000fc2       data     extern C:\MCC18\src\traditional\proc\p18F4550.asm
                    ADRES   0x000fc3       data     extern C:\MCC18\src\traditional\proc\p18F4550.asm
                   ADRESL   0x000fc3       data     extern C:\MCC18\src\traditional\proc\p18F4550.asm
                   ADRESH   0x000fc4       data     extern C:\MCC18\src\traditional\proc\p18F4550.asm
                  SSPCON2   0x000fc5       data     extern C:\MCC18\src\traditional\proc\p18F4550.asm
              SSPCON2bits   0x000fc5       data     extern C:\MCC18\src\traditional\proc\p18F4550.asm
                  SSPCON1   0x000fc6       data     extern C:\MCC18\src\traditional\proc\p18F4550.asm
              SSPCON1bits   0x000fc6       data     extern C:\MCC18\src\traditional\proc\p18F4550.asm
                  SSPSTAT   0x000fc7       data     extern C:\MCC18\src\traditional\proc\p18F4550.asm
              SSPSTATbits   0x000fc7       data     extern C:\MCC18\src\traditional\proc\p18F4550.asm
                   SSPADD   0x000fc8       data     extern C:\MCC18\src\traditional\proc\p18F4550.asm
                   SSPBUF   0x000fc9       data     extern C:\MCC18\src\traditional\proc\p18F4550.asm
                    T2CON   0x000fca       data     extern C:\MCC18\src\traditional\proc\p18F4550.asm
                T2CONbits   0x000fca       data     extern C:\MCC18\src\traditional\proc\p18F4550.asm
                      PR2   0x000fcb       data     extern C:\MCC18\src\traditional\proc\p18F4550.asm
                     TMR2   0x000fcc       data     extern C:\MCC18\src\traditional\proc\p18F4550.asm
                T1CONbits   0x000fcd       data     extern C:\MCC18\src\traditional\proc\p18F4550.asm
                    T1CON   0x000fcd       data     extern C:\MCC18\src\traditional\proc\p18F4550.asm
                    TMR1L   0x000fce       data     extern C:\MCC18\src\traditional\proc\p18F4550.asm
                    TMR1H   0x000fcf       data     extern C:\MCC18\src\traditional\proc\p18F4550.asm
                     RCON   0x000fd0       data     extern C:\MCC18\src\traditional\proc\p18F4550.asm
                 RCONbits   0x000fd0       data     extern C:\MCC18\src\traditional\proc\p18F4550.asm
               WDTCONbits   0x000fd1       data     extern C:\MCC18\src\traditional\proc\p18F4550.asm
                   WDTCON   0x000fd1       data     extern C:\MCC18\src\traditional\proc\p18F4550.asm
                  HLVDCON   0x000fd2       data     extern C:\MCC18\src\traditional\proc\p18F4550.asm
              HLVDCONbits   0x000fd2       data     extern C:\MCC18\src\traditional\proc\p18F4550.asm
                   LVDCON   0x000fd2       data     extern C:\MCC18\src\traditional\proc\p18F4550.asm
               LVDCONbits   0x000fd2       data     extern C:\MCC18\src\traditional\proc\p18F4550.asm
               OSCCONbits   0x000fd3       data     extern C:\MCC18\src\traditional\proc\p18F4550.asm
                   OSCCON   0x000fd3       data     extern C:\MCC18\src\traditional\proc\p18F4550.asm
                T0CONbits   0x000fd5       data     extern C:\MCC18\src\traditional\proc\p18F4550.asm
                    T0CON   0x000fd5       data     extern C:\MCC18\src\traditional\proc\p18F4550.asm
                    TMR0L   0x000fd6       data     extern C:\MCC18\src\traditional\proc\p18F4550.asm
                    TMR0H   0x000fd7       data     extern C:\MCC18\src\traditional\proc\p18F4550.asm
                   STATUS   0x000fd8       data     extern C:\MCC18\src\traditional\proc\p18F4550.asm
               STATUSbits   0x000fd8       data     extern C:\MCC18\src\traditional\proc\p18F4550.asm
                     FSR2   0x000fd9       data     extern C:\MCC18\src\traditional\proc\p18F4550.asm
                    FSR2L   0x000fd9       data     extern C:\MCC18\src\traditional\proc\p18F4550.asm
                    FSR2H   0x000fda       data     extern C:\MCC18\src\traditional\proc\p18F4550.asm
                   PLUSW2   0x000fdb       data     extern C:\MCC18\src\traditional\proc\p18F4550.asm
                  PREINC2   0x000fdc       data     extern C:\MCC18\src\traditional\proc\p18F4550.asm
                 POSTDEC2   0x000fdd       data     extern C:\MCC18\src\traditional\proc\p18F4550.asm
                 POSTINC2   0x000fde       data     extern C:\MCC18\src\traditional\proc\p18F4550.asm
                    INDF2   0x000fdf       data     extern C:\MCC18\src\traditional\proc\p18F4550.asm
                      BSR   0x000fe0       data     extern C:\MCC18\src\traditional\proc\p18F4550.asm
                     FSR1   0x000fe1       data     extern C:\MCC18\src\traditional\proc\p18F4550.asm
                    FSR1L   0x000fe1       data     extern C:\MCC18\src\traditional\proc\p18F4550.asm
                    FSR1H   0x000fe2       data     extern C:\MCC18\src\traditional\proc\p18F4550.asm
                   PLUSW1   0x000fe3       data     extern C:\MCC18\src\traditional\proc\p18F4550.asm
                  PREINC1   0x000fe4       data     extern C:\MCC18\src\traditional\proc\p18F4550.asm
                 POSTDEC1   0x000fe5       data     extern C:\MCC18\src\traditional\proc\p18F4550.asm
                 POSTINC1   0x000fe6       data     extern C:\MCC18\src\traditional\proc\p18F4550.asm
                    INDF1   0x000fe7       data     extern C:\MCC18\src\traditional\proc\p18F4550.asm
                     WREG   0x000fe8       data     extern C:\MCC18\src\traditional\proc\p18F4550.asm
                    FSR0L   0x000fe9       data     extern C:\MCC18\src\traditional\proc\p18F4550.asm
                     FSR0   0x000fe9       data     extern C:\MCC18\src\traditional\proc\p18F4550.asm
                    FSR0H   0x000fea       data     extern C:\MCC18\src\traditional\proc\p18F4550.asm
                   PLUSW0   0x000feb       data     extern C:\MCC18\src\traditional\proc\p18F4550.asm
                  PREINC0   0x000fec       data     extern C:\MCC18\src\traditional\proc\p18F4550.asm
                 POSTDEC0   0x000fed       data     extern C:\MCC18\src\traditional\proc\p18F4550.asm
                 POSTINC0   0x000fee       data     extern C:\MCC18\src\traditional\proc\p18F4550.asm
                    INDF0   0x000fef       data     extern C:\MCC18\src\traditional\proc\p18F4550.asm
              INTCON3bits   0x000ff0       data     extern C:\MCC18\src\traditional\proc\p18F4550.asm
                  INTCON3   0x000ff0       data     extern C:\MCC18\src\traditional\proc\p18F4550.asm
              INTCON2bits   0x000ff1       data     extern C:\MCC18\src\traditional\proc\p18F4550.asm
                  INTCON2   0x000ff1       data     extern C:\MCC18\src\traditional\proc\p18F4550.asm
               INTCONbits   0x000ff2       data     extern C:\MCC18\src\traditional\proc\p18F4550.asm
                   INTCON   0x000ff2       data     extern C:\MCC18\src\traditional\proc\p18F4550.asm
                     PROD   0x000ff3       data     extern C:\MCC18\src\traditional\proc\p18F4550.asm
                    PRODL   0x000ff3       data     extern C:\MCC18\src\traditional\proc\p18F4550.asm
                    PRODH   0x000ff4       data     extern C:\MCC18\src\traditional\proc\p18F4550.asm
                   TABLAT   0x000ff5       data     extern C:\MCC18\src\traditional\proc\p18F4550.asm
                  TBLPTRL   0x000ff6       data     extern C:\MCC18\src\traditional\proc\p18F4550.asm
                   TBLPTR   0x000ff6       data     extern C:\MCC18\src\traditional\proc\p18F4550.asm
                  TBLPTRH   0x000ff7       data     extern C:\MCC18\src\traditional\proc\p18F4550.asm
                  TBLPTRU   0x000ff8       data     extern C:\MCC18\src\traditional\proc\p18F4550.asm
                       PC   0x000ff9       data     extern C:\MCC18\src\traditional\proc\p18F4550.asm
                      PCL   0x000ff9       data     extern C:\MCC18\src\traditional\proc\p18F4550.asm
                   PCLATH   0x000ffa       data     extern C:\MCC18\src\traditional\proc\p18F4550.asm
                   PCLATU   0x000ffb       data     extern C:\MCC18\src\traditional\proc\p18F4550.asm
                   STKPTR   0x000ffc       data     extern C:\MCC18\src\traditional\proc\p18F4550.asm
               STKPTRbits   0x000ffc       data     extern C:\MCC18\src\traditional\proc\p18F4550.asm
                      TOS   0x000ffd       data     extern C:\MCC18\src\traditional\proc\p18F4550.asm
                     TOSL   0x000ffd       data     extern C:\MCC18\src\traditional\proc\p18F4550.asm
                     TOSH   0x000ffe       data     extern C:\MCC18\src\traditional\proc\p18F4550.asm
                     TOSU   0x000fff       data     extern C:\MCC18\src\traditional\proc\p18F4550.asm


