<area shape="rect" href="$main_8c.html#42a6b0f3c41a4e5e1722aca3c3a4b4b5" title="PRIVATE PROTOTYPES." alt="" coords="153,5,287,35">
<area shape="rect" href="$rangefinder_8c.html#6af556b86bdcad857be2fbe2599bcde4" title="Fonction de calibration semi&#45;automatique d&#39;un télémètre." alt="" coords="179,160,261,189">
<area shape="rect" href="$rangefinder_8c.html#905b1f6dd68931ac8abb5db4dac699bd" title="Donne la distance mesurée pour un télémètre." alt="" coords="339,61,483,91">
<area shape="rect" href="$rangefinder_8c.html#7782486c96b2ff62dab69f99636a861e" title="Mesure une distance sur un télémètre." alt="" coords="337,117,484,147">
<area shape="rect" href="$eeprom_8c.html#23c79775828a6c484c66ba66b42ca847" title="Lit dans l&#39;EEPROM du PIC." alt="" coords="347,176,475,205">
<area shape="rect" href="$eeprom_8c.html#fd48dcf153304aa7a2726ca1b717ab14" title="Ecrit dans l&#39;EEPROM du PIC." alt="" coords="345,240,476,269">
<area shape="rect" href="$rangefinder_8c.html#438675a7ef66fd328e56e27a7bff362f" title="Sélection d&#39;un télémètre." alt="" coords="533,91,685,120">
<area shape="rect" href="$rangefinder_8c.html#6d00149bf7ccb02aed245c211ce25826" title="Envoie une impulsion ultrason." alt="" coords="561,144,657,173">
