<area shape="rect" href="$usb__device_8h.html#a1730f3cc119bd8eb04d9b55ebed56e6" title="When SETUP packets arrive from the host, some firmware must process the request and..." alt="" coords="267,165,459,195">
<area shape="rect" href="$usb__device_8h.html#6d12a2e760ab2e6dc50498a76e3cfcc4" title="USBCheckStdRequest" alt="" coords="271,299,455,328">
<area shape="rect" href="$usb__device_8h.html#0913bb6b0a880a6e29d58c88c3c1e730" title="USBCtrlEPServiceComplete" alt="" coords="251,405,475,435">
<area shape="rect" href="$usb__function__hid_8h.html#5e0b02add954ecf19bcdef679a58988b" title="Section: PUBLIC PROTOTYPES." alt="" coords="540,59,727,88">
<area shape="rect" href="$usb__function__hid_8c.html#fb60fd12cb265cc70fd3b2d11802cd09" title="PRIVATE PROTOTYPES." alt="" coords="817,5,996,35">
<area shape="rect" href="$usb__function__hid_8c.html#6d8be1c6f7f1a3ffb6c3b56ae1f067a6" title="HIDSetReportHandler" alt="" coords="819,59,995,88">
<area shape="rect" href="$usb__device_8h.html#85c176c4ca674eb30b43b414f6a66260" title="The USBCBStdSetDscHandler() callback function is called when a SETUP, bRequest: SET_DESCRIPTOR..." alt="" coords="528,192,739,221">
<area shape="rect" href="$usb__device_8h.html#109b75c6ceba7a1ac93ac8653dae6405" title="USBStdFeatureReqHandler" alt="" coords="524,245,743,275">
<area shape="rect" href="$usb__device_8h.html#05d1ee4a1e4a8c8af6fb4816eba0a591" title="USBStdGetDscHandler" alt="" coords="540,299,727,328">
<area shape="rect" href="$usb__device_8h.html#07599ba7765be64baabac4e86cdb5358" title="USBStdGetStatusHandler" alt="" coords="532,352,735,381">
<area shape="rect" href="$usb__device_8h.html#23b85d487e9d3b37a4580138baf6b097" title="USBStdSetCfgHandler" alt="" coords="541,405,725,435">
<area shape="rect" href="$usb__otg_8h.html#df4bb848d4c77a2b5542dd3478bafa76" title="USBOTGDisableAltHnp" alt="" coords="813,112,1000,141">
<area shape="rect" href="$usb__otg_8h.html#d078cd43132c6251de3865b19b8de4cb" title="USBOTGDisableHnp" alt="" coords="821,165,992,195">
<area shape="rect" href="$usb__otg_8h.html#6ea42b055d88fc42421bd7cb9c120a4a" title="USBOTGDisableSupportHnp" alt="" coords="793,219,1020,248">
<area shape="rect" href="$usb__otg_8h.html#a79b51ab15ce5d80d5e4e78298c9d4c6" title="USBOTGEnableAltHnp" alt="" coords="815,272,999,301">
<area shape="rect" href="$usb__otg_8h.html#4055c7be50b72d3312c60ccce3464782" title="USBOTGEnableHnp" alt="" coords="824,325,989,355">
<area shape="rect" href="$usb__otg_8h.html#37a367b19b4b2f62c2dc0064f61d13fb" title="USBOTGEnableSupportHnp" alt="" coords="795,379,1019,408">
<area shape="rect" href="$usb__device_8h.html#e69da16b1f966a62cdd1831df5561cbf" title="This function is called when the device becomes initialized, which occurs after the..." alt="" coords="847,432,967,461">
<area shape="rect" href="$usb__device_8h.html#25c6b82e249f563f00732a7e242c4267" title="USBEnableEndpoint" alt="" coords="1069,432,1237,461">
<area shape="rect" href="$usb__device_8h.html#1901fa27385226b6cdad1f5b091e5374" title="USBConfigureEndpoint" alt="" coords="1287,432,1476,461">
<area shape="rect" href="$usb__device_8h.html#6dde221e5c27eb18f62335810c830630" title="USBCtrlTrfTxService" alt="" coords="548,459,719,488">
