<area shape="rect" href="$lm629_8c.html#18cecfad364f842e6a71efbd459857df" title="Initialise un LM, c&#39;est&#45;à&#45;dire :Contrôle que le RESET s&#39;est fait correctement..." alt="" coords="153,97,217,127">
<area shape="rect" href="$lm629_8c.html#6fa7a38bcd0eeb3fb9c107702f73f516" title="Envoie une commande à/aux LM(s)." alt="" coords="463,161,591,191">
<area shape="rect" href="$lm629_8c.html#e3ef6f2f44349bc4e6af34671b6aa4aa" title="Lire un bit d&#39;état du LM." alt="" coords="127,19,244,48">
<area shape="rect" href="$lm629_8c.html#87c455cfb4cbd87a3de45fd9f38a1b45" title="Lire l&#39;état d&#39;un LM." alt="" coords="304,5,403,35">
<area shape="rect" href="$lm629_8c.html#3917d5827bfa6cc17f4e1a47ff073248" title="Reset les bits d&#39;interruption du/des LM(s)." alt="" coords="295,109,412,139">
<area shape="rect" href="$lm629_8c.html#151178ea603ed04beaa1ba4151496878" title="Envoie un mot au LM (un mot = 2 octets = 16 bits)." alt="" coords="461,108,592,137">
<area shape="rect" href="$lm629_8c.html#6c314f24d23be4191ad86293c9a5fecc" title="Change la direction du BUS de donnée." alt="" coords="797,83,944,112">
<area shape="rect" href="$lm629_8c.html#89cbdf56bf6a423f871db85d9b25b7ba" title="Attends que le ou les LM(s) ne soient plus occupés." alt="" coords="641,108,748,137">
