<area shape="rect" href="$main_8c.html#42a6b0f3c41a4e5e1722aca3c3a4b4b5" title="Gestion des LEDs selon l&#39;état du périphérique USB." alt="" coords="153,5,287,35">
<area shape="rect" href="$motor_8c.html#189f66fb3cf35d131837dd26974a3b8c" title="Active un ou plusieurs axe(s) moteur(s)." alt="" coords="165,59,275,88">
<area shape="rect" href="$motor_8c.html#f28faafd0d5603bd1dfabbcd9731e0d9" title="Récupère la mesure du courant dans un moteur." alt="" coords="179,112,261,141">
<area shape="rect" href="$lm629_8c.html#49e97890e5c9ab4f6fca2ba9ce33c885" title="Initialise les 2 LMs avec les paramètres par défaut." alt="" coords="184,269,256,299">
<area shape="rect" href="$lm629_8c.html#6fa7a38bcd0eeb3fb9c107702f73f516" title="Envoie une commande à/aux LM(s)." alt="" coords="687,321,815,351">
<area shape="rect" href="$lm629_8c.html#e3ef6f2f44349bc4e6af34671b6aa4aa" title="Lire un bit d&#39;état du LM." alt="" coords="344,68,461,97">
<area shape="rect" href="$lm629_8c.html#928f6fe98ffaaa8f72282688bcc8d1cd" title="Indique si la dernière trajectoire est terminée." alt="" coords="156,216,284,245">
<area shape="rect" href="$lm629_8c.html#f53f9dcb4f2401d3b013a07e63f8762d" title="Recule." alt="" coords="337,427,468,456">
<area shape="rect" href="$lm629_8c.html#bdba60aec4c9ae15e242fe1824ca4e5b" title="Avance." alt="" coords="343,373,463,403">
<area shape="rect" href="$lm629_8c.html#ec750313f79234101e43e09e3083b947" title="Lire un mot envoyé par le LM (un mot = 2 octets = 16 bits)." alt="" coords="687,428,815,457">
<area shape="rect" href="$eeprom_8c.html#23c79775828a6c484c66ba66b42ca847" title="Lit dans l&#39;EEPROM du PIC." alt="" coords="156,584,284,613">
<area shape="rect" href="$eeprom_8c.html#fd48dcf153304aa7a2726ca1b717ab14" title="Ecrit dans l&#39;EEPROM du PIC." alt="" coords="155,637,285,667">
<area shape="rect" href="$lm629_8c.html#18cecfad364f842e6a71efbd459857df" title="Initialise un LM, c&#39;est&#45;à&#45;dire :Contrôle que le RESET s&#39;est fait correctement..." alt="" coords="371,269,435,299">
<area shape="rect" href="$lm629_8c.html#87c455cfb4cbd87a3de45fd9f38a1b45" title="Lire l&#39;état d&#39;un LM." alt="" coords="701,183,800,212">
<area shape="rect" href="$lm629_8c.html#3917d5827bfa6cc17f4e1a47ff073248" title="Reset les bits d&#39;interruption du/des LM(s)." alt="" coords="519,373,636,403">
<area shape="rect" href="$lm629_8c.html#151178ea603ed04beaa1ba4151496878" title="Envoie un mot au LM (un mot = 2 octets = 16 bits)." alt="" coords="685,375,816,404">
<area shape="rect" href="$lm629_8c.html#6c314f24d23be4191ad86293c9a5fecc" title="Change la direction du BUS de donnée." alt="" coords="1021,324,1168,353">
<area shape="rect" href="$lm629_8c.html#89cbdf56bf6a423f871db85d9b25b7ba" title="Attends que le ou les LM(s) ne soient plus occupés." alt="" coords="865,324,972,353">
<area shape="rect" href="$lm629_8c.html#50cb02e459a813bf1d2d14a80d905a41" title="Programme une nouvelle position à atteindre." alt="" coords="524,480,631,509">
<area shape="rect" href="$lm629_8c.html#adb0186b6cbfbfe2f37d6e5d64284499" title="Démarre la trajectoire programmée." alt="" coords="552,427,603,456">
