MPLINK 4.21, Linker
Linker Map File - Created Sun May 16 19:49:05 2010

                                 Section Info
                  Section       Type    Address   Location Size(Bytes)
                ---------  ---------  ---------  ---------  ---------
               _entry_scn       code   0x000000    program   0x000006
    HIGH_INTERRUPT_VECTOR       code   0x000008    program   0x000006
     LOW_INTERRUPT_VECTOR       code   0x000018    program   0x000006
    REMAPPED_RESET_VECTOR       code   0x000800    program   0x000006
REMAPPED_HIGH_INTERRUPT_VECTOR       code   0x000808    program   0x000006
REMAPPED_LOW_INTERRUPT_VECTOR       code   0x000818    program   0x000006
                   .cinit    romdata   0x00082a    program   0x00004a
             .code_main.o       code   0x000874    program   0x001440
       .code_usb_device.o       code   0x001cb4    program   0x000b4c
             .code_ax12.o       code   0x002800    program   0x0005e2
                     PROG       code   0x002de2    program   0x000544
         .code_infrared.o       code   0x003326    program   0x000446
            .code_servo.o       code   0x00376c    program   0x00025c
              .code_mcc.o       code   0x0039c8    program   0x00022a
        .code_adjd-s371.o       code   0x003bf2    program   0x000128
              .code_lcd.o       code   0x003d1a    program   0x0000dc
 .code_usb_function_hid.o       code   0x003df6    program   0x0000ce
.romdata_usb_descriptors.o    romdata   0x003ec4    program   0x0000b0
               _cinit_scn       code   0x003f74    program   0x00009e
            .code_uopen.o       code   0x004012    program   0x00008a
         .code_i2c_puts.o       code   0x00409c    program   0x000076
          .code_adcopen.o       code   0x004112    program   0x00006e
                   STRING       code   0x004180    program   0x00006c
           .code_eeprom.o       code   0x0041ec    program   0x00006c
         .code_pw1setdc.o       code   0x004258    program   0x00005e
         .code_fxd3232u.o       code   0x0042b6    program   0x000048
           .code_t3open.o       code   0x0042fe    program   0x000046
            .code_uread.o       code   0x004344    program   0x00003e
         .code_i2c_writ.o       code   0x004382    program   0x00003c
             .stringtable    romdata   0x0043be    program   0x00003b
      .idata_i2c_open.o_i    romdata   0x0043f9    program   0x000000
      .romdata_i2c_open.o    romdata   0x0043f9    program   0x000000
         .romdata_uread.o    romdata   0x0043f9    program   0x000000
         .idata_uread.o_i    romdata   0x0043f9    program   0x000000
       .romdata_adcread.o    romdata   0x0043f9    program   0x000000
       .idata_adcread.o_i    romdata   0x0043f9    program   0x000000
.idata_usb_descriptors.o_i    romdata   0x0043f9    program   0x000000
         .romdata_uopen.o    romdata   0x0043f9    program   0x000000
       .idata_pw1open.o_i    romdata   0x0043f9    program   0x000000
         .idata_uopen.o_i    romdata   0x0043f9    program   0x000000
       .romdata_pw1open.o    romdata   0x0043f9    program   0x000000
        .romdata_t3open.o    romdata   0x0043f9    program   0x000000
        .idata_t3open.o_i    romdata   0x0043f9    program   0x000000
        .romdata_t2open.o    romdata   0x0043f9    program   0x000000
        .idata_t2open.o_i    romdata   0x0043f9    program   0x000000
        .romdata_t0open.o    romdata   0x0043f9    program   0x000000
        .idata_t0open.o_i    romdata   0x0043f9    program   0x000000
         .idata_c018i.o_i    romdata   0x0043f9    program   0x000000
         .romdata_c018i.o    romdata   0x0043f9    program   0x000000
      .romdata_i2c_puts.o    romdata   0x0043f9    program   0x000000
      .idata_i2c_puts.o_i    romdata   0x0043f9    program   0x000000
        .romdata___init.o    romdata   0x0043f9    program   0x000000
        .idata___init.o_i    romdata   0x0043f9    program   0x000000
        .romdata_uwrite.o    romdata   0x0043f9    program   0x000000
        .idata_uwrite.o_i    romdata   0x0043f9    program   0x000000
       .romdata_t3write.o    romdata   0x0043f9    program   0x000000
       .idata_t3write.o_i    romdata   0x0043f9    program   0x000000
       .romdata_t0write.o    romdata   0x0043f9    program   0x000000
       .idata_t0write.o_i    romdata   0x0043f9    program   0x000000
      .romdata_i2c_writ.o    romdata   0x0043f9    program   0x000000
      .idata_i2c_writ.o_i    romdata   0x0043f9    program   0x000000
         .romdata_udefs.o    romdata   0x0043f9    program   0x000000
         .idata_udefs.o_i    romdata   0x0043f9    program   0x000000
      .romdata_pw1setdc.o    romdata   0x0043f9    program   0x000000
      .idata_pw1setdc.o_i    romdata   0x0043f9    program   0x000000
  .romdata_adcselchconv.o    romdata   0x0043f9    program   0x000000
  .idata_adcselchconv.o_i    romdata   0x0043f9    program   0x000000
           .romdata_lcd.o    romdata   0x0043f9    program   0x000000
        .idata_eeprom.o_i    romdata   0x0043f9    program   0x000000
           .idata_lcd.o_i    romdata   0x0043f9    program   0x000000
        .romdata_eeprom.o    romdata   0x0043f9    program   0x000000
      .romdata_infrared.o    romdata   0x0043f9    program   0x000000
       .idata_adcbusy.o_i    romdata   0x0043f9    program   0x000000
       .romdata_adcbusy.o    romdata   0x0043f9    program   0x000000
     .romdata_adjd-s371.o    romdata   0x0043f9    program   0x000000
     .idata_adjd-s371.o_i    romdata   0x0043f9    program   0x000000
      .idata_i2c_clos.o_i    romdata   0x0043f9    program   0x000000
      .romdata_i2c_clos.o    romdata   0x0043f9    program   0x000000
    .idata_usb_device.o_i    romdata   0x0043f9    program   0x000000
           .romdata_mcc.o    romdata   0x0043f9    program   0x000000
    .romdata_usb_device.o    romdata   0x0043f9    program   0x000000
          .romdata_main.o    romdata   0x0043f9    program   0x000000
      .idata_fxd3232u.o_i    romdata   0x0043f9    program   0x000000
         .romdata_servo.o    romdata   0x0043f9    program   0x000000
      .romdata_fxd3232u.o    romdata   0x0043f9    program   0x000000
         .romdata_error.o    romdata   0x0043f9    program   0x000000
      .idata_i2c_idle.o_i    romdata   0x0043f9    program   0x000000
      .romdata_i2c_idle.o    romdata   0x0043f9    program   0x000000
.idata_usb_function_hid.o_i    romdata   0x0043f9    program   0x000000
       .idata_adcopen.o_i    romdata   0x0043f9    program   0x000000
          .romdata_ax12.o    romdata   0x0043f9    program   0x000000
       .romdata_adcopen.o    romdata   0x0043f9    program   0x000000
.romdata_usb_function_hid.o    romdata   0x0043f9    program   0x000000
          .code_t3write.o       code   0x0043fa    program   0x000038
            .code_c018i.o       code   0x0043fa    program   0x000000
            .code_udefs.o       code   0x0043fa    program   0x000000
  .code_usb_descriptors.o       code   0x0043fa    program   0x000000
          .code_t0write.o       code   0x004432    program   0x000038
           .code_t0open.o       code   0x00446a    program   0x000038
           .code_t2open.o       code   0x0044a2    program   0x000036
         .code_i2c_open.o       code   0x0044d8    program   0x000036
            .code_error.o       code   0x00450e    program   0x000036
          .code_pw1open.o       code   0x004544    program   0x000030
     .code_adcselchconv.o       code   0x004574    program   0x000030
             D10KTCYXCODE       code   0x0045a4    program   0x00002e
           .code_uwrite.o       code   0x0045d2    program   0x00002e
             _startup_scn       code   0x004600    program   0x00001c
              D10TCYXCODE       code   0x00461c    program   0x000016
          .code_adcread.o       code   0x004632    program   0x000012
         .code_i2c_idle.o       code   0x004644    program   0x00000e
                    .code       code   0x004652    program   0x00000e
          .code_adcbusy.o       code   0x004660    program   0x00000a
         .code_i2c_clos.o       code   0x00466a    program   0x000004
           .code___init.o       code   0x00466e    program   0x000002
         .idata_servo.o_i    romdata   0x004670    program   0x000009
           .idata_mcc.o_i    romdata   0x004679    program   0x000010
          .idata_main.o_i    romdata   0x004689    program   0x000009
      .idata_infrared.o_i    romdata   0x004692    program   0x000003
         .idata_error.o_i    romdata   0x004695    program   0x000021
          .idata_ax12.o_i    romdata   0x0046b6    program   0x000024
                 .tmpdata      udata   0x000000       data   0x000022
                MATH_DATA      udata   0x000022       data   0x000014
                DELAYDAT2      udata   0x000036       data   0x000001
                DELAYDAT1      udata   0x000037       data   0x000001
      .udata_usb_device.o      udata   0x000060       data   0x000026
            .idata_ax12.o      idata   0x000086       data   0x000024
            .udata_ax12.o      udata   0x0000aa       data   0x000021
           .idata_error.o      idata   0x0000cb       data   0x000021
             .idata_mcc.o      idata   0x0000ec       data   0x000010
            .udata_main.o      udata   0x0000fc       data   0x000003
           .udata_udefs.o      udata   0x0000ff       data   0x000001
        .udata_infrared.o      udata   0x000100       data   0x000020
           .udata_c018i.o      udata   0x000120       data   0x00000a
           .idata_servo.o      idata   0x00012a       data   0x000009
            .idata_main.o      idata   0x000133       data   0x000009
        .idata_infrared.o      idata   0x00013c       data   0x000003
.udata_usb_function_hid.o      udata   0x00013f       data   0x000002
          .udata_eeprom.o      udata   0x000141       data   0x000001
          .udata_t0open.o      udata   0x000142       data   0x000000
          .idata_t0open.o      idata   0x000142       data   0x000000
          .udata_t2open.o      udata   0x000142       data   0x000000
          .idata_t2open.o      idata   0x000142       data   0x000000
          .udata_t3open.o      udata   0x000142       data   0x000000
          .idata_t3open.o      idata   0x000142       data   0x000000
           .udata_uopen.o      udata   0x000142       data   0x000000
           .idata_uopen.o      idata   0x000142       data   0x000000
         .udata_adcread.o      udata   0x000142       data   0x000000
         .idata_adcread.o      idata   0x000142       data   0x000000
        .idata_i2c_puts.o      idata   0x000142       data   0x000000
           .udata_uread.o      udata   0x000142       data   0x000000
           .idata_uread.o      idata   0x000142       data   0x000000
    .udata_adcselchconv.o      udata   0x000142       data   0x000000
    .idata_adcselchconv.o      idata   0x000142       data   0x000000
        .udata_pw1setdc.o      udata   0x000142       data   0x000000
          .idata_uwrite.o      idata   0x000142       data   0x000000
          .udata___init.o      udata   0x000142       data   0x000000
        .idata_pw1setdc.o      idata   0x000142       data   0x000000
          .udata_uwrite.o      udata   0x000142       data   0x000000
           .idata_udefs.o      idata   0x000142       data   0x000000
        .udata_i2c_writ.o      udata   0x000142       data   0x000000
        .udata_i2c_puts.o      udata   0x000142       data   0x000000
        .idata_i2c_writ.o      idata   0x000142       data   0x000000
         .idata_t3write.o      idata   0x000142       data   0x000000
         .udata_t0write.o      udata   0x000142       data   0x000000
          .idata___init.o      idata   0x000142       data   0x000000
         .idata_t0write.o      idata   0x000142       data   0x000000
         .udata_t3write.o      udata   0x000142       data   0x000000
           .idata_c018i.o      idata   0x000142       data   0x000000
 .udata_usb_descriptors.o      udata   0x000142       data   0x000000
 .idata_usb_descriptors.o      idata   0x000142       data   0x000000
          .idata_eeprom.o      idata   0x000142       data   0x000000
      .idata_usb_device.o      idata   0x000142       data   0x000000
.idata_usb_function_hid.o      idata   0x000142       data   0x000000
           .udata_error.o      udata   0x000142       data   0x000000
           .udata_servo.o      udata   0x000142       data   0x000000
             .udata_mcc.o      udata   0x000142       data   0x000000
       .udata_adjd-s371.o      udata   0x000142       data   0x000000
       .idata_adjd-s371.o      idata   0x000142       data   0x000000
             .udata_lcd.o      udata   0x000142       data   0x000000
             .idata_lcd.o      idata   0x000142       data   0x000000
         .idata_pw1open.o      idata   0x000142       data   0x000000
         .udata_pw1open.o      udata   0x000142       data   0x000000
        .idata_i2c_open.o      idata   0x000142       data   0x000000
        .udata_i2c_open.o      udata   0x000142       data   0x000000
         .idata_adcopen.o      idata   0x000142       data   0x000000
         .udata_adcopen.o      udata   0x000142       data   0x000000
        .idata_i2c_idle.o      idata   0x000142       data   0x000000
        .udata_i2c_idle.o      udata   0x000142       data   0x000000
        .idata_fxd3232u.o      idata   0x000142       data   0x000000
        .udata_fxd3232u.o      udata   0x000142       data   0x000000
        .idata_i2c_clos.o      idata   0x000142       data   0x000000
        .udata_i2c_clos.o      udata   0x000142       data   0x000000
         .idata_adcbusy.o      idata   0x000142       data   0x000000
         .udata_adcbusy.o      udata   0x000142       data   0x000000
                   .stack      udata   0x000300       data   0x000100
                  USB_BDT      udata   0x000400       data   0x000036
            USB_VARIABLES      udata   0x000500       data   0x000080
            SFR_UNBANKED0      udata   0x000f62       data   0x00009e



                              Program Memory Usage 
                               Start         End      
                           ---------   ---------      
                            0x000000    0x000005      
                            0x000008    0x00000d      
                            0x000018    0x00001d      
                            0x000800    0x000805      
                            0x000808    0x00080d      
                            0x000818    0x00081d      
                            0x00082a    0x0043f8      
                            0x0043fa    0x0046d9      
            16083 out of 33048 program addresses used, program memory utilization is 48%



                              Symbols - Sorted by Name
                     Name    Address   Location    Storage File                     
                ---------  ---------  ---------  --------- ---------                
           BlinkUSBStatus   0x0018ca    program     extern Z:\home\nicolasd\code\krobot\krobot\elec\boards\Interface_Robot\Firmware\main.c
                  BusyADC   0x004660    program     extern C:\MCC18\src\pmc_common\ADC\adcbusy.c
                 CloseI2C   0x00466a    program     extern C:\MCC18\src\pmc_common\i2c\i2c_clos.c
                   D10K_1   0x0045b0    program     static C:\MCC18\src\traditional\delays\d10ktcyx.asm
                    D10Kl   0x0045bc    program     static C:\MCC18\src\traditional\delays\d10ktcyx.asm
                    D10Kx   0x0045ae    program     static C:\MCC18\src\traditional\delays\d10ktcyx.asm
                    D10_1   0x00462c    program     static C:\MCC18\src\traditional\delays\d10tcyx.asm
                     D10x   0x004624    program     static C:\MCC18\src\traditional\delays\d10tcyx.asm
             Delay10KTCYx   0x0045a4    program     extern C:\MCC18\src\traditional\delays\d10ktcyx.asm
              Delay10TCYx   0x00461c    program     extern C:\MCC18\src\traditional\delays\d10tcyx.asm
                 FLO0832S   0x002de6    program     extern C:\MCC18\src\traditional\math\cast08FP.asm
                 FLO0832U   0x002de2    program     extern C:\MCC18\src\traditional\math\cast08FP.asm
                 FLO1632S   0x002e08    program     extern C:\MCC18\src\traditional\math\cast16FP.asm
                 FLO1632U   0x002e04    program     extern C:\MCC18\src\traditional\math\cast16FP.asm
                 FLO3232S   0x002e32    program     extern C:\MCC18\src\traditional\math\cast32FP.asm
                 FLO3232U   0x002e2e    program     extern C:\MCC18\src\traditional\math\cast32FP.asm
                    FPA32   0x002e66    program     extern C:\MCC18\src\traditional\math\addFP.asm
                    FPD32   0x002f92    program     extern C:\MCC18\src\traditional\math\divFP.asm
                    FPM32   0x003038    program     extern C:\MCC18\src\traditional\math\mulFP.asm
                    FPS32   0x002e64    program     extern C:\MCC18\src\traditional\math\addFP.asm
                 FXD3232U   0x0042b6    program     extern C:\MCC18\src\traditional\math\fxd3232u.c
                 FXM1616U   0x003112    program     extern C:\MCC18\src\traditional\math\fxm1616u.asm
                 High_ISR   0x000008    program     extern Z:\home\nicolasd\code\krobot\krobot\elec\boards\Interface_Robot\Firmware\main.c
                  INT3216   0x00314e    program     extern C:\MCC18\src\traditional\math\castFP16.asm
                  INT3232   0x0031ac    program     extern C:\MCC18\src\traditional\math\castFP32.asm
                  IdleI2C   0x004644    program     extern C:\MCC18\src\pmc_common\i2c\i2c_idle.c
         InitializeSystem   0x000984    program     static Z:\home\nicolasd\code\krobot\krobot\elec\boards\Interface_Robot\Firmware\main.c
                  Low_ISR   0x000018    program     extern Z:\home\nicolasd\code\krobot\krobot\elec\boards\Interface_Robot\Firmware\main.c
                  OpenADC   0x004112    program     extern C:\MCC18\src\pmc_common\ADC\adcopen.c
                  OpenI2C   0x0044d8    program     extern C:\MCC18\src\pmc_common\i2c\i2c_open.c
                 OpenPWM1   0x004544    program     extern C:\MCC18\src\pmc_common\PWM\pw1open.c
         OpenPWM1ConfigIO   0x004570    program     extern C:\MCC18\src\pmc_common\PWM\pw1open.c
               OpenTimer0   0x00446a    program     extern C:\MCC18\src\pmc_common\Timers\t0open.c
               OpenTimer2   0x0044a2    program     extern C:\MCC18\src\pmc_common\Timers\t2open.c
               OpenTimer3   0x0042fe    program     extern C:\MCC18\src\pmc_common\Timers\t3open.c
                OpenUSART   0x004012    program     extern C:\MCC18\src\pmc_common\USART\uopen.c
                ProcessIO   0x000a12    program     extern Z:\home\nicolasd\code\krobot\krobot\elec\boards\Interface_Robot\Firmware\main.c
                  ReadADC   0x004632    program     extern C:\MCC18\src\pmc_common\ADC\adcread.c
               ReadEEPROM   0x00422c    program     extern Z:\home\nicolasd\code\krobot\krobot\elec\boards\Interface_Robot\Firmware\eeprom.c
                ReadUSART   0x004344    program     extern C:\MCC18\src\pmc_common\USART\uread.c
        Remapped_High_ISR   0x000808    program     extern Z:\home\nicolasd\code\krobot\krobot\elec\boards\Interface_Robot\Firmware\main.c
         Remapped_Low_ISR   0x000818    program     extern Z:\home\nicolasd\code\krobot\krobot\elec\boards\Interface_Robot\Firmware\main.c
              ResetSource   0x001ae2    program     extern Z:\home\nicolasd\code\krobot\krobot\elec\boards\Interface_Robot\Firmware\main.c
           SelChanConvADC   0x004574    program     extern C:\MCC18\src\pmc_common\ADC\adcselchconv.c
                SetDCPWM1   0x004258    program     extern C:\MCC18\src\pmc_common\PWM\pw1setdc.c
       USBCBCheckOtherReq   0x0019f2    program     extern Z:\home\nicolasd\code\krobot\krobot\elec\boards\Interface_Robot\Firmware\main.c
        USBCBErrorHandler   0x0019f0    program     extern Z:\home\nicolasd\code\krobot\krobot\elec\boards\Interface_Robot\Firmware\main.c
              USBCBInitEP   0x0019f8    program     extern Z:\home\nicolasd\code\krobot\krobot\elec\boards\Interface_Robot\Firmware\main.c
          USBCBSendResume   0x001a30    program     extern Z:\home\nicolasd\code\krobot\krobot\elec\boards\Interface_Robot\Firmware\main.c
    USBCBStdSetDscHandler   0x0019f6    program     extern Z:\home\nicolasd\code\krobot\krobot\elec\boards\Interface_Robot\Firmware\main.c
             USBCBSuspend   0x001948    program     extern Z:\home\nicolasd\code\krobot\krobot\elec\boards\Interface_Robot\Firmware\main.c
     USBCBWakeFromSuspend   0x001986    program     extern Z:\home\nicolasd\code\krobot\krobot\elec\boards\Interface_Robot\Firmware\main.c
        USBCB_SOF_Handler   0x0019ee    program     extern Z:\home\nicolasd\code\krobot\krobot\elec\boards\Interface_Robot\Firmware\main.c
       USBCheckHIDRequest   0x003df6    program     extern Z:\home\nicolasd\code\krobot\krobot\elec\boards\Interface_Robot\Firmware\usb_function_hid.c
       USBCheckStdRequest   0x002008    program     extern Z:\home\nicolasd\code\krobot\krobot\elec\boards\Interface_Robot\Firmware\usb_device.c
    USBClearInterruptFlag   0x0025be    program     extern Z:\home\nicolasd\code\krobot\krobot\elec\boards\Interface_Robot\Firmware\usb_device.c
     USBConfigureEndpoint   0x00247a    program     extern Z:\home\nicolasd\code\krobot\krobot\elec\boards\Interface_Robot\Firmware\usb_device.c
         USBCtrlEPService   0x001e92    program     extern Z:\home\nicolasd\code\krobot\krobot\elec\boards\Interface_Robot\Firmware\usb_device.c
 USBCtrlEPServiceComplete   0x002272    program     extern Z:\home\nicolasd\code\krobot\krobot\elec\boards\Interface_Robot\Firmware\usb_device.c
      USBCtrlTrfInHandler   0x001f66    program     extern Z:\home\nicolasd\code\krobot\krobot\elec\boards\Interface_Robot\Firmware\usb_device.c
     USBCtrlTrfOutHandler   0x001f4a    program     extern Z:\home\nicolasd\code\krobot\krobot\elec\boards\Interface_Robot\Firmware\usb_device.c
      USBCtrlTrfRxService   0x00238c    program     extern Z:\home\nicolasd\code\krobot\krobot\elec\boards\Interface_Robot\Firmware\usb_device.c
   USBCtrlTrfSetupHandler   0x001f26    program     extern Z:\home\nicolasd\code\krobot\krobot\elec\boards\Interface_Robot\Firmware\usb_device.c
      USBCtrlTrfTxService   0x0022e6    program     extern Z:\home\nicolasd\code\krobot\krobot\elec\boards\Interface_Robot\Firmware\usb_device.c
            USBDeviceInit   0x001cb4    program     extern Z:\home\nicolasd\code\krobot\krobot\elec\boards\Interface_Robot\Firmware\usb_device.c
           USBDeviceTasks   0x001d20    program     extern Z:\home\nicolasd\code\krobot\krobot\elec\boards\Interface_Robot\Firmware\usb_device.c
        USBEnableEndpoint   0x0024f2    program     extern Z:\home\nicolasd\code\krobot\krobot\elec\boards\Interface_Robot\Firmware\usb_device.c
USBPrepareForNextSetupTrf   0x001fc0    program     extern Z:\home\nicolasd\code\krobot\krobot\elec\boards\Interface_Robot\Firmware\usb_device.c
         USBStallEndpoint   0x00252c    program     extern Z:\home\nicolasd\code\krobot\krobot\elec\boards\Interface_Robot\Firmware\usb_device.c
          USBStallHandler   0x001e42    program     extern Z:\home\nicolasd\code\krobot\krobot\elec\boards\Interface_Robot\Firmware\usb_device.c
  USBStdFeatureReqHandler   0x0020b0    program     extern Z:\home\nicolasd\code\krobot\krobot\elec\boards\Interface_Robot\Firmware\usb_device.c
      USBStdGetDscHandler   0x002172    program     extern Z:\home\nicolasd\code\krobot\krobot\elec\boards\Interface_Robot\Firmware\usb_device.c
   USBStdGetStatusHandler   0x0021f4    program     extern Z:\home\nicolasd\code\krobot\krobot\elec\boards\Interface_Robot\Firmware\usb_device.c
      USBStdSetCfgHandler   0x002444    program     extern Z:\home\nicolasd\code\krobot\krobot\elec\boards\Interface_Robot\Firmware\usb_device.c
               USBSuspend   0x001e68    program     extern Z:\home\nicolasd\code\krobot\krobot\elec\boards\Interface_Robot\Firmware\usb_device.c
     USBTransferOnePacket   0x002556    program     extern Z:\home\nicolasd\code\krobot\krobot\elec\boards\Interface_Robot\Firmware\usb_device.c
       USBWakeFromSuspend   0x001e7a    program     extern Z:\home\nicolasd\code\krobot\krobot\elec\boards\Interface_Robot\Firmware\usb_device.c
               USB_CD_Ptr   0x003f6c    program     extern Z:\home\nicolasd\code\krobot\krobot\elec\boards\Interface_Robot\Firmware\usb_descriptors.c
               USB_SD_Ptr   0x003f6e    program     extern Z:\home\nicolasd\code\krobot\krobot\elec\boards\Interface_Robot\Firmware\usb_descriptors.c
USER_USB_CALLBACK_EVENT_HANDLER   0x001a4c    program     extern Z:\home\nicolasd\code\krobot\krobot\elec\boards\Interface_Robot\Firmware\main.c
                 UserInit   0x00098e    program     extern Z:\home\nicolasd\code\krobot\krobot\elec\boards\Interface_Robot\Firmware\main.c
              WriteEEPROM   0x0041ec    program     extern Z:\home\nicolasd\code\krobot\krobot\elec\boards\Interface_Robot\Firmware\eeprom.c
                 WriteI2C   0x004382    program     extern C:\MCC18\src\pmc_common\i2c\i2c_writ.c
              WriteTimer0   0x004432    program     extern C:\MCC18\src\pmc_common\Timers\t0write.c
              WriteTimer3   0x0043fa    program     extern C:\MCC18\src\pmc_common\Timers\t3write.c
               WriteUSART   0x0045d2    program     extern C:\MCC18\src\pmc_common\USART\uwrite.c
  YourHighPriorityISRCode   0x000874    program     extern Z:\home\nicolasd\code\krobot\krobot\elec\boards\Interface_Robot\Firmware\main.c
   YourLowPriorityISRCode   0x000934    program     extern Z:\home\nicolasd\code\krobot\krobot\elec\boards\Interface_Robot\Firmware\main.c
              _2jContinue   0x0041a0    program     static C:\MCC18\src\traditional\stdclib\memset.asm
                   _3jEnd   0x0041aa    program     static C:\MCC18\src\traditional\stdclib\memset.asm
       _D10KTCYXCODE_0010   0x0045b4    program     static C:\MCC18\src\traditional\delays\d10ktcyx.asm
       _D10KTCYXCODE_001C   0x0045c0    program     static C:\MCC18\src\traditional\delays\d10ktcyx.asm
        _D10TCYXCODE_000A   0x004626    program     static C:\MCC18\src\traditional\delays\d10tcyx.asm
        _D10TCYXCODE_000C   0x004628    program     static C:\MCC18\src\traditional\delays\d10tcyx.asm
        _D10TCYXCODE_000E   0x00462a    program     static C:\MCC18\src\traditional\delays\d10tcyx.asm
                 __FpExit   0x003226    program     extern C:\MCC18\src\traditional\math\packFP.asm
                 __FpPack   0x003252    program     extern C:\MCC18\src\traditional\math\packFP.asm
            __FpReturnNaN   0x00321a    program     extern C:\MCC18\src\traditional\math\packFP.asm
         __FpReturnNegInf   0x00322c    program     extern C:\MCC18\src\traditional\math\packFP.asm
        __FpReturnNegZero   0x003244    program     extern C:\MCC18\src\traditional\math\packFP.asm
         __FpReturnPosInf   0x003232    program     extern C:\MCC18\src\traditional\math\packFP.asm
        __FpReturnPosZero   0x00324c    program     extern C:\MCC18\src\traditional\math\packFP.asm
        __FpReturnSignInf   0x003228    program     extern C:\MCC18\src\traditional\math\packFP.asm
       __FpReturnSignZero   0x003240    program     extern C:\MCC18\src\traditional\math\packFP.asm
              __FpReturnW   0x0032aa    program     extern C:\MCC18\src\traditional\math\packFP.asm
              __FpUnPackA   0x0032ca    program     extern C:\MCC18\src\traditional\math\UnpackFP.asm
              __FpUnPackB   0x0032fa    program     extern C:\MCC18\src\traditional\math\UnpackFP.asm
           ___?:_lbl00021   0x000a6c    program     static                          
           ___?:_lbl00022   0x000a5c    program     static                          
           ___?:_lbl00025   0x000ad0    program     static                          
           ___?:_lbl00026   0x000ac0    program     static                          
           ___?:_lbl00029   0x000b6a    program     static                          
           ___?:_lbl00030   0x000b5a    program     static                          
           ___?:_lbl00034   0x000bf6    program     static                          
           ___?:_lbl00035   0x000be6    program     static                          
           ___?:_lbl00074   0x0010f8    program     static                          
           ___?:_lbl00075   0x0010e8    program     static                          
           ___?:_lbl00114   0x001850    program     static                          
           ___?:_lbl00115   0x001840    program     static                          
      ___case_-1_lbl00160   0x001acc    program     static                          
       ___case_0_lbl00032   0x000bb2    program     static                          
       ___case_0_lbl00037   0x000c34    program     static                          
       ___case_0_lbl00061   0x000faa    program     static                          
       ___case_0_lbl00096   0x0015a4    program     static                          
      ___case_10_lbl00042   0x000d1a    program     static                          
      ___case_10_lbl00086   0x00135c    program     static                          
      ___case_11_lbl00087   0x0014be    program     static                          
      ___case_11_lbl00111   0x001674    program     static                          
      ___case_12_lbl00088   0x0014d6    program     static                          
      ___case_13_lbl00089   0x001504    program     static                          
      ___case_13_lbl00105   0x00157e    program     static                          
      ___case_14_lbl00090   0x001510    program     static                          
      ___case_15_lbl00091   0x00151c    program     static                          
       ___case_1_lbl00033   0x000bb8    program     static                          
       ___case_1_lbl00038   0x000c3a    program     static                          
       ___case_1_lbl00062   0x000fca    program     static                          
       ___case_1_lbl00077   0x001166    program     static                          
       ___case_1_lbl00097   0x0015b0    program     static                          
       ___case_1_lbl00107   0x001686    program     static                          
       ___case_1_lbl00161   0x001ad0    program     static                          
      ___case_21_lbl00154   0x001ab4    program     static                          
      ___case_22_lbl00155   0x001ab8    program     static                          
      ___case_23_lbl00156   0x001abc    program     static                          
       ___case_2_lbl00039   0x000c6a    program     static                          
       ___case_2_lbl00059   0x000bda    program     static                          
       ___case_2_lbl00063   0x000fea    program     static                          
       ___case_2_lbl00078   0x001192    program     static                          
       ___case_2_lbl00098   0x0015c2    program     static                          
       ___case_2_lbl00108   0x001692    program     static                          
       ___case_2_lbl00157   0x001ac0    program     static                          
       ___case_3_lbl00040   0x000cee    program     static                          
       ___case_3_lbl00064   0x00100a    program     static                          
       ___case_3_lbl00079   0x0011c4    program     static                          
       ___case_3_lbl00099   0x0015d2    program     static                          
       ___case_3_lbl00109   0x00169e    program     static                          
       ___case_3_lbl00159   0x001ac8    program     static                          
       ___case_4_lbl00041   0x000d04    program     static                          
       ___case_4_lbl00065   0x00102a    program     static                          
       ___case_4_lbl00080   0x00120a    program     static                          
       ___case_4_lbl00100   0x0015e4    program     static                          
       ___case_4_lbl00158   0x001ac4    program     static                          
       ___case_5_lbl00056   0x000e1a    program     static                          
       ___case_5_lbl00067   0x00103c    program     static                          
       ___case_5_lbl00081   0x001222    program     static                          
       ___case_5_lbl00101   0x0015f4    program     static                          
       ___case_5_lbl00112   0x001726    program     static                          
       ___case_6_lbl00073   0x000f8c    program     static                          
       ___case_6_lbl00082   0x001250    program     static                          
       ___case_6_lbl00102   0x00160c    program     static                          
       ___case_7_lbl00083   0x001296    program     static                          
       ___case_7_lbl00103   0x001624    program     static                          
       ___case_7_lbl00113   0x001782    program     static                          
       ___case_8_lbl00084   0x0012d6    program     static                          
       ___case_9_lbl00085   0x001316    program     static                          
       ___case_9_lbl00094   0x0010dc    program     static                          
      ___default_lbl00057   0x000f34    program     static                          
      ___default_lbl00072   0x0010aa    program     static                          
      ___default_lbl00092   0x001528    program     static                          
      ___default_lbl00104   0x001642    program     static                          
      ___default_lbl00110   0x0016f4    program     static                          
      ___default_lbl00117   0x001834    program     static                          
      ___default_lbl00162   0x001ad4    program     static                          
         ___else_lbl00051   0x000dfa    program     static                          
          ___for_lbl00043   0x000e02    program     static                          
          ___for_lbl00044   0x002a98    program     static                          
          ___for_lbl00044   0x000e0e    program     static                          
          ___for_lbl00045   0x000dbc    program     static                          
          ___for_lbl00045   0x002aa2    program     static                          
          ___for_lbl00046   0x000dc8    program     static                          
          ___for_lbl00047   0x002a54    program     static                          
          ___for_lbl00048   0x000d84    program     static                          
          ___for_lbl00052   0x002b6c    program     static                          
          ___for_lbl00052   0x000d5a    program     static                          
          ___for_lbl00053   0x000f26    program     static                          
          ___for_lbl00053   0x002b76    program     static                          
          ___for_lbl00054   0x000f32    program     static                          
          ___for_lbl00055   0x000e22    program     static                          
          ___for_lbl00055   0x002b26    program     static                          
          ___for_lbl00057   0x002c3c    program     static                          
          ___for_lbl00058   0x002c46    program     static                          
          ___for_lbl00060   0x002bda    program     static                          
           ___if_lbl00017   0x000a2c    program     static                          
           ___if_lbl00019   0x000a3e    program     static                          
           ___if_lbl00024   0x000ab4    program     static                          
           ___if_lbl00028   0x000b4e    program     static                          
           ___if_lbl00046   0x002a80    program     static                          
           ___if_lbl00047   0x000dbc    program     static                          
           ___if_lbl00049   0x000dde    program     static                          
           ___if_lbl00050   0x000dfe    program     static                          
           ___if_lbl00054   0x002b54    program     static                          
           ___if_lbl00058   0x000f88    program     static                          
           ___if_lbl00059   0x002c24    program     static                          
           ___if_lbl00066   0x001050    program     static                          
           ___if_lbl00068   0x001066    program     static                          
           ___if_lbl00069   0x00107c    program     static                          
           ___if_lbl00070   0x001092    program     static                          
           ___if_lbl00071   0x0010a8    program     static                          
           ___if_lbl00093   0x00157c    program     static                          
           ___if_lbl00116   0x0018b6    program     static                          
           ___if_lbl00118   0x0018b6    program     static                          
       ___return_lbl00000   0x000804    program     static                          
       ___return_lbl00000   0x000004    program     static                          
       ___return_lbl00000   0x0042fc    program     static                          
       ___return_lbl00001   0x00080c    program     static                          
       ___return_lbl00001   0x00461a    program     static                          
       ___return_lbl00002   0x00081c    program     static                          
       ___return_lbl00002   0x004010    program     static                          
       ___return_lbl00003   0x00000c    program     static                          
       ___return_lbl00004   0x00001c    program     static                          
       ___return_lbl00016   0x0018b6    program     static                          
       ___return_lbl00043   0x002aac    program     static                          
       ___return_lbl00051   0x002b80    program     static                          
       ___return_lbl00056   0x002c52    program     static                          
       ___return_lbl00152   0x001ada    program     static                          
   ___switchexit_lbl00031   0x0018b6    program     static                          
   ___switchexit_lbl00036   0x000f3a    program     static                          
   ___switchexit_lbl00060   0x0010b4    program     static                          
   ___switchexit_lbl00076   0x00152e    program     static                          
   ___switchexit_lbl00095   0x00164c    program     static                          
   ___switchexit_lbl00106   0x0016fe    program     static                          
   ___switchexit_lbl00153   0x001ad6    program     static                          
                   __init   0x00466e    program     extern C:\MCC18\src\traditional\stdclib\__init.c
                   __pa_0   0x004536    program     static Z:\home\nicolasd\code\krobot\krobot\elec\boards\Interface_Robot\Firmware\error.c
                   __pa_0   0x0038fe    program     static Z:\home\nicolasd\code\krobot\krobot\elec\boards\Interface_Robot\Firmware\servo.c
                   __pa_0   0x003bd8    program     static Z:\home\nicolasd\code\krobot\krobot\elec\boards\Interface_Robot\Firmware\mcc.c
                   __pa_0   0x003cca    program     static Z:\home\nicolasd\code\krobot\krobot\elec\boards\Interface_Robot\Firmware\adjd-s371.c
                   __pa_0   0x003d88    program     static Z:\home\nicolasd\code\krobot\krobot\elec\boards\Interface_Robot\Firmware\lcd.c
                   __pa_0   0x002cda    program     static Z:\home\nicolasd\code\krobot\krobot\elec\boards\Interface_Robot\Firmware\ax12.c
                   __pa_0   0x00368e    program     static Z:\home\nicolasd\code\krobot\krobot\elec\boards\Interface_Robot\Firmware\infrared.c
                   __pa_0   0x004248    program     static Z:\home\nicolasd\code\krobot\krobot\elec\boards\Interface_Robot\Firmware\eeprom.c
                   __pa_0   0x0025e8    program     static Z:\home\nicolasd\code\krobot\krobot\elec\boards\Interface_Robot\Firmware\usb_device.c
                   __pa_0   0x004102    program     static C:\MCC18\src\pmc_common\i2c\i2c_puts.c
                   __pa_0   0x001b2e    program     static Z:\home\nicolasd\code\krobot\krobot\elec\boards\Interface_Robot\Firmware\main.c
                   __pa_1   0x003bea    program     static Z:\home\nicolasd\code\krobot\krobot\elec\boards\Interface_Robot\Firmware\mcc.c
                   __pa_1   0x003956    program     static Z:\home\nicolasd\code\krobot\krobot\elec\boards\Interface_Robot\Firmware\servo.c
                   __pa_1   0x0025f6    program     static Z:\home\nicolasd\code\krobot\krobot\elec\boards\Interface_Robot\Firmware\usb_device.c
                   __pa_1   0x002ce6    program     static Z:\home\nicolasd\code\krobot\krobot\elec\boards\Interface_Robot\Firmware\ax12.c
                   __pa_1   0x003cd4    program     static Z:\home\nicolasd\code\krobot\krobot\elec\boards\Interface_Robot\Firmware\adjd-s371.c
                   __pa_1   0x00369c    program     static Z:\home\nicolasd\code\krobot\krobot\elec\boards\Interface_Robot\Firmware\infrared.c
                   __pa_1   0x001b6a    program     static Z:\home\nicolasd\code\krobot\krobot\elec\boards\Interface_Robot\Firmware\main.c
                   __pa_1   0x003dae    program     static Z:\home\nicolasd\code\krobot\krobot\elec\boards\Interface_Robot\Firmware\lcd.c
                  __pa_10   0x001c2a    program     static Z:\home\nicolasd\code\krobot\krobot\elec\boards\Interface_Robot\Firmware\main.c
                  __pa_10   0x002d68    program     static Z:\home\nicolasd\code\krobot\krobot\elec\boards\Interface_Robot\Firmware\ax12.c
                  __pa_10   0x003718    program     static Z:\home\nicolasd\code\krobot\krobot\elec\boards\Interface_Robot\Firmware\infrared.c
                  __pa_10   0x002646    program     static Z:\home\nicolasd\code\krobot\krobot\elec\boards\Interface_Robot\Firmware\usb_device.c
                  __pa_11   0x002d76    program     static Z:\home\nicolasd\code\krobot\krobot\elec\boards\Interface_Robot\Firmware\ax12.c
                  __pa_11   0x001c38    program     static Z:\home\nicolasd\code\krobot\krobot\elec\boards\Interface_Robot\Firmware\main.c
                  __pa_11   0x002656    program     static Z:\home\nicolasd\code\krobot\krobot\elec\boards\Interface_Robot\Firmware\usb_device.c
                  __pa_11   0x00372c    program     static Z:\home\nicolasd\code\krobot\krobot\elec\boards\Interface_Robot\Firmware\infrared.c
                  __pa_12   0x002d80    program     static Z:\home\nicolasd\code\krobot\krobot\elec\boards\Interface_Robot\Firmware\ax12.c
                  __pa_12   0x00373e    program     static Z:\home\nicolasd\code\krobot\krobot\elec\boards\Interface_Robot\Firmware\infrared.c
                  __pa_12   0x001c42    program     static Z:\home\nicolasd\code\krobot\krobot\elec\boards\Interface_Robot\Firmware\main.c
                  __pa_12   0x00266a    program     static Z:\home\nicolasd\code\krobot\krobot\elec\boards\Interface_Robot\Firmware\usb_device.c
                  __pa_13   0x002d86    program     static Z:\home\nicolasd\code\krobot\krobot\elec\boards\Interface_Robot\Firmware\ax12.c
                  __pa_13   0x001c56    program     static Z:\home\nicolasd\code\krobot\krobot\elec\boards\Interface_Robot\Firmware\main.c
                  __pa_13   0x003748    program     static Z:\home\nicolasd\code\krobot\krobot\elec\boards\Interface_Robot\Firmware\infrared.c
                  __pa_13   0x00267c    program     static Z:\home\nicolasd\code\krobot\krobot\elec\boards\Interface_Robot\Firmware\usb_device.c
                  __pa_14   0x002d90    program     static Z:\home\nicolasd\code\krobot\krobot\elec\boards\Interface_Robot\Firmware\ax12.c
                  __pa_14   0x003752    program     static Z:\home\nicolasd\code\krobot\krobot\elec\boards\Interface_Robot\Firmware\infrared.c
                  __pa_14   0x001c5e    program     static Z:\home\nicolasd\code\krobot\krobot\elec\boards\Interface_Robot\Firmware\main.c
                  __pa_14   0x002688    program     static Z:\home\nicolasd\code\krobot\krobot\elec\boards\Interface_Robot\Firmware\usb_device.c
                  __pa_15   0x001c6a    program     static Z:\home\nicolasd\code\krobot\krobot\elec\boards\Interface_Robot\Firmware\main.c
                  __pa_15   0x0026a4    program     static Z:\home\nicolasd\code\krobot\krobot\elec\boards\Interface_Robot\Firmware\usb_device.c
                  __pa_15   0x002da4    program     static Z:\home\nicolasd\code\krobot\krobot\elec\boards\Interface_Robot\Firmware\ax12.c
                  __pa_15   0x00375c    program     static Z:\home\nicolasd\code\krobot\krobot\elec\boards\Interface_Robot\Firmware\infrared.c
                  __pa_16   0x001c74    program     static Z:\home\nicolasd\code\krobot\krobot\elec\boards\Interface_Robot\Firmware\main.c
                  __pa_16   0x002dae    program     static Z:\home\nicolasd\code\krobot\krobot\elec\boards\Interface_Robot\Firmware\ax12.c
                  __pa_16   0x0026aa    program     static Z:\home\nicolasd\code\krobot\krobot\elec\boards\Interface_Robot\Firmware\usb_device.c
                  __pa_16   0x003766    program     static Z:\home\nicolasd\code\krobot\krobot\elec\boards\Interface_Robot\Firmware\infrared.c
                  __pa_17   0x0026b4    program     static Z:\home\nicolasd\code\krobot\krobot\elec\boards\Interface_Robot\Firmware\usb_device.c
                  __pa_17   0x002dba    program     static Z:\home\nicolasd\code\krobot\krobot\elec\boards\Interface_Robot\Firmware\ax12.c
                  __pa_17   0x001c84    program     static Z:\home\nicolasd\code\krobot\krobot\elec\boards\Interface_Robot\Firmware\main.c
                  __pa_18   0x0026c0    program     static Z:\home\nicolasd\code\krobot\krobot\elec\boards\Interface_Robot\Firmware\usb_device.c
                  __pa_18   0x002dc2    program     static Z:\home\nicolasd\code\krobot\krobot\elec\boards\Interface_Robot\Firmware\ax12.c
                  __pa_18   0x001c8c    program     static Z:\home\nicolasd\code\krobot\krobot\elec\boards\Interface_Robot\Firmware\main.c
                  __pa_19   0x002dd2    program     static Z:\home\nicolasd\code\krobot\krobot\elec\boards\Interface_Robot\Firmware\ax12.c
                  __pa_19   0x001c94    program     static Z:\home\nicolasd\code\krobot\krobot\elec\boards\Interface_Robot\Firmware\main.c
                  __pa_19   0x0026cc    program     static Z:\home\nicolasd\code\krobot\krobot\elec\boards\Interface_Robot\Firmware\usb_device.c
                   __pa_2   0x002d04    program     static Z:\home\nicolasd\code\krobot\krobot\elec\boards\Interface_Robot\Firmware\ax12.c
                   __pa_2   0x0025fc    program     static Z:\home\nicolasd\code\krobot\krobot\elec\boards\Interface_Robot\Firmware\usb_device.c
                   __pa_2   0x00397a    program     static Z:\home\nicolasd\code\krobot\krobot\elec\boards\Interface_Robot\Firmware\servo.c
                   __pa_2   0x0036ae    program     static Z:\home\nicolasd\code\krobot\krobot\elec\boards\Interface_Robot\Firmware\infrared.c
                   __pa_2   0x003d02    program     static Z:\home\nicolasd\code\krobot\krobot\elec\boards\Interface_Robot\Firmware\adjd-s371.c
                   __pa_2   0x001bbc    program     static Z:\home\nicolasd\code\krobot\krobot\elec\boards\Interface_Robot\Firmware\main.c
                   __pa_2   0x003dc2    program     static Z:\home\nicolasd\code\krobot\krobot\elec\boards\Interface_Robot\Firmware\lcd.c
                  __pa_20   0x002dda    program     static Z:\home\nicolasd\code\krobot\krobot\elec\boards\Interface_Robot\Firmware\ax12.c
                  __pa_20   0x0026dc    program     static Z:\home\nicolasd\code\krobot\krobot\elec\boards\Interface_Robot\Firmware\usb_device.c
                  __pa_20   0x001c9e    program     static Z:\home\nicolasd\code\krobot\krobot\elec\boards\Interface_Robot\Firmware\main.c
                  __pa_21   0x0026ec    program     static Z:\home\nicolasd\code\krobot\krobot\elec\boards\Interface_Robot\Firmware\usb_device.c
                  __pa_21   0x001ca6    program     static Z:\home\nicolasd\code\krobot\krobot\elec\boards\Interface_Robot\Firmware\main.c
                  __pa_22   0x0026fc    program     static Z:\home\nicolasd\code\krobot\krobot\elec\boards\Interface_Robot\Firmware\usb_device.c
                  __pa_23   0x00270a    program     static Z:\home\nicolasd\code\krobot\krobot\elec\boards\Interface_Robot\Firmware\usb_device.c
                  __pa_24   0x002718    program     static Z:\home\nicolasd\code\krobot\krobot\elec\boards\Interface_Robot\Firmware\usb_device.c
                  __pa_25   0x002726    program     static Z:\home\nicolasd\code\krobot\krobot\elec\boards\Interface_Robot\Firmware\usb_device.c
                  __pa_26   0x002734    program     static Z:\home\nicolasd\code\krobot\krobot\elec\boards\Interface_Robot\Firmware\usb_device.c
                  __pa_27   0x002742    program     static Z:\home\nicolasd\code\krobot\krobot\elec\boards\Interface_Robot\Firmware\usb_device.c
                  __pa_28   0x00275a    program     static Z:\home\nicolasd\code\krobot\krobot\elec\boards\Interface_Robot\Firmware\usb_device.c
                  __pa_29   0x002776    program     static Z:\home\nicolasd\code\krobot\krobot\elec\boards\Interface_Robot\Firmware\usb_device.c
                   __pa_3   0x001bc2    program     static Z:\home\nicolasd\code\krobot\krobot\elec\boards\Interface_Robot\Firmware\main.c
                   __pa_3   0x002d0e    program     static Z:\home\nicolasd\code\krobot\krobot\elec\boards\Interface_Robot\Firmware\ax12.c
                   __pa_3   0x002606    program     static Z:\home\nicolasd\code\krobot\krobot\elec\boards\Interface_Robot\Firmware\usb_device.c
                   __pa_3   0x003dc8    program     static Z:\home\nicolasd\code\krobot\krobot\elec\boards\Interface_Robot\Firmware\lcd.c
                   __pa_3   0x003990    program     static Z:\home\nicolasd\code\krobot\krobot\elec\boards\Interface_Robot\Firmware\servo.c
                   __pa_3   0x0036b8    program     static Z:\home\nicolasd\code\krobot\krobot\elec\boards\Interface_Robot\Firmware\infrared.c
                   __pa_3   0x003d0a    program     static Z:\home\nicolasd\code\krobot\krobot\elec\boards\Interface_Robot\Firmware\adjd-s371.c
                  __pa_30   0x002780    program     static Z:\home\nicolasd\code\krobot\krobot\elec\boards\Interface_Robot\Firmware\usb_device.c
                  __pa_31   0x002788    program     static Z:\home\nicolasd\code\krobot\krobot\elec\boards\Interface_Robot\Firmware\usb_device.c
                  __pa_32   0x00279a    program     static Z:\home\nicolasd\code\krobot\krobot\elec\boards\Interface_Robot\Firmware\usb_device.c
                  __pa_33   0x0027a4    program     static Z:\home\nicolasd\code\krobot\krobot\elec\boards\Interface_Robot\Firmware\usb_device.c
                  __pa_34   0x0027ae    program     static Z:\home\nicolasd\code\krobot\krobot\elec\boards\Interface_Robot\Firmware\usb_device.c
                  __pa_35   0x0027b8    program     static Z:\home\nicolasd\code\krobot\krobot\elec\boards\Interface_Robot\Firmware\usb_device.c
                  __pa_36   0x0027c8    program     static Z:\home\nicolasd\code\krobot\krobot\elec\boards\Interface_Robot\Firmware\usb_device.c
                  __pa_37   0x0027d6    program     static Z:\home\nicolasd\code\krobot\krobot\elec\boards\Interface_Robot\Firmware\usb_device.c
                  __pa_38   0x0027e0    program     static Z:\home\nicolasd\code\krobot\krobot\elec\boards\Interface_Robot\Firmware\usb_device.c
                  __pa_39   0x0027ea    program     static Z:\home\nicolasd\code\krobot\krobot\elec\boards\Interface_Robot\Firmware\usb_device.c
                   __pa_4   0x001bd4    program     static Z:\home\nicolasd\code\krobot\krobot\elec\boards\Interface_Robot\Firmware\main.c
                   __pa_4   0x002d16    program     static Z:\home\nicolasd\code\krobot\krobot\elec\boards\Interface_Robot\Firmware\ax12.c
                   __pa_4   0x00260e    program     static Z:\home\nicolasd\code\krobot\krobot\elec\boards\Interface_Robot\Firmware\usb_device.c
                   __pa_4   0x003dd0    program     static Z:\home\nicolasd\code\krobot\krobot\elec\boards\Interface_Robot\Firmware\lcd.c
                   __pa_4   0x0039a2    program     static Z:\home\nicolasd\code\krobot\krobot\elec\boards\Interface_Robot\Firmware\servo.c
                   __pa_4   0x003d12    program     static Z:\home\nicolasd\code\krobot\krobot\elec\boards\Interface_Robot\Firmware\adjd-s371.c
                   __pa_4   0x0036ce    program     static Z:\home\nicolasd\code\krobot\krobot\elec\boards\Interface_Robot\Firmware\infrared.c
                  __pa_40   0x0027f2    program     static Z:\home\nicolasd\code\krobot\krobot\elec\boards\Interface_Robot\Firmware\usb_device.c
                  __pa_41   0x0027fa    program     static Z:\home\nicolasd\code\krobot\krobot\elec\boards\Interface_Robot\Firmware\usb_device.c
                   __pa_5   0x003dd4    program     static Z:\home\nicolasd\code\krobot\krobot\elec\boards\Interface_Robot\Firmware\lcd.c
                   __pa_5   0x0036d4    program     static Z:\home\nicolasd\code\krobot\krobot\elec\boards\Interface_Robot\Firmware\infrared.c
                   __pa_5   0x002d2a    program     static Z:\home\nicolasd\code\krobot\krobot\elec\boards\Interface_Robot\Firmware\ax12.c
                   __pa_5   0x001be8    program     static Z:\home\nicolasd\code\krobot\krobot\elec\boards\Interface_Robot\Firmware\main.c
                   __pa_5   0x0039ae    program     static Z:\home\nicolasd\code\krobot\krobot\elec\boards\Interface_Robot\Firmware\servo.c
                   __pa_5   0x002618    program     static Z:\home\nicolasd\code\krobot\krobot\elec\boards\Interface_Robot\Firmware\usb_device.c
                   __pa_6   0x003ddc    program     static Z:\home\nicolasd\code\krobot\krobot\elec\boards\Interface_Robot\Firmware\lcd.c
                   __pa_6   0x0036e6    program     static Z:\home\nicolasd\code\krobot\krobot\elec\boards\Interface_Robot\Firmware\infrared.c
                   __pa_6   0x002d38    program     static Z:\home\nicolasd\code\krobot\krobot\elec\boards\Interface_Robot\Firmware\ax12.c
                   __pa_6   0x0039b6    program     static Z:\home\nicolasd\code\krobot\krobot\elec\boards\Interface_Robot\Firmware\servo.c
                   __pa_6   0x002620    program     static Z:\home\nicolasd\code\krobot\krobot\elec\boards\Interface_Robot\Firmware\usb_device.c
                   __pa_6   0x001bf6    program     static Z:\home\nicolasd\code\krobot\krobot\elec\boards\Interface_Robot\Firmware\main.c
                   __pa_7   0x001bfa    program     static Z:\home\nicolasd\code\krobot\krobot\elec\boards\Interface_Robot\Firmware\main.c
                   __pa_7   0x002d40    program     static Z:\home\nicolasd\code\krobot\krobot\elec\boards\Interface_Robot\Firmware\ax12.c
                   __pa_7   0x0036f8    program     static Z:\home\nicolasd\code\krobot\krobot\elec\boards\Interface_Robot\Firmware\infrared.c
                   __pa_7   0x003de2    program     static Z:\home\nicolasd\code\krobot\krobot\elec\boards\Interface_Robot\Firmware\lcd.c
                   __pa_7   0x002628    program     static Z:\home\nicolasd\code\krobot\krobot\elec\boards\Interface_Robot\Firmware\usb_device.c
                   __pa_8   0x001c0a    program     static Z:\home\nicolasd\code\krobot\krobot\elec\boards\Interface_Robot\Firmware\main.c
                   __pa_8   0x003704    program     static Z:\home\nicolasd\code\krobot\krobot\elec\boards\Interface_Robot\Firmware\infrared.c
                   __pa_8   0x002d4c    program     static Z:\home\nicolasd\code\krobot\krobot\elec\boards\Interface_Robot\Firmware\ax12.c
                   __pa_8   0x003dea    program     static Z:\home\nicolasd\code\krobot\krobot\elec\boards\Interface_Robot\Firmware\lcd.c
                   __pa_8   0x00262e    program     static Z:\home\nicolasd\code\krobot\krobot\elec\boards\Interface_Robot\Firmware\usb_device.c
                   __pa_9   0x003710    program     static Z:\home\nicolasd\code\krobot\krobot\elec\boards\Interface_Robot\Firmware\infrared.c
                   __pa_9   0x002d5c    program     static Z:\home\nicolasd\code\krobot\krobot\elec\boards\Interface_Robot\Firmware\ax12.c
                   __pa_9   0x00263c    program     static Z:\home\nicolasd\code\krobot\krobot\elec\boards\Interface_Robot\Firmware\usb_device.c
                   __pa_9   0x001c1a    program     static Z:\home\nicolasd\code\krobot\krobot\elec\boards\Interface_Robot\Firmware\main.c
               __string_0   0x0043d5    program     static Z:\home\nicolasd\code\krobot\krobot\elec\boards\Interface_Robot\Firmware\main.c
               __string_1   0x0043c9    program     static Z:\home\nicolasd\code\krobot\krobot\elec\boards\Interface_Robot\Firmware\main.c
               __string_2   0x0043c7    program     static Z:\home\nicolasd\code\krobot\krobot\elec\boards\Interface_Robot\Firmware\main.c
               __string_3   0x0043be    program     static Z:\home\nicolasd\code\krobot\krobot\elec\boards\Interface_Robot\Firmware\main.c
               __tmplbl_0   0x000a3a    program     static                          
               __tmplbl_1   0x000a34    program     static                          
              __tmplbl_10   0x001a88    program     static                          
              __tmplbl_11   0x001a92    program     static                          
              __tmplbl_12   0x001a9c    program     static                          
              __tmplbl_13   0x001aa6    program     static                          
              __tmplbl_14   0x001ab0    program     static                          
              __tmplbl_18   0x001c8c    program     static                          
               __tmplbl_2   0x000a70    program     static                          
              __tmplbl_20   0x002620    program     static                          
              __tmplbl_26   0x002620    program     static                          
               __tmplbl_3   0x000a50    program     static                          
               __tmplbl_4   0x000a48    program     static                          
               __tmplbl_5   0x000ae6    program     static                          
               __tmplbl_6   0x000ad4    program     static                          
               __tmplbl_7   0x001a68    program     static                          
               __tmplbl_8   0x001a74    program     static                          
               __tmplbl_9   0x001a7e    program     static                          
            __zero_memory   0x004652    program     extern C:\MCC18\src\traditional\proc\p18F4550.asm
                _do_cinit   0x003f74    program     extern C:\MCC18\src\traditional\startup\c018i.c
                   _entry   0x000000    program     extern C:\MCC18\src\traditional\startup\c018i.c
                   _false   0x0042f8    program     static                          
                   _reset   0x000800    program     extern Z:\home\nicolasd\code\krobot\krobot\elec\boards\Interface_Robot\Firmware\main.c
                 _startup   0x004600    program     extern C:\MCC18\src\traditional\startup\c018i.c
               actionAX12   0x002c7e    program     extern Z:\home\nicolasd\code\krobot\krobot\elec\boards\Interface_Robot\Firmware\ax12.c
         adjdReadRegister   0x003c4c    program     extern Z:\home\nicolasd\code\krobot\krobot\elec\boards\Interface_Robot\Firmware\adjd-s371.c
        adjdWriteRegister   0x003c28    program     extern Z:\home\nicolasd\code\krobot\krobot\elec\boards\Interface_Robot\Firmware\adjd-s371.c
                 checkTOR   0x003ba2    program     extern Z:\home\nicolasd\code\krobot\krobot\elec\boards\Interface_Robot\Firmware\mcc.c
               clear_loop   0x004658    program     static C:\MCC18\src\traditional\proc\p18F4550.asm
               configAX12   0x002a0c    program     extern Z:\home\nicolasd\code\krobot\krobot\elec\boards\Interface_Robot\Firmware\ax12.c
        configDescriptor1   0x003ed6    program     extern Z:\home\nicolasd\code\krobot\krobot\elec\boards\Interface_Robot\Firmware\usb_descriptors.c
                copy_loop   0x003fe6    program     static                          
            copy_one_byte   0x003fec    program     static                          
               device_dsc   0x003ec4    program     extern Z:\home\nicolasd\code\krobot\krobot\elec\boards\Interface_Robot\Firmware\usb_descriptors.c
             disableMotor   0x003a50    program     extern Z:\home\nicolasd\code\krobot\krobot\elec\boards\Interface_Robot\Firmware\mcc.c
             disableServo   0x0038ea    program     extern Z:\home\nicolasd\code\krobot\krobot\elec\boards\Interface_Robot\Firmware\servo.c
                     done   0x004010    program     static                          
             done_copying   0x003ffa    program     static                          
              enableMotor   0x003a48    program     extern Z:\home\nicolasd\code\krobot\krobot\elec\boards\Interface_Robot\Firmware\mcc.c
              enableServo   0x0038d6    program     extern Z:\home\nicolasd\code\krobot\krobot\elec\boards\Interface_Robot\Firmware\servo.c
                    error   0x00450e    program     extern Z:\home\nicolasd\code\krobot\krobot\elec\boards\Interface_Robot\Firmware\error.c
               getIFRange   0x00352e    program     extern Z:\home\nicolasd\code\krobot\krobot\elec\boards\Interface_Robot\Firmware\infrared.c
              getPosition   0x002cce    program     extern Z:\home\nicolasd\code\krobot\krobot\elec\boards\Interface_Robot\Firmware\ax12.c
                 getSpeed   0x002cd4    program     extern Z:\home\nicolasd\code\krobot\krobot\elec\boards\Interface_Robot\Firmware\ax12.c
                     goTo   0x002c88    program     extern Z:\home\nicolasd\code\krobot\krobot\elec\boards\Interface_Robot\Firmware\ax12.c
              hasTimedOut   0x0029e6    program     extern Z:\home\nicolasd\code\krobot\krobot\elec\boards\Interface_Robot\Firmware\ax12.c
                hid_rpt01   0x003f4f    program     extern Z:\home\nicolasd\code\krobot\krobot\elec\boards\Interface_Robot\Firmware\usb_descriptors.c
                 initAX12   0x002800    program     extern Z:\home\nicolasd\code\krobot\krobot\elec\boards\Interface_Robot\Firmware\ax12.c
                 initAdjd   0x003bf2    program     extern Z:\home\nicolasd\code\krobot\krobot\elec\boards\Interface_Robot\Firmware\adjd-s371.c
                   initIF   0x003326    program     extern Z:\home\nicolasd\code\krobot\krobot\elec\boards\Interface_Robot\Firmware\infrared.c
                  initMCC   0x0039c8    program     extern Z:\home\nicolasd\code\krobot\krobot\elec\boards\Interface_Robot\Firmware\mcc.c
               initServos   0x00376c    program     extern Z:\home\nicolasd\code\krobot\krobot\elec\boards\Interface_Robot\Firmware\servo.c
            interruptAX12   0x00280a    program     extern Z:\home\nicolasd\code\krobot\krobot\elec\boards\Interface_Robot\Firmware\ax12.c
              interruptIF   0x003346    program     extern Z:\home\nicolasd\code\krobot\krobot\elec\boards\Interface_Robot\Firmware\infrared.c
          interruptMotor1   0x003a12    program     extern Z:\home\nicolasd\code\krobot\krobot\elec\boards\Interface_Robot\Firmware\mcc.c
           interruptServo   0x003796    program     extern Z:\home\nicolasd\code\krobot\krobot\elec\boards\Interface_Robot\Firmware\servo.c
   isStatusPacketReceived   0x0029e0    program     extern Z:\home\nicolasd\code\krobot\krobot\elec\boards\Interface_Robot\Firmware\ax12.c
                 jANotInf   0x002fb0    program     static C:\MCC18\src\traditional\math\divFP.asm
                 jANotInf   0x002e8e    program     static C:\MCC18\src\traditional\math\addFP.asm
                 jANotInf   0x003056    program     static C:\MCC18\src\traditional\math\mulFP.asm
                 jANotNeg   0x002f22    program     static C:\MCC18\src\traditional\math\addFP.asm
                jANotZero   0x002fc4    program     static C:\MCC18\src\traditional\math\divFP.asm
              jAandWsetup   0x002ef2    program     static C:\MCC18\src\traditional\math\addFP.asm
                 jAltBexp   0x002ee0    program     static C:\MCC18\src\traditional\math\addFP.asm
                jBANotInf   0x002e84    program     static C:\MCC18\src\traditional\math\addFP.asm
                 jBNotInf   0x002e9c    program     static C:\MCC18\src\traditional\math\addFP.asm
              jBothFinite   0x003064    program     static C:\MCC18\src\traditional\math\mulFP.asm
             jBothNotZero   0x003070    program     static C:\MCC18\src\traditional\math\mulFP.asm
            jDifOrPosSign   0x002eb0    program     static C:\MCC18\src\traditional\math\addFP.asm
                     jEnd   0x0041ea    program     static C:\MCC18\src\traditional\stdclib\scatp2r.asm
                     jEnd   0x0041b2    program     static C:\MCC18\src\traditional\stdclib\memset.asm
                    jExit   0x003218    program     static C:\MCC18\src\traditional\math\castFP32.asm
                    jExit   0x0031aa    program     static C:\MCC18\src\traditional\math\castFP16.asm
               jFinalSign   0x002f8a    program     static C:\MCC18\src\traditional\math\addFP.asm
                jHaveZero   0x00306c    program     static C:\MCC18\src\traditional\math\mulFP.asm
                jI2F08Beg   0x002df0    program     static C:\MCC18\src\traditional\math\cast08FP.asm
                jI2F16Beg   0x002e18    program     static C:\MCC18\src\traditional\math\cast16FP.asm
                jI2F32Beg   0x002e4a    program     static C:\MCC18\src\traditional\math\cast32FP.asm
                    jLoop   0x004194    program     static C:\MCC18\src\traditional\stdclib\memset.asm
                    jLoop   0x002fec    program     static C:\MCC18\src\traditional\math\divFP.asm
                    jLoop   0x0041e0    program     static C:\MCC18\src\traditional\stdclib\scatp2r.asm
                    jLoop   0x0031ec    program     static C:\MCC18\src\traditional\math\castFP32.asm
                    jLoop   0x00318a    program     static C:\MCC18\src\traditional\math\castFP16.asm
                jLoopExit   0x003200    program     static C:\MCC18\src\traditional\math\castFP32.asm
                jLoopExit   0x00319a    program     static C:\MCC18\src\traditional\math\castFP16.asm
                     jMax   0x0031bc    program     static C:\MCC18\src\traditional\math\castFP32.asm
                     jMax   0x00315e    program     static C:\MCC18\src\traditional\math\castFP16.asm
                  jMaxNeg   0x0031ce    program     static C:\MCC18\src\traditional\math\castFP32.asm
                  jMaxNeg   0x00316c    program     static C:\MCC18\src\traditional\math\castFP16.asm
                  jMaxPos   0x0031c0    program     static C:\MCC18\src\traditional\math\castFP32.asm
                  jMaxPos   0x003162    program     static C:\MCC18\src\traditional\math\castFP16.asm
                    jNext   0x003012    program     static C:\MCC18\src\traditional\math\divFP.asm
                jNoAdjust   0x003010    program     static C:\MCC18\src\traditional\math\divFP.asm
             jNotBothZero   0x002eb4    program     static C:\MCC18\src\traditional\math\addFP.asm
                  jNotInf   0x00317a    program     static C:\MCC18\src\traditional\math\castFP16.asm
                  jNotInf   0x0031da    program     static C:\MCC18\src\traditional\math\castFP32.asm
                jNullLoop   0x0041da    program     static C:\MCC18\src\traditional\stdclib\scatp2r.asm
                  jPkLoop   0x003260    program     static C:\MCC18\src\traditional\math\packFP.asm
             jPkRoundDone   0x0032aa    program     static C:\MCC18\src\traditional\math\packFP.asm
               jPkRoundIt   0x003292    program     static C:\MCC18\src\traditional\math\packFP.asm
             jPkShiftDone   0x00327c    program     static C:\MCC18\src\traditional\math\packFP.asm
           jReturnPosInf0   0x003236    program     static C:\MCC18\src\traditional\math\packFP.asm
               jShiftDone   0x002f4a    program     static C:\MCC18\src\traditional\math\addFP.asm
               jShiftLoop   0x002f3c    program     static C:\MCC18\src\traditional\math\addFP.asm
                jSignDone   0x002f7a    program     static C:\MCC18\src\traditional\math\addFP.asm
              jSignedZero   0x002fba    program     static C:\MCC18\src\traditional\math\divFP.asm
                  jUnpkA1   0x0032d4    program     static C:\MCC18\src\traditional\math\UnpackFP.asm
                  jUnpkA2   0x0032ec    program     static C:\MCC18\src\traditional\math\UnpackFP.asm
                 jUnpkANZ   0x0032e2    program     static C:\MCC18\src\traditional\math\UnpackFP.asm
                  jUnpkB1   0x003304    program     static C:\MCC18\src\traditional\math\UnpackFP.asm
                  jUnpkB2   0x00331c    program     static C:\MCC18\src\traditional\math\UnpackFP.asm
                 jUnpkBNZ   0x003312    program     static C:\MCC18\src\traditional\math\UnpackFP.asm
                 jUnpkNaN   0x0032f6    program     static C:\MCC18\src\traditional\math\UnpackFP.asm
                 jWNotNeg   0x002f36    program     static C:\MCC18\src\traditional\math\addFP.asm
                   jWr123   0x0031c6    program     static C:\MCC18\src\traditional\math\castFP32.asm
                  jWrZ123   0x0031d6    program     static C:\MCC18\src\traditional\math\castFP32.asm
                    jZero   0x0031d4    program     static C:\MCC18\src\traditional\math\castFP32.asm
                    jZero   0x003174    program     static C:\MCC18\src\traditional\math\castFP16.asm
               jZero1and2   0x00323a    program     static C:\MCC18\src\traditional\math\packFP.asm
            lastErrorAX12   0x002a24    program     extern Z:\home\nicolasd\code\krobot\krobot\elec\boards\Interface_Robot\Firmware\ax12.c
                lcd_clear   0x003d28    program     extern Z:\home\nicolasd\code\krobot\krobot\elec\boards\Interface_Robot\Firmware\lcd.c
                 lcd_goto   0x003d54    program     extern Z:\home\nicolasd\code\krobot\krobot\elec\boards\Interface_Robot\Firmware\lcd.c
          lcd_goto_origin   0x003d4e    program     extern Z:\home\nicolasd\code\krobot\krobot\elec\boards\Interface_Robot\Firmware\lcd.c
                 lcd_init   0x003d1a    program     extern Z:\home\nicolasd\code\krobot\krobot\elec\boards\Interface_Robot\Firmware\lcd.c
        lcd_set_backlight   0x003d3e    program     extern Z:\home\nicolasd\code\krobot\krobot\elec\boards\Interface_Robot\Firmware\lcd.c
           lcd_set_cursor   0x003d2e    program     extern Z:\home\nicolasd\code\krobot\krobot\elec\boards\Interface_Robot\Firmware\lcd.c
                lcd_write   0x003d6e    program     extern Z:\home\nicolasd\code\krobot\krobot\elec\boards\Interface_Robot\Firmware\lcd.c
           lcd_write_line   0x003d7a    program     extern Z:\home\nicolasd\code\krobot\krobot\elec\boards\Interface_Robot\Firmware\lcd.c
                     loop   0x0042c4    program     static                          
                     loop   0x004610    program     static                          
                     main   0x00097a    program     extern Z:\home\nicolasd\code\krobot\krobot\elec\boards\Interface_Robot\Firmware\main.c
                   memset   0x004180    program     extern C:\MCC18\src\traditional\stdclib\memset.asm
                     move   0x003a58    program     extern Z:\home\nicolasd\code\krobot\krobot\elec\boards\Interface_Robot\Firmware\mcc.c
                 pingAX12   0x002a30    program     extern Z:\home\nicolasd\code\krobot\krobot\elec\boards\Interface_Robot\Firmware\ax12.c
                  putsI2C   0x00409c    program     extern C:\MCC18\src\pmc_common\i2c\i2c_puts.c
              readValue16   0x002b98    program     extern Z:\home\nicolasd\code\krobot\krobot\elec\boards\Interface_Robot\Firmware\ax12.c
               readValue8   0x002ae4    program     extern Z:\home\nicolasd\code\krobot\krobot\elec\boards\Interface_Robot\Firmware\ax12.c
               regWrite16   0x002c6e    program     extern Z:\home\nicolasd\code\krobot\krobot\elec\boards\Interface_Robot\Firmware\ax12.c
                regWrite8   0x002c66    program     extern Z:\home\nicolasd\code\krobot\krobot\elec\boards\Interface_Robot\Firmware\ax12.c
                resetAX12   0x002ac4    program     extern Z:\home\nicolasd\code\krobot\krobot\elec\boards\Interface_Robot\Firmware\ax12.c
                    sd000   0x003eff    program     extern Z:\home\nicolasd\code\krobot\krobot\elec\boards\Interface_Robot\Firmware\usb_descriptors.c
                    sd001   0x003f03    program     extern Z:\home\nicolasd\code\krobot\krobot\elec\boards\Interface_Robot\Firmware\usb_descriptors.c
                    sd002   0x003f2f    program     extern Z:\home\nicolasd\code\krobot\krobot\elec\boards\Interface_Robot\Firmware\usb_descriptors.c
           sendInstPacket   0x0028ea    program     extern Z:\home\nicolasd\code\krobot\krobot\elec\boards\Interface_Robot\Firmware\ax12.c
                 setParam   0x0029f4    program     extern Z:\home\nicolasd\code\krobot\krobot\elec\boards\Interface_Robot\Firmware\ax12.c
            setServoAngle   0x0038c0    program     extern Z:\home\nicolasd\code\krobot\krobot\elec\boards\Interface_Robot\Firmware\servo.c
            strcatpgm2ram   0x0041b4    program     extern C:\MCC18\src\traditional\stdclib\scatp2r.asm
                     test   0x003f8e    program     static                          
         waitStatusPacket   0x0029ec    program     extern Z:\home\nicolasd\code\krobot\krobot\elec\boards\Interface_Robot\Firmware\ax12.c
             writeValue16   0x002ad6    program     extern Z:\home\nicolasd\code\krobot\krobot\elec\boards\Interface_Robot\Firmware\ax12.c
              writeValue8   0x002ace    program     extern Z:\home\nicolasd\code\krobot\krobot\elec\boards\Interface_Robot\Firmware\ax12.c
                   ADCON0   0x000fc2       data     extern C:\MCC18\src\traditional\proc\p18F4550.asm
               ADCON0bits   0x000fc2       data     extern C:\MCC18\src\traditional\proc\p18F4550.asm
                   ADCON1   0x000fc1       data     extern C:\MCC18\src\traditional\proc\p18F4550.asm
               ADCON1bits   0x000fc1       data     extern C:\MCC18\src\traditional\proc\p18F4550.asm
                   ADCON2   0x000fc0       data     extern C:\MCC18\src\traditional\proc\p18F4550.asm
               ADCON2bits   0x000fc0       data     extern C:\MCC18\src\traditional\proc\p18F4550.asm
                    ADRES   0x000fc3       data     extern C:\MCC18\src\traditional\proc\p18F4550.asm
                   ADRESH   0x000fc4       data     extern C:\MCC18\src\traditional\proc\p18F4550.asm
                   ADRESL   0x000fc3       data     extern C:\MCC18\src\traditional\proc\p18F4550.asm
                  BAUDCON   0x000fb8       data     extern C:\MCC18\src\traditional\proc\p18F4550.asm
              BAUDCONbits   0x000fb8       data     extern C:\MCC18\src\traditional\proc\p18F4550.asm
                      BDT   0x000400       data     extern Z:\home\nicolasd\code\krobot\krobot\elec\boards\Interface_Robot\Firmware\usb_device.c
                      BSR   0x000fe0       data     extern C:\MCC18\src\traditional\proc\p18F4550.asm
       BothEP0OutUOWNsSet   0x000081       data     extern Z:\home\nicolasd\code\krobot\krobot\elec\boards\Interface_Robot\Firmware\usb_device.c
                   CCP1AS   0x000fb6       data     extern C:\MCC18\src\traditional\proc\p18F4550.asm
               CCP1ASbits   0x000fb6       data     extern C:\MCC18\src\traditional\proc\p18F4550.asm
                  CCP1CON   0x000fbd       data     extern C:\MCC18\src\traditional\proc\p18F4550.asm
              CCP1CONbits   0x000fbd       data     extern C:\MCC18\src\traditional\proc\p18F4550.asm
                  CCP1DEL   0x000fb7       data     extern C:\MCC18\src\traditional\proc\p18F4550.asm
              CCP1DELbits   0x000fb7       data     extern C:\MCC18\src\traditional\proc\p18F4550.asm
                  CCP2CON   0x000fba       data     extern C:\MCC18\src\traditional\proc\p18F4550.asm
              CCP2CONbits   0x000fba       data     extern C:\MCC18\src\traditional\proc\p18F4550.asm
                    CCPR1   0x000fbe       data     extern C:\MCC18\src\traditional\proc\p18F4550.asm
                   CCPR1H   0x000fbf       data     extern C:\MCC18\src\traditional\proc\p18F4550.asm
                   CCPR1L   0x000fbe       data     extern C:\MCC18\src\traditional\proc\p18F4550.asm
                    CCPR2   0x000fbb       data     extern C:\MCC18\src\traditional\proc\p18F4550.asm
                   CCPR2H   0x000fbc       data     extern C:\MCC18\src\traditional\proc\p18F4550.asm
                   CCPR2L   0x000fbb       data     extern C:\MCC18\src\traditional\proc\p18F4550.asm
                    CMCON   0x000fb4       data     extern C:\MCC18\src\traditional\proc\p18F4550.asm
                CMCONbits   0x000fb4       data     extern C:\MCC18\src\traditional\proc\p18F4550.asm
                   CVRCON   0x000fb5       data     extern C:\MCC18\src\traditional\proc\p18F4550.asm
               CVRCONbits   0x000fb5       data     extern C:\MCC18\src\traditional\proc\p18F4550.asm
              CtrlTrfData   0x000428       data     extern Z:\home\nicolasd\code\krobot\krobot\elec\boards\Interface_Robot\Firmware\usb_device.c
                     DDRA   0x000f92       data     extern C:\MCC18\src\traditional\proc\p18F4550.asm
                 DDRAbits   0x000f92       data     extern C:\MCC18\src\traditional\proc\p18F4550.asm
                     DDRB   0x000f93       data     extern C:\MCC18\src\traditional\proc\p18F4550.asm
                 DDRBbits   0x000f93       data     extern C:\MCC18\src\traditional\proc\p18F4550.asm
                     DDRC   0x000f94       data     extern C:\MCC18\src\traditional\proc\p18F4550.asm
                 DDRCbits   0x000f94       data     extern C:\MCC18\src\traditional\proc\p18F4550.asm
                     DDRD   0x000f95       data     extern C:\MCC18\src\traditional\proc\p18F4550.asm
[...]
                    UEP13   0x000f7d       data     extern C:\MCC18\src\traditional\proc\p18F4550.asm
                UEP13bits   0x000f7d       data     extern C:\MCC18\src\traditional\proc\p18F4550.asm
                UEP14bits   0x000f7e       data     extern C:\MCC18\src\traditional\proc\p18F4550.asm
                    UEP14   0x000f7e       data     extern C:\MCC18\src\traditional\proc\p18F4550.asm
                UEP15bits   0x000f7f       data     extern C:\MCC18\src\traditional\proc\p18F4550.asm
                    UEP15   0x000f7f       data     extern C:\MCC18\src\traditional\proc\p18F4550.asm
                    PORTA   0x000f80       data     extern C:\MCC18\src\traditional\proc\p18F4550.asm
                PORTAbits   0x000f80       data     extern C:\MCC18\src\traditional\proc\p18F4550.asm
                    PORTB   0x000f81       data     extern C:\MCC18\src\traditional\proc\p18F4550.asm
                PORTBbits   0x000f81       data     extern C:\MCC18\src\traditional\proc\p18F4550.asm
                    PORTC   0x000f82       data     extern C:\MCC18\src\traditional\proc\p18F4550.asm
                PORTCbits   0x000f82       data     extern C:\MCC18\src\traditional\proc\p18F4550.asm
                    PORTD   0x000f83       data     extern C:\MCC18\src\traditional\proc\p18F4550.asm
                PORTDbits   0x000f83       data     extern C:\MCC18\src\traditional\proc\p18F4550.asm
                PORTEbits   0x000f84       data     extern C:\MCC18\src\traditional\proc\p18F4550.asm
                    PORTE   0x000f84       data     extern C:\MCC18\src\traditional\proc\p18F4550.asm
                     LATA   0x000f89       data     extern C:\MCC18\src\traditional\proc\p18F4550.asm
                 LATAbits   0x000f89       data     extern C:\MCC18\src\traditional\proc\p18F4550.asm
                     LATB   0x000f8a       data     extern C:\MCC18\src\traditional\proc\p18F4550.asm
                 LATBbits   0x000f8a       data     extern C:\MCC18\src\traditional\proc\p18F4550.asm
                     LATC   0x000f8b       data     extern C:\MCC18\src\traditional\proc\p18F4550.asm
                 LATCbits   0x000f8b       data     extern C:\MCC18\src\traditional\proc\p18F4550.asm
                 LATDbits   0x000f8c       data     extern C:\MCC18\src\traditional\proc\p18F4550.asm
                     LATD   0x000f8c       data     extern C:\MCC18\src\traditional\proc\p18F4550.asm
                 LATEbits   0x000f8d       data     extern C:\MCC18\src\traditional\proc\p18F4550.asm
                     LATE   0x000f8d       data     extern C:\MCC18\src\traditional\proc\p18F4550.asm
                TRISAbits   0x000f92       data     extern C:\MCC18\src\traditional\proc\p18F4550.asm
                    TRISA   0x000f92       data     extern C:\MCC18\src\traditional\proc\p18F4550.asm
                 DDRAbits   0x000f92       data     extern C:\MCC18\src\traditional\proc\p18F4550.asm
                     DDRA   0x000f92       data     extern C:\MCC18\src\traditional\proc\p18F4550.asm
                    TRISB   0x000f93       data     extern C:\MCC18\src\traditional\proc\p18F4550.asm
                TRISBbits   0x000f93       data     extern C:\MCC18\src\traditional\proc\p18F4550.asm
                 DDRBbits   0x000f93       data     extern C:\MCC18\src\traditional\proc\p18F4550.asm
                     DDRB   0x000f93       data     extern C:\MCC18\src\traditional\proc\p18F4550.asm
                 DDRCbits   0x000f94       data     extern C:\MCC18\src\traditional\proc\p18F4550.asm
                     DDRC   0x000f94       data     extern C:\MCC18\src\traditional\proc\p18F4550.asm
                    TRISC   0x000f94       data     extern C:\MCC18\src\traditional\proc\p18F4550.asm
                TRISCbits   0x000f94       data     extern C:\MCC18\src\traditional\proc\p18F4550.asm
                    TRISD   0x000f95       data     extern C:\MCC18\src\traditional\proc\p18F4550.asm
                TRISDbits   0x000f95       data     extern C:\MCC18\src\traditional\proc\p18F4550.asm
                 DDRDbits   0x000f95       data     extern C:\MCC18\src\traditional\proc\p18F4550.asm
                     DDRD   0x000f95       data     extern C:\MCC18\src\traditional\proc\p18F4550.asm
                    TRISE   0x000f96       data     extern C:\MCC18\src\traditional\proc\p18F4550.asm
                TRISEbits   0x000f96       data     extern C:\MCC18\src\traditional\proc\p18F4550.asm
                     DDRE   0x000f96       data     extern C:\MCC18\src\traditional\proc\p18F4550.asm
                 DDREbits   0x000f96       data     extern C:\MCC18\src\traditional\proc\p18F4550.asm
                  OSCTUNE   0x000f9b       data     extern C:\MCC18\src\traditional\proc\p18F4550.asm
              OSCTUNEbits   0x000f9b       data     extern C:\MCC18\src\traditional\proc\p18F4550.asm
                     PIE1   0x000f9d       data     extern C:\MCC18\src\traditional\proc\p18F4550.asm
                 PIE1bits   0x000f9d       data     extern C:\MCC18\src\traditional\proc\p18F4550.asm
                 PIR1bits   0x000f9e       data     extern C:\MCC18\src\traditional\proc\p18F4550.asm
                     PIR1   0x000f9e       data     extern C:\MCC18\src\traditional\proc\p18F4550.asm
                 IPR1bits   0x000f9f       data     extern C:\MCC18\src\traditional\proc\p18F4550.asm
                     IPR1   0x000f9f       data     extern C:\MCC18\src\traditional\proc\p18F4550.asm
                 PIE2bits   0x000fa0       data     extern C:\MCC18\src\traditional\proc\p18F4550.asm
                     PIE2   0x000fa0       data     extern C:\MCC18\src\traditional\proc\p18F4550.asm
                 PIR2bits   0x000fa1       data     extern C:\MCC18\src\traditional\proc\p18F4550.asm
                     PIR2   0x000fa1       data     extern C:\MCC18\src\traditional\proc\p18F4550.asm
                 IPR2bits   0x000fa2       data     extern C:\MCC18\src\traditional\proc\p18F4550.asm
                     IPR2   0x000fa2       data     extern C:\MCC18\src\traditional\proc\p18F4550.asm
                   EECON1   0x000fa6       data     extern C:\MCC18\src\traditional\proc\p18F4550.asm
               EECON1bits   0x000fa6       data     extern C:\MCC18\src\traditional\proc\p18F4550.asm
                   EECON2   0x000fa7       data     extern C:\MCC18\src\traditional\proc\p18F4550.asm
                   EEDATA   0x000fa8       data     extern C:\MCC18\src\traditional\proc\p18F4550.asm
                    EEADR   0x000fa9       data     extern C:\MCC18\src\traditional\proc\p18F4550.asm
                    RCSTA   0x000fab       data     extern C:\MCC18\src\traditional\proc\p18F4550.asm
                RCSTAbits   0x000fab       data     extern C:\MCC18\src\traditional\proc\p18F4550.asm
                TXSTAbits   0x000fac       data     extern C:\MCC18\src\traditional\proc\p18F4550.asm
                    TXSTA   0x000fac       data     extern C:\MCC18\src\traditional\proc\p18F4550.asm
                    TXREG   0x000fad       data     extern C:\MCC18\src\traditional\proc\p18F4550.asm
                    RCREG   0x000fae       data     extern C:\MCC18\src\traditional\proc\p18F4550.asm
                    SPBRG   0x000faf       data     extern C:\MCC18\src\traditional\proc\p18F4550.asm
                   SPBRGH   0x000fb0       data     extern C:\MCC18\src\traditional\proc\p18F4550.asm
                T3CONbits   0x000fb1       data     extern C:\MCC18\src\traditional\proc\p18F4550.asm
                    T3CON   0x000fb1       data     extern C:\MCC18\src\traditional\proc\p18F4550.asm
                    TMR3L   0x000fb2       data     extern C:\MCC18\src\traditional\proc\p18F4550.asm
                    TMR3H   0x000fb3       data     extern C:\MCC18\src\traditional\proc\p18F4550.asm
                CMCONbits   0x000fb4       data     extern C:\MCC18\src\traditional\proc\p18F4550.asm
                    CMCON   0x000fb4       data     extern C:\MCC18\src\traditional\proc\p18F4550.asm
               CVRCONbits   0x000fb5       data     extern C:\MCC18\src\traditional\proc\p18F4550.asm
                   CVRCON   0x000fb5       data     extern C:\MCC18\src\traditional\proc\p18F4550.asm
                  ECCP1AS   0x000fb6       data     extern C:\MCC18\src\traditional\proc\p18F4550.asm
              ECCP1ASbits   0x000fb6       data     extern C:\MCC18\src\traditional\proc\p18F4550.asm
               CCP1ASbits   0x000fb6       data     extern C:\MCC18\src\traditional\proc\p18F4550.asm
                   CCP1AS   0x000fb6       data     extern C:\MCC18\src\traditional\proc\p18F4550.asm
              CCP1DELbits   0x000fb7       data     extern C:\MCC18\src\traditional\proc\p18F4550.asm
                  CCP1DEL   0x000fb7       data     extern C:\MCC18\src\traditional\proc\p18F4550.asm
                 ECCP1DEL   0x000fb7       data     extern C:\MCC18\src\traditional\proc\p18F4550.asm
             ECCP1DELbits   0x000fb7       data     extern C:\MCC18\src\traditional\proc\p18F4550.asm
                  BAUDCON   0x000fb8       data     extern C:\MCC18\src\traditional\proc\p18F4550.asm
              BAUDCONbits   0x000fb8       data     extern C:\MCC18\src\traditional\proc\p18F4550.asm
              CCP2CONbits   0x000fba       data     extern C:\MCC18\src\traditional\proc\p18F4550.asm
                  CCP2CON   0x000fba       data     extern C:\MCC18\src\traditional\proc\p18F4550.asm
                    CCPR2   0x000fbb       data     extern C:\MCC18\src\traditional\proc\p18F4550.asm
                   CCPR2L   0x000fbb       data     extern C:\MCC18\src\traditional\proc\p18F4550.asm
                   CCPR2H   0x000fbc       data     extern C:\MCC18\src\traditional\proc\p18F4550.asm
                 ECCP1CON   0x000fbd       data     extern C:\MCC18\src\traditional\proc\p18F4550.asm
             ECCP1CONbits   0x000fbd       data     extern C:\MCC18\src\traditional\proc\p18F4550.asm
              CCP1CONbits   0x000fbd       data     extern C:\MCC18\src\traditional\proc\p18F4550.asm
                  CCP1CON   0x000fbd       data     extern C:\MCC18\src\traditional\proc\p18F4550.asm
                   CCPR1L   0x000fbe       data     extern C:\MCC18\src\traditional\proc\p18F4550.asm
                    CCPR1   0x000fbe       data     extern C:\MCC18\src\traditional\proc\p18F4550.asm
                   CCPR1H   0x000fbf       data     extern C:\MCC18\src\traditional\proc\p18F4550.asm
               ADCON2bits   0x000fc0       data     extern C:\MCC18\src\traditional\proc\p18F4550.asm
                   ADCON2   0x000fc0       data     extern C:\MCC18\src\traditional\proc\p18F4550.asm
               ADCON1bits   0x000fc1       data     extern C:\MCC18\src\traditional\proc\p18F4550.asm
                   ADCON1   0x000fc1       data     extern C:\MCC18\src\traditional\proc\p18F4550.asm
                   ADCON0   0x000fc2       data     extern C:\MCC18\src\traditional\proc\p18F4550.asm
               ADCON0bits   0x000fc2       data     extern C:\MCC18\src\traditional\proc\p18F4550.asm
                    ADRES   0x000fc3       data     extern C:\MCC18\src\traditional\proc\p18F4550.asm
                   ADRESL   0x000fc3       data     extern C:\MCC18\src\traditional\proc\p18F4550.asm
                   ADRESH   0x000fc4       data     extern C:\MCC18\src\traditional\proc\p18F4550.asm
                  SSPCON2   0x000fc5       data     extern C:\MCC18\src\traditional\proc\p18F4550.asm
              SSPCON2bits   0x000fc5       data     extern C:\MCC18\src\traditional\proc\p18F4550.asm
                  SSPCON1   0x000fc6       data     extern C:\MCC18\src\traditional\proc\p18F4550.asm
              SSPCON1bits   0x000fc6       data     extern C:\MCC18\src\traditional\proc\p18F4550.asm
                  SSPSTAT   0x000fc7       data     extern C:\MCC18\src\traditional\proc\p18F4550.asm
              SSPSTATbits   0x000fc7       data     extern C:\MCC18\src\traditional\proc\p18F4550.asm
                   SSPADD   0x000fc8       data     extern C:\MCC18\src\traditional\proc\p18F4550.asm
                   SSPBUF   0x000fc9       data     extern C:\MCC18\src\traditional\proc\p18F4550.asm
                    T2CON   0x000fca       data     extern C:\MCC18\src\traditional\proc\p18F4550.asm
                T2CONbits   0x000fca       data     extern C:\MCC18\src\traditional\proc\p18F4550.asm
                      PR2   0x000fcb       data     extern C:\MCC18\src\traditional\proc\p18F4550.asm
                     TMR2   0x000fcc       data     extern C:\MCC18\src\traditional\proc\p18F4550.asm
                T1CONbits   0x000fcd       data     extern C:\MCC18\src\traditional\proc\p18F4550.asm
                    T1CON   0x000fcd       data     extern C:\MCC18\src\traditional\proc\p18F4550.asm
                    TMR1L   0x000fce       data     extern C:\MCC18\src\traditional\proc\p18F4550.asm
                    TMR1H   0x000fcf       data     extern C:\MCC18\src\traditional\proc\p18F4550.asm
                     RCON   0x000fd0       data     extern C:\MCC18\src\traditional\proc\p18F4550.asm
                 RCONbits   0x000fd0       data     extern C:\MCC18\src\traditional\proc\p18F4550.asm
                   WDTCON   0x000fd1       data     extern C:\MCC18\src\traditional\proc\p18F4550.asm
               WDTCONbits   0x000fd1       data     extern C:\MCC18\src\traditional\proc\p18F4550.asm
                  HLVDCON   0x000fd2       data     extern C:\MCC18\src\traditional\proc\p18F4550.asm
              HLVDCONbits   0x000fd2       data     extern C:\MCC18\src\traditional\proc\p18F4550.asm
                   LVDCON   0x000fd2       data     extern C:\MCC18\src\traditional\proc\p18F4550.asm
               LVDCONbits   0x000fd2       data     extern C:\MCC18\src\traditional\proc\p18F4550.asm
                   OSCCON   0x000fd3       data     extern C:\MCC18\src\traditional\proc\p18F4550.asm
               OSCCONbits   0x000fd3       data     extern C:\MCC18\src\traditional\proc\p18F4550.asm
                T0CONbits   0x000fd5       data     extern C:\MCC18\src\traditional\proc\p18F4550.asm
                    T0CON   0x000fd5       data     extern C:\MCC18\src\traditional\proc\p18F4550.asm
                    TMR0L   0x000fd6       data     extern C:\MCC18\src\traditional\proc\p18F4550.asm
                    TMR0H   0x000fd7       data     extern C:\MCC18\src\traditional\proc\p18F4550.asm
                   STATUS   0x000fd8       data     extern C:\MCC18\src\traditional\proc\p18F4550.asm
               STATUSbits   0x000fd8       data     extern C:\MCC18\src\traditional\proc\p18F4550.asm
                    FSR2L   0x000fd9       data     extern C:\MCC18\src\traditional\proc\p18F4550.asm
                     FSR2   0x000fd9       data     extern C:\MCC18\src\traditional\proc\p18F4550.asm
                    FSR2H   0x000fda       data     extern C:\MCC18\src\traditional\proc\p18F4550.asm
                   PLUSW2   0x000fdb       data     extern C:\MCC18\src\traditional\proc\p18F4550.asm
                  PREINC2   0x000fdc       data     extern C:\MCC18\src\traditional\proc\p18F4550.asm
                 POSTDEC2   0x000fdd       data     extern C:\MCC18\src\traditional\proc\p18F4550.asm
                 POSTINC2   0x000fde       data     extern C:\MCC18\src\traditional\proc\p18F4550.asm
                    INDF2   0x000fdf       data     extern C:\MCC18\src\traditional\proc\p18F4550.asm
                      BSR   0x000fe0       data     extern C:\MCC18\src\traditional\proc\p18F4550.asm
                     FSR1   0x000fe1       data     extern C:\MCC18\src\traditional\proc\p18F4550.asm
                    FSR1L   0x000fe1       data     extern C:\MCC18\src\traditional\proc\p18F4550.asm
                    FSR1H   0x000fe2       data     extern C:\MCC18\src\traditional\proc\p18F4550.asm
                   PLUSW1   0x000fe3       data     extern C:\MCC18\src\traditional\proc\p18F4550.asm
                  PREINC1   0x000fe4       data     extern C:\MCC18\src\traditional\proc\p18F4550.asm
                 POSTDEC1   0x000fe5       data     extern C:\MCC18\src\traditional\proc\p18F4550.asm
                 POSTINC1   0x000fe6       data     extern C:\MCC18\src\traditional\proc\p18F4550.asm
                    INDF1   0x000fe7       data     extern C:\MCC18\src\traditional\proc\p18F4550.asm
                     WREG   0x000fe8       data     extern C:\MCC18\src\traditional\proc\p18F4550.asm
                     FSR0   0x000fe9       data     extern C:\MCC18\src\traditional\proc\p18F4550.asm
                    FSR0L   0x000fe9       data     extern C:\MCC18\src\traditional\proc\p18F4550.asm
                    FSR0H   0x000fea       data     extern C:\MCC18\src\traditional\proc\p18F4550.asm
                   PLUSW0   0x000feb       data     extern C:\MCC18\src\traditional\proc\p18F4550.asm
                  PREINC0   0x000fec       data     extern C:\MCC18\src\traditional\proc\p18F4550.asm
                 POSTDEC0   0x000fed       data     extern C:\MCC18\src\traditional\proc\p18F4550.asm
                 POSTINC0   0x000fee       data     extern C:\MCC18\src\traditional\proc\p18F4550.asm
                    INDF0   0x000fef       data     extern C:\MCC18\src\traditional\proc\p18F4550.asm
              INTCON3bits   0x000ff0       data     extern C:\MCC18\src\traditional\proc\p18F4550.asm
                  INTCON3   0x000ff0       data     extern C:\MCC18\src\traditional\proc\p18F4550.asm
              INTCON2bits   0x000ff1       data     extern C:\MCC18\src\traditional\proc\p18F4550.asm
                  INTCON2   0x000ff1       data     extern C:\MCC18\src\traditional\proc\p18F4550.asm
               INTCONbits   0x000ff2       data     extern C:\MCC18\src\traditional\proc\p18F4550.asm
                   INTCON   0x000ff2       data     extern C:\MCC18\src\traditional\proc\p18F4550.asm
                    PRODL   0x000ff3       data     extern C:\MCC18\src\traditional\proc\p18F4550.asm
                     PROD   0x000ff3       data     extern C:\MCC18\src\traditional\proc\p18F4550.asm
                    PRODH   0x000ff4       data     extern C:\MCC18\src\traditional\proc\p18F4550.asm
                   TABLAT   0x000ff5       data     extern C:\MCC18\src\traditional\proc\p18F4550.asm
                  TBLPTRL   0x000ff6       data     extern C:\MCC18\src\traditional\proc\p18F4550.asm
                   TBLPTR   0x000ff6       data     extern C:\MCC18\src\traditional\proc\p18F4550.asm
                  TBLPTRH   0x000ff7       data     extern C:\MCC18\src\traditional\proc\p18F4550.asm
                  TBLPTRU   0x000ff8       data     extern C:\MCC18\src\traditional\proc\p18F4550.asm
                       PC   0x000ff9       data     extern C:\MCC18\src\traditional\proc\p18F4550.asm
                      PCL   0x000ff9       data     extern C:\MCC18\src\traditional\proc\p18F4550.asm
                   PCLATH   0x000ffa       data     extern C:\MCC18\src\traditional\proc\p18F4550.asm
                   PCLATU   0x000ffb       data     extern C:\MCC18\src\traditional\proc\p18F4550.asm
                   STKPTR   0x000ffc       data     extern C:\MCC18\src\traditional\proc\p18F4550.asm
               STKPTRbits   0x000ffc       data     extern C:\MCC18\src\traditional\proc\p18F4550.asm
                      TOS   0x000ffd       data     extern C:\MCC18\src\traditional\proc\p18F4550.asm
                     TOSL   0x000ffd       data     extern C:\MCC18\src\traditional\proc\p18F4550.asm
                     TOSH   0x000ffe       data     extern C:\MCC18\src\traditional\proc\p18F4550.asm
                     TOSU   0x000fff       data     extern C:\MCC18\src\traditional\proc\p18F4550.asm


