MPLINK 4.21, Linker
Linker Map File - Created Sat May 08 18:41:47 2010

                                 Section Info
                  Section       Type    Address   Location Size(Bytes)
                ---------  ---------  ---------  ---------  ---------
               _entry_scn       code   0x000000    program   0x000006
    HIGH_INTERRUPT_VECTOR       code   0x000008    program   0x000006
     LOW_INTERRUPT_VECTOR       code   0x000018    program   0x000006
    REMAPPED_RESET_VECTOR       code   0x000800    program   0x000006
REMAPPED_HIGH_INTERRUPT_VECTOR       code   0x000808    program   0x000006
REMAPPED_LOW_INTERRUPT_VECTOR       code   0x000818    program   0x000006
                   .cinit    romdata   0x00082a    program   0x00004a
             .code_main.o       code   0x000874    program   0x0013b4
       .code_usb_device.o       code   0x001c28    program   0x000b4c
             .code_ax12.o       code   0x002774    program   0x000606
                     PROG       code   0x002d7a    program   0x000544
         .code_infrared.o       code   0x0032be    program   0x00034a
            .code_servo.o       code   0x003608    program   0x00025c
              .code_mcc.o       code   0x003864    program   0x00022c
        .code_adjd-s371.o       code   0x003a90    program   0x000128
              .code_lcd.o       code   0x003bb8    program   0x0000d8
 .code_usb_function_hid.o       code   0x003c90    program   0x0000ce
.romdata_usb_descriptors.o    romdata   0x003d5e    program   0x0000b0
               _cinit_scn       code   0x003e0e    program   0x00009e
            .code_uopen.o       code   0x003eac    program   0x00008a
         .code_i2c_puts.o       code   0x003f36    program   0x000076
          .code_adcopen.o       code   0x003fac    program   0x00006e
                   STRING       code   0x00401a    program   0x00006c
           .code_eeprom.o       code   0x004086    program   0x00006c
         .code_pw1setdc.o       code   0x0040f2    program   0x00005e
         .code_fxd3232u.o       code   0x004150    program   0x000048
           .code_t3open.o       code   0x004198    program   0x000046
            .code_uread.o       code   0x0041de    program   0x00003e
         .code_i2c_writ.o       code   0x00421c    program   0x00003c
             .stringtable    romdata   0x004258    program   0x00003b
      .idata_i2c_open.o_i    romdata   0x004293    program   0x000000
      .romdata_i2c_open.o    romdata   0x004293    program   0x000000
         .romdata_uread.o    romdata   0x004293    program   0x000000
         .idata_uread.o_i    romdata   0x004293    program   0x000000
       .romdata_adcread.o    romdata   0x004293    program   0x000000
       .idata_adcread.o_i    romdata   0x004293    program   0x000000
.idata_usb_descriptors.o_i    romdata   0x004293    program   0x000000
         .romdata_uopen.o    romdata   0x004293    program   0x000000
       .idata_pw1open.o_i    romdata   0x004293    program   0x000000
         .idata_uopen.o_i    romdata   0x004293    program   0x000000
       .romdata_pw1open.o    romdata   0x004293    program   0x000000
        .romdata_t3open.o    romdata   0x004293    program   0x000000
        .idata_t3open.o_i    romdata   0x004293    program   0x000000
        .romdata_t2open.o    romdata   0x004293    program   0x000000
        .idata_t2open.o_i    romdata   0x004293    program   0x000000
        .romdata_t0open.o    romdata   0x004293    program   0x000000
        .idata_t0open.o_i    romdata   0x004293    program   0x000000
         .idata_c018i.o_i    romdata   0x004293    program   0x000000
         .romdata_c018i.o    romdata   0x004293    program   0x000000
      .romdata_i2c_puts.o    romdata   0x004293    program   0x000000
      .idata_i2c_puts.o_i    romdata   0x004293    program   0x000000
        .romdata___init.o    romdata   0x004293    program   0x000000
        .idata___init.o_i    romdata   0x004293    program   0x000000
        .romdata_uwrite.o    romdata   0x004293    program   0x000000
        .idata_uwrite.o_i    romdata   0x004293    program   0x000000
       .romdata_t3write.o    romdata   0x004293    program   0x000000
       .idata_t3write.o_i    romdata   0x004293    program   0x000000
       .romdata_t0write.o    romdata   0x004293    program   0x000000
       .idata_t0write.o_i    romdata   0x004293    program   0x000000
      .romdata_i2c_writ.o    romdata   0x004293    program   0x000000
      .idata_i2c_writ.o_i    romdata   0x004293    program   0x000000
         .romdata_udefs.o    romdata   0x004293    program   0x000000
         .idata_udefs.o_i    romdata   0x004293    program   0x000000
      .romdata_pw1setdc.o    romdata   0x004293    program   0x000000
      .idata_pw1setdc.o_i    romdata   0x004293    program   0x000000
  .romdata_adcselchconv.o    romdata   0x004293    program   0x000000
  .idata_adcselchconv.o_i    romdata   0x004293    program   0x000000
           .romdata_lcd.o    romdata   0x004293    program   0x000000
        .idata_eeprom.o_i    romdata   0x004293    program   0x000000
           .idata_lcd.o_i    romdata   0x004293    program   0x000000
        .romdata_eeprom.o    romdata   0x004293    program   0x000000
      .romdata_infrared.o    romdata   0x004293    program   0x000000
       .idata_adcbusy.o_i    romdata   0x004293    program   0x000000
       .romdata_adcbusy.o    romdata   0x004293    program   0x000000
     .romdata_adjd-s371.o    romdata   0x004293    program   0x000000
     .idata_adjd-s371.o_i    romdata   0x004293    program   0x000000
      .idata_i2c_clos.o_i    romdata   0x004293    program   0x000000
      .romdata_i2c_clos.o    romdata   0x004293    program   0x000000
    .idata_usb_device.o_i    romdata   0x004293    program   0x000000
           .romdata_mcc.o    romdata   0x004293    program   0x000000
    .romdata_usb_device.o    romdata   0x004293    program   0x000000
          .romdata_main.o    romdata   0x004293    program   0x000000
      .idata_fxd3232u.o_i    romdata   0x004293    program   0x000000
         .romdata_servo.o    romdata   0x004293    program   0x000000
      .romdata_fxd3232u.o    romdata   0x004293    program   0x000000
         .romdata_error.o    romdata   0x004293    program   0x000000
      .idata_i2c_idle.o_i    romdata   0x004293    program   0x000000
      .romdata_i2c_idle.o    romdata   0x004293    program   0x000000
.idata_usb_function_hid.o_i    romdata   0x004293    program   0x000000
       .idata_adcopen.o_i    romdata   0x004293    program   0x000000
          .romdata_ax12.o    romdata   0x004293    program   0x000000
       .romdata_adcopen.o    romdata   0x004293    program   0x000000
.romdata_usb_function_hid.o    romdata   0x004293    program   0x000000
          .code_t3write.o       code   0x004294    program   0x000038
            .code_c018i.o       code   0x004294    program   0x000000
            .code_udefs.o       code   0x004294    program   0x000000
  .code_usb_descriptors.o       code   0x004294    program   0x000000
          .code_t0write.o       code   0x0042cc    program   0x000038
           .code_t0open.o       code   0x004304    program   0x000038
           .code_t2open.o       code   0x00433c    program   0x000036
         .code_i2c_open.o       code   0x004372    program   0x000036
            .code_error.o       code   0x0043a8    program   0x000036
          .code_pw1open.o       code   0x0043de    program   0x000030
     .code_adcselchconv.o       code   0x00440e    program   0x000030
             D10KTCYXCODE       code   0x00443e    program   0x00002e
           .code_uwrite.o       code   0x00446c    program   0x00002e
             _startup_scn       code   0x00449a    program   0x00001c
              D10TCYXCODE       code   0x0044b6    program   0x000016
          .code_adcread.o       code   0x0044cc    program   0x000012
         .code_i2c_idle.o       code   0x0044de    program   0x00000e
                    .code       code   0x0044ec    program   0x00000e
          .code_adcbusy.o       code   0x0044fa    program   0x00000a
         .code_i2c_clos.o       code   0x004504    program   0x000004
           .code___init.o       code   0x004508    program   0x000002
         .idata_servo.o_i    romdata   0x00450a    program   0x000009
           .idata_mcc.o_i    romdata   0x004513    program   0x000010
          .idata_main.o_i    romdata   0x004523    program   0x000009
      .idata_infrared.o_i    romdata   0x00452c    program   0x000003
         .idata_error.o_i    romdata   0x00452f    program   0x000021
          .idata_ax12.o_i    romdata   0x004550    program   0x000024
                 .tmpdata      udata   0x000000       data   0x000022
                MATH_DATA      udata   0x000022       data   0x000014
                DELAYDAT2      udata   0x000036       data   0x000001
                DELAYDAT1      udata   0x000037       data   0x000001
        .udata_infrared.o      udata   0x000060       data   0x0000a0
      .udata_usb_device.o      udata   0x000100       data   0x000026
            .idata_ax12.o      idata   0x000126       data   0x000024
            .udata_ax12.o      udata   0x00014a       data   0x000021
           .idata_error.o      idata   0x00016b       data   0x000021
             .idata_mcc.o      idata   0x00018c       data   0x000010
           .udata_c018i.o      udata   0x00019c       data   0x00000a
           .idata_servo.o      idata   0x0001a6       data   0x000009
            .idata_main.o      idata   0x0001af       data   0x000009
            .udata_main.o      udata   0x0001b8       data   0x000003
        .idata_infrared.o      idata   0x0001bb       data   0x000003
.udata_usb_function_hid.o      udata   0x0001be       data   0x000002
           .udata_udefs.o      udata   0x0001c0       data   0x000001
          .udata_eeprom.o      udata   0x0001c1       data   0x000001
    .udata_adcselchconv.o      udata   0x0001c2       data   0x000000
           .idata_uread.o      idata   0x0001c2       data   0x000000
           .udata_uread.o      udata   0x0001c2       data   0x000000
        .idata_i2c_puts.o      idata   0x0001c2       data   0x000000
         .idata_adcread.o      idata   0x0001c2       data   0x000000
         .udata_adcread.o      udata   0x0001c2       data   0x000000
           .idata_uopen.o      idata   0x0001c2       data   0x000000
           .udata_uopen.o      udata   0x0001c2       data   0x000000
          .idata_t3open.o      idata   0x0001c2       data   0x000000
          .udata_t3open.o      udata   0x0001c2       data   0x000000
          .idata_t2open.o      idata   0x0001c2       data   0x000000
          .udata_t2open.o      udata   0x0001c2       data   0x000000
          .idata_t0open.o      idata   0x0001c2       data   0x000000
          .udata_t0open.o      udata   0x0001c2       data   0x000000
    .idata_adcselchconv.o      idata   0x0001c2       data   0x000000
        .udata_pw1setdc.o      udata   0x0001c2       data   0x000000
        .udata_i2c_puts.o      udata   0x0001c2       data   0x000000
        .idata_pw1setdc.o      idata   0x0001c2       data   0x000000
           .idata_udefs.o      idata   0x0001c2       data   0x000000
        .udata_i2c_writ.o      udata   0x0001c2       data   0x000000
          .idata___init.o      idata   0x0001c2       data   0x000000
        .idata_i2c_writ.o      idata   0x0001c2       data   0x000000
         .udata_t0write.o      udata   0x0001c2       data   0x000000
         .idata_t0write.o      idata   0x0001c2       data   0x000000
          .udata___init.o      udata   0x0001c2       data   0x000000
         .udata_t3write.o      udata   0x0001c2       data   0x000000
         .idata_t3write.o      idata   0x0001c2       data   0x000000
          .udata_uwrite.o      udata   0x0001c2       data   0x000000
          .idata_uwrite.o      idata   0x0001c2       data   0x000000
           .idata_c018i.o      idata   0x0001c2       data   0x000000
 .udata_usb_descriptors.o      udata   0x0001c2       data   0x000000
 .idata_usb_descriptors.o      idata   0x0001c2       data   0x000000
          .idata_eeprom.o      idata   0x0001c2       data   0x000000
      .idata_usb_device.o      idata   0x0001c2       data   0x000000
.idata_usb_function_hid.o      idata   0x0001c2       data   0x000000
           .udata_error.o      udata   0x0001c2       data   0x000000
           .udata_servo.o      udata   0x0001c2       data   0x000000
             .udata_mcc.o      udata   0x0001c2       data   0x000000
       .udata_adjd-s371.o      udata   0x0001c2       data   0x000000
       .idata_adjd-s371.o      idata   0x0001c2       data   0x000000
             .udata_lcd.o      udata   0x0001c2       data   0x000000
             .idata_lcd.o      idata   0x0001c2       data   0x000000
         .idata_pw1open.o      idata   0x0001c2       data   0x000000
         .udata_pw1open.o      udata   0x0001c2       data   0x000000
        .idata_i2c_open.o      idata   0x0001c2       data   0x000000
        .udata_i2c_open.o      udata   0x0001c2       data   0x000000
         .idata_adcopen.o      idata   0x0001c2       data   0x000000
         .udata_adcopen.o      udata   0x0001c2       data   0x000000
        .idata_i2c_idle.o      idata   0x0001c2       data   0x000000
        .udata_i2c_idle.o      udata   0x0001c2       data   0x000000
        .idata_fxd3232u.o      idata   0x0001c2       data   0x000000
        .udata_fxd3232u.o      udata   0x0001c2       data   0x000000
        .idata_i2c_clos.o      idata   0x0001c2       data   0x000000
        .udata_i2c_clos.o      udata   0x0001c2       data   0x000000
         .idata_adcbusy.o      idata   0x0001c2       data   0x000000
         .udata_adcbusy.o      udata   0x0001c2       data   0x000000
                   .stack      udata   0x000300       data   0x000100
                  USB_BDT      udata   0x000400       data   0x000036
            USB_VARIABLES      udata   0x000500       data   0x000080
            SFR_UNBANKED0      udata   0x000f62       data   0x00009e



                              Program Memory Usage 
                               Start         End      
                           ---------   ---------      
                            0x000000    0x000005      
                            0x000008    0x00000d      
                            0x000018    0x00001d      
                            0x000800    0x000805      
                            0x000808    0x00080d      
                            0x000818    0x00081d      
                            0x00082a    0x004292      
                            0x004294    0x004573      
            15725 out of 33048 program addresses used, program memory utilization is 47%



                              Symbols - Sorted by Name
                     Name    Address   Location    Storage File                     
                ---------  ---------  ---------  --------- ---------                
           BlinkUSBStatus   0x00183e    program     extern C:\krobot\elec\boards\Interface_Robot\Firmware\main.c
                  BusyADC   0x0044fa    program     extern C:\MCC18\src\pmc_common\ADC\adcbusy.c
                 CloseI2C   0x004504    program     extern C:\MCC18\src\pmc_common\i2c\i2c_clos.c
                   D10K_1   0x00444a    program     static C:\MCC18\src\traditional\delays\d10ktcyx.asm
                    D10Kl   0x004456    program     static C:\MCC18\src\traditional\delays\d10ktcyx.asm
                    D10Kx   0x004448    program     static C:\MCC18\src\traditional\delays\d10ktcyx.asm
                    D10_1   0x0044c6    program     static C:\MCC18\src\traditional\delays\d10tcyx.asm
                     D10x   0x0044be    program     static C:\MCC18\src\traditional\delays\d10tcyx.asm
             Delay10KTCYx   0x00443e    program     extern C:\MCC18\src\traditional\delays\d10ktcyx.asm
              Delay10TCYx   0x0044b6    program     extern C:\MCC18\src\traditional\delays\d10tcyx.asm
                 FLO0832S   0x002d7e    program     extern C:\MCC18\src\traditional\math\cast08FP.asm
                 FLO0832U   0x002d7a    program     extern C:\MCC18\src\traditional\math\cast08FP.asm
                 FLO1632S   0x002da0    program     extern C:\MCC18\src\traditional\math\cast16FP.asm
                 FLO1632U   0x002d9c    program     extern C:\MCC18\src\traditional\math\cast16FP.asm
                 FLO3232S   0x002dca    program     extern C:\MCC18\src\traditional\math\cast32FP.asm
                 FLO3232U   0x002dc6    program     extern C:\MCC18\src\traditional\math\cast32FP.asm
                    FPA32   0x002dfe    program     extern C:\MCC18\src\traditional\math\addFP.asm
                    FPD32   0x002f2a    program     extern C:\MCC18\src\traditional\math\divFP.asm
                    FPM32   0x002fd0    program     extern C:\MCC18\src\traditional\math\mulFP.asm
                    FPS32   0x002dfc    program     extern C:\MCC18\src\traditional\math\addFP.asm
                 FXD3232U   0x004150    program     extern C:\MCC18\src\traditional\math\fxd3232u.c
                 FXM1616U   0x0030aa    program     extern C:\MCC18\src\traditional\math\fxm1616u.asm
                 High_ISR   0x000008    program     extern C:\krobot\elec\boards\Interface_Robot\Firmware\main.c
                  INT3216   0x0030e6    program     extern C:\MCC18\src\traditional\math\castFP16.asm
                  INT3232   0x003144    program     extern C:\MCC18\src\traditional\math\castFP32.asm
                  IdleI2C   0x0044de    program     extern C:\MCC18\src\pmc_common\i2c\i2c_idle.c
         InitializeSystem   0x000988    program     static C:\krobot\elec\boards\Interface_Robot\Firmware\main.c
                  Low_ISR   0x000018    program     extern C:\krobot\elec\boards\Interface_Robot\Firmware\main.c
                  OpenADC   0x003fac    program     extern C:\MCC18\src\pmc_common\ADC\adcopen.c
                  OpenI2C   0x004372    program     extern C:\MCC18\src\pmc_common\i2c\i2c_open.c
                 OpenPWM1   0x0043de    program     extern C:\MCC18\src\pmc_common\PWM\pw1open.c
         OpenPWM1ConfigIO   0x00440a    program     extern C:\MCC18\src\pmc_common\PWM\pw1open.c
               OpenTimer0   0x004304    program     extern C:\MCC18\src\pmc_common\Timers\t0open.c
               OpenTimer2   0x00433c    program     extern C:\MCC18\src\pmc_common\Timers\t2open.c
               OpenTimer3   0x004198    program     extern C:\MCC18\src\pmc_common\Timers\t3open.c
                OpenUSART   0x003eac    program     extern C:\MCC18\src\pmc_common\USART\uopen.c
                ProcessIO   0x000a14    program     extern C:\krobot\elec\boards\Interface_Robot\Firmware\main.c
                  ReadADC   0x0044cc    program     extern C:\MCC18\src\pmc_common\ADC\adcread.c
               ReadEEPROM   0x0040c6    program     extern C:\krobot\elec\boards\Interface_Robot\Firmware\eeprom.c
                ReadUSART   0x0041de    program     extern C:\MCC18\src\pmc_common\USART\uread.c
        Remapped_High_ISR   0x000808    program     extern C:\krobot\elec\boards\Interface_Robot\Firmware\main.c
         Remapped_Low_ISR   0x000818    program     extern C:\krobot\elec\boards\Interface_Robot\Firmware\main.c
              ResetSource   0x001a56    program     extern C:\krobot\elec\boards\Interface_Robot\Firmware\main.c
           SelChanConvADC   0x00440e    program     extern C:\MCC18\src\pmc_common\ADC\adcselchconv.c
                SetDCPWM1   0x0040f2    program     extern C:\MCC18\src\pmc_common\PWM\pw1setdc.c
       USBCBCheckOtherReq   0x001966    program     extern C:\krobot\elec\boards\Interface_Robot\Firmware\main.c
        USBCBErrorHandler   0x001964    program     extern C:\krobot\elec\boards\Interface_Robot\Firmware\main.c
              USBCBInitEP   0x00196c    program     extern C:\krobot\elec\boards\Interface_Robot\Firmware\main.c
          USBCBSendResume   0x0019a4    program     extern C:\krobot\elec\boards\Interface_Robot\Firmware\main.c
    USBCBStdSetDscHandler   0x00196a    program     extern C:\krobot\elec\boards\Interface_Robot\Firmware\main.c
             USBCBSuspend   0x0018bc    program     extern C:\krobot\elec\boards\Interface_Robot\Firmware\main.c
     USBCBWakeFromSuspend   0x0018fa    program     extern C:\krobot\elec\boards\Interface_Robot\Firmware\main.c
        USBCB_SOF_Handler   0x001962    program     extern C:\krobot\elec\boards\Interface_Robot\Firmware\main.c
       USBCheckHIDRequest   0x003c90    program     extern C:\krobot\elec\boards\Interface_Robot\Firmware\usb_function_hid.c
       USBCheckStdRequest   0x001f7c    program     extern C:\krobot\elec\boards\Interface_Robot\Firmware\usb_device.c
    USBClearInterruptFlag   0x002532    program     extern C:\krobot\elec\boards\Interface_Robot\Firmware\usb_device.c
     USBConfigureEndpoint   0x0023ee    program     extern C:\krobot\elec\boards\Interface_Robot\Firmware\usb_device.c
         USBCtrlEPService   0x001e06    program     extern C:\krobot\elec\boards\Interface_Robot\Firmware\usb_device.c
 USBCtrlEPServiceComplete   0x0021e6    program     extern C:\krobot\elec\boards\Interface_Robot\Firmware\usb_device.c
      USBCtrlTrfInHandler   0x001eda    program     extern C:\krobot\elec\boards\Interface_Robot\Firmware\usb_device.c
     USBCtrlTrfOutHandler   0x001ebe    program     extern C:\krobot\elec\boards\Interface_Robot\Firmware\usb_device.c
      USBCtrlTrfRxService   0x002300    program     extern C:\krobot\elec\boards\Interface_Robot\Firmware\usb_device.c
   USBCtrlTrfSetupHandler   0x001e9a    program     extern C:\krobot\elec\boards\Interface_Robot\Firmware\usb_device.c
      USBCtrlTrfTxService   0x00225a    program     extern C:\krobot\elec\boards\Interface_Robot\Firmware\usb_device.c
            USBDeviceInit   0x001c28    program     extern C:\krobot\elec\boards\Interface_Robot\Firmware\usb_device.c
           USBDeviceTasks   0x001c94    program     extern C:\krobot\elec\boards\Interface_Robot\Firmware\usb_device.c
        USBEnableEndpoint   0x002466    program     extern C:\krobot\elec\boards\Interface_Robot\Firmware\usb_device.c
USBPrepareForNextSetupTrf   0x001f34    program     extern C:\krobot\elec\boards\Interface_Robot\Firmware\usb_device.c
         USBStallEndpoint   0x0024a0    program     extern C:\krobot\elec\boards\Interface_Robot\Firmware\usb_device.c
          USBStallHandler   0x001db6    program     extern C:\krobot\elec\boards\Interface_Robot\Firmware\usb_device.c
  USBStdFeatureReqHandler   0x002024    program     extern C:\krobot\elec\boards\Interface_Robot\Firmware\usb_device.c
      USBStdGetDscHandler   0x0020e6    program     extern C:\krobot\elec\boards\Interface_Robot\Firmware\usb_device.c
   USBStdGetStatusHandler   0x002168    program     extern C:\krobot\elec\boards\Interface_Robot\Firmware\usb_device.c
      USBStdSetCfgHandler   0x0023b8    program     extern C:\krobot\elec\boards\Interface_Robot\Firmware\usb_device.c
               USBSuspend   0x001ddc    program     extern C:\krobot\elec\boards\Interface_Robot\Firmware\usb_device.c
     USBTransferOnePacket   0x0024ca    program     extern C:\krobot\elec\boards\Interface_Robot\Firmware\usb_device.c
       USBWakeFromSuspend   0x001dee    program     extern C:\krobot\elec\boards\Interface_Robot\Firmware\usb_device.c
               USB_CD_Ptr   0x003e06    program     extern C:\krobot\elec\boards\Interface_Robot\Firmware\usb_descriptors.c
               USB_SD_Ptr   0x003e08    program     extern C:\krobot\elec\boards\Interface_Robot\Firmware\usb_descriptors.c
USER_USB_CALLBACK_EVENT_HANDLER   0x0019c0    program     extern C:\krobot\elec\boards\Interface_Robot\Firmware\main.c
                 UserInit   0x000992    program     extern C:\krobot\elec\boards\Interface_Robot\Firmware\main.c
              WriteEEPROM   0x004086    program     extern C:\krobot\elec\boards\Interface_Robot\Firmware\eeprom.c
                 WriteI2C   0x00421c    program     extern C:\MCC18\src\pmc_common\i2c\i2c_writ.c
              WriteTimer0   0x0042cc    program     extern C:\MCC18\src\pmc_common\Timers\t0write.c
              WriteTimer3   0x004294    program     extern C:\MCC18\src\pmc_common\Timers\t3write.c
               WriteUSART   0x00446c    program     extern C:\MCC18\src\pmc_common\USART\uwrite.c
  YourHighPriorityISRCode   0x000874    program     extern C:\krobot\elec\boards\Interface_Robot\Firmware\main.c
   YourLowPriorityISRCode   0x000938    program     extern C:\krobot\elec\boards\Interface_Robot\Firmware\main.c
              _2jContinue   0x00403a    program     static C:\MCC18\src\traditional\stdclib\memset.asm
                   _3jEnd   0x004044    program     static C:\MCC18\src\traditional\stdclib\memset.asm
       _D10KTCYXCODE_0010   0x00444e    program     static C:\MCC18\src\traditional\delays\d10ktcyx.asm
       _D10KTCYXCODE_001C   0x00445a    program     static C:\MCC18\src\traditional\delays\d10ktcyx.asm
        _D10TCYXCODE_000A   0x0044c0    program     static C:\MCC18\src\traditional\delays\d10tcyx.asm
        _D10TCYXCODE_000C   0x0044c2    program     static C:\MCC18\src\traditional\delays\d10tcyx.asm
        _D10TCYXCODE_000E   0x0044c4    program     static C:\MCC18\src\traditional\delays\d10tcyx.asm
                 __FpExit   0x0031be    program     extern C:\MCC18\src\traditional\math\packFP.asm
                 __FpPack   0x0031ea    program     extern C:\MCC18\src\traditional\math\packFP.asm
            __FpReturnNaN   0x0031b2    program     extern C:\MCC18\src\traditional\math\packFP.asm
         __FpReturnNegInf   0x0031c4    program     extern C:\MCC18\src\traditional\math\packFP.asm
        __FpReturnNegZero   0x0031dc    program     extern C:\MCC18\src\traditional\math\packFP.asm
         __FpReturnPosInf   0x0031ca    program     extern C:\MCC18\src\traditional\math\packFP.asm
        __FpReturnPosZero   0x0031e4    program     extern C:\MCC18\src\traditional\math\packFP.asm
        __FpReturnSignInf   0x0031c0    program     extern C:\MCC18\src\traditional\math\packFP.asm
       __FpReturnSignZero   0x0031d8    program     extern C:\MCC18\src\traditional\math\packFP.asm
              __FpReturnW   0x003242    program     extern C:\MCC18\src\traditional\math\packFP.asm
              __FpUnPackA   0x003262    program     extern C:\MCC18\src\traditional\math\UnpackFP.asm
              __FpUnPackB   0x003292    program     extern C:\MCC18\src\traditional\math\UnpackFP.asm
           ___?:_lbl00021   0x000a6a    program     static                          
           ___?:_lbl00022   0x000a5a    program     static                          
           ___?:_lbl00025   0x000ace    program     static                          
           ___?:_lbl00026   0x000abe    program     static                          
           ___?:_lbl00029   0x000b68    program     static                          
           ___?:_lbl00030   0x000b58    program     static                          
           ___?:_lbl00034   0x000bf4    program     static                          
           ___?:_lbl00035   0x000be4    program     static                          
           ___?:_lbl00074   0x0010f6    program     static                          
           ___?:_lbl00075   0x0010e6    program     static                          
           ___?:_lbl00114   0x0017c4    program     static                          
           ___?:_lbl00115   0x0017b4    program     static                          
      ___case_-1_lbl00160   0x001a40    program     static                          
       ___case_0_lbl00032   0x000bb0    program     static                          
       ___case_0_lbl00037   0x000c32    program     static                          
       ___case_0_lbl00061   0x000fa8    program     static                          
       ___case_0_lbl00096   0x001518    program     static                          
      ___case_10_lbl00042   0x000d18    program     static                          
      ___case_10_lbl00086   0x0012f8    program     static                          
      ___case_11_lbl00087   0x001432    program     static                          
      ___case_11_lbl00111   0x0015e8    program     static                          
      ___case_12_lbl00088   0x00144a    program     static                          
      ___case_13_lbl00089   0x001478    program     static                          
      ___case_13_lbl00105   0x0014f2    program     static                          
      ___case_14_lbl00090   0x001484    program     static                          
      ___case_15_lbl00091   0x001490    program     static                          
       ___case_1_lbl00033   0x000bb6    program     static                          
       ___case_1_lbl00038   0x000c38    program     static                          
       ___case_1_lbl00062   0x000fc8    program     static                          
       ___case_1_lbl00077   0x001162    program     static                          
       ___case_1_lbl00097   0x001524    program     static                          
       ___case_1_lbl00107   0x0015fa    program     static                          
       ___case_1_lbl00161   0x001a44    program     static                          
      ___case_21_lbl00154   0x001a28    program     static                          
      ___case_22_lbl00155   0x001a2c    program     static                          
      ___case_23_lbl00156   0x001a30    program     static                          
       ___case_2_lbl00039   0x000c68    program     static                          
       ___case_2_lbl00059   0x000bd8    program     static                          
       ___case_2_lbl00063   0x000fe8    program     static                          
       ___case_2_lbl00078   0x00117e    program     static                          
       ___case_2_lbl00098   0x001536    program     static                          
       ___case_2_lbl00108   0x001606    program     static                          
       ___case_2_lbl00157   0x001a34    program     static                          
       ___case_3_lbl00040   0x000cec    program     static                          
       ___case_3_lbl00064   0x001008    program     static                          
       ___case_3_lbl00079   0x0011a0    program     static                          
       ___case_3_lbl00099   0x001546    program     static                          
       ___case_3_lbl00109   0x001612    program     static                          
       ___case_3_lbl00159   0x001a3c    program     static                          
       ___case_4_lbl00041   0x000d02    program     static                          
       ___case_4_lbl00065   0x001028    program     static                          
       ___case_4_lbl00080   0x0011d6    program     static                          
       ___case_4_lbl00100   0x001558    program     static                          
       ___case_4_lbl00158   0x001a38    program     static                          
       ___case_5_lbl00056   0x000e18    program     static                          
       ___case_5_lbl00067   0x00103a    program     static                          
       ___case_5_lbl00081   0x0011ee    program     static                          
       ___case_5_lbl00101   0x001568    program     static                          
       ___case_5_lbl00112   0x00169a    program     static                          
       ___case_6_lbl00073   0x000f8a    program     static                          
       ___case_6_lbl00082   0x00121c    program     static                          
       ___case_6_lbl00102   0x001580    program     static                          
       ___case_7_lbl00083   0x001262    program     static                          
       ___case_7_lbl00103   0x001598    program     static                          
       ___case_7_lbl00113   0x0016f6    program     static                          
       ___case_8_lbl00084   0x001292    program     static                          
       ___case_9_lbl00085   0x0012c2    program     static                          
       ___case_9_lbl00094   0x0010da    program     static                          
      ___default_lbl00057   0x000f32    program     static                          
      ___default_lbl00072   0x0010a8    program     static                          
      ___default_lbl00092   0x00149c    program     static                          
      ___default_lbl00104   0x0015b6    program     static                          
      ___default_lbl00110   0x001668    program     static                          
      ___default_lbl00117   0x0017a8    program     static                          
      ___default_lbl00162   0x001a48    program     static                          
         ___else_lbl00051   0x000df8    program     static                          
          ___for_lbl00043   0x000e00    program     static                          
          ___for_lbl00044   0x002a0c    program     static                          
          ___for_lbl00044   0x000e0c    program     static                          
          ___for_lbl00045   0x000dba    program     static                          
          ___for_lbl00045   0x002a16    program     static                          
          ___for_lbl00046   0x000dc6    program     static                          
          ___for_lbl00047   0x0029c8    program     static                          
          ___for_lbl00048   0x000d82    program     static                          
          ___for_lbl00052   0x002af2    program     static                          
          ___for_lbl00052   0x000d58    program     static                          
          ___for_lbl00053   0x000f24    program     static                          
          ___for_lbl00053   0x002afc    program     static                          
          ___for_lbl00054   0x000f30    program     static                          
          ___for_lbl00055   0x000e20    program     static                          
          ___for_lbl00055   0x002a9a    program     static                          
          ___for_lbl00057   0x002bd4    program     static                          
          ___for_lbl00058   0x002bde    program     static                          
          ___for_lbl00060   0x002b60    program     static                          
           ___if_lbl00017   0x000a2e    program     static                          
           ___if_lbl00019   0x000a40    program     static                          
           ___if_lbl00024   0x000ab2    program     static                          
           ___if_lbl00028   0x000b4c    program     static                          
           ___if_lbl00046   0x0029f4    program     static                          
           ___if_lbl00047   0x000dba    program     static                          
           ___if_lbl00049   0x000ddc    program     static                          
           ___if_lbl00050   0x000dfc    program     static                          
           ___if_lbl00054   0x002ada    program     static                          
           ___if_lbl00058   0x000f86    program     static                          
           ___if_lbl00059   0x002bbc    program     static                          
           ___if_lbl00066   0x00104e    program     static                          
           ___if_lbl00068   0x001064    program     static                          
           ___if_lbl00069   0x00107a    program     static                          
           ___if_lbl00070   0x001090    program     static                          
           ___if_lbl00071   0x0010a6    program     static                          
           ___if_lbl00093   0x0014f0    program     static                          
           ___if_lbl00116   0x00182a    program     static                          
           ___if_lbl00118   0x00182a    program     static                          
       ___return_lbl00000   0x000804    program     static                          
       ___return_lbl00000   0x000004    program     static                          
       ___return_lbl00000   0x004196    program     static                          
       ___return_lbl00001   0x00080c    program     static                          
       ___return_lbl00001   0x0044b4    program     static                          
       ___return_lbl00002   0x00081c    program     static                          
       ___return_lbl00002   0x003eaa    program     static                          
       ___return_lbl00003   0x00000c    program     static                          
       ___return_lbl00004   0x00001c    program     static                          
       ___return_lbl00016   0x00182a    program     static                          
       ___return_lbl00043   0x002a20    program     static                          
       ___return_lbl00051   0x002b06    program     static                          
       ___return_lbl00056   0x002bea    program     static                          
       ___return_lbl00152   0x001a4e    program     static                          
   ___switchexit_lbl00031   0x00182a    program     static                          
   ___switchexit_lbl00036   0x000f38    program     static                          
   ___switchexit_lbl00060   0x0010b2    program     static                          
   ___switchexit_lbl00076   0x0014a2    program     static                          
   ___switchexit_lbl00095   0x0015c0    program     static                          
   ___switchexit_lbl00106   0x001672    program     static                          
   ___switchexit_lbl00153   0x001a4a    program     static                          
                   __init   0x004508    program     extern C:\MCC18\src\traditional\stdclib\__init.c
                   __pa_0   0x0043d0    program     static C:\krobot\elec\boards\Interface_Robot\Firmware\error.c
                   __pa_0   0x00379a    program     static C:\krobot\elec\boards\Interface_Robot\Firmware\servo.c
                   __pa_0   0x003a76    program     static C:\krobot\elec\boards\Interface_Robot\Firmware\mcc.c
                   __pa_0   0x003b68    program     static C:\krobot\elec\boards\Interface_Robot\Firmware\adjd-s371.c
                   __pa_0   0x003c26    program     static C:\krobot\elec\boards\Interface_Robot\Firmware\lcd.c
                   __pa_0   0x002c72    program     static C:\krobot\elec\boards\Interface_Robot\Firmware\ax12.c
                   __pa_0   0x00355a    program     static C:\krobot\elec\boards\Interface_Robot\Firmware\infrared.c
                   __pa_0   0x00255c    program     static C:\krobot\elec\boards\Interface_Robot\Firmware\usb_device.c
                   __pa_0   0x0040e2    program     static C:\krobot\elec\boards\Interface_Robot\Firmware\eeprom.c
                   __pa_0   0x003f9c    program     static C:\MCC18\src\pmc_common\i2c\i2c_puts.c
                   __pa_0   0x001aa2    program     static C:\krobot\elec\boards\Interface_Robot\Firmware\main.c
                   __pa_1   0x003568    program     static C:\krobot\elec\boards\Interface_Robot\Firmware\infrared.c
                   __pa_1   0x0037f2    program     static C:\krobot\elec\boards\Interface_Robot\Firmware\servo.c
                   __pa_1   0x003c4c    program     static C:\krobot\elec\boards\Interface_Robot\Firmware\lcd.c
                   __pa_1   0x001ade    program     static C:\krobot\elec\boards\Interface_Robot\Firmware\main.c
                   __pa_1   0x00256a    program     static C:\krobot\elec\boards\Interface_Robot\Firmware\usb_device.c
                   __pa_1   0x002c7e    program     static C:\krobot\elec\boards\Interface_Robot\Firmware\ax12.c
                   __pa_1   0x003b72    program     static C:\krobot\elec\boards\Interface_Robot\Firmware\adjd-s371.c
                   __pa_1   0x003a88    program     static C:\krobot\elec\boards\Interface_Robot\Firmware\mcc.c
                  __pa_10   0x002d00    program     static C:\krobot\elec\boards\Interface_Robot\Firmware\ax12.c
                  __pa_10   0x001b9e    program     static C:\krobot\elec\boards\Interface_Robot\Firmware\main.c
                  __pa_10   0x0025ba    program     static C:\krobot\elec\boards\Interface_Robot\Firmware\usb_device.c
                  __pa_10   0x0035f4    program     static C:\krobot\elec\boards\Interface_Robot\Firmware\infrared.c
                  __pa_11   0x0025ca    program     static C:\krobot\elec\boards\Interface_Robot\Firmware\usb_device.c
                  __pa_11   0x001bac    program     static C:\krobot\elec\boards\Interface_Robot\Firmware\main.c
                  __pa_11   0x002d0e    program     static C:\krobot\elec\boards\Interface_Robot\Firmware\ax12.c
                  __pa_11   0x0035fe    program     static C:\krobot\elec\boards\Interface_Robot\Firmware\infrared.c
                  __pa_12   0x001bb6    program     static C:\krobot\elec\boards\Interface_Robot\Firmware\main.c
                  __pa_12   0x002d18    program     static C:\krobot\elec\boards\Interface_Robot\Firmware\ax12.c
                  __pa_12   0x0025de    program     static C:\krobot\elec\boards\Interface_Robot\Firmware\usb_device.c
                  __pa_13   0x001bca    program     static C:\krobot\elec\boards\Interface_Robot\Firmware\main.c
                  __pa_13   0x002d1e    program     static C:\krobot\elec\boards\Interface_Robot\Firmware\ax12.c
                  __pa_13   0x0025f0    program     static C:\krobot\elec\boards\Interface_Robot\Firmware\usb_device.c
                  __pa_14   0x002d28    program     static C:\krobot\elec\boards\Interface_Robot\Firmware\ax12.c
                  __pa_14   0x0025fc    program     static C:\krobot\elec\boards\Interface_Robot\Firmware\usb_device.c
                  __pa_14   0x001bd2    program     static C:\krobot\elec\boards\Interface_Robot\Firmware\main.c
                  __pa_15   0x002d3c    program     static C:\krobot\elec\boards\Interface_Robot\Firmware\ax12.c
                  __pa_15   0x001bde    program     static C:\krobot\elec\boards\Interface_Robot\Firmware\main.c
                  __pa_15   0x002618    program     static C:\krobot\elec\boards\Interface_Robot\Firmware\usb_device.c
                  __pa_16   0x00261e    program     static C:\krobot\elec\boards\Interface_Robot\Firmware\usb_device.c
                  __pa_16   0x002d46    program     static C:\krobot\elec\boards\Interface_Robot\Firmware\ax12.c
                  __pa_16   0x001be8    program     static C:\krobot\elec\boards\Interface_Robot\Firmware\main.c
                  __pa_17   0x002d52    program     static C:\krobot\elec\boards\Interface_Robot\Firmware\ax12.c
                  __pa_17   0x001bf8    program     static C:\krobot\elec\boards\Interface_Robot\Firmware\main.c
                  __pa_17   0x002628    program     static C:\krobot\elec\boards\Interface_Robot\Firmware\usb_device.c
                  __pa_18   0x002d5a    program     static C:\krobot\elec\boards\Interface_Robot\Firmware\ax12.c
                  __pa_18   0x002634    program     static C:\krobot\elec\boards\Interface_Robot\Firmware\usb_device.c
                  __pa_18   0x001c00    program     static C:\krobot\elec\boards\Interface_Robot\Firmware\main.c
                  __pa_19   0x002640    program     static C:\krobot\elec\boards\Interface_Robot\Firmware\usb_device.c
                  __pa_19   0x002d6a    program     static C:\krobot\elec\boards\Interface_Robot\Firmware\ax12.c
                  __pa_19   0x001c08    program     static C:\krobot\elec\boards\Interface_Robot\Firmware\main.c
                   __pa_2   0x002c9c    program     static C:\krobot\elec\boards\Interface_Robot\Firmware\ax12.c
                   __pa_2   0x002570    program     static C:\krobot\elec\boards\Interface_Robot\Firmware\usb_device.c
                   __pa_2   0x003816    program     static C:\krobot\elec\boards\Interface_Robot\Firmware\servo.c
                   __pa_2   0x003ba0    program     static C:\krobot\elec\boards\Interface_Robot\Firmware\adjd-s371.c
                   __pa_2   0x001b30    program     static C:\krobot\elec\boards\Interface_Robot\Firmware\main.c
                   __pa_2   0x003c5c    program     static C:\krobot\elec\boards\Interface_Robot\Firmware\lcd.c
                   __pa_2   0x00357a    program     static C:\krobot\elec\boards\Interface_Robot\Firmware\infrared.c
                  __pa_20   0x002d72    program     static C:\krobot\elec\boards\Interface_Robot\Firmware\ax12.c
                  __pa_20   0x002650    program     static C:\krobot\elec\boards\Interface_Robot\Firmware\usb_device.c
                  __pa_20   0x001c12    program     static C:\krobot\elec\boards\Interface_Robot\Firmware\main.c
                  __pa_21   0x002660    program     static C:\krobot\elec\boards\Interface_Robot\Firmware\usb_device.c
                  __pa_21   0x001c1a    program     static C:\krobot\elec\boards\Interface_Robot\Firmware\main.c
                  __pa_22   0x002670    program     static C:\krobot\elec\boards\Interface_Robot\Firmware\usb_device.c
                  __pa_23   0x00267e    program     static C:\krobot\elec\boards\Interface_Robot\Firmware\usb_device.c
                  __pa_24   0x00268c    program     static C:\krobot\elec\boards\Interface_Robot\Firmware\usb_device.c
                  __pa_25   0x00269a    program     static C:\krobot\elec\boards\Interface_Robot\Firmware\usb_device.c
                  __pa_26   0x0026a8    program     static C:\krobot\elec\boards\Interface_Robot\Firmware\usb_device.c
                  __pa_27   0x0026b6    program     static C:\krobot\elec\boards\Interface_Robot\Firmware\usb_device.c
                  __pa_28   0x0026ce    program     static C:\krobot\elec\boards\Interface_Robot\Firmware\usb_device.c
                  __pa_29   0x0026ea    program     static C:\krobot\elec\boards\Interface_Robot\Firmware\usb_device.c
                   __pa_3   0x00257a    program     static C:\krobot\elec\boards\Interface_Robot\Firmware\usb_device.c
                   __pa_3   0x00382c    program     static C:\krobot\elec\boards\Interface_Robot\Firmware\servo.c
                   __pa_3   0x003ba8    program     static C:\krobot\elec\boards\Interface_Robot\Firmware\adjd-s371.c
                   __pa_3   0x001b36    program     static C:\krobot\elec\boards\Interface_Robot\Firmware\main.c
                   __pa_3   0x003c62    program     static C:\krobot\elec\boards\Interface_Robot\Firmware\lcd.c
                   __pa_3   0x002ca6    program     static C:\krobot\elec\boards\Interface_Robot\Firmware\ax12.c
                   __pa_3   0x003584    program     static C:\krobot\elec\boards\Interface_Robot\Firmware\infrared.c
                  __pa_30   0x0026f4    program     static C:\krobot\elec\boards\Interface_Robot\Firmware\usb_device.c
                  __pa_31   0x0026fc    program     static C:\krobot\elec\boards\Interface_Robot\Firmware\usb_device.c
                  __pa_32   0x00270e    program     static C:\krobot\elec\boards\Interface_Robot\Firmware\usb_device.c
                  __pa_33   0x002718    program     static C:\krobot\elec\boards\Interface_Robot\Firmware\usb_device.c
                  __pa_34   0x002722    program     static C:\krobot\elec\boards\Interface_Robot\Firmware\usb_device.c
                  __pa_35   0x00272c    program     static C:\krobot\elec\boards\Interface_Robot\Firmware\usb_device.c
                  __pa_36   0x00273c    program     static C:\krobot\elec\boards\Interface_Robot\Firmware\usb_device.c
                  __pa_37   0x00274a    program     static C:\krobot\elec\boards\Interface_Robot\Firmware\usb_device.c
                  __pa_38   0x002754    program     static C:\krobot\elec\boards\Interface_Robot\Firmware\usb_device.c
                  __pa_39   0x00275e    program     static C:\krobot\elec\boards\Interface_Robot\Firmware\usb_device.c
                   __pa_4   0x003c6a    program     static C:\krobot\elec\boards\Interface_Robot\Firmware\lcd.c
                   __pa_4   0x001b48    program     static C:\krobot\elec\boards\Interface_Robot\Firmware\main.c
                   __pa_4   0x003bb0    program     static C:\krobot\elec\boards\Interface_Robot\Firmware\adjd-s371.c
                   __pa_4   0x002cae    program     static C:\krobot\elec\boards\Interface_Robot\Firmware\ax12.c
                   __pa_4   0x00359a    program     static C:\krobot\elec\boards\Interface_Robot\Firmware\infrared.c
                   __pa_4   0x00383e    program     static C:\krobot\elec\boards\Interface_Robot\Firmware\servo.c
                   __pa_4   0x002582    program     static C:\krobot\elec\boards\Interface_Robot\Firmware\usb_device.c
                  __pa_40   0x002766    program     static C:\krobot\elec\boards\Interface_Robot\Firmware\usb_device.c
                  __pa_41   0x00276e    program     static C:\krobot\elec\boards\Interface_Robot\Firmware\usb_device.c
                   __pa_5   0x003c6e    program     static C:\krobot\elec\boards\Interface_Robot\Firmware\lcd.c
                   __pa_5   0x00384a    program     static C:\krobot\elec\boards\Interface_Robot\Firmware\servo.c
                   __pa_5   0x0035a0    program     static C:\krobot\elec\boards\Interface_Robot\Firmware\infrared.c
                   __pa_5   0x00258c    program     static C:\krobot\elec\boards\Interface_Robot\Firmware\usb_device.c
                   __pa_5   0x001b5c    program     static C:\krobot\elec\boards\Interface_Robot\Firmware\main.c
                   __pa_5   0x002cc2    program     static C:\krobot\elec\boards\Interface_Robot\Firmware\ax12.c
                   __pa_6   0x0035b2    program     static C:\krobot\elec\boards\Interface_Robot\Firmware\infrared.c
                   __pa_6   0x003c76    program     static C:\krobot\elec\boards\Interface_Robot\Firmware\lcd.c
                   __pa_6   0x003852    program     static C:\krobot\elec\boards\Interface_Robot\Firmware\servo.c
                   __pa_6   0x002594    program     static C:\krobot\elec\boards\Interface_Robot\Firmware\usb_device.c
                   __pa_6   0x002cd0    program     static C:\krobot\elec\boards\Interface_Robot\Firmware\ax12.c
                   __pa_6   0x001b6a    program     static C:\krobot\elec\boards\Interface_Robot\Firmware\main.c
                   __pa_7   0x003c7c    program     static C:\krobot\elec\boards\Interface_Robot\Firmware\lcd.c
                   __pa_7   0x001b6e    program     static C:\krobot\elec\boards\Interface_Robot\Firmware\main.c
                   __pa_7   0x002cd8    program     static C:\krobot\elec\boards\Interface_Robot\Firmware\ax12.c
                   __pa_7   0x00259c    program     static C:\krobot\elec\boards\Interface_Robot\Firmware\usb_device.c
                   __pa_7   0x0035c2    program     static C:\krobot\elec\boards\Interface_Robot\Firmware\infrared.c
                   __pa_8   0x001b7e    program     static C:\krobot\elec\boards\Interface_Robot\Firmware\main.c
                   __pa_8   0x0035ce    program     static C:\krobot\elec\boards\Interface_Robot\Firmware\infrared.c
                   __pa_8   0x003c84    program     static C:\krobot\elec\boards\Interface_Robot\Firmware\lcd.c
                   __pa_8   0x002ce4    program     static C:\krobot\elec\boards\Interface_Robot\Firmware\ax12.c
                   __pa_8   0x0025a2    program     static C:\krobot\elec\boards\Interface_Robot\Firmware\usb_device.c
                   __pa_9   0x0035e2    program     static C:\krobot\elec\boards\Interface_Robot\Firmware\infrared.c
                   __pa_9   0x002cf4    program     static C:\krobot\elec\boards\Interface_Robot\Firmware\ax12.c
                   __pa_9   0x001b8e    program     static C:\krobot\elec\boards\Interface_Robot\Firmware\main.c
                   __pa_9   0x0025b0    program     static C:\krobot\elec\boards\Interface_Robot\Firmware\usb_device.c
               __string_0   0x00426f    program     static C:\krobot\elec\boards\Interface_Robot\Firmware\main.c
               __string_1   0x004263    program     static C:\krobot\elec\boards\Interface_Robot\Firmware\main.c
               __string_2   0x004261    program     static C:\krobot\elec\boards\Interface_Robot\Firmware\main.c
               __string_3   0x004258    program     static C:\krobot\elec\boards\Interface_Robot\Firmware\main.c
               __tmplbl_0   0x000a3c    program     static                          
               __tmplbl_1   0x000a36    program     static                          
              __tmplbl_10   0x0019fc    program     static                          
              __tmplbl_11   0x001a06    program     static                          
              __tmplbl_12   0x001a10    program     static                          
              __tmplbl_13   0x001a1a    program     static                          
              __tmplbl_14   0x001a24    program     static                          
              __tmplbl_18   0x001c00    program     static                          
               __tmplbl_2   0x000a6e    program     static                          
              __tmplbl_20   0x002594    program     static                          
              __tmplbl_26   0x002594    program     static                          
               __tmplbl_3   0x000a4e    program     static                          
               __tmplbl_4   0x000a46    program     static                          
               __tmplbl_5   0x000ae4    program     static                          
               __tmplbl_6   0x000ad2    program     static                          
               __tmplbl_7   0x0019dc    program     static                          
               __tmplbl_8   0x0019e8    program     static                          
               __tmplbl_9   0x0019f2    program     static                          
            __zero_memory   0x0044ec    program     extern C:\MCC18\src\traditional\proc\p18F4550.asm
                _do_cinit   0x003e0e    program     extern C:\MCC18\src\traditional\startup\c018i.c
                   _entry   0x000000    program     extern C:\MCC18\src\traditional\startup\c018i.c
                   _false   0x004192    program     static                          
                   _reset   0x000800    program     extern C:\krobot\elec\boards\Interface_Robot\Firmware\main.c
                 _startup   0x00449a    program     extern C:\MCC18\src\traditional\startup\c018i.c
               actionAX12   0x002c16    program     extern C:\krobot\elec\boards\Interface_Robot\Firmware\ax12.c
         adjdReadRegister   0x003aea    program     extern C:\krobot\elec\boards\Interface_Robot\Firmware\adjd-s371.c
        adjdWriteRegister   0x003ac6    program     extern C:\krobot\elec\boards\Interface_Robot\Firmware\adjd-s371.c
                 checkTOR   0x003a40    program     extern C:\krobot\elec\boards\Interface_Robot\Firmware\mcc.c
               clear_loop   0x0044f2    program     static C:\MCC18\src\traditional\proc\p18F4550.asm
               configAX12   0x002980    program     extern C:\krobot\elec\boards\Interface_Robot\Firmware\ax12.c
        configDescriptor1   0x003d70    program     extern C:\krobot\elec\boards\Interface_Robot\Firmware\usb_descriptors.c
                copy_loop   0x003e80    program     static                          
            copy_one_byte   0x003e86    program     static                          
               device_dsc   0x003d5e    program     extern C:\krobot\elec\boards\Interface_Robot\Firmware\usb_descriptors.c
             disableMotor   0x0038ee    program     extern C:\krobot\elec\boards\Interface_Robot\Firmware\mcc.c
             disableServo   0x003786    program     extern C:\krobot\elec\boards\Interface_Robot\Firmware\servo.c
                     done   0x003eaa    program     static                          
             done_copying   0x003e94    program     static                          
              enableMotor   0x0038e6    program     extern C:\krobot\elec\boards\Interface_Robot\Firmware\mcc.c
              enableServo   0x003772    program     extern C:\krobot\elec\boards\Interface_Robot\Firmware\servo.c
                    error   0x0043a8    program     extern C:\krobot\elec\boards\Interface_Robot\Firmware\error.c
               getIFRange   0x00343a    program     extern C:\krobot\elec\boards\Interface_Robot\Firmware\infrared.c
              getPosition   0x002c66    program     extern C:\krobot\elec\boards\Interface_Robot\Firmware\ax12.c
                 getSpeed   0x002c6c    program     extern C:\krobot\elec\boards\Interface_Robot\Firmware\ax12.c
                     goTo   0x002c20    program     extern C:\krobot\elec\boards\Interface_Robot\Firmware\ax12.c
              hasTimedOut   0x00295a    program     extern C:\krobot\elec\boards\Interface_Robot\Firmware\ax12.c
                hid_rpt01   0x003de9    program     extern C:\krobot\elec\boards\Interface_Robot\Firmware\usb_descriptors.c
                 initAX12   0x002774    program     extern C:\krobot\elec\boards\Interface_Robot\Firmware\ax12.c
                 initAdjd   0x003a90    program     extern C:\krobot\elec\boards\Interface_Robot\Firmware\adjd-s371.c
                   initIF   0x0032be    program     extern C:\krobot\elec\boards\Interface_Robot\Firmware\infrared.c
                  initMCC   0x003864    program     extern C:\krobot\elec\boards\Interface_Robot\Firmware\mcc.c
               initServos   0x003608    program     extern C:\krobot\elec\boards\Interface_Robot\Firmware\servo.c
            interruptAX12   0x00277e    program     extern C:\krobot\elec\boards\Interface_Robot\Firmware\ax12.c
              interruptIF   0x0032de    program     extern C:\krobot\elec\boards\Interface_Robot\Firmware\infrared.c
          interruptMotor1   0x0038b0    program     extern C:\krobot\elec\boards\Interface_Robot\Firmware\mcc.c
           interruptServo   0x003632    program     extern C:\krobot\elec\boards\Interface_Robot\Firmware\servo.c
   isStatusPacketReceived   0x002954    program     extern C:\krobot\elec\boards\Interface_Robot\Firmware\ax12.c
                 jANotInf   0x002f48    program     static C:\MCC18\src\traditional\math\divFP.asm
                 jANotInf   0x002e26    program     static C:\MCC18\src\traditional\math\addFP.asm
                 jANotInf   0x002fee    program     static C:\MCC18\src\traditional\math\mulFP.asm
                 jANotNeg   0x002eba    program     static C:\MCC18\src\traditional\math\addFP.asm
                jANotZero   0x002f5c    program     static C:\MCC18\src\traditional\math\divFP.asm
              jAandWsetup   0x002e8a    program     static C:\MCC18\src\traditional\math\addFP.asm
                 jAltBexp   0x002e78    program     static C:\MCC18\src\traditional\math\addFP.asm
                jBANotInf   0x002e1c    program     static C:\MCC18\src\traditional\math\addFP.asm
                 jBNotInf   0x002e34    program     static C:\MCC18\src\traditional\math\addFP.asm
              jBothFinite   0x002ffc    program     static C:\MCC18\src\traditional\math\mulFP.asm
             jBothNotZero   0x003008    program     static C:\MCC18\src\traditional\math\mulFP.asm
            jDifOrPosSign   0x002e48    program     static C:\MCC18\src\traditional\math\addFP.asm
                     jEnd   0x004084    program     static C:\MCC18\src\traditional\stdclib\scatp2r.asm
                     jEnd   0x00404c    program     static C:\MCC18\src\traditional\stdclib\memset.asm
                    jExit   0x0031b0    program     static C:\MCC18\src\traditional\math\castFP32.asm
                    jExit   0x003142    program     static C:\MCC18\src\traditional\math\castFP16.asm
               jFinalSign   0x002f22    program     static C:\MCC18\src\traditional\math\addFP.asm
                jHaveZero   0x003004    program     static C:\MCC18\src\traditional\math\mulFP.asm
                jI2F08Beg   0x002d88    program     static C:\MCC18\src\traditional\math\cast08FP.asm
                jI2F16Beg   0x002db0    program     static C:\MCC18\src\traditional\math\cast16FP.asm
                jI2F32Beg   0x002de2    program     static C:\MCC18\src\traditional\math\cast32FP.asm
                    jLoop   0x00402e    program     static C:\MCC18\src\traditional\stdclib\memset.asm
                    jLoop   0x002f84    program     static C:\MCC18\src\traditional\math\divFP.asm
                    jLoop   0x00407a    program     static C:\MCC18\src\traditional\stdclib\scatp2r.asm
                    jLoop   0x003184    program     static C:\MCC18\src\traditional\math\castFP32.asm
                    jLoop   0x003122    program     static C:\MCC18\src\traditional\math\castFP16.asm
                jLoopExit   0x003198    program     static C:\MCC18\src\traditional\math\castFP32.asm
                jLoopExit   0x003132    program     static C:\MCC18\src\traditional\math\castFP16.asm
                     jMax   0x003154    program     static C:\MCC18\src\traditional\math\castFP32.asm
                     jMax   0x0030f6    program     static C:\MCC18\src\traditional\math\castFP16.asm
                  jMaxNeg   0x003166    program     static C:\MCC18\src\traditional\math\castFP32.asm
                  jMaxNeg   0x003104    program     static C:\MCC18\src\traditional\math\castFP16.asm
                  jMaxPos   0x003158    program     static C:\MCC18\src\traditional\math\castFP32.asm
                  jMaxPos   0x0030fa    program     static C:\MCC18\src\traditional\math\castFP16.asm
                    jNext   0x002faa    program     static C:\MCC18\src\traditional\math\divFP.asm
                jNoAdjust   0x002fa8    program     static C:\MCC18\src\traditional\math\divFP.asm
             jNotBothZero   0x002e4c    program     static C:\MCC18\src\traditional\math\addFP.asm
                  jNotInf   0x003112    program     static C:\MCC18\src\traditional\math\castFP16.asm
                  jNotInf   0x003172    program     static C:\MCC18\src\traditional\math\castFP32.asm
                jNullLoop   0x004074    program     static C:\MCC18\src\traditional\stdclib\scatp2r.asm
                  jPkLoop   0x0031f8    program     static C:\MCC18\src\traditional\math\packFP.asm
             jPkRoundDone   0x003242    program     static C:\MCC18\src\traditional\math\packFP.asm
               jPkRoundIt   0x00322a    program     static C:\MCC18\src\traditional\math\packFP.asm
             jPkShiftDone   0x003214    program     static C:\MCC18\src\traditional\math\packFP.asm
           jReturnPosInf0   0x0031ce    program     static C:\MCC18\src\traditional\math\packFP.asm
               jShiftDone   0x002ee2    program     static C:\MCC18\src\traditional\math\addFP.asm
               jShiftLoop   0x002ed4    program     static C:\MCC18\src\traditional\math\addFP.asm
                jSignDone   0x002f12    program     static C:\MCC18\src\traditional\math\addFP.asm
              jSignedZero   0x002f52    program     static C:\MCC18\src\traditional\math\divFP.asm
                  jUnpkA1   0x00326c    program     static C:\MCC18\src\traditional\math\UnpackFP.asm
                  jUnpkA2   0x003284    program     static C:\MCC18\src\traditional\math\UnpackFP.asm
                 jUnpkANZ   0x00327a    program     static C:\MCC18\src\traditional\math\UnpackFP.asm
                  jUnpkB1   0x00329c    program     static C:\MCC18\src\traditional\math\UnpackFP.asm
                  jUnpkB2   0x0032b4    program     static C:\MCC18\src\traditional\math\UnpackFP.asm
                 jUnpkBNZ   0x0032aa    program     static C:\MCC18\src\traditional\math\UnpackFP.asm
                 jUnpkNaN   0x00328e    program     static C:\MCC18\src\traditional\math\UnpackFP.asm
                 jWNotNeg   0x002ece    program     static C:\MCC18\src\traditional\math\addFP.asm
                   jWr123   0x00315e    program     static C:\MCC18\src\traditional\math\castFP32.asm
                  jWrZ123   0x00316e    program     static C:\MCC18\src\traditional\math\castFP32.asm
                    jZero   0x00316c    program     static C:\MCC18\src\traditional\math\castFP32.asm
                    jZero   0x00310c    program     static C:\MCC18\src\traditional\math\castFP16.asm
               jZero1and2   0x0031d2    program     static C:\MCC18\src\traditional\math\packFP.asm
            lastErrorAX12   0x002998    program     extern C:\krobot\elec\boards\Interface_Robot\Firmware\ax12.c
                lcd_clear   0x003bc6    program     extern C:\krobot\elec\boards\Interface_Robot\Firmware\lcd.c
                 lcd_goto   0x003bf2    program     extern C:\krobot\elec\boards\Interface_Robot\Firmware\lcd.c
          lcd_goto_origin   0x003bec    program     extern C:\krobot\elec\boards\Interface_Robot\Firmware\lcd.c
                 lcd_init   0x003bb8    program     extern C:\krobot\elec\boards\Interface_Robot\Firmware\lcd.c
        lcd_set_backlight   0x003bdc    program     extern C:\krobot\elec\boards\Interface_Robot\Firmware\lcd.c
           lcd_set_cursor   0x003bcc    program     extern C:\krobot\elec\boards\Interface_Robot\Firmware\lcd.c
                lcd_write   0x003c0c    program     extern C:\krobot\elec\boards\Interface_Robot\Firmware\lcd.c
           lcd_write_line   0x003c18    program     extern C:\krobot\elec\boards\Interface_Robot\Firmware\lcd.c
                     loop   0x00415e    program     static                          
                     loop   0x0044aa    program     static                          
                     main   0x00097e    program     extern C:\krobot\elec\boards\Interface_Robot\Firmware\main.c
                   memset   0x00401a    program     extern C:\MCC18\src\traditional\stdclib\memset.asm
                     move   0x0038f6    program     extern C:\krobot\elec\boards\Interface_Robot\Firmware\mcc.c
                 pingAX12   0x0029a4    program     extern C:\krobot\elec\boards\Interface_Robot\Firmware\ax12.c
                  putsI2C   0x003f36    program     extern C:\MCC18\src\pmc_common\i2c\i2c_puts.c
              readValue16   0x002b1e    program     extern C:\krobot\elec\boards\Interface_Robot\Firmware\ax12.c
               readValue8   0x002a58    program     extern C:\krobot\elec\boards\Interface_Robot\Firmware\ax12.c
               regWrite16   0x002c06    program     extern C:\krobot\elec\boards\Interface_Robot\Firmware\ax12.c
                regWrite8   0x002bfe    program     extern C:\krobot\elec\boards\Interface_Robot\Firmware\ax12.c
                resetAX12   0x002a38    program     extern C:\krobot\elec\boards\Interface_Robot\Firmware\ax12.c
                    sd000   0x003d99    program     extern C:\krobot\elec\boards\Interface_Robot\Firmware\usb_descriptors.c
                    sd001   0x003d9d    program     extern C:\krobot\elec\boards\Interface_Robot\Firmware\usb_descriptors.c
                    sd002   0x003dc9    program     extern C:\krobot\elec\boards\Interface_Robot\Firmware\usb_descriptors.c
           sendInstPacket   0x00285e    program     extern C:\krobot\elec\boards\Interface_Robot\Firmware\ax12.c
                 setParam   0x002968    program     extern C:\krobot\elec\boards\Interface_Robot\Firmware\ax12.c
            setServoAngle   0x00375c    program     extern C:\krobot\elec\boards\Interface_Robot\Firmware\servo.c
            strcatpgm2ram   0x00404e    program     extern C:\MCC18\src\traditional\stdclib\scatp2r.asm
                     test   0x003e28    program     static                          
         waitStatusPacket   0x002960    program     extern C:\krobot\elec\boards\Interface_Robot\Firmware\ax12.c
             writeValue16   0x002a4a    program     extern C:\krobot\elec\boards\Interface_Robot\Firmware\ax12.c
              writeValue8   0x002a42    program     extern C:\krobot\elec\boards\Interface_Robot\Firmware\ax12.c
                   ADCON0   0x000fc2       data     extern C:\MCC18\src\traditional\proc\p18F4550.asm
               ADCON0bits   0x000fc2       data     extern C:\MCC18\src\traditional\proc\p18F4550.asm
                   ADCON1   0x000fc1       data     extern C:\MCC18\src\traditional\proc\p18F4550.asm
               ADCON1bits   0x000fc1       data     extern C:\MCC18\src\traditional\proc\p18F4550.asm
                   ADCON2   0x000fc0       data     extern C:\MCC18\src\traditional\proc\p18F4550.asm
               ADCON2bits   0x000fc0       data     extern C:\MCC18\src\traditional\proc\p18F4550.asm
                    ADRES   0x000fc3       data     extern C:\MCC18\src\traditional\proc\p18F4550.asm
                   ADRESH   0x000fc4       data     extern C:\MCC18\src\traditional\proc\p18F4550.asm
                   ADRESL   0x000fc3       data     extern C:\MCC18\src\traditional\proc\p18F4550.asm
                  BAUDCON   0x000fb8       data     extern C:\MCC18\src\traditional\proc\p18F4550.asm
              BAUDCONbits   0x000fb8       data     extern C:\MCC18\src\traditional\proc\p18F4550.asm
                      BDT   0x000400       data     extern C:\krobot\elec\boards\Interface_Robot\Firmware\usb_device.c
                      BSR   0x000fe0       data     extern C:\MCC18\src\traditional\proc\p18F4550.asm
       BothEP0OutUOWNsSet   0x000121       data     extern C:\krobot\elec\boards\Interface_Robot\Firmware\usb_device.c
                   CCP1AS   0x000fb6       data     extern C:\MCC18\src\traditional\proc\p18F4550.asm
               CCP1ASbits   0x000fb6       data     extern C:\MCC18\src\traditional\proc\p18F4550.asm
                  CCP1CON   0x000fbd       data     extern C:\MCC18\src\traditional\proc\p18F4550.asm
              CCP1CONbits   0x000fbd       data     extern C:\MCC18\src\traditional\proc\p18F4550.asm
                  CCP1DEL   0x000fb7       data     extern C:\MCC18\src\traditional\proc\p18F4550.asm
              CCP1DELbits   0x000fb7       data     extern C:\MCC18\src\traditional\proc\p18F4550.asm
                  CCP2CON   0x000fba       data     extern C:\MCC18\src\traditional\proc\p18F4550.asm
              CCP2CONbits   0x000fba       data     extern C:\MCC18\src\traditional\proc\p18F4550.asm
                    CCPR1   0x000fbe       data     extern C:\MCC18\src\traditional\proc\p18F4550.asm
                   CCPR1H   0x000fbf       data     extern C:\MCC18\src\traditional\proc\p18F4550.asm
                   CCPR1L   0x000fbe       data     extern C:\MCC18\src\traditional\proc\p18F4550.asm
                    CCPR2   0x000fbb       data     extern C:\MCC18\src\traditional\proc\p18F4550.asm
                   CCPR2H   0x000fbc       data     extern C:\MCC18\src\traditional\proc\p18F4550.asm
                   CCPR2L   0x000fbb       data     extern C:\MCC18\src\traditional\proc\p18F4550.asm
                    CMCON   0x000fb4       data     extern C:\MCC18\src\traditional\proc\p18F4550.asm
                CMCONbits   0x000fb4       data     extern C:\MCC18\src\traditional\proc\p18F4550.asm
                   CVRCON   0x000fb5       data     extern C:\MCC18\src\traditional\proc\p18F4550.asm
               CVRCONbits   0x000fb5       data     extern C:\MCC18\src\traditional\proc\p18F4550.asm
              CtrlTrfData   0x000428       data     extern C:\krobot\elec\boards\Interface_Robot\Firmware\usb_device.c
                     DDRA   0x000f92       data     extern C:\MCC18\src\traditional\proc\p18F4550.asm
                 DDRAbits   0x000f92       data     extern C:\MCC18\src\traditional\proc\p18F4550.asm
                     DDRB   0x000f93       data     extern C:\MCC18\src\traditional\proc\p18F4550.asm
                 DDRBbits   0x000f93       data     extern C:\MCC18\src\traditional\proc\p18F4550.asm
                     DDRC   0x000f94       data     extern C:\MCC18\src\traditional\proc\p18F4550.asm
                 DDRCbits   0x000f94       data     extern C:\MCC18\src\traditional\proc\p18F4550.asm
                     DDRD   0x000f95       data     extern C:\MCC18\src\traditional\proc\p18F4550.asm
                 DDRDbits   0x000f95       data     extern C:\MCC18\src\traditional\proc\p18F4550.asm
                     DDRE   0x000f96       data     extern C:\MCC18\src\traditional\proc\p18F4550.asm
                 DDREbits   0x000f96       data     extern C:\MCC18\src\traditional\proc\p18F4550.asm
            DelayCounter1   0x000037       data     extern C:\MCC18\src\traditional\delays\delayd1.asm
            DelayCounter2   0x000036       data     extern C:\MCC18\src\traditional\delays\delayd2.asm
                  ECCP1AS   0x000fb6       data     extern C:\MCC18\src\traditional\proc\p18F4550.asm
              ECCP1ASbits   0x000fb6       data     extern C:\MCC18\src\traditional\proc\p18F4550.asm
                 ECCP1CON   0x000fbd       data     extern C:\MCC18\src\traditional\proc\p18F4550.asm
             ECCP1CONbits   0x000fbd       data     extern C:\MCC18\src\traditional\proc\p18F4550.asm
                 ECCP1DEL   0x000fb7       data     extern C:\MCC18\src\traditional\proc\p18F4550.asm
             ECCP1DELbits   0x000fb7       data     extern C:\MCC18\src\traditional\proc\p18F4550.asm
                    EEADR   0x000fa9       data     extern C:\MCC18\src\traditional\proc\p18F4550.asm
                   EECON1   0x000fa6       data     extern C:\MCC18\src\traditional\proc\p18F4550.asm
               EECON1bits   0x000fa6       data     extern C:\MCC18\src\traditional\proc\p18F4550.asm
                   EECON2   0x000fa7       data     extern C:\MCC18\src\traditional\proc\p18F4550.asm
                   EEDATA   0x000fa8       data     extern C:\MCC18\src\traditional\proc\p18F4550.asm
                     FSR0   0x000fe9       data     extern C:\MCC18\src\traditional\proc\p18F4550.asm
                    FSR0H   0x000fea       data     extern C:\MCC18\src\traditional\proc\p18F4550.asm
                    FSR0L   0x000fe9       data     extern C:\MCC18\src\traditional\proc\p18F4550.asm
                     FSR1   0x000fe1       data     extern C:\MCC18\src\traditional\proc\p18F4550.asm
                    FSR1H   0x000fe2       data     extern C:\MCC18\src\traditional\proc\p18F4550.asm
                    FSR1L   0x000fe1       data     extern C:\MCC18\src\traditional\proc\p18F4550.asm
                     FSR2   0x000fd9       data     extern C:\MCC18\src\traditional\proc\p18F4550.asm
                    FSR2H   0x000fda       data     extern C:\MCC18\src\traditional\proc\p18F4550.asm
                    FSR2L   0x000fd9       data     extern C:\MCC18\src\traditional\proc\p18F4550.asm
               GIE_Status   0x0001c1       data     static C:\krobot\elec\boards\Interface_Robot\Firmware\eeprom.c
                  HLVDCON   0x000fd2       data     extern C:\MCC18\src\traditional\proc\p18F4550.asm
              HLVDCONbits   0x000fd2       data     extern C:\MCC18\src\traditional\proc\p18F4550.asm
                  IF1_idx   0x0001bc       data     static C:\krobot\elec\boards\Interface_Robot\Firmware\infrared.c
                 IF1range   0x000060       data     extern C:\krobot\elec\boards\Interface_Robot\Firmware\infrared.c
               IF1range_0   0x0000b0       data     static C:\krobot\elec\boards\Interface_Robot\Firmware\infrared.c
                  IF2_idx   0x0001bd       data     static C:\krobot\elec\boards\Interface_Robot\Firmware\infrared.c
                 IF2range   0x000088       data     extern C:\krobot\elec\boards\Interface_Robot\Firmware\infrared.c
               IF2range_0   0x0000d8       data     static C:\krobot\elec\boards\Interface_Robot\Firmware\infrared.c
                    INDF0   0x000fef       data     extern C:\MCC18\src\traditional\proc\p18F4550.asm
                    INDF1   0x000fe7       data     extern C:\MCC18\src\traditional\proc\p18F4550.asm
                    INDF2   0x000fdf       data     extern C:\MCC18\src\traditional\proc\p18F4550.asm
                   INTCON   0x000ff2       data     extern C:\MCC18\src\traditional\proc\p18F4550.asm
                  INTCON2   0x000ff1       data     extern C:\MCC18\src\traditional\proc\p18F4550.asm
              INTCON2bits   0x000ff1       data     extern C:\MCC18\src\traditional\proc\p18F4550.asm
                  INTCON3   0x000ff0       data     extern C:\MCC18\src\traditional\proc\p18F4550.asm
              INTCON3bits   0x000ff0       data     extern C:\MCC18\src\traditional\proc\p18F4550.asm
               INTCONbits   0x000ff2       data     extern C:\MCC18\src\traditional\proc\p18F4550.asm
                     IPR1   0x000f9f       data     extern C:\MCC18\src\traditional\proc\p18F4550.asm
                 IPR1bits   0x000f9f       data     extern C:\MCC18\src\traditional\proc\p18F4550.asm
                     IPR2   0x000fa2       data     extern C:\MCC18\src\traditional\proc\p18F4550.asm
                 IPR2bits   0x000fa2       data     extern C:\MCC18\src\traditional\proc\p18F4550.asm
                     LATA   0x000f89       data     extern C:\MCC18\src\traditional\proc\p18F4550.asm
                 LATAbits   0x000f89       data     extern C:\MCC18\src\traditional\proc\p18F4550.asm
                     LATB   0x000f8a       data     extern C:\MCC18\src\traditional\proc\p18F4550.asm
                 LATBbits   0x000f8a       data     extern C:\MCC18\src\traditional\proc\p18F4550.asm
                     LATC   0x000f8b       data     extern C:\MCC18\src\traditional\proc\p18F4550.asm
                 LATCbits   0x000f8b       data     extern C:\MCC18\src\traditional\proc\p18F4550.asm
                     LATD   0x000f8c       data     extern C:\MCC18\src\traditional\proc\p18F4550.asm
                 LATDbits   0x000f8c       data     extern C:\MCC18\src\traditional\proc\p18F4550.asm
                     LATE   0x000f8d       data     extern C:\MCC18\src\traditional\proc\p18F4550.asm
                 LATEbits   0x000f8d       data     extern C:\MCC18\src\traditional\proc\p18F4550.asm
                   LVDCON   0x000fd2       data     extern C:\MCC18\src\traditional\proc\p18F4550.asm
               LVDCONbits   0x000fd2       data     extern C:\MCC18\src\traditional\proc\p18F4550.asm
                   OSCCON   0x000fd3       data     extern C:\MCC18\src\traditional\proc\p18F4550.asm
               OSCCONbits   0x000fd3       data     extern C:\MCC18\src\traditional\proc\p18F4550.asm
                  OSCTUNE   0x000f9b       data     extern C:\MCC18\src\traditional\proc\p18F4550.asm
              OSCTUNEbits   0x000f9b       data     extern C:\MCC18\src\traditional\proc\p18F4550.asm
                       PC   0x000ff9       data     extern C:\MCC18\src\traditional\proc\p18F4550.asm
[...]
                    UEP13   0x000f7d       data     extern C:\MCC18\src\traditional\proc\p18F4550.asm
                UEP13bits   0x000f7d       data     extern C:\MCC18\src\traditional\proc\p18F4550.asm
                    UEP14   0x000f7e       data     extern C:\MCC18\src\traditional\proc\p18F4550.asm
                UEP14bits   0x000f7e       data     extern C:\MCC18\src\traditional\proc\p18F4550.asm
                UEP15bits   0x000f7f       data     extern C:\MCC18\src\traditional\proc\p18F4550.asm
                    UEP15   0x000f7f       data     extern C:\MCC18\src\traditional\proc\p18F4550.asm
                    PORTA   0x000f80       data     extern C:\MCC18\src\traditional\proc\p18F4550.asm
                PORTAbits   0x000f80       data     extern C:\MCC18\src\traditional\proc\p18F4550.asm
                    PORTB   0x000f81       data     extern C:\MCC18\src\traditional\proc\p18F4550.asm
                PORTBbits   0x000f81       data     extern C:\MCC18\src\traditional\proc\p18F4550.asm
                PORTCbits   0x000f82       data     extern C:\MCC18\src\traditional\proc\p18F4550.asm
                    PORTC   0x000f82       data     extern C:\MCC18\src\traditional\proc\p18F4550.asm
                PORTDbits   0x000f83       data     extern C:\MCC18\src\traditional\proc\p18F4550.asm
                    PORTD   0x000f83       data     extern C:\MCC18\src\traditional\proc\p18F4550.asm
                PORTEbits   0x000f84       data     extern C:\MCC18\src\traditional\proc\p18F4550.asm
                    PORTE   0x000f84       data     extern C:\MCC18\src\traditional\proc\p18F4550.asm
                     LATA   0x000f89       data     extern C:\MCC18\src\traditional\proc\p18F4550.asm
                 LATAbits   0x000f89       data     extern C:\MCC18\src\traditional\proc\p18F4550.asm
                     LATB   0x000f8a       data     extern C:\MCC18\src\traditional\proc\p18F4550.asm
                 LATBbits   0x000f8a       data     extern C:\MCC18\src\traditional\proc\p18F4550.asm
                     LATC   0x000f8b       data     extern C:\MCC18\src\traditional\proc\p18F4550.asm
                 LATCbits   0x000f8b       data     extern C:\MCC18\src\traditional\proc\p18F4550.asm
                     LATD   0x000f8c       data     extern C:\MCC18\src\traditional\proc\p18F4550.asm
                 LATDbits   0x000f8c       data     extern C:\MCC18\src\traditional\proc\p18F4550.asm
                 LATEbits   0x000f8d       data     extern C:\MCC18\src\traditional\proc\p18F4550.asm
                     LATE   0x000f8d       data     extern C:\MCC18\src\traditional\proc\p18F4550.asm
                     DDRA   0x000f92       data     extern C:\MCC18\src\traditional\proc\p18F4550.asm
                 DDRAbits   0x000f92       data     extern C:\MCC18\src\traditional\proc\p18F4550.asm
                TRISAbits   0x000f92       data     extern C:\MCC18\src\traditional\proc\p18F4550.asm
                    TRISA   0x000f92       data     extern C:\MCC18\src\traditional\proc\p18F4550.asm
                TRISBbits   0x000f93       data     extern C:\MCC18\src\traditional\proc\p18F4550.asm
                    TRISB   0x000f93       data     extern C:\MCC18\src\traditional\proc\p18F4550.asm
                     DDRB   0x000f93       data     extern C:\MCC18\src\traditional\proc\p18F4550.asm
                 DDRBbits   0x000f93       data     extern C:\MCC18\src\traditional\proc\p18F4550.asm
                TRISCbits   0x000f94       data     extern C:\MCC18\src\traditional\proc\p18F4550.asm
                    TRISC   0x000f94       data     extern C:\MCC18\src\traditional\proc\p18F4550.asm
                 DDRCbits   0x000f94       data     extern C:\MCC18\src\traditional\proc\p18F4550.asm
                     DDRC   0x000f94       data     extern C:\MCC18\src\traditional\proc\p18F4550.asm
                    TRISD   0x000f95       data     extern C:\MCC18\src\traditional\proc\p18F4550.asm
                TRISDbits   0x000f95       data     extern C:\MCC18\src\traditional\proc\p18F4550.asm
                     DDRD   0x000f95       data     extern C:\MCC18\src\traditional\proc\p18F4550.asm
                 DDRDbits   0x000f95       data     extern C:\MCC18\src\traditional\proc\p18F4550.asm
                    TRISE   0x000f96       data     extern C:\MCC18\src\traditional\proc\p18F4550.asm
                TRISEbits   0x000f96       data     extern C:\MCC18\src\traditional\proc\p18F4550.asm
                 DDREbits   0x000f96       data     extern C:\MCC18\src\traditional\proc\p18F4550.asm
                     DDRE   0x000f96       data     extern C:\MCC18\src\traditional\proc\p18F4550.asm
                  OSCTUNE   0x000f9b       data     extern C:\MCC18\src\traditional\proc\p18F4550.asm
              OSCTUNEbits   0x000f9b       data     extern C:\MCC18\src\traditional\proc\p18F4550.asm
                 PIE1bits   0x000f9d       data     extern C:\MCC18\src\traditional\proc\p18F4550.asm
                     PIE1   0x000f9d       data     extern C:\MCC18\src\traditional\proc\p18F4550.asm
                 PIR1bits   0x000f9e       data     extern C:\MCC18\src\traditional\proc\p18F4550.asm
                     PIR1   0x000f9e       data     extern C:\MCC18\src\traditional\proc\p18F4550.asm
                     IPR1   0x000f9f       data     extern C:\MCC18\src\traditional\proc\p18F4550.asm
                 IPR1bits   0x000f9f       data     extern C:\MCC18\src\traditional\proc\p18F4550.asm
                     PIE2   0x000fa0       data     extern C:\MCC18\src\traditional\proc\p18F4550.asm
                 PIE2bits   0x000fa0       data     extern C:\MCC18\src\traditional\proc\p18F4550.asm
                     PIR2   0x000fa1       data     extern C:\MCC18\src\traditional\proc\p18F4550.asm
                 PIR2bits   0x000fa1       data     extern C:\MCC18\src\traditional\proc\p18F4550.asm
                     IPR2   0x000fa2       data     extern C:\MCC18\src\traditional\proc\p18F4550.asm
                 IPR2bits   0x000fa2       data     extern C:\MCC18\src\traditional\proc\p18F4550.asm
               EECON1bits   0x000fa6       data     extern C:\MCC18\src\traditional\proc\p18F4550.asm
                   EECON1   0x000fa6       data     extern C:\MCC18\src\traditional\proc\p18F4550.asm
                   EECON2   0x000fa7       data     extern C:\MCC18\src\traditional\proc\p18F4550.asm
                   EEDATA   0x000fa8       data     extern C:\MCC18\src\traditional\proc\p18F4550.asm
                    EEADR   0x000fa9       data     extern C:\MCC18\src\traditional\proc\p18F4550.asm
                RCSTAbits   0x000fab       data     extern C:\MCC18\src\traditional\proc\p18F4550.asm
                    RCSTA   0x000fab       data     extern C:\MCC18\src\traditional\proc\p18F4550.asm
                TXSTAbits   0x000fac       data     extern C:\MCC18\src\traditional\proc\p18F4550.asm
                    TXSTA   0x000fac       data     extern C:\MCC18\src\traditional\proc\p18F4550.asm
                    TXREG   0x000fad       data     extern C:\MCC18\src\traditional\proc\p18F4550.asm
                    RCREG   0x000fae       data     extern C:\MCC18\src\traditional\proc\p18F4550.asm
                    SPBRG   0x000faf       data     extern C:\MCC18\src\traditional\proc\p18F4550.asm
                   SPBRGH   0x000fb0       data     extern C:\MCC18\src\traditional\proc\p18F4550.asm
                T3CONbits   0x000fb1       data     extern C:\MCC18\src\traditional\proc\p18F4550.asm
                    T3CON   0x000fb1       data     extern C:\MCC18\src\traditional\proc\p18F4550.asm
                    TMR3L   0x000fb2       data     extern C:\MCC18\src\traditional\proc\p18F4550.asm
                    TMR3H   0x000fb3       data     extern C:\MCC18\src\traditional\proc\p18F4550.asm
                CMCONbits   0x000fb4       data     extern C:\MCC18\src\traditional\proc\p18F4550.asm
                    CMCON   0x000fb4       data     extern C:\MCC18\src\traditional\proc\p18F4550.asm
               CVRCONbits   0x000fb5       data     extern C:\MCC18\src\traditional\proc\p18F4550.asm
                   CVRCON   0x000fb5       data     extern C:\MCC18\src\traditional\proc\p18F4550.asm
                  ECCP1AS   0x000fb6       data     extern C:\MCC18\src\traditional\proc\p18F4550.asm
              ECCP1ASbits   0x000fb6       data     extern C:\MCC18\src\traditional\proc\p18F4550.asm
                   CCP1AS   0x000fb6       data     extern C:\MCC18\src\traditional\proc\p18F4550.asm
               CCP1ASbits   0x000fb6       data     extern C:\MCC18\src\traditional\proc\p18F4550.asm
             ECCP1DELbits   0x000fb7       data     extern C:\MCC18\src\traditional\proc\p18F4550.asm
                 ECCP1DEL   0x000fb7       data     extern C:\MCC18\src\traditional\proc\p18F4550.asm
                  CCP1DEL   0x000fb7       data     extern C:\MCC18\src\traditional\proc\p18F4550.asm
              CCP1DELbits   0x000fb7       data     extern C:\MCC18\src\traditional\proc\p18F4550.asm
                  BAUDCON   0x000fb8       data     extern C:\MCC18\src\traditional\proc\p18F4550.asm
              BAUDCONbits   0x000fb8       data     extern C:\MCC18\src\traditional\proc\p18F4550.asm
                  CCP2CON   0x000fba       data     extern C:\MCC18\src\traditional\proc\p18F4550.asm
              CCP2CONbits   0x000fba       data     extern C:\MCC18\src\traditional\proc\p18F4550.asm
                   CCPR2L   0x000fbb       data     extern C:\MCC18\src\traditional\proc\p18F4550.asm
                    CCPR2   0x000fbb       data     extern C:\MCC18\src\traditional\proc\p18F4550.asm
                   CCPR2H   0x000fbc       data     extern C:\MCC18\src\traditional\proc\p18F4550.asm
              CCP1CONbits   0x000fbd       data     extern C:\MCC18\src\traditional\proc\p18F4550.asm
                  CCP1CON   0x000fbd       data     extern C:\MCC18\src\traditional\proc\p18F4550.asm
             ECCP1CONbits   0x000fbd       data     extern C:\MCC18\src\traditional\proc\p18F4550.asm
                 ECCP1CON   0x000fbd       data     extern C:\MCC18\src\traditional\proc\p18F4550.asm
                    CCPR1   0x000fbe       data     extern C:\MCC18\src\traditional\proc\p18F4550.asm
                   CCPR1L   0x000fbe       data     extern C:\MCC18\src\traditional\proc\p18F4550.asm
                   CCPR1H   0x000fbf       data     extern C:\MCC18\src\traditional\proc\p18F4550.asm
               ADCON2bits   0x000fc0       data     extern C:\MCC18\src\traditional\proc\p18F4550.asm
                   ADCON2   0x000fc0       data     extern C:\MCC18\src\traditional\proc\p18F4550.asm
               ADCON1bits   0x000fc1       data     extern C:\MCC18\src\traditional\proc\p18F4550.asm
                   ADCON1   0x000fc1       data     extern C:\MCC18\src\traditional\proc\p18F4550.asm
                   ADCON0   0x000fc2       data     extern C:\MCC18\src\traditional\proc\p18F4550.asm
               ADCON0bits   0x000fc2       data     extern C:\MCC18\src\traditional\proc\p18F4550.asm
                    ADRES   0x000fc3       data     extern C:\MCC18\src\traditional\proc\p18F4550.asm
                   ADRESL   0x000fc3       data     extern C:\MCC18\src\traditional\proc\p18F4550.asm
                   ADRESH   0x000fc4       data     extern C:\MCC18\src\traditional\proc\p18F4550.asm
                  SSPCON2   0x000fc5       data     extern C:\MCC18\src\traditional\proc\p18F4550.asm
              SSPCON2bits   0x000fc5       data     extern C:\MCC18\src\traditional\proc\p18F4550.asm
                  SSPCON1   0x000fc6       data     extern C:\MCC18\src\traditional\proc\p18F4550.asm
              SSPCON1bits   0x000fc6       data     extern C:\MCC18\src\traditional\proc\p18F4550.asm
                  SSPSTAT   0x000fc7       data     extern C:\MCC18\src\traditional\proc\p18F4550.asm
              SSPSTATbits   0x000fc7       data     extern C:\MCC18\src\traditional\proc\p18F4550.asm
                   SSPADD   0x000fc8       data     extern C:\MCC18\src\traditional\proc\p18F4550.asm
                   SSPBUF   0x000fc9       data     extern C:\MCC18\src\traditional\proc\p18F4550.asm
                    T2CON   0x000fca       data     extern C:\MCC18\src\traditional\proc\p18F4550.asm
                T2CONbits   0x000fca       data     extern C:\MCC18\src\traditional\proc\p18F4550.asm
                      PR2   0x000fcb       data     extern C:\MCC18\src\traditional\proc\p18F4550.asm
                     TMR2   0x000fcc       data     extern C:\MCC18\src\traditional\proc\p18F4550.asm
                T1CONbits   0x000fcd       data     extern C:\MCC18\src\traditional\proc\p18F4550.asm
                    T1CON   0x000fcd       data     extern C:\MCC18\src\traditional\proc\p18F4550.asm
                    TMR1L   0x000fce       data     extern C:\MCC18\src\traditional\proc\p18F4550.asm
                    TMR1H   0x000fcf       data     extern C:\MCC18\src\traditional\proc\p18F4550.asm
                     RCON   0x000fd0       data     extern C:\MCC18\src\traditional\proc\p18F4550.asm
                 RCONbits   0x000fd0       data     extern C:\MCC18\src\traditional\proc\p18F4550.asm
                   WDTCON   0x000fd1       data     extern C:\MCC18\src\traditional\proc\p18F4550.asm
               WDTCONbits   0x000fd1       data     extern C:\MCC18\src\traditional\proc\p18F4550.asm
                  HLVDCON   0x000fd2       data     extern C:\MCC18\src\traditional\proc\p18F4550.asm
              HLVDCONbits   0x000fd2       data     extern C:\MCC18\src\traditional\proc\p18F4550.asm
                   LVDCON   0x000fd2       data     extern C:\MCC18\src\traditional\proc\p18F4550.asm
               LVDCONbits   0x000fd2       data     extern C:\MCC18\src\traditional\proc\p18F4550.asm
                   OSCCON   0x000fd3       data     extern C:\MCC18\src\traditional\proc\p18F4550.asm
               OSCCONbits   0x000fd3       data     extern C:\MCC18\src\traditional\proc\p18F4550.asm
                T0CONbits   0x000fd5       data     extern C:\MCC18\src\traditional\proc\p18F4550.asm
                    T0CON   0x000fd5       data     extern C:\MCC18\src\traditional\proc\p18F4550.asm
                    TMR0L   0x000fd6       data     extern C:\MCC18\src\traditional\proc\p18F4550.asm
                    TMR0H   0x000fd7       data     extern C:\MCC18\src\traditional\proc\p18F4550.asm
                   STATUS   0x000fd8       data     extern C:\MCC18\src\traditional\proc\p18F4550.asm
               STATUSbits   0x000fd8       data     extern C:\MCC18\src\traditional\proc\p18F4550.asm
                    FSR2L   0x000fd9       data     extern C:\MCC18\src\traditional\proc\p18F4550.asm
                     FSR2   0x000fd9       data     extern C:\MCC18\src\traditional\proc\p18F4550.asm
                    FSR2H   0x000fda       data     extern C:\MCC18\src\traditional\proc\p18F4550.asm
                   PLUSW2   0x000fdb       data     extern C:\MCC18\src\traditional\proc\p18F4550.asm
                  PREINC2   0x000fdc       data     extern C:\MCC18\src\traditional\proc\p18F4550.asm
                 POSTDEC2   0x000fdd       data     extern C:\MCC18\src\traditional\proc\p18F4550.asm
                 POSTINC2   0x000fde       data     extern C:\MCC18\src\traditional\proc\p18F4550.asm
                    INDF2   0x000fdf       data     extern C:\MCC18\src\traditional\proc\p18F4550.asm
                      BSR   0x000fe0       data     extern C:\MCC18\src\traditional\proc\p18F4550.asm
                     FSR1   0x000fe1       data     extern C:\MCC18\src\traditional\proc\p18F4550.asm
                    FSR1L   0x000fe1       data     extern C:\MCC18\src\traditional\proc\p18F4550.asm
                    FSR1H   0x000fe2       data     extern C:\MCC18\src\traditional\proc\p18F4550.asm
                   PLUSW1   0x000fe3       data     extern C:\MCC18\src\traditional\proc\p18F4550.asm
                  PREINC1   0x000fe4       data     extern C:\MCC18\src\traditional\proc\p18F4550.asm
                 POSTDEC1   0x000fe5       data     extern C:\MCC18\src\traditional\proc\p18F4550.asm
                 POSTINC1   0x000fe6       data     extern C:\MCC18\src\traditional\proc\p18F4550.asm
                    INDF1   0x000fe7       data     extern C:\MCC18\src\traditional\proc\p18F4550.asm
                     WREG   0x000fe8       data     extern C:\MCC18\src\traditional\proc\p18F4550.asm
                     FSR0   0x000fe9       data     extern C:\MCC18\src\traditional\proc\p18F4550.asm
                    FSR0L   0x000fe9       data     extern C:\MCC18\src\traditional\proc\p18F4550.asm
                    FSR0H   0x000fea       data     extern C:\MCC18\src\traditional\proc\p18F4550.asm
                   PLUSW0   0x000feb       data     extern C:\MCC18\src\traditional\proc\p18F4550.asm
                  PREINC0   0x000fec       data     extern C:\MCC18\src\traditional\proc\p18F4550.asm
                 POSTDEC0   0x000fed       data     extern C:\MCC18\src\traditional\proc\p18F4550.asm
                 POSTINC0   0x000fee       data     extern C:\MCC18\src\traditional\proc\p18F4550.asm
                    INDF0   0x000fef       data     extern C:\MCC18\src\traditional\proc\p18F4550.asm
              INTCON3bits   0x000ff0       data     extern C:\MCC18\src\traditional\proc\p18F4550.asm
                  INTCON3   0x000ff0       data     extern C:\MCC18\src\traditional\proc\p18F4550.asm
              INTCON2bits   0x000ff1       data     extern C:\MCC18\src\traditional\proc\p18F4550.asm
                  INTCON2   0x000ff1       data     extern C:\MCC18\src\traditional\proc\p18F4550.asm
               INTCONbits   0x000ff2       data     extern C:\MCC18\src\traditional\proc\p18F4550.asm
                   INTCON   0x000ff2       data     extern C:\MCC18\src\traditional\proc\p18F4550.asm
                    PRODL   0x000ff3       data     extern C:\MCC18\src\traditional\proc\p18F4550.asm
                     PROD   0x000ff3       data     extern C:\MCC18\src\traditional\proc\p18F4550.asm
                    PRODH   0x000ff4       data     extern C:\MCC18\src\traditional\proc\p18F4550.asm
                   TABLAT   0x000ff5       data     extern C:\MCC18\src\traditional\proc\p18F4550.asm
                  TBLPTRL   0x000ff6       data     extern C:\MCC18\src\traditional\proc\p18F4550.asm
                   TBLPTR   0x000ff6       data     extern C:\MCC18\src\traditional\proc\p18F4550.asm
                  TBLPTRH   0x000ff7       data     extern C:\MCC18\src\traditional\proc\p18F4550.asm
                  TBLPTRU   0x000ff8       data     extern C:\MCC18\src\traditional\proc\p18F4550.asm
                       PC   0x000ff9       data     extern C:\MCC18\src\traditional\proc\p18F4550.asm
                      PCL   0x000ff9       data     extern C:\MCC18\src\traditional\proc\p18F4550.asm
                   PCLATH   0x000ffa       data     extern C:\MCC18\src\traditional\proc\p18F4550.asm
                   PCLATU   0x000ffb       data     extern C:\MCC18\src\traditional\proc\p18F4550.asm
                   STKPTR   0x000ffc       data     extern C:\MCC18\src\traditional\proc\p18F4550.asm
               STKPTRbits   0x000ffc       data     extern C:\MCC18\src\traditional\proc\p18F4550.asm
                      TOS   0x000ffd       data     extern C:\MCC18\src\traditional\proc\p18F4550.asm
                     TOSL   0x000ffd       data     extern C:\MCC18\src\traditional\proc\p18F4550.asm
                     TOSH   0x000ffe       data     extern C:\MCC18\src\traditional\proc\p18F4550.asm
                     TOSU   0x000fff       data     extern C:\MCC18\src\traditional\proc\p18F4550.asm


