MPLINK 4.21, Linker
Linker Map File - Created Sat Mar 27 17:48:08 2010

                                 Section Info
                  Section       Type    Address   Location Size(Bytes)
                ---------  ---------  ---------  ---------  ---------
               _entry_scn       code   0x000000    program   0x000006
    HIGH_INTERRUPT_VECTOR       code   0x000008    program   0x000006
     LOW_INTERRUPT_VECTOR       code   0x000018    program   0x000006
    REMAPPED_RESET_VECTOR       code   0x000800    program   0x000006
REMAPPED_HIGH_INTERRUPT_VECTOR       code   0x000808    program   0x000006
REMAPPED_LOW_INTERRUPT_VECTOR       code   0x000818    program   0x000006
                   .cinit    romdata   0x00082a    program   0x00003e
             .code_main.o       code   0x000868    program   0x0012f6
       .code_usb_device.o       code   0x001b5e    program   0x000b4c
             .code_ax12.o       code   0x0026aa    program   0x000606
                     PROG       code   0x002cb0    program   0x0004a0
              .code_mcc.o       code   0x003150    program   0x000304
            .code_servo.o       code   0x003454    program   0x000238
        .code_adjd-s371.o       code   0x00368c    program   0x000128
              .code_lcd.o       code   0x0037b4    program   0x0000d8
 .code_usb_function_hid.o       code   0x00388c    program   0x0000ce
.romdata_usb_descriptors.o    romdata   0x00395a    program   0x0000b0
               _cinit_scn       code   0x003a0a    program   0x00009e
            .code_uopen.o       code   0x003aa8    program   0x00008a
         .code_i2c_puts.o       code   0x003b32    program   0x000076
                   STRING       code   0x003ba8    program   0x00006c
           .code_eeprom.o       code   0x003c14    program   0x00006c
         .code_pw2setdc.o       code   0x003c80    program   0x00005e
         .code_pw1setdc.o       code   0x003cde    program   0x00005e
          .code_pw2open.o       code   0x003d3c    program   0x000058
         .code_fxd3232u.o       code   0x003d94    program   0x000048
           .code_t3open.o       code   0x003ddc    program   0x000046
           .code_t1open.o       code   0x003e22    program   0x000042
            .code_uread.o       code   0x003e64    program   0x00003e
         .code_i2c_writ.o       code   0x003ea2    program   0x00003c
             .stringtable    romdata   0x003ede    program   0x00003b
        .romdata_t3open.o    romdata   0x003f19    program   0x000000
        .idata_t3open.o_i    romdata   0x003f19    program   0x000000
         .idata_uopen.o_i    romdata   0x003f19    program   0x000000
         .romdata_uopen.o    romdata   0x003f19    program   0x000000
        .romdata_t2open.o    romdata   0x003f19    program   0x000000
        .idata_t2open.o_i    romdata   0x003f19    program   0x000000
        .romdata_t1open.o    romdata   0x003f19    program   0x000000
         .idata_uread.o_i    romdata   0x003f19    program   0x000000
        .idata_t1open.o_i    romdata   0x003f19    program   0x000000
         .romdata_uread.o    romdata   0x003f19    program   0x000000
        .romdata_t0open.o    romdata   0x003f19    program   0x000000
        .idata_t0open.o_i    romdata   0x003f19    program   0x000000
       .romdata_pw2open.o    romdata   0x003f19    program   0x000000
      .romdata_i2c_puts.o    romdata   0x003f19    program   0x000000
      .idata_i2c_puts.o_i    romdata   0x003f19    program   0x000000
        .romdata___init.o    romdata   0x003f19    program   0x000000
        .idata___init.o_i    romdata   0x003f19    program   0x000000
        .romdata_uwrite.o    romdata   0x003f19    program   0x000000
        .idata_uwrite.o_i    romdata   0x003f19    program   0x000000
       .romdata_t3write.o    romdata   0x003f19    program   0x000000
       .idata_t3write.o_i    romdata   0x003f19    program   0x000000
       .romdata_t1write.o    romdata   0x003f19    program   0x000000
       .idata_t1write.o_i    romdata   0x003f19    program   0x000000
       .romdata_t0write.o    romdata   0x003f19    program   0x000000
       .idata_t0write.o_i    romdata   0x003f19    program   0x000000
      .romdata_i2c_writ.o    romdata   0x003f19    program   0x000000
      .idata_i2c_writ.o_i    romdata   0x003f19    program   0x000000
         .romdata_udefs.o    romdata   0x003f19    program   0x000000
         .idata_udefs.o_i    romdata   0x003f19    program   0x000000
      .romdata_pw2setdc.o    romdata   0x003f19    program   0x000000
      .idata_pw2setdc.o_i    romdata   0x003f19    program   0x000000
      .romdata_pw1setdc.o    romdata   0x003f19    program   0x000000
      .idata_pw1setdc.o_i    romdata   0x003f19    program   0x000000
           .romdata_lcd.o    romdata   0x003f19    program   0x000000
           .idata_lcd.o_i    romdata   0x003f19    program   0x000000
     .romdata_adjd-s371.o    romdata   0x003f19    program   0x000000
     .idata_adjd-s371.o_i    romdata   0x003f19    program   0x000000
           .romdata_mcc.o    romdata   0x003f19    program   0x000000
         .romdata_servo.o    romdata   0x003f19    program   0x000000
         .romdata_error.o    romdata   0x003f19    program   0x000000
          .romdata_ax12.o    romdata   0x003f19    program   0x000000
.romdata_usb_function_hid.o    romdata   0x003f19    program   0x000000
.idata_usb_function_hid.o_i    romdata   0x003f19    program   0x000000
    .romdata_usb_device.o    romdata   0x003f19    program   0x000000
    .idata_usb_device.o_i    romdata   0x003f19    program   0x000000
        .romdata_eeprom.o    romdata   0x003f19    program   0x000000
        .idata_eeprom.o_i    romdata   0x003f19    program   0x000000
          .romdata_main.o    romdata   0x003f19    program   0x000000
.idata_usb_descriptors.o_i    romdata   0x003f19    program   0x000000
         .romdata_c018i.o    romdata   0x003f19    program   0x000000
         .idata_c018i.o_i    romdata   0x003f19    program   0x000000
       .idata_pw2open.o_i    romdata   0x003f19    program   0x000000
       .romdata_pw1open.o    romdata   0x003f19    program   0x000000
       .idata_pw1open.o_i    romdata   0x003f19    program   0x000000
      .romdata_i2c_open.o    romdata   0x003f19    program   0x000000
      .idata_i2c_open.o_i    romdata   0x003f19    program   0x000000
      .romdata_i2c_idle.o    romdata   0x003f19    program   0x000000
      .idata_i2c_idle.o_i    romdata   0x003f19    program   0x000000
      .romdata_fxd3232u.o    romdata   0x003f19    program   0x000000
      .idata_i2c_clos.o_i    romdata   0x003f19    program   0x000000
      .romdata_i2c_clos.o    romdata   0x003f19    program   0x000000
      .idata_fxd3232u.o_i    romdata   0x003f19    program   0x000000
  .code_usb_descriptors.o       code   0x003f1a    program   0x000000
          .code_t3write.o       code   0x003f1a    program   0x000038
            .code_c018i.o       code   0x003f1a    program   0x000000
            .code_udefs.o       code   0x003f1a    program   0x000000
          .code_t1write.o       code   0x003f52    program   0x000038
          .code_t0write.o       code   0x003f8a    program   0x000038
           .code_t0open.o       code   0x003fc2    program   0x000038
           .code_t2open.o       code   0x003ffa    program   0x000036
         .code_i2c_open.o       code   0x004030    program   0x000036
            .code_error.o       code   0x004066    program   0x000036
          .code_pw1open.o       code   0x00409c    program   0x000030
             D10KTCYXCODE       code   0x0040cc    program   0x00002e
           .code_uwrite.o       code   0x0040fa    program   0x00002e
             _startup_scn       code   0x004128    program   0x00001c
              D10TCYXCODE       code   0x004144    program   0x000016
         .code_i2c_idle.o       code   0x00415a    program   0x00000e
                    .code       code   0x004168    program   0x00000e
         .code_i2c_clos.o       code   0x004176    program   0x000004
           .code___init.o       code   0x00417a    program   0x000002
         .idata_servo.o_i    romdata   0x00417c    program   0x000009
           .idata_mcc.o_i    romdata   0x004185    program   0x000010
          .idata_main.o_i    romdata   0x004195    program   0x000009
         .idata_error.o_i    romdata   0x00419e    program   0x000021
          .idata_ax12.o_i    romdata   0x0041bf    program   0x000024
                 .tmpdata      udata   0x000000       data   0x000022
                MATH_DATA      udata   0x000022       data   0x000014
                DELAYDAT2      udata   0x000036       data   0x000001
                DELAYDAT1      udata   0x000037       data   0x000001
      .udata_usb_device.o      udata   0x000060       data   0x000026
            .idata_ax12.o      idata   0x000086       data   0x000024
            .udata_ax12.o      udata   0x0000aa       data   0x000021
           .idata_error.o      idata   0x0000cb       data   0x000021
             .idata_mcc.o      idata   0x0000ec       data   0x000010
            .udata_main.o      udata   0x0000fc       data   0x000003
           .udata_udefs.o      udata   0x0000ff       data   0x000001
           .udata_c018i.o      udata   0x000100       data   0x00000a
           .idata_servo.o      idata   0x00010a       data   0x000009
            .idata_main.o      idata   0x000113       data   0x000009
.udata_usb_function_hid.o      udata   0x00011c       data   0x000002
          .udata_eeprom.o      udata   0x00011e       data   0x000001
        .udata_pw2setdc.o      udata   0x00011f       data   0x000000
          .udata_t1open.o      udata   0x00011f       data   0x000000
          .idata_t1open.o      idata   0x00011f       data   0x000000
        .idata_pw1setdc.o      idata   0x00011f       data   0x000000
          .udata_t2open.o      udata   0x00011f       data   0x000000
        .udata_pw1setdc.o      udata   0x00011f       data   0x000000
           .idata_uread.o      idata   0x00011f       data   0x000000
           .udata_uread.o      udata   0x00011f       data   0x000000
          .idata_t2open.o      idata   0x00011f       data   0x000000
           .idata_uopen.o      idata   0x00011f       data   0x000000
           .udata_uopen.o      udata   0x00011f       data   0x000000
          .idata_t3open.o      idata   0x00011f       data   0x000000
          .udata_t3open.o      udata   0x00011f       data   0x000000
        .idata_pw2setdc.o      idata   0x00011f       data   0x000000
           .idata_udefs.o      idata   0x00011f       data   0x000000
        .udata_i2c_writ.o      udata   0x00011f       data   0x000000
        .idata_i2c_writ.o      idata   0x00011f       data   0x000000
         .udata_t0write.o      udata   0x00011f       data   0x000000
         .idata_t0write.o      idata   0x00011f       data   0x000000
         .udata_t1write.o      udata   0x00011f       data   0x000000
         .idata_t1write.o      idata   0x00011f       data   0x000000
         .udata_t3write.o      udata   0x00011f       data   0x000000
         .idata_t3write.o      idata   0x00011f       data   0x000000
          .udata_uwrite.o      udata   0x00011f       data   0x000000
          .idata_uwrite.o      idata   0x00011f       data   0x000000
          .udata___init.o      udata   0x00011f       data   0x000000
          .idata___init.o      idata   0x00011f       data   0x000000
        .udata_i2c_puts.o      udata   0x00011f       data   0x000000
        .idata_i2c_puts.o      idata   0x00011f       data   0x000000
           .idata_c018i.o      idata   0x00011f       data   0x000000
 .udata_usb_descriptors.o      udata   0x00011f       data   0x000000
 .idata_usb_descriptors.o      idata   0x00011f       data   0x000000
          .idata_eeprom.o      idata   0x00011f       data   0x000000
      .idata_usb_device.o      idata   0x00011f       data   0x000000
.idata_usb_function_hid.o      idata   0x00011f       data   0x000000
           .udata_error.o      udata   0x00011f       data   0x000000
           .udata_servo.o      udata   0x00011f       data   0x000000
             .udata_mcc.o      udata   0x00011f       data   0x000000
       .udata_adjd-s371.o      udata   0x00011f       data   0x000000
       .idata_adjd-s371.o      idata   0x00011f       data   0x000000
             .udata_lcd.o      udata   0x00011f       data   0x000000
             .idata_lcd.o      idata   0x00011f       data   0x000000
          .idata_t0open.o      idata   0x00011f       data   0x000000
          .udata_t0open.o      udata   0x00011f       data   0x000000
         .idata_pw2open.o      idata   0x00011f       data   0x000000
         .udata_pw2open.o      udata   0x00011f       data   0x000000
         .idata_pw1open.o      idata   0x00011f       data   0x000000
         .udata_pw1open.o      udata   0x00011f       data   0x000000
        .idata_i2c_open.o      idata   0x00011f       data   0x000000
        .udata_i2c_open.o      udata   0x00011f       data   0x000000
        .idata_i2c_idle.o      idata   0x00011f       data   0x000000
        .udata_i2c_idle.o      udata   0x00011f       data   0x000000
        .idata_fxd3232u.o      idata   0x00011f       data   0x000000
        .udata_fxd3232u.o      udata   0x00011f       data   0x000000
        .idata_i2c_clos.o      idata   0x00011f       data   0x000000
        .udata_i2c_clos.o      udata   0x00011f       data   0x000000
                   .stack      udata   0x000300       data   0x000100
                  USB_BDT      udata   0x000400       data   0x000036
            USB_VARIABLES      udata   0x000500       data   0x000080
            SFR_UNBANKED0      udata   0x000f62       data   0x00009e



                              Program Memory Usage 
                               Start         End      
                           ---------   ---------      
                            0x000000    0x000005      
                            0x000008    0x00000d      
                            0x000018    0x00001d      
                            0x000800    0x000805      
                            0x000808    0x00080d      
                            0x000818    0x00081d      
                            0x00082a    0x003f18      
                            0x003f1a    0x0041e2      
            14812 out of 33048 program addresses used, program memory utilization is 44%



                              Symbols - Sorted by Name
                     Name    Address   Location    Storage File                     
                ---------  ---------  ---------  --------- ---------                
           BlinkUSBStatus   0x001724    program     extern Z:\USB_MODULE\ROBOT_INTERFACE\FIRMWARE\main.c
                 CloseI2C   0x004176    program     extern C:\MCC18\src\pmc_common\i2c\i2c_clos.c
                   D10K_1   0x0040d8    program     static C:\MCC18\src\traditional\delays\d10ktcyx.asm
                    D10Kl   0x0040e4    program     static C:\MCC18\src\traditional\delays\d10ktcyx.asm
                    D10Kx   0x0040d6    program     static C:\MCC18\src\traditional\delays\d10ktcyx.asm
                    D10_1   0x004154    program     static C:\MCC18\src\traditional\delays\d10tcyx.asm
                     D10x   0x00414c    program     static C:\MCC18\src\traditional\delays\d10tcyx.asm
             Delay10KTCYx   0x0040cc    program     extern C:\MCC18\src\traditional\delays\d10ktcyx.asm
              Delay10TCYx   0x004144    program     extern C:\MCC18\src\traditional\delays\d10tcyx.asm
                 FLO0832S   0x002cb4    program     extern C:\MCC18\src\traditional\math\cast08FP.asm
                 FLO0832U   0x002cb0    program     extern C:\MCC18\src\traditional\math\cast08FP.asm
                 FLO1632S   0x002cd6    program     extern C:\MCC18\src\traditional\math\cast16FP.asm
                 FLO1632U   0x002cd2    program     extern C:\MCC18\src\traditional\math\cast16FP.asm
                    FPA32   0x002cfe    program     extern C:\MCC18\src\traditional\math\addFP.asm
                    FPD32   0x002e2a    program     extern C:\MCC18\src\traditional\math\divFP.asm
                    FPM32   0x002ed0    program     extern C:\MCC18\src\traditional\math\mulFP.asm
                    FPS32   0x002cfc    program     extern C:\MCC18\src\traditional\math\addFP.asm
                 FXD3232U   0x003d94    program     extern C:\MCC18\src\traditional\math\fxd3232u.c
                 FXM1616U   0x002faa    program     extern C:\MCC18\src\traditional\math\fxm1616u.asm
                 High_ISR   0x000008    program     extern Z:\USB_MODULE\ROBOT_INTERFACE\FIRMWARE\main.c
                  INT3216   0x002fe6    program     extern C:\MCC18\src\traditional\math\castFP16.asm
                  IdleI2C   0x00415a    program     extern C:\MCC18\src\pmc_common\i2c\i2c_idle.c
         InitializeSystem   0x00096a    program     static Z:\USB_MODULE\ROBOT_INTERFACE\FIRMWARE\main.c
                  Low_ISR   0x000018    program     extern Z:\USB_MODULE\ROBOT_INTERFACE\FIRMWARE\main.c
                  OpenI2C   0x004030    program     extern C:\MCC18\src\pmc_common\i2c\i2c_open.c
                 OpenPWM1   0x00409c    program     extern C:\MCC18\src\pmc_common\PWM\pw1open.c
         OpenPWM1ConfigIO   0x0040c8    program     extern C:\MCC18\src\pmc_common\PWM\pw1open.c
                 OpenPWM2   0x003d3c    program     extern C:\MCC18\src\pmc_common\PWM\pw2open.c
               OpenTimer0   0x003fc2    program     extern C:\MCC18\src\pmc_common\Timers\t0open.c
               OpenTimer1   0x003e22    program     extern C:\MCC18\src\pmc_common\Timers\t1open.c
               OpenTimer2   0x003ffa    program     extern C:\MCC18\src\pmc_common\Timers\t2open.c
               OpenTimer3   0x003ddc    program     extern C:\MCC18\src\pmc_common\Timers\t3open.c
                OpenUSART   0x003aa8    program     extern C:\MCC18\src\pmc_common\USART\uopen.c
                ProcessIO   0x000a1a    program     extern Z:\USB_MODULE\ROBOT_INTERFACE\FIRMWARE\main.c
               ReadEEPROM   0x003c54    program     extern Z:\USB_MODULE\ROBOT_INTERFACE\FIRMWARE\eeprom.c
                ReadUSART   0x003e64    program     extern C:\MCC18\src\pmc_common\USART\uread.c
        Remapped_High_ISR   0x000808    program     extern Z:\USB_MODULE\ROBOT_INTERFACE\FIRMWARE\main.c
         Remapped_Low_ISR   0x000818    program     extern Z:\USB_MODULE\ROBOT_INTERFACE\FIRMWARE\main.c
              ResetSource   0x00193c    program     extern Z:\USB_MODULE\ROBOT_INTERFACE\FIRMWARE\main.c
                SetDCPWM1   0x003cde    program     extern C:\MCC18\src\pmc_common\PWM\pw1setdc.c
                SetDCPWM2   0x003c80    program     extern C:\MCC18\src\pmc_common\PWM\pw2setdc.c
       USBCBCheckOtherReq   0x00184c    program     extern Z:\USB_MODULE\ROBOT_INTERFACE\FIRMWARE\main.c
        USBCBErrorHandler   0x00184a    program     extern Z:\USB_MODULE\ROBOT_INTERFACE\FIRMWARE\main.c
              USBCBInitEP   0x001852    program     extern Z:\USB_MODULE\ROBOT_INTERFACE\FIRMWARE\main.c
          USBCBSendResume   0x00188a    program     extern Z:\USB_MODULE\ROBOT_INTERFACE\FIRMWARE\main.c
    USBCBStdSetDscHandler   0x001850    program     extern Z:\USB_MODULE\ROBOT_INTERFACE\FIRMWARE\main.c
             USBCBSuspend   0x0017a2    program     extern Z:\USB_MODULE\ROBOT_INTERFACE\FIRMWARE\main.c
     USBCBWakeFromSuspend   0x0017e0    program     extern Z:\USB_MODULE\ROBOT_INTERFACE\FIRMWARE\main.c
        USBCB_SOF_Handler   0x001848    program     extern Z:\USB_MODULE\ROBOT_INTERFACE\FIRMWARE\main.c
       USBCheckHIDRequest   0x00388c    program     extern Z:\USB_MODULE\ROBOT_INTERFACE\FIRMWARE\usb_function_hid.c
       USBCheckStdRequest   0x001eb2    program     extern Z:\USB_MODULE\ROBOT_INTERFACE\FIRMWARE\usb_device.c
    USBClearInterruptFlag   0x002468    program     extern Z:\USB_MODULE\ROBOT_INTERFACE\FIRMWARE\usb_device.c
     USBConfigureEndpoint   0x002324    program     extern Z:\USB_MODULE\ROBOT_INTERFACE\FIRMWARE\usb_device.c
         USBCtrlEPService   0x001d3c    program     extern Z:\USB_MODULE\ROBOT_INTERFACE\FIRMWARE\usb_device.c
 USBCtrlEPServiceComplete   0x00211c    program     extern Z:\USB_MODULE\ROBOT_INTERFACE\FIRMWARE\usb_device.c
      USBCtrlTrfInHandler   0x001e10    program     extern Z:\USB_MODULE\ROBOT_INTERFACE\FIRMWARE\usb_device.c
     USBCtrlTrfOutHandler   0x001df4    program     extern Z:\USB_MODULE\ROBOT_INTERFACE\FIRMWARE\usb_device.c
      USBCtrlTrfRxService   0x002236    program     extern Z:\USB_MODULE\ROBOT_INTERFACE\FIRMWARE\usb_device.c
   USBCtrlTrfSetupHandler   0x001dd0    program     extern Z:\USB_MODULE\ROBOT_INTERFACE\FIRMWARE\usb_device.c
      USBCtrlTrfTxService   0x002190    program     extern Z:\USB_MODULE\ROBOT_INTERFACE\FIRMWARE\usb_device.c
            USBDeviceInit   0x001b5e    program     extern Z:\USB_MODULE\ROBOT_INTERFACE\FIRMWARE\usb_device.c
           USBDeviceTasks   0x001bca    program     extern Z:\USB_MODULE\ROBOT_INTERFACE\FIRMWARE\usb_device.c
        USBEnableEndpoint   0x00239c    program     extern Z:\USB_MODULE\ROBOT_INTERFACE\FIRMWARE\usb_device.c
USBPrepareForNextSetupTrf   0x001e6a    program     extern Z:\USB_MODULE\ROBOT_INTERFACE\FIRMWARE\usb_device.c
         USBStallEndpoint   0x0023d6    program     extern Z:\USB_MODULE\ROBOT_INTERFACE\FIRMWARE\usb_device.c
          USBStallHandler   0x001cec    program     extern Z:\USB_MODULE\ROBOT_INTERFACE\FIRMWARE\usb_device.c
  USBStdFeatureReqHandler   0x001f5a    program     extern Z:\USB_MODULE\ROBOT_INTERFACE\FIRMWARE\usb_device.c
      USBStdGetDscHandler   0x00201c    program     extern Z:\USB_MODULE\ROBOT_INTERFACE\FIRMWARE\usb_device.c
   USBStdGetStatusHandler   0x00209e    program     extern Z:\USB_MODULE\ROBOT_INTERFACE\FIRMWARE\usb_device.c
      USBStdSetCfgHandler   0x0022ee    program     extern Z:\USB_MODULE\ROBOT_INTERFACE\FIRMWARE\usb_device.c
               USBSuspend   0x001d12    program     extern Z:\USB_MODULE\ROBOT_INTERFACE\FIRMWARE\usb_device.c
     USBTransferOnePacket   0x002400    program     extern Z:\USB_MODULE\ROBOT_INTERFACE\FIRMWARE\usb_device.c
       USBWakeFromSuspend   0x001d24    program     extern Z:\USB_MODULE\ROBOT_INTERFACE\FIRMWARE\usb_device.c
               USB_CD_Ptr   0x003a02    program     extern Z:\USB_MODULE\ROBOT_INTERFACE\FIRMWARE\usb_descriptors.c
               USB_SD_Ptr   0x003a04    program     extern Z:\USB_MODULE\ROBOT_INTERFACE\FIRMWARE\usb_descriptors.c
USER_USB_CALLBACK_EVENT_HANDLER   0x0018a6    program     extern Z:\USB_MODULE\ROBOT_INTERFACE\FIRMWARE\main.c
                 UserInit   0x000974    program     extern Z:\USB_MODULE\ROBOT_INTERFACE\FIRMWARE\main.c
              WriteEEPROM   0x003c14    program     extern Z:\USB_MODULE\ROBOT_INTERFACE\FIRMWARE\eeprom.c
                 WriteI2C   0x003ea2    program     extern C:\MCC18\src\pmc_common\i2c\i2c_writ.c
              WriteTimer0   0x003f8a    program     extern C:\MCC18\src\pmc_common\Timers\t0write.c
              WriteTimer1   0x003f52    program     extern C:\MCC18\src\pmc_common\Timers\t1write.c
              WriteTimer3   0x003f1a    program     extern C:\MCC18\src\pmc_common\Timers\t3write.c
               WriteUSART   0x0040fa    program     extern C:\MCC18\src\pmc_common\USART\uwrite.c
  YourHighPriorityISRCode   0x000868    program     extern Z:\USB_MODULE\ROBOT_INTERFACE\FIRMWARE\main.c
   YourLowPriorityISRCode   0x0008e4    program     extern Z:\USB_MODULE\ROBOT_INTERFACE\FIRMWARE\main.c
              _2jContinue   0x003bc8    program     static C:\MCC18\src\traditional\stdclib\memset.asm
                   _3jEnd   0x003bd2    program     static C:\MCC18\src\traditional\stdclib\memset.asm
       _D10KTCYXCODE_0010   0x0040dc    program     static C:\MCC18\src\traditional\delays\d10ktcyx.asm
       _D10KTCYXCODE_001C   0x0040e8    program     static C:\MCC18\src\traditional\delays\d10ktcyx.asm
        _D10TCYXCODE_000A   0x00414e    program     static C:\MCC18\src\traditional\delays\d10tcyx.asm
        _D10TCYXCODE_000C   0x004150    program     static C:\MCC18\src\traditional\delays\d10tcyx.asm
        _D10TCYXCODE_000E   0x004152    program     static C:\MCC18\src\traditional\delays\d10tcyx.asm
                 __FpExit   0x003050    program     extern C:\MCC18\src\traditional\math\packFP.asm
                 __FpPack   0x00307c    program     extern C:\MCC18\src\traditional\math\packFP.asm
            __FpReturnNaN   0x003044    program     extern C:\MCC18\src\traditional\math\packFP.asm
         __FpReturnNegInf   0x003056    program     extern C:\MCC18\src\traditional\math\packFP.asm
        __FpReturnNegZero   0x00306e    program     extern C:\MCC18\src\traditional\math\packFP.asm
         __FpReturnPosInf   0x00305c    program     extern C:\MCC18\src\traditional\math\packFP.asm
        __FpReturnPosZero   0x003076    program     extern C:\MCC18\src\traditional\math\packFP.asm
        __FpReturnSignInf   0x003052    program     extern C:\MCC18\src\traditional\math\packFP.asm
       __FpReturnSignZero   0x00306a    program     extern C:\MCC18\src\traditional\math\packFP.asm
              __FpReturnW   0x0030d4    program     extern C:\MCC18\src\traditional\math\packFP.asm
              __FpUnPackA   0x0030f4    program     extern C:\MCC18\src\traditional\math\UnpackFP.asm
              __FpUnPackB   0x003124    program     extern C:\MCC18\src\traditional\math\UnpackFP.asm
           ___?:_lbl00022   0x000a70    program     static                          
           ___?:_lbl00023   0x000a60    program     static                          
           ___?:_lbl00026   0x000ad4    program     static                          
           ___?:_lbl00027   0x000ac4    program     static                          
           ___?:_lbl00030   0x000b6e    program     static                          
           ___?:_lbl00031   0x000b5e    program     static                          
           ___?:_lbl00035   0x000bfa    program     static                          
           ___?:_lbl00036   0x000bea    program     static                          
           ___?:_lbl00071   0x000fdc    program     static                          
           ___?:_lbl00072   0x000fcc    program     static                          
           ___?:_lbl00111   0x0016aa    program     static                          
           ___?:_lbl00112   0x00169a    program     static                          
      ___case_-1_lbl00157   0x001926    program     static                          
       ___case_0_lbl00033   0x000bb6    program     static                          
       ___case_0_lbl00038   0x000c32    program     static                          
       ___case_0_lbl00058   0x000e8e    program     static                          
       ___case_0_lbl00093   0x0013fe    program     static                          
      ___case_10_lbl00043   0x000d18    program     static                          
      ___case_10_lbl00083   0x0011de    program     static                          
      ___case_11_lbl00084   0x001318    program     static                          
      ___case_11_lbl00108   0x0014ce    program     static                          
      ___case_12_lbl00085   0x001330    program     static                          
      ___case_13_lbl00086   0x00135e    program     static                          
      ___case_13_lbl00102   0x0013d8    program     static                          
      ___case_14_lbl00087   0x00136a    program     static                          
      ___case_15_lbl00088   0x001376    program     static                          
       ___case_1_lbl00034   0x000bbc    program     static                          
       ___case_1_lbl00039   0x000c38    program     static                          
       ___case_1_lbl00059   0x000eae    program     static                          
       ___case_1_lbl00074   0x001048    program     static                          
       ___case_1_lbl00094   0x00140a    program     static                          
       ___case_1_lbl00104   0x0014e0    program     static                          
       ___case_1_lbl00158   0x00192a    program     static                          
      ___case_21_lbl00151   0x00190e    program     static                          
      ___case_22_lbl00152   0x001912    program     static                          
      ___case_23_lbl00153   0x001916    program     static                          
       ___case_2_lbl00040   0x000c68    program     static                          
       ___case_2_lbl00056   0x000bde    program     static                          
       ___case_2_lbl00060   0x000ece    program     static                          
       ___case_2_lbl00075   0x001064    program     static                          
       ___case_2_lbl00095   0x00141c    program     static                          
       ___case_2_lbl00105   0x0014ec    program     static                          
       ___case_2_lbl00154   0x00191a    program     static                          
       ___case_3_lbl00041   0x000cec    program     static                          
       ___case_3_lbl00061   0x000eee    program     static                          
       ___case_3_lbl00076   0x001086    program     static                          
       ___case_3_lbl00096   0x00142c    program     static                          
       ___case_3_lbl00106   0x0014f8    program     static                          
       ___case_3_lbl00156   0x001922    program     static                          
       ___case_4_lbl00042   0x000d02    program     static                          
       ___case_4_lbl00062   0x000f0e    program     static                          
       ___case_4_lbl00077   0x0010bc    program     static                          
       ___case_4_lbl00097   0x00143e    program     static                          
       ___case_4_lbl00155   0x00191e    program     static                          
       ___case_5_lbl00064   0x000f20    program     static                          
       ___case_5_lbl00078   0x0010d4    program     static                          
       ___case_5_lbl00098   0x00144e    program     static                          
       ___case_5_lbl00109   0x001580    program     static                          
       ___case_6_lbl00070   0x000e70    program     static                          
       ___case_6_lbl00079   0x001102    program     static                          
       ___case_6_lbl00099   0x001466    program     static                          
       ___case_7_lbl00080   0x001148    program     static                          
       ___case_7_lbl00100   0x00147e    program     static                          
       ___case_7_lbl00110   0x0015dc    program     static                          
       ___case_8_lbl00081   0x001178    program     static                          
       ___case_9_lbl00082   0x0011a8    program     static                          
       ___case_9_lbl00091   0x000fc0    program     static                          
      ___default_lbl00054   0x000e18    program     static                          
      ___default_lbl00069   0x000f8e    program     static                          
      ___default_lbl00089   0x001382    program     static                          
      ___default_lbl00101   0x00149c    program     static                          
      ___default_lbl00107   0x00154e    program     static                          
      ___default_lbl00114   0x00168e    program     static                          
      ___default_lbl00159   0x00192e    program     static                          
         ___else_lbl00052   0x000df8    program     static                          
          ___for_lbl00044   0x000e00    program     static                          
          ___for_lbl00044   0x002942    program     static                          
          ___for_lbl00045   0x000e0c    program     static                          
          ___for_lbl00045   0x00294c    program     static                          
          ___for_lbl00046   0x000dba    program     static                          
          ___for_lbl00047   0x000dc6    program     static                          
          ___for_lbl00047   0x0028fe    program     static                          
          ___for_lbl00049   0x000d82    program     static                          
          ___for_lbl00052   0x002a28    program     static                          
          ___for_lbl00053   0x000d58    program     static                          
          ___for_lbl00053   0x002a32    program     static                          
          ___for_lbl00055   0x0029d0    program     static                          
          ___for_lbl00057   0x002b0a    program     static                          
          ___for_lbl00058   0x002b14    program     static                          
          ___for_lbl00060   0x002a96    program     static                          
           ___if_lbl00018   0x000a34    program     static                          
           ___if_lbl00020   0x000a46    program     static                          
           ___if_lbl00025   0x000ab8    program     static                          
           ___if_lbl00029   0x000b52    program     static                          
           ___if_lbl00046   0x00292a    program     static                          
           ___if_lbl00048   0x000dba    program     static                          
           ___if_lbl00050   0x000ddc    program     static                          
           ___if_lbl00051   0x000dfc    program     static                          
           ___if_lbl00054   0x002a10    program     static                          
           ___if_lbl00055   0x000e6c    program     static                          
           ___if_lbl00059   0x002af2    program     static                          
           ___if_lbl00063   0x000f34    program     static                          
           ___if_lbl00065   0x000f4a    program     static                          
           ___if_lbl00066   0x000f60    program     static                          
           ___if_lbl00067   0x000f76    program     static                          
           ___if_lbl00068   0x000f8c    program     static                          
           ___if_lbl00090   0x0013d6    program     static                          
           ___if_lbl00113   0x001710    program     static                          
           ___if_lbl00115   0x001710    program     static                          
       ___return_lbl00000   0x000804    program     static                          
       ___return_lbl00000   0x000004    program     static                          
       ___return_lbl00000   0x003dda    program     static                          
       ___return_lbl00001   0x00080c    program     static                          
       ___return_lbl00001   0x004142    program     static                          
       ___return_lbl00002   0x00081c    program     static                          
       ___return_lbl00002   0x003aa6    program     static                          
       ___return_lbl00003   0x00000c    program     static                          
       ___return_lbl00004   0x00001c    program     static                          
       ___return_lbl00017   0x001710    program     static                          
       ___return_lbl00043   0x002956    program     static                          
       ___return_lbl00051   0x002a3c    program     static                          
       ___return_lbl00056   0x002b20    program     static                          
       ___return_lbl00149   0x001934    program     static                          
   ___switchexit_lbl00032   0x001710    program     static                          
   ___switchexit_lbl00037   0x000e1e    program     static                          
   ___switchexit_lbl00057   0x000f98    program     static                          
   ___switchexit_lbl00073   0x001388    program     static                          
   ___switchexit_lbl00092   0x0014a6    program     static                          
   ___switchexit_lbl00103   0x001558    program     static                          
   ___switchexit_lbl00150   0x001930    program     static                          
                   __init   0x00417a    program     extern C:\MCC18\src\traditional\stdclib\__init.c
                   __pa_0   0x00408e    program     static Z:\USB_MODULE\ROBOT_INTERFACE\FIRMWARE\error.c
                   __pa_0   0x0035c2    program     static Z:\USB_MODULE\ROBOT_INTERFACE\FIRMWARE\servo.c
                   __pa_0   0x00334a    program     static Z:\USB_MODULE\ROBOT_INTERFACE\FIRMWARE\mcc.c
                   __pa_0   0x003764    program     static Z:\USB_MODULE\ROBOT_INTERFACE\FIRMWARE\adjd-s371.c
                   __pa_0   0x002ba8    program     static Z:\USB_MODULE\ROBOT_INTERFACE\FIRMWARE\ax12.c
                   __pa_0   0x003822    program     static Z:\USB_MODULE\ROBOT_INTERFACE\FIRMWARE\lcd.c
                   __pa_0   0x003c70    program     static Z:\USB_MODULE\ROBOT_INTERFACE\FIRMWARE\eeprom.c
                   __pa_0   0x003b98    program     static C:\MCC18\src\pmc_common\i2c\i2c_puts.c
                   __pa_0   0x001988    program     static Z:\USB_MODULE\ROBOT_INTERFACE\FIRMWARE\main.c
                   __pa_0   0x002492    program     static Z:\USB_MODULE\ROBOT_INTERFACE\FIRMWARE\usb_device.c
                   __pa_1   0x002bb4    program     static Z:\USB_MODULE\ROBOT_INTERFACE\FIRMWARE\ax12.c
                   __pa_1   0x00361a    program     static Z:\USB_MODULE\ROBOT_INTERFACE\FIRMWARE\servo.c
                   __pa_1   0x00341c    program     static Z:\USB_MODULE\ROBOT_INTERFACE\FIRMWARE\mcc.c
                   __pa_1   0x00376e    program     static Z:\USB_MODULE\ROBOT_INTERFACE\FIRMWARE\adjd-s371.c
                   __pa_1   0x0024a0    program     static Z:\USB_MODULE\ROBOT_INTERFACE\FIRMWARE\usb_device.c
                   __pa_1   0x003848    program     static Z:\USB_MODULE\ROBOT_INTERFACE\FIRMWARE\lcd.c
                   __pa_1   0x0019c4    program     static Z:\USB_MODULE\ROBOT_INTERFACE\FIRMWARE\main.c
                  __pa_10   0x001ab4    program     static Z:\USB_MODULE\ROBOT_INTERFACE\FIRMWARE\main.c
                  __pa_10   0x0024f0    program     static Z:\USB_MODULE\ROBOT_INTERFACE\FIRMWARE\usb_device.c
                  __pa_10   0x002c36    program     static Z:\USB_MODULE\ROBOT_INTERFACE\FIRMWARE\ax12.c
                  __pa_11   0x002500    program     static Z:\USB_MODULE\ROBOT_INTERFACE\FIRMWARE\usb_device.c
                  __pa_11   0x002c44    program     static Z:\USB_MODULE\ROBOT_INTERFACE\FIRMWARE\ax12.c
                  __pa_11   0x001ac4    program     static Z:\USB_MODULE\ROBOT_INTERFACE\FIRMWARE\main.c
                  __pa_12   0x001ad4    program     static Z:\USB_MODULE\ROBOT_INTERFACE\FIRMWARE\main.c
                  __pa_12   0x002c4e    program     static Z:\USB_MODULE\ROBOT_INTERFACE\FIRMWARE\ax12.c
                  __pa_12   0x002514    program     static Z:\USB_MODULE\ROBOT_INTERFACE\FIRMWARE\usb_device.c
                  __pa_13   0x001ae2    program     static Z:\USB_MODULE\ROBOT_INTERFACE\FIRMWARE\main.c
                  __pa_13   0x002c54    program     static Z:\USB_MODULE\ROBOT_INTERFACE\FIRMWARE\ax12.c
                  __pa_13   0x002526    program     static Z:\USB_MODULE\ROBOT_INTERFACE\FIRMWARE\usb_device.c
                  __pa_14   0x001aec    program     static Z:\USB_MODULE\ROBOT_INTERFACE\FIRMWARE\main.c
                  __pa_14   0x002c5e    program     static Z:\USB_MODULE\ROBOT_INTERFACE\FIRMWARE\ax12.c
                  __pa_14   0x002532    program     static Z:\USB_MODULE\ROBOT_INTERFACE\FIRMWARE\usb_device.c
                  __pa_15   0x001b00    program     static Z:\USB_MODULE\ROBOT_INTERFACE\FIRMWARE\main.c
                  __pa_15   0x002c72    program     static Z:\USB_MODULE\ROBOT_INTERFACE\FIRMWARE\ax12.c
                  __pa_15   0x00254e    program     static Z:\USB_MODULE\ROBOT_INTERFACE\FIRMWARE\usb_device.c
                  __pa_16   0x001b08    program     static Z:\USB_MODULE\ROBOT_INTERFACE\FIRMWARE\main.c
                  __pa_16   0x002c7c    program     static Z:\USB_MODULE\ROBOT_INTERFACE\FIRMWARE\ax12.c
                  __pa_16   0x002554    program     static Z:\USB_MODULE\ROBOT_INTERFACE\FIRMWARE\usb_device.c
                  __pa_17   0x00255e    program     static Z:\USB_MODULE\ROBOT_INTERFACE\FIRMWARE\usb_device.c
                  __pa_17   0x002c88    program     static Z:\USB_MODULE\ROBOT_INTERFACE\FIRMWARE\ax12.c
                  __pa_17   0x001b14    program     static Z:\USB_MODULE\ROBOT_INTERFACE\FIRMWARE\main.c
                  __pa_18   0x002c90    program     static Z:\USB_MODULE\ROBOT_INTERFACE\FIRMWARE\ax12.c
                  __pa_18   0x001b1e    program     static Z:\USB_MODULE\ROBOT_INTERFACE\FIRMWARE\main.c
                  __pa_18   0x00256a    program     static Z:\USB_MODULE\ROBOT_INTERFACE\FIRMWARE\usb_device.c
                  __pa_19   0x002ca0    program     static Z:\USB_MODULE\ROBOT_INTERFACE\FIRMWARE\ax12.c
                  __pa_19   0x001b2e    program     static Z:\USB_MODULE\ROBOT_INTERFACE\FIRMWARE\main.c
                  __pa_19   0x002576    program     static Z:\USB_MODULE\ROBOT_INTERFACE\FIRMWARE\usb_device.c
                   __pa_2   0x00342e    program     static Z:\USB_MODULE\ROBOT_INTERFACE\FIRMWARE\mcc.c
                   __pa_2   0x0024a6    program     static Z:\USB_MODULE\ROBOT_INTERFACE\FIRMWARE\usb_device.c
                   __pa_2   0x00363e    program     static Z:\USB_MODULE\ROBOT_INTERFACE\FIRMWARE\servo.c
                   __pa_2   0x003858    program     static Z:\USB_MODULE\ROBOT_INTERFACE\FIRMWARE\lcd.c
                   __pa_2   0x001a16    program     static Z:\USB_MODULE\ROBOT_INTERFACE\FIRMWARE\main.c
                   __pa_2   0x00379c    program     static Z:\USB_MODULE\ROBOT_INTERFACE\FIRMWARE\adjd-s371.c
                   __pa_2   0x002bd2    program     static Z:\USB_MODULE\ROBOT_INTERFACE\FIRMWARE\ax12.c
                  __pa_20   0x002586    program     static Z:\USB_MODULE\ROBOT_INTERFACE\FIRMWARE\usb_device.c
                  __pa_20   0x002ca8    program     static Z:\USB_MODULE\ROBOT_INTERFACE\FIRMWARE\ax12.c
                  __pa_20   0x001b36    program     static Z:\USB_MODULE\ROBOT_INTERFACE\FIRMWARE\main.c
                  __pa_21   0x001b3e    program     static Z:\USB_MODULE\ROBOT_INTERFACE\FIRMWARE\main.c
                  __pa_21   0x002596    program     static Z:\USB_MODULE\ROBOT_INTERFACE\FIRMWARE\usb_device.c
                  __pa_22   0x0025a6    program     static Z:\USB_MODULE\ROBOT_INTERFACE\FIRMWARE\usb_device.c
                  __pa_22   0x001b48    program     static Z:\USB_MODULE\ROBOT_INTERFACE\FIRMWARE\main.c
                  __pa_23   0x0025b4    program     static Z:\USB_MODULE\ROBOT_INTERFACE\FIRMWARE\usb_device.c
                  __pa_23   0x001b50    program     static Z:\USB_MODULE\ROBOT_INTERFACE\FIRMWARE\main.c
                  __pa_24   0x0025c2    program     static Z:\USB_MODULE\ROBOT_INTERFACE\FIRMWARE\usb_device.c
                  __pa_25   0x0025d0    program     static Z:\USB_MODULE\ROBOT_INTERFACE\FIRMWARE\usb_device.c
                  __pa_26   0x0025de    program     static Z:\USB_MODULE\ROBOT_INTERFACE\FIRMWARE\usb_device.c
                  __pa_27   0x0025ec    program     static Z:\USB_MODULE\ROBOT_INTERFACE\FIRMWARE\usb_device.c
                  __pa_28   0x002604    program     static Z:\USB_MODULE\ROBOT_INTERFACE\FIRMWARE\usb_device.c
                  __pa_29   0x002620    program     static Z:\USB_MODULE\ROBOT_INTERFACE\FIRMWARE\usb_device.c
                   __pa_3   0x0024b0    program     static Z:\USB_MODULE\ROBOT_INTERFACE\FIRMWARE\usb_device.c
                   __pa_3   0x00385e    program     static Z:\USB_MODULE\ROBOT_INTERFACE\FIRMWARE\lcd.c
                   __pa_3   0x0037a4    program     static Z:\USB_MODULE\ROBOT_INTERFACE\FIRMWARE\adjd-s371.c
                   __pa_3   0x002bdc    program     static Z:\USB_MODULE\ROBOT_INTERFACE\FIRMWARE\ax12.c
                   __pa_3   0x001a1c    program     static Z:\USB_MODULE\ROBOT_INTERFACE\FIRMWARE\main.c
                   __pa_3   0x003440    program     static Z:\USB_MODULE\ROBOT_INTERFACE\FIRMWARE\mcc.c
                   __pa_3   0x003654    program     static Z:\USB_MODULE\ROBOT_INTERFACE\FIRMWARE\servo.c
                  __pa_30   0x00262a    program     static Z:\USB_MODULE\ROBOT_INTERFACE\FIRMWARE\usb_device.c
                  __pa_31   0x002632    program     static Z:\USB_MODULE\ROBOT_INTERFACE\FIRMWARE\usb_device.c
                  __pa_32   0x002644    program     static Z:\USB_MODULE\ROBOT_INTERFACE\FIRMWARE\usb_device.c
                  __pa_33   0x00264e    program     static Z:\USB_MODULE\ROBOT_INTERFACE\FIRMWARE\usb_device.c
                  __pa_34   0x002658    program     static Z:\USB_MODULE\ROBOT_INTERFACE\FIRMWARE\usb_device.c
                  __pa_35   0x002662    program     static Z:\USB_MODULE\ROBOT_INTERFACE\FIRMWARE\usb_device.c
                  __pa_36   0x002672    program     static Z:\USB_MODULE\ROBOT_INTERFACE\FIRMWARE\usb_device.c
                  __pa_37   0x002680    program     static Z:\USB_MODULE\ROBOT_INTERFACE\FIRMWARE\usb_device.c
                  __pa_38   0x00268a    program     static Z:\USB_MODULE\ROBOT_INTERFACE\FIRMWARE\usb_device.c
                  __pa_39   0x002694    program     static Z:\USB_MODULE\ROBOT_INTERFACE\FIRMWARE\usb_device.c
                   __pa_4   0x00344c    program     static Z:\USB_MODULE\ROBOT_INTERFACE\FIRMWARE\mcc.c
                   __pa_4   0x003666    program     static Z:\USB_MODULE\ROBOT_INTERFACE\FIRMWARE\servo.c
                   __pa_4   0x003866    program     static Z:\USB_MODULE\ROBOT_INTERFACE\FIRMWARE\lcd.c
                   __pa_4   0x0024b8    program     static Z:\USB_MODULE\ROBOT_INTERFACE\FIRMWARE\usb_device.c
                   __pa_4   0x001a2e    program     static Z:\USB_MODULE\ROBOT_INTERFACE\FIRMWARE\main.c
                   __pa_4   0x0037ac    program     static Z:\USB_MODULE\ROBOT_INTERFACE\FIRMWARE\adjd-s371.c
                   __pa_4   0x002be4    program     static Z:\USB_MODULE\ROBOT_INTERFACE\FIRMWARE\ax12.c
                  __pa_40   0x00269c    program     static Z:\USB_MODULE\ROBOT_INTERFACE\FIRMWARE\usb_device.c
                  __pa_41   0x0026a4    program     static Z:\USB_MODULE\ROBOT_INTERFACE\FIRMWARE\usb_device.c
                   __pa_5   0x003672    program     static Z:\USB_MODULE\ROBOT_INTERFACE\FIRMWARE\servo.c
                   __pa_5   0x002bf8    program     static Z:\USB_MODULE\ROBOT_INTERFACE\FIRMWARE\ax12.c
                   __pa_5   0x0024c2    program     static Z:\USB_MODULE\ROBOT_INTERFACE\FIRMWARE\usb_device.c
                   __pa_5   0x00386a    program     static Z:\USB_MODULE\ROBOT_INTERFACE\FIRMWARE\lcd.c
                   __pa_5   0x001a58    program     static Z:\USB_MODULE\ROBOT_INTERFACE\FIRMWARE\main.c
                   __pa_6   0x002c06    program     static Z:\USB_MODULE\ROBOT_INTERFACE\FIRMWARE\ax12.c
                   __pa_6   0x001a7e    program     static Z:\USB_MODULE\ROBOT_INTERFACE\FIRMWARE\main.c
                   __pa_6   0x00367a    program     static Z:\USB_MODULE\ROBOT_INTERFACE\FIRMWARE\servo.c
                   __pa_6   0x0024ca    program     static Z:\USB_MODULE\ROBOT_INTERFACE\FIRMWARE\usb_device.c
                   __pa_6   0x003872    program     static Z:\USB_MODULE\ROBOT_INTERFACE\FIRMWARE\lcd.c
                   __pa_7   0x0024d2    program     static Z:\USB_MODULE\ROBOT_INTERFACE\FIRMWARE\usb_device.c
                   __pa_7   0x003878    program     static Z:\USB_MODULE\ROBOT_INTERFACE\FIRMWARE\lcd.c
                   __pa_7   0x002c0e    program     static Z:\USB_MODULE\ROBOT_INTERFACE\FIRMWARE\ax12.c
                   __pa_7   0x001a92    program     static Z:\USB_MODULE\ROBOT_INTERFACE\FIRMWARE\main.c
                   __pa_8   0x002c1a    program     static Z:\USB_MODULE\ROBOT_INTERFACE\FIRMWARE\ax12.c
                   __pa_8   0x003880    program     static Z:\USB_MODULE\ROBOT_INTERFACE\FIRMWARE\lcd.c
                   __pa_8   0x001aa0    program     static Z:\USB_MODULE\ROBOT_INTERFACE\FIRMWARE\main.c
                   __pa_8   0x0024d8    program     static Z:\USB_MODULE\ROBOT_INTERFACE\FIRMWARE\usb_device.c
                   __pa_9   0x002c2a    program     static Z:\USB_MODULE\ROBOT_INTERFACE\FIRMWARE\ax12.c
                   __pa_9   0x001aa4    program     static Z:\USB_MODULE\ROBOT_INTERFACE\FIRMWARE\main.c
                   __pa_9   0x0024e6    program     static Z:\USB_MODULE\ROBOT_INTERFACE\FIRMWARE\usb_device.c
               __string_0   0x003ef5    program     static Z:\USB_MODULE\ROBOT_INTERFACE\FIRMWARE\main.c
               __string_1   0x003ee9    program     static Z:\USB_MODULE\ROBOT_INTERFACE\FIRMWARE\main.c
               __string_2   0x003ee7    program     static Z:\USB_MODULE\ROBOT_INTERFACE\FIRMWARE\main.c
               __string_3   0x003ede    program     static Z:\USB_MODULE\ROBOT_INTERFACE\FIRMWARE\main.c
               __tmplbl_0   0x000a42    program     static                          
               __tmplbl_1   0x000a3c    program     static                          
              __tmplbl_10   0x0018e2    program     static                          
              __tmplbl_11   0x0018ec    program     static                          
              __tmplbl_12   0x0018f6    program     static                          
              __tmplbl_13   0x001900    program     static                          
              __tmplbl_14   0x00190a    program     static                          
              __tmplbl_19   0x001b36    program     static                          
               __tmplbl_2   0x000a74    program     static                          
              __tmplbl_20   0x0024ca    program     static                          
              __tmplbl_26   0x0024ca    program     static                          
               __tmplbl_3   0x000a54    program     static                          
               __tmplbl_4   0x000a4c    program     static                          
               __tmplbl_5   0x000aea    program     static                          
               __tmplbl_6   0x000ad8    program     static                          
               __tmplbl_7   0x0018c2    program     static                          
               __tmplbl_8   0x0018ce    program     static                          
               __tmplbl_9   0x0018d8    program     static                          
            __zero_memory   0x004168    program     extern C:\MCC18\src\traditional\proc\p18F4550.asm
                _do_cinit   0x003a0a    program     extern C:\MCC18\src\traditional\startup\c018i.c
                   _entry   0x000000    program     extern C:\MCC18\src\traditional\startup\c018i.c
                   _false   0x003dd6    program     static                          
                   _reset   0x000800    program     extern Z:\USB_MODULE\ROBOT_INTERFACE\FIRMWARE\main.c
                 _startup   0x004128    program     extern C:\MCC18\src\traditional\startup\c018i.c
               actionAX12   0x002b4c    program     extern Z:\USB_MODULE\ROBOT_INTERFACE\FIRMWARE\ax12.c
         adjdReadRegister   0x0036e6    program     extern Z:\USB_MODULE\ROBOT_INTERFACE\FIRMWARE\adjd-s371.c
        adjdWriteRegister   0x0036c2    program     extern Z:\USB_MODULE\ROBOT_INTERFACE\FIRMWARE\adjd-s371.c
                 checkTOR   0x003320    program     extern Z:\USB_MODULE\ROBOT_INTERFACE\FIRMWARE\mcc.c
               clear_loop   0x00416e    program     static C:\MCC18\src\traditional\proc\p18F4550.asm
               configAX12   0x0028b6    program     extern Z:\USB_MODULE\ROBOT_INTERFACE\FIRMWARE\ax12.c
        configDescriptor1   0x00396c    program     extern Z:\USB_MODULE\ROBOT_INTERFACE\FIRMWARE\usb_descriptors.c
                copy_loop   0x003a7c    program     static                          
            copy_one_byte   0x003a82    program     static                          
               device_dsc   0x00395a    program     extern Z:\USB_MODULE\ROBOT_INTERFACE\FIRMWARE\usb_descriptors.c
             disableMotor   0x00323a    program     extern Z:\USB_MODULE\ROBOT_INTERFACE\FIRMWARE\mcc.c
             disableServo   0x0035ae    program     extern Z:\USB_MODULE\ROBOT_INTERFACE\FIRMWARE\servo.c
                     done   0x003aa6    program     static                          
             done_copying   0x003a90    program     static                          
              enableMotor   0x00322e    program     extern Z:\USB_MODULE\ROBOT_INTERFACE\FIRMWARE\mcc.c
              enableServo   0x00359a    program     extern Z:\USB_MODULE\ROBOT_INTERFACE\FIRMWARE\servo.c
                    error   0x004066    program     extern Z:\USB_MODULE\ROBOT_INTERFACE\FIRMWARE\error.c
              getPosition   0x002b9c    program     extern Z:\USB_MODULE\ROBOT_INTERFACE\FIRMWARE\ax12.c
                 getSpeed   0x002ba2    program     extern Z:\USB_MODULE\ROBOT_INTERFACE\FIRMWARE\ax12.c
                     goTo   0x002b56    program     extern Z:\USB_MODULE\ROBOT_INTERFACE\FIRMWARE\ax12.c
              hasTimedOut   0x002890    program     extern Z:\USB_MODULE\ROBOT_INTERFACE\FIRMWARE\ax12.c
                hid_rpt01   0x0039e5    program     extern Z:\USB_MODULE\ROBOT_INTERFACE\FIRMWARE\usb_descriptors.c
                 initAX12   0x0026aa    program     extern Z:\USB_MODULE\ROBOT_INTERFACE\FIRMWARE\ax12.c
                 initAdjd   0x00368c    program     extern Z:\USB_MODULE\ROBOT_INTERFACE\FIRMWARE\adjd-s371.c
                  initMCC   0x003150    program     extern Z:\USB_MODULE\ROBOT_INTERFACE\FIRMWARE\mcc.c
            interruptAX12   0x0026b4    program     extern Z:\USB_MODULE\ROBOT_INTERFACE\FIRMWARE\ax12.c
          interruptMotor1   0x0031ca    program     extern Z:\USB_MODULE\ROBOT_INTERFACE\FIRMWARE\mcc.c
          interruptMotor2   0x0031fc    program     extern Z:\USB_MODULE\ROBOT_INTERFACE\FIRMWARE\mcc.c
           interruptServo   0x003454    program     extern Z:\USB_MODULE\ROBOT_INTERFACE\FIRMWARE\servo.c
   isStatusPacketReceived   0x00288a    program     extern Z:\USB_MODULE\ROBOT_INTERFACE\FIRMWARE\ax12.c
                 jANotInf   0x002d26    program     static C:\MCC18\src\traditional\math\addFP.asm
                 jANotInf   0x002eee    program     static C:\MCC18\src\traditional\math\mulFP.asm
                 jANotInf   0x002e48    program     static C:\MCC18\src\traditional\math\divFP.asm
                 jANotNeg   0x002dba    program     static C:\MCC18\src\traditional\math\addFP.asm
                jANotZero   0x002e5c    program     static C:\MCC18\src\traditional\math\divFP.asm
              jAandWsetup   0x002d8a    program     static C:\MCC18\src\traditional\math\addFP.asm
                 jAltBexp   0x002d78    program     static C:\MCC18\src\traditional\math\addFP.asm
                jBANotInf   0x002d1c    program     static C:\MCC18\src\traditional\math\addFP.asm
                 jBNotInf   0x002d34    program     static C:\MCC18\src\traditional\math\addFP.asm
              jBothFinite   0x002efc    program     static C:\MCC18\src\traditional\math\mulFP.asm
             jBothNotZero   0x002f08    program     static C:\MCC18\src\traditional\math\mulFP.asm
            jDifOrPosSign   0x002d48    program     static C:\MCC18\src\traditional\math\addFP.asm
                     jEnd   0x003c12    program     static C:\MCC18\src\traditional\stdclib\scatp2r.asm
                     jEnd   0x003bda    program     static C:\MCC18\src\traditional\stdclib\memset.asm
                    jExit   0x003042    program     static C:\MCC18\src\traditional\math\castFP16.asm
               jFinalSign   0x002e22    program     static C:\MCC18\src\traditional\math\addFP.asm
                jHaveZero   0x002f04    program     static C:\MCC18\src\traditional\math\mulFP.asm
                jI2F08Beg   0x002cbe    program     static C:\MCC18\src\traditional\math\cast08FP.asm
                jI2F16Beg   0x002ce6    program     static C:\MCC18\src\traditional\math\cast16FP.asm
                    jLoop   0x002e84    program     static C:\MCC18\src\traditional\math\divFP.asm
                    jLoop   0x003022    program     static C:\MCC18\src\traditional\math\castFP16.asm
                    jLoop   0x003c08    program     static C:\MCC18\src\traditional\stdclib\scatp2r.asm
                    jLoop   0x003bbc    program     static C:\MCC18\src\traditional\stdclib\memset.asm
                jLoopExit   0x003032    program     static C:\MCC18\src\traditional\math\castFP16.asm
                     jMax   0x002ff6    program     static C:\MCC18\src\traditional\math\castFP16.asm
                  jMaxNeg   0x003004    program     static C:\MCC18\src\traditional\math\castFP16.asm
                  jMaxPos   0x002ffa    program     static C:\MCC18\src\traditional\math\castFP16.asm
                    jNext   0x002eaa    program     static C:\MCC18\src\traditional\math\divFP.asm
                jNoAdjust   0x002ea8    program     static C:\MCC18\src\traditional\math\divFP.asm
             jNotBothZero   0x002d4c    program     static C:\MCC18\src\traditional\math\addFP.asm
                  jNotInf   0x003012    program     static C:\MCC18\src\traditional\math\castFP16.asm
                jNullLoop   0x003c02    program     static C:\MCC18\src\traditional\stdclib\scatp2r.asm
                  jPkLoop   0x00308a    program     static C:\MCC18\src\traditional\math\packFP.asm
             jPkRoundDone   0x0030d4    program     static C:\MCC18\src\traditional\math\packFP.asm
               jPkRoundIt   0x0030bc    program     static C:\MCC18\src\traditional\math\packFP.asm
             jPkShiftDone   0x0030a6    program     static C:\MCC18\src\traditional\math\packFP.asm
           jReturnPosInf0   0x003060    program     static C:\MCC18\src\traditional\math\packFP.asm
               jShiftDone   0x002de2    program     static C:\MCC18\src\traditional\math\addFP.asm
               jShiftLoop   0x002dd4    program     static C:\MCC18\src\traditional\math\addFP.asm
                jSignDone   0x002e12    program     static C:\MCC18\src\traditional\math\addFP.asm
              jSignedZero   0x002e52    program     static C:\MCC18\src\traditional\math\divFP.asm
                  jUnpkA1   0x0030fe    program     static C:\MCC18\src\traditional\math\UnpackFP.asm
                  jUnpkA2   0x003116    program     static C:\MCC18\src\traditional\math\UnpackFP.asm
                 jUnpkANZ   0x00310c    program     static C:\MCC18\src\traditional\math\UnpackFP.asm
                  jUnpkB1   0x00312e    program     static C:\MCC18\src\traditional\math\UnpackFP.asm
                  jUnpkB2   0x003146    program     static C:\MCC18\src\traditional\math\UnpackFP.asm
                 jUnpkBNZ   0x00313c    program     static C:\MCC18\src\traditional\math\UnpackFP.asm
                 jUnpkNaN   0x003120    program     static C:\MCC18\src\traditional\math\UnpackFP.asm
                 jWNotNeg   0x002dce    program     static C:\MCC18\src\traditional\math\addFP.asm
                    jZero   0x00300c    program     static C:\MCC18\src\traditional\math\castFP16.asm
               jZero1and2   0x003064    program     static C:\MCC18\src\traditional\math\packFP.asm
            lastErrorAX12   0x0028ce    program     extern Z:\USB_MODULE\ROBOT_INTERFACE\FIRMWARE\ax12.c
                lcd_clear   0x0037c2    program     extern Z:\USB_MODULE\ROBOT_INTERFACE\FIRMWARE\lcd.c
                 lcd_goto   0x0037ee    program     extern Z:\USB_MODULE\ROBOT_INTERFACE\FIRMWARE\lcd.c
          lcd_goto_origin   0x0037e8    program     extern Z:\USB_MODULE\ROBOT_INTERFACE\FIRMWARE\lcd.c
                 lcd_init   0x0037b4    program     extern Z:\USB_MODULE\ROBOT_INTERFACE\FIRMWARE\lcd.c
        lcd_set_backlight   0x0037d8    program     extern Z:\USB_MODULE\ROBOT_INTERFACE\FIRMWARE\lcd.c
           lcd_set_cursor   0x0037c8    program     extern Z:\USB_MODULE\ROBOT_INTERFACE\FIRMWARE\lcd.c
                lcd_write   0x003808    program     extern Z:\USB_MODULE\ROBOT_INTERFACE\FIRMWARE\lcd.c
           lcd_write_line   0x003814    program     extern Z:\USB_MODULE\ROBOT_INTERFACE\FIRMWARE\lcd.c
                     loop   0x003da2    program     static                          
                     loop   0x004138    program     static                          
                     main   0x000960    program     extern Z:\USB_MODULE\ROBOT_INTERFACE\FIRMWARE\main.c
                   memset   0x003ba8    program     extern C:\MCC18\src\traditional\stdclib\memset.asm
                     move   0x003246    program     extern Z:\USB_MODULE\ROBOT_INTERFACE\FIRMWARE\mcc.c
                 pingAX12   0x0028da    program     extern Z:\USB_MODULE\ROBOT_INTERFACE\FIRMWARE\ax12.c
                  putsI2C   0x003b32    program     extern C:\MCC18\src\pmc_common\i2c\i2c_puts.c
              readValue16   0x002a54    program     extern Z:\USB_MODULE\ROBOT_INTERFACE\FIRMWARE\ax12.c
               readValue8   0x00298e    program     extern Z:\USB_MODULE\ROBOT_INTERFACE\FIRMWARE\ax12.c
               regWrite16   0x002b3c    program     extern Z:\USB_MODULE\ROBOT_INTERFACE\FIRMWARE\ax12.c
                regWrite8   0x002b34    program     extern Z:\USB_MODULE\ROBOT_INTERFACE\FIRMWARE\ax12.c
                resetAX12   0x00296e    program     extern Z:\USB_MODULE\ROBOT_INTERFACE\FIRMWARE\ax12.c
                    sd000   0x003995    program     extern Z:\USB_MODULE\ROBOT_INTERFACE\FIRMWARE\usb_descriptors.c
                    sd001   0x003999    program     extern Z:\USB_MODULE\ROBOT_INTERFACE\FIRMWARE\usb_descriptors.c
                    sd002   0x0039c5    program     extern Z:\USB_MODULE\ROBOT_INTERFACE\FIRMWARE\usb_descriptors.c
           sendInstPacket   0x002794    program     extern Z:\USB_MODULE\ROBOT_INTERFACE\FIRMWARE\ax12.c
                 setParam   0x00289e    program     extern Z:\USB_MODULE\ROBOT_INTERFACE\FIRMWARE\ax12.c
            setServoAngle   0x003584    program     extern Z:\USB_MODULE\ROBOT_INTERFACE\FIRMWARE\servo.c
            strcatpgm2ram   0x003bdc    program     extern C:\MCC18\src\traditional\stdclib\scatp2r.asm
                     test   0x003a24    program     static                          
         waitStatusPacket   0x002896    program     extern Z:\USB_MODULE\ROBOT_INTERFACE\FIRMWARE\ax12.c
             writeValue16   0x002980    program     extern Z:\USB_MODULE\ROBOT_INTERFACE\FIRMWARE\ax12.c
              writeValue8   0x002978    program     extern Z:\USB_MODULE\ROBOT_INTERFACE\FIRMWARE\ax12.c
                   ADCON0   0x000fc2       data     extern C:\MCC18\src\traditional\proc\p18F4550.asm
               ADCON0bits   0x000fc2       data     extern C:\MCC18\src\traditional\proc\p18F4550.asm
                   ADCON1   0x000fc1       data     extern C:\MCC18\src\traditional\proc\p18F4550.asm
               ADCON1bits   0x000fc1       data     extern C:\MCC18\src\traditional\proc\p18F4550.asm
                   ADCON2   0x000fc0       data     extern C:\MCC18\src\traditional\proc\p18F4550.asm
               ADCON2bits   0x000fc0       data     extern C:\MCC18\src\traditional\proc\p18F4550.asm
                    ADRES   0x000fc3       data     extern C:\MCC18\src\traditional\proc\p18F4550.asm
                   ADRESH   0x000fc4       data     extern C:\MCC18\src\traditional\proc\p18F4550.asm
                   ADRESL   0x000fc3       data     extern C:\MCC18\src\traditional\proc\p18F4550.asm
                  BAUDCON   0x000fb8       data     extern C:\MCC18\src\traditional\proc\p18F4550.asm
              BAUDCONbits   0x000fb8       data     extern C:\MCC18\src\traditional\proc\p18F4550.asm
                      BDT   0x000400       data     extern Z:\USB_MODULE\ROBOT_INTERFACE\FIRMWARE\usb_device.c
                      BSR   0x000fe0       data     extern C:\MCC18\src\traditional\proc\p18F4550.asm
       BothEP0OutUOWNsSet   0x000081       data     extern Z:\USB_MODULE\ROBOT_INTERFACE\FIRMWARE\usb_device.c
                   CCP1AS   0x000fb6       data     extern C:\MCC18\src\traditional\proc\p18F4550.asm
               CCP1ASbits   0x000fb6       data     extern C:\MCC18\src\traditional\proc\p18F4550.asm
                  CCP1CON   0x000fbd       data     extern C:\MCC18\src\traditional\proc\p18F4550.asm
              CCP1CONbits   0x000fbd       data     extern C:\MCC18\src\traditional\proc\p18F4550.asm
                  CCP1DEL   0x000fb7       data     extern C:\MCC18\src\traditional\proc\p18F4550.asm
              CCP1DELbits   0x000fb7       data     extern C:\MCC18\src\traditional\proc\p18F4550.asm
                  CCP2CON   0x000fba       data     extern C:\MCC18\src\traditional\proc\p18F4550.asm
              CCP2CONbits   0x000fba       data     extern C:\MCC18\src\traditional\proc\p18F4550.asm
                    CCPR1   0x000fbe       data     extern C:\MCC18\src\traditional\proc\p18F4550.asm
                   CCPR1H   0x000fbf       data     extern C:\MCC18\src\traditional\proc\p18F4550.asm
                   CCPR1L   0x000fbe       data     extern C:\MCC18\src\traditional\proc\p18F4550.asm
                    CCPR2   0x000fbb       data     extern C:\MCC18\src\traditional\proc\p18F4550.asm
                   CCPR2H   0x000fbc       data     extern C:\MCC18\src\traditional\proc\p18F4550.asm
                   CCPR2L   0x000fbb       data     extern C:\MCC18\src\traditional\proc\p18F4550.asm
                    CMCON   0x000fb4       data     extern C:\MCC18\src\traditional\proc\p18F4550.asm
                CMCONbits   0x000fb4       data     extern C:\MCC18\src\traditional\proc\p18F4550.asm
                   CVRCON   0x000fb5       data     extern C:\MCC18\src\traditional\proc\p18F4550.asm
               CVRCONbits   0x000fb5       data     extern C:\MCC18\src\traditional\proc\p18F4550.asm
              CtrlTrfData   0x000428       data     extern Z:\USB_MODULE\ROBOT_INTERFACE\FIRMWARE\usb_device.c
                     DDRA   0x000f92       data     extern C:\MCC18\src\traditional\proc\p18F4550.asm
                 DDRAbits   0x000f92       data     extern C:\MCC18\src\traditional\proc\p18F4550.asm
                     DDRB   0x000f93       data     extern C:\MCC18\src\traditional\proc\p18F4550.asm
                 DDRBbits   0x000f93       data     extern C:\MCC18\src\traditional\proc\p18F4550.asm
                     DDRC   0x000f94       data     extern C:\MCC18\src\traditional\proc\p18F4550.asm
                 DDRCbits   0x000f94       data     extern C:\MCC18\src\traditional\proc\p18F4550.asm
                     DDRD   0x000f95       data     extern C:\MCC18\src\traditional\proc\p18F4550.asm
                 DDRDbits   0x000f95       data     extern C:\MCC18\src\traditional\proc\p18F4550.asm
                     DDRE   0x000f96       data     extern C:\MCC18\src\traditional\proc\p18F4550.asm
                 DDREbits   0x000f96       data     extern C:\MCC18\src\traditional\proc\p18F4550.asm
            DelayCounter1   0x000037       data     extern C:\MCC18\src\traditional\delays\delayd1.asm
            DelayCounter2   0x000036       data     extern C:\MCC18\src\traditional\delays\delayd2.asm
                  ECCP1AS   0x000fb6       data     extern C:\MCC18\src\traditional\proc\p18F4550.asm
              ECCP1ASbits   0x000fb6       data     extern C:\MCC18\src\traditional\proc\p18F4550.asm
                 ECCP1CON   0x000fbd       data     extern C:\MCC18\src\traditional\proc\p18F4550.asm
             ECCP1CONbits   0x000fbd       data     extern C:\MCC18\src\traditional\proc\p18F4550.asm
                 ECCP1DEL   0x000fb7       data     extern C:\MCC18\src\traditional\proc\p18F4550.asm
             ECCP1DELbits   0x000fb7       data     extern C:\MCC18\src\traditional\proc\p18F4550.asm
                    EEADR   0x000fa9       data     extern C:\MCC18\src\traditional\proc\p18F4550.asm
                   EECON1   0x000fa6       data     extern C:\MCC18\src\traditional\proc\p18F4550.asm
               EECON1bits   0x000fa6       data     extern C:\MCC18\src\traditional\proc\p18F4550.asm
                   EECON2   0x000fa7       data     extern C:\MCC18\src\traditional\proc\p18F4550.asm
                   EEDATA   0x000fa8       data     extern C:\MCC18\src\traditional\proc\p18F4550.asm
                     FSR0   0x000fe9       data     extern C:\MCC18\src\traditional\proc\p18F4550.asm
                    FSR0H   0x000fea       data     extern C:\MCC18\src\traditional\proc\p18F4550.asm
                    FSR0L   0x000fe9       data     extern C:\MCC18\src\traditional\proc\p18F4550.asm
                     FSR1   0x000fe1       data     extern C:\MCC18\src\traditional\proc\p18F4550.asm
                    FSR1H   0x000fe2       data     extern C:\MCC18\src\traditional\proc\p18F4550.asm
                    FSR1L   0x000fe1       data     extern C:\MCC18\src\traditional\proc\p18F4550.asm
                     FSR2   0x000fd9       data     extern C:\MCC18\src\traditional\proc\p18F4550.asm
                    FSR2H   0x000fda       data     extern C:\MCC18\src\traditional\proc\p18F4550.asm
                    FSR2L   0x000fd9       data     extern C:\MCC18\src\traditional\proc\p18F4550.asm
               GIE_Status   0x00011e       data     static Z:\USB_MODULE\ROBOT_INTERFACE\FIRMWARE\eeprom.c
                  HLVDCON   0x000fd2       data     extern C:\MCC18\src\traditional\proc\p18F4550.asm
              HLVDCONbits   0x000fd2       data     extern C:\MCC18\src\traditional\proc\p18F4550.asm
                    INDF0   0x000fef       data     extern C:\MCC18\src\traditional\proc\p18F4550.asm
                    INDF1   0x000fe7       data     extern C:\MCC18\src\traditional\proc\p18F4550.asm
                    INDF2   0x000fdf       data     extern C:\MCC18\src\traditional\proc\p18F4550.asm
                   INTCON   0x000ff2       data     extern C:\MCC18\src\traditional\proc\p18F4550.asm
                  INTCON2   0x000ff1       data     extern C:\MCC18\src\traditional\proc\p18F4550.asm
              INTCON2bits   0x000ff1       data     extern C:\MCC18\src\traditional\proc\p18F4550.asm
                  INTCON3   0x000ff0       data     extern C:\MCC18\src\traditional\proc\p18F4550.asm
              INTCON3bits   0x000ff0       data     extern C:\MCC18\src\traditional\proc\p18F4550.asm
               INTCONbits   0x000ff2       data     extern C:\MCC18\src\traditional\proc\p18F4550.asm
                     IPR1   0x000f9f       data     extern C:\MCC18\src\traditional\proc\p18F4550.asm
                 IPR1bits   0x000f9f       data     extern C:\MCC18\src\traditional\proc\p18F4550.asm
                     IPR2   0x000fa2       data     extern C:\MCC18\src\traditional\proc\p18F4550.asm
                 IPR2bits   0x000fa2       data     extern C:\MCC18\src\traditional\proc\p18F4550.asm
                     LATA   0x000f89       data     extern C:\MCC18\src\traditional\proc\p18F4550.asm
                 LATAbits   0x000f89       data     extern C:\MCC18\src\traditional\proc\p18F4550.asm
                     LATB   0x000f8a       data     extern C:\MCC18\src\traditional\proc\p18F4550.asm
                 LATBbits   0x000f8a       data     extern C:\MCC18\src\traditional\proc\p18F4550.asm
                     LATC   0x000f8b       data     extern C:\MCC18\src\traditional\proc\p18F4550.asm
                 LATCbits   0x000f8b       data     extern C:\MCC18\src\traditional\proc\p18F4550.asm
                     LATD   0x000f8c       data     extern C:\MCC18\src\traditional\proc\p18F4550.asm
                 LATDbits   0x000f8c       data     extern C:\MCC18\src\traditional\proc\p18F4550.asm
                     LATE   0x000f8d       data     extern C:\MCC18\src\traditional\proc\p18F4550.asm
                 LATEbits   0x000f8d       data     extern C:\MCC18\src\traditional\proc\p18F4550.asm
                   LVDCON   0x000fd2       data     extern C:\MCC18\src\traditional\proc\p18F4550.asm
               LVDCONbits   0x000fd2       data     extern C:\MCC18\src\traditional\proc\p18F4550.asm
                   OSCCON   0x000fd3       data     extern C:\MCC18\src\traditional\proc\p18F4550.asm
               OSCCONbits   0x000fd3       data     extern C:\MCC18\src\traditional\proc\p18F4550.asm
                  OSCTUNE   0x000f9b       data     extern C:\MCC18\src\traditional\proc\p18F4550.asm
              OSCTUNEbits   0x000f9b       data     extern C:\MCC18\src\traditional\proc\p18F4550.asm
                       PC   0x000ff9       data     extern C:\MCC18\src\traditional\proc\p18F4550.asm
                      PCL   0x000ff9       data     extern C:\MCC18\src\traditional\proc\p18F4550.asm
                   PCLATH   0x000ffa       data     extern C:\MCC18\src\traditional\proc\p18F4550.asm
                   PCLATU   0x000ffb       data     extern C:\MCC18\src\traditional\proc\p18F4550.asm
                     PIE1   0x000f9d       data     extern C:\MCC18\src\traditional\proc\p18F4550.asm
                 PIE1bits   0x000f9d       data     extern C:\MCC18\src\traditional\proc\p18F4550.asm
                     PIE2   0x000fa0       data     extern C:\MCC18\src\traditional\proc\p18F4550.asm
                 PIE2bits   0x000fa0       data     extern C:\MCC18\src\traditional\proc\p18F4550.asm
                     PIR1   0x000f9e       data     extern C:\MCC18\src\traditional\proc\p18F4550.asm
                 PIR1bits   0x000f9e       data     extern C:\MCC18\src\traditional\proc\p18F4550.asm
                     PIR2   0x000fa1       data     extern C:\MCC18\src\traditional\proc\p18F4550.asm
                 PIR2bits   0x000fa1       data     extern C:\MCC18\src\traditional\proc\p18F4550.asm
                   PLUSW0   0x000feb       data     extern C:\MCC18\src\traditional\proc\p18F4550.asm
                   PLUSW1   0x000fe3       data     extern C:\MCC18\src\traditional\proc\p18F4550.asm
                   PLUSW2   0x000fdb       data     extern C:\MCC18\src\traditional\proc\p18F4550.asm
                    PORTA   0x000f80       data     extern C:\MCC18\src\traditional\proc\p18F4550.asm
                PORTAbits   0x000f80       data     extern C:\MCC18\src\traditional\proc\p18F4550.asm
                    PORTB   0x000f81       data     extern C:\MCC18\src\traditional\proc\p18F4550.asm
                PORTBbits   0x000f81       data     extern C:\MCC18\src\traditional\proc\p18F4550.asm
                    PORTC   0x000f82       data     extern C:\MCC18\src\traditional\proc\p18F4550.asm
                PORTCbits   0x000f82       data     extern C:\MCC18\src\traditional\proc\p18F4550.asm
                    PORTD   0x000f83       data     extern C:\MCC18\src\traditional\proc\p18F4550.asm
                PORTDbits   0x000f83       data     extern C:\MCC18\src\traditional\proc\p18F4550.asm
                    PORTE   0x000f84       data     extern C:\MCC18\src\traditional\proc\p18F4550.asm
                PORTEbits   0x000f84       data     extern C:\MCC18\src\traditional\proc\p18F4550.asm
                 POSTDEC0   0x000fed       data     extern C:\MCC18\src\traditional\proc\p18F4550.asm
                 POSTDEC1   0x000fe5       data     extern C:\MCC18\src\traditional\proc\p18F4550.asm
                 POSTDEC2   0x000fdd       data     extern C:\MCC18\src\traditional\proc\p18F4550.asm
                 POSTINC0   0x000fee       data     extern C:\MCC18\src\traditional\proc\p18F4550.asm
                 POSTINC1   0x000fe6       data     extern C:\MCC18\src\traditional\proc\p18F4550.asm
                 POSTINC2   0x000fde       data     extern C:\MCC18\src\traditional\proc\p18F4550.asm
                      PR2   0x000fcb       data     extern C:\MCC18\src\traditional\proc\p18F4550.asm
                  PREINC0   0x000fec       data     extern C:\MCC18\src\traditional\proc\p18F4550.asm
                  PREINC1   0x000fe4       data     extern C:\MCC18\src\traditional\proc\p18F4550.asm
                  PREINC2   0x000fdc       data     extern C:\MCC18\src\traditional\proc\p18F4550.asm
                     PROD   0x000ff3       data     extern C:\MCC18\src\traditional\proc\p18F4550.asm
                    PRODH   0x000ff4       data     extern C:\MCC18\src\traditional\proc\p18F4550.asm
                    PRODL   0x000ff3       data     extern C:\MCC18\src\traditional\proc\p18F4550.asm
                     RCON   0x000fd0       data     extern C:\MCC18\src\traditional\proc\p18F4550.asm
                 RCONbits   0x000fd0       data     extern C:\MCC18\src\traditional\proc\p18F4550.asm
                    RCREG   0x000fae       data     extern C:\MCC18\src\traditional\proc\p18F4550.asm
                    RCSTA   0x000fab       data     extern C:\MCC18\src\traditional\proc\p18F4550.asm
                RCSTAbits   0x000fab       data     extern C:\MCC18\src\traditional\proc\p18F4550.asm
       ReceivedDataBuffer   0x000500       data     extern Z:\USB_MODULE\ROBOT_INTERFACE\FIRMWARE\main.c
             RemoteWakeup   0x00007f       data     extern Z:\USB_MODULE\ROBOT_INTERFACE\FIRMWARE\usb_device.c
                     SIGN   0x000022       data     extern C:\MCC18\src\traditional\math\cmath18.asm
                    SPBRG   0x000faf       data     extern C:\MCC18\src\traditional\proc\p18F4550.asm
                   SPBRGH   0x000fb0       data     extern C:\MCC18\src\traditional\proc\p18F4550.asm
                   SPPCFG   0x000f63       data     extern C:\MCC18\src\traditional\proc\p18F4550.asm
               SPPCFGbits   0x000f63       data     extern C:\MCC18\src\traditional\proc\p18F4550.asm
                   SPPCON   0x000f65       data     extern C:\MCC18\src\traditional\proc\p18F4550.asm
               SPPCONbits   0x000f65       data     extern C:\MCC18\src\traditional\proc\p18F4550.asm
                  SPPDATA   0x000f62       data     extern C:\MCC18\src\traditional\proc\p18F4550.asm
                   SPPEPS   0x000f64       data     extern C:\MCC18\src\traditional\proc\p18F4550.asm
               SPPEPSbits   0x000f64       data     extern C:\MCC18\src\traditional\proc\p18F4550.asm
                   SSPADD   0x000fc8       data     extern C:\MCC18\src\traditional\proc\p18F4550.asm
                   SSPBUF   0x000fc9       data     extern C:\MCC18\src\traditional\proc\p18F4550.asm
                  SSPCON1   0x000fc6       data     extern C:\MCC18\src\traditional\proc\p18F4550.asm
[...]
                UEP13bits   0x000f7d       data     extern C:\MCC18\src\traditional\proc\p18F4550.asm
                    UEP13   0x000f7d       data     extern C:\MCC18\src\traditional\proc\p18F4550.asm
                    UEP14   0x000f7e       data     extern C:\MCC18\src\traditional\proc\p18F4550.asm
                UEP14bits   0x000f7e       data     extern C:\MCC18\src\traditional\proc\p18F4550.asm
                UEP15bits   0x000f7f       data     extern C:\MCC18\src\traditional\proc\p18F4550.asm
                    UEP15   0x000f7f       data     extern C:\MCC18\src\traditional\proc\p18F4550.asm
                PORTAbits   0x000f80       data     extern C:\MCC18\src\traditional\proc\p18F4550.asm
                    PORTA   0x000f80       data     extern C:\MCC18\src\traditional\proc\p18F4550.asm
                PORTBbits   0x000f81       data     extern C:\MCC18\src\traditional\proc\p18F4550.asm
                    PORTB   0x000f81       data     extern C:\MCC18\src\traditional\proc\p18F4550.asm
                PORTCbits   0x000f82       data     extern C:\MCC18\src\traditional\proc\p18F4550.asm
                    PORTC   0x000f82       data     extern C:\MCC18\src\traditional\proc\p18F4550.asm
                PORTDbits   0x000f83       data     extern C:\MCC18\src\traditional\proc\p18F4550.asm
                    PORTD   0x000f83       data     extern C:\MCC18\src\traditional\proc\p18F4550.asm
                    PORTE   0x000f84       data     extern C:\MCC18\src\traditional\proc\p18F4550.asm
                PORTEbits   0x000f84       data     extern C:\MCC18\src\traditional\proc\p18F4550.asm
                     LATA   0x000f89       data     extern C:\MCC18\src\traditional\proc\p18F4550.asm
                 LATAbits   0x000f89       data     extern C:\MCC18\src\traditional\proc\p18F4550.asm
                     LATB   0x000f8a       data     extern C:\MCC18\src\traditional\proc\p18F4550.asm
                 LATBbits   0x000f8a       data     extern C:\MCC18\src\traditional\proc\p18F4550.asm
                 LATCbits   0x000f8b       data     extern C:\MCC18\src\traditional\proc\p18F4550.asm
                     LATC   0x000f8b       data     extern C:\MCC18\src\traditional\proc\p18F4550.asm
                 LATDbits   0x000f8c       data     extern C:\MCC18\src\traditional\proc\p18F4550.asm
                     LATD   0x000f8c       data     extern C:\MCC18\src\traditional\proc\p18F4550.asm
                     LATE   0x000f8d       data     extern C:\MCC18\src\traditional\proc\p18F4550.asm
                 LATEbits   0x000f8d       data     extern C:\MCC18\src\traditional\proc\p18F4550.asm
                TRISAbits   0x000f92       data     extern C:\MCC18\src\traditional\proc\p18F4550.asm
                    TRISA   0x000f92       data     extern C:\MCC18\src\traditional\proc\p18F4550.asm
                     DDRA   0x000f92       data     extern C:\MCC18\src\traditional\proc\p18F4550.asm
                 DDRAbits   0x000f92       data     extern C:\MCC18\src\traditional\proc\p18F4550.asm
                 DDRBbits   0x000f93       data     extern C:\MCC18\src\traditional\proc\p18F4550.asm
                     DDRB   0x000f93       data     extern C:\MCC18\src\traditional\proc\p18F4550.asm
                    TRISB   0x000f93       data     extern C:\MCC18\src\traditional\proc\p18F4550.asm
                TRISBbits   0x000f93       data     extern C:\MCC18\src\traditional\proc\p18F4550.asm
                    TRISC   0x000f94       data     extern C:\MCC18\src\traditional\proc\p18F4550.asm
                TRISCbits   0x000f94       data     extern C:\MCC18\src\traditional\proc\p18F4550.asm
                 DDRCbits   0x000f94       data     extern C:\MCC18\src\traditional\proc\p18F4550.asm
                     DDRC   0x000f94       data     extern C:\MCC18\src\traditional\proc\p18F4550.asm
                     DDRD   0x000f95       data     extern C:\MCC18\src\traditional\proc\p18F4550.asm
                 DDRDbits   0x000f95       data     extern C:\MCC18\src\traditional\proc\p18F4550.asm
                TRISDbits   0x000f95       data     extern C:\MCC18\src\traditional\proc\p18F4550.asm
                    TRISD   0x000f95       data     extern C:\MCC18\src\traditional\proc\p18F4550.asm
                 DDREbits   0x000f96       data     extern C:\MCC18\src\traditional\proc\p18F4550.asm
                     DDRE   0x000f96       data     extern C:\MCC18\src\traditional\proc\p18F4550.asm
                TRISEbits   0x000f96       data     extern C:\MCC18\src\traditional\proc\p18F4550.asm
                    TRISE   0x000f96       data     extern C:\MCC18\src\traditional\proc\p18F4550.asm
              OSCTUNEbits   0x000f9b       data     extern C:\MCC18\src\traditional\proc\p18F4550.asm
                  OSCTUNE   0x000f9b       data     extern C:\MCC18\src\traditional\proc\p18F4550.asm
                 PIE1bits   0x000f9d       data     extern C:\MCC18\src\traditional\proc\p18F4550.asm
                     PIE1   0x000f9d       data     extern C:\MCC18\src\traditional\proc\p18F4550.asm
                 PIR1bits   0x000f9e       data     extern C:\MCC18\src\traditional\proc\p18F4550.asm
                     PIR1   0x000f9e       data     extern C:\MCC18\src\traditional\proc\p18F4550.asm
                     IPR1   0x000f9f       data     extern C:\MCC18\src\traditional\proc\p18F4550.asm
                 IPR1bits   0x000f9f       data     extern C:\MCC18\src\traditional\proc\p18F4550.asm
                 PIE2bits   0x000fa0       data     extern C:\MCC18\src\traditional\proc\p18F4550.asm
                     PIE2   0x000fa0       data     extern C:\MCC18\src\traditional\proc\p18F4550.asm
                 PIR2bits   0x000fa1       data     extern C:\MCC18\src\traditional\proc\p18F4550.asm
                     PIR2   0x000fa1       data     extern C:\MCC18\src\traditional\proc\p18F4550.asm
                 IPR2bits   0x000fa2       data     extern C:\MCC18\src\traditional\proc\p18F4550.asm
                     IPR2   0x000fa2       data     extern C:\MCC18\src\traditional\proc\p18F4550.asm
                   EECON1   0x000fa6       data     extern C:\MCC18\src\traditional\proc\p18F4550.asm
               EECON1bits   0x000fa6       data     extern C:\MCC18\src\traditional\proc\p18F4550.asm
                   EECON2   0x000fa7       data     extern C:\MCC18\src\traditional\proc\p18F4550.asm
                   EEDATA   0x000fa8       data     extern C:\MCC18\src\traditional\proc\p18F4550.asm
                    EEADR   0x000fa9       data     extern C:\MCC18\src\traditional\proc\p18F4550.asm
                    RCSTA   0x000fab       data     extern C:\MCC18\src\traditional\proc\p18F4550.asm
                RCSTAbits   0x000fab       data     extern C:\MCC18\src\traditional\proc\p18F4550.asm
                TXSTAbits   0x000fac       data     extern C:\MCC18\src\traditional\proc\p18F4550.asm
                    TXSTA   0x000fac       data     extern C:\MCC18\src\traditional\proc\p18F4550.asm
                    TXREG   0x000fad       data     extern C:\MCC18\src\traditional\proc\p18F4550.asm
                    RCREG   0x000fae       data     extern C:\MCC18\src\traditional\proc\p18F4550.asm
                    SPBRG   0x000faf       data     extern C:\MCC18\src\traditional\proc\p18F4550.asm
                   SPBRGH   0x000fb0       data     extern C:\MCC18\src\traditional\proc\p18F4550.asm
                T3CONbits   0x000fb1       data     extern C:\MCC18\src\traditional\proc\p18F4550.asm
                    T3CON   0x000fb1       data     extern C:\MCC18\src\traditional\proc\p18F4550.asm
                    TMR3L   0x000fb2       data     extern C:\MCC18\src\traditional\proc\p18F4550.asm
                    TMR3H   0x000fb3       data     extern C:\MCC18\src\traditional\proc\p18F4550.asm
                    CMCON   0x000fb4       data     extern C:\MCC18\src\traditional\proc\p18F4550.asm
                CMCONbits   0x000fb4       data     extern C:\MCC18\src\traditional\proc\p18F4550.asm
                   CVRCON   0x000fb5       data     extern C:\MCC18\src\traditional\proc\p18F4550.asm
               CVRCONbits   0x000fb5       data     extern C:\MCC18\src\traditional\proc\p18F4550.asm
                  ECCP1AS   0x000fb6       data     extern C:\MCC18\src\traditional\proc\p18F4550.asm
              ECCP1ASbits   0x000fb6       data     extern C:\MCC18\src\traditional\proc\p18F4550.asm
               CCP1ASbits   0x000fb6       data     extern C:\MCC18\src\traditional\proc\p18F4550.asm
                   CCP1AS   0x000fb6       data     extern C:\MCC18\src\traditional\proc\p18F4550.asm
                  CCP1DEL   0x000fb7       data     extern C:\MCC18\src\traditional\proc\p18F4550.asm
              CCP1DELbits   0x000fb7       data     extern C:\MCC18\src\traditional\proc\p18F4550.asm
                 ECCP1DEL   0x000fb7       data     extern C:\MCC18\src\traditional\proc\p18F4550.asm
             ECCP1DELbits   0x000fb7       data     extern C:\MCC18\src\traditional\proc\p18F4550.asm
                  BAUDCON   0x000fb8       data     extern C:\MCC18\src\traditional\proc\p18F4550.asm
              BAUDCONbits   0x000fb8       data     extern C:\MCC18\src\traditional\proc\p18F4550.asm
              CCP2CONbits   0x000fba       data     extern C:\MCC18\src\traditional\proc\p18F4550.asm
                  CCP2CON   0x000fba       data     extern C:\MCC18\src\traditional\proc\p18F4550.asm
                    CCPR2   0x000fbb       data     extern C:\MCC18\src\traditional\proc\p18F4550.asm
                   CCPR2L   0x000fbb       data     extern C:\MCC18\src\traditional\proc\p18F4550.asm
                   CCPR2H   0x000fbc       data     extern C:\MCC18\src\traditional\proc\p18F4550.asm
             ECCP1CONbits   0x000fbd       data     extern C:\MCC18\src\traditional\proc\p18F4550.asm
                 ECCP1CON   0x000fbd       data     extern C:\MCC18\src\traditional\proc\p18F4550.asm
                  CCP1CON   0x000fbd       data     extern C:\MCC18\src\traditional\proc\p18F4550.asm
              CCP1CONbits   0x000fbd       data     extern C:\MCC18\src\traditional\proc\p18F4550.asm
                    CCPR1   0x000fbe       data     extern C:\MCC18\src\traditional\proc\p18F4550.asm
                   CCPR1L   0x000fbe       data     extern C:\MCC18\src\traditional\proc\p18F4550.asm
                   CCPR1H   0x000fbf       data     extern C:\MCC18\src\traditional\proc\p18F4550.asm
               ADCON2bits   0x000fc0       data     extern C:\MCC18\src\traditional\proc\p18F4550.asm
                   ADCON2   0x000fc0       data     extern C:\MCC18\src\traditional\proc\p18F4550.asm
               ADCON1bits   0x000fc1       data     extern C:\MCC18\src\traditional\proc\p18F4550.asm
                   ADCON1   0x000fc1       data     extern C:\MCC18\src\traditional\proc\p18F4550.asm
                   ADCON0   0x000fc2       data     extern C:\MCC18\src\traditional\proc\p18F4550.asm
               ADCON0bits   0x000fc2       data     extern C:\MCC18\src\traditional\proc\p18F4550.asm
                   ADRESL   0x000fc3       data     extern C:\MCC18\src\traditional\proc\p18F4550.asm
                    ADRES   0x000fc3       data     extern C:\MCC18\src\traditional\proc\p18F4550.asm
                   ADRESH   0x000fc4       data     extern C:\MCC18\src\traditional\proc\p18F4550.asm
              SSPCON2bits   0x000fc5       data     extern C:\MCC18\src\traditional\proc\p18F4550.asm
                  SSPCON2   0x000fc5       data     extern C:\MCC18\src\traditional\proc\p18F4550.asm
              SSPCON1bits   0x000fc6       data     extern C:\MCC18\src\traditional\proc\p18F4550.asm
                  SSPCON1   0x000fc6       data     extern C:\MCC18\src\traditional\proc\p18F4550.asm
              SSPSTATbits   0x000fc7       data     extern C:\MCC18\src\traditional\proc\p18F4550.asm
                  SSPSTAT   0x000fc7       data     extern C:\MCC18\src\traditional\proc\p18F4550.asm
                   SSPADD   0x000fc8       data     extern C:\MCC18\src\traditional\proc\p18F4550.asm
                   SSPBUF   0x000fc9       data     extern C:\MCC18\src\traditional\proc\p18F4550.asm
                T2CONbits   0x000fca       data     extern C:\MCC18\src\traditional\proc\p18F4550.asm
                    T2CON   0x000fca       data     extern C:\MCC18\src\traditional\proc\p18F4550.asm
                      PR2   0x000fcb       data     extern C:\MCC18\src\traditional\proc\p18F4550.asm
                     TMR2   0x000fcc       data     extern C:\MCC18\src\traditional\proc\p18F4550.asm
                T1CONbits   0x000fcd       data     extern C:\MCC18\src\traditional\proc\p18F4550.asm
                    T1CON   0x000fcd       data     extern C:\MCC18\src\traditional\proc\p18F4550.asm
                    TMR1L   0x000fce       data     extern C:\MCC18\src\traditional\proc\p18F4550.asm
                    TMR1H   0x000fcf       data     extern C:\MCC18\src\traditional\proc\p18F4550.asm
                 RCONbits   0x000fd0       data     extern C:\MCC18\src\traditional\proc\p18F4550.asm
                     RCON   0x000fd0       data     extern C:\MCC18\src\traditional\proc\p18F4550.asm
               WDTCONbits   0x000fd1       data     extern C:\MCC18\src\traditional\proc\p18F4550.asm
                   WDTCON   0x000fd1       data     extern C:\MCC18\src\traditional\proc\p18F4550.asm
                  HLVDCON   0x000fd2       data     extern C:\MCC18\src\traditional\proc\p18F4550.asm
               LVDCONbits   0x000fd2       data     extern C:\MCC18\src\traditional\proc\p18F4550.asm
                   LVDCON   0x000fd2       data     extern C:\MCC18\src\traditional\proc\p18F4550.asm
              HLVDCONbits   0x000fd2       data     extern C:\MCC18\src\traditional\proc\p18F4550.asm
               OSCCONbits   0x000fd3       data     extern C:\MCC18\src\traditional\proc\p18F4550.asm
                   OSCCON   0x000fd3       data     extern C:\MCC18\src\traditional\proc\p18F4550.asm
                T0CONbits   0x000fd5       data     extern C:\MCC18\src\traditional\proc\p18F4550.asm
                    T0CON   0x000fd5       data     extern C:\MCC18\src\traditional\proc\p18F4550.asm
                    TMR0L   0x000fd6       data     extern C:\MCC18\src\traditional\proc\p18F4550.asm
                    TMR0H   0x000fd7       data     extern C:\MCC18\src\traditional\proc\p18F4550.asm
               STATUSbits   0x000fd8       data     extern C:\MCC18\src\traditional\proc\p18F4550.asm
                   STATUS   0x000fd8       data     extern C:\MCC18\src\traditional\proc\p18F4550.asm
                    FSR2L   0x000fd9       data     extern C:\MCC18\src\traditional\proc\p18F4550.asm
                     FSR2   0x000fd9       data     extern C:\MCC18\src\traditional\proc\p18F4550.asm
                    FSR2H   0x000fda       data     extern C:\MCC18\src\traditional\proc\p18F4550.asm
                   PLUSW2   0x000fdb       data     extern C:\MCC18\src\traditional\proc\p18F4550.asm
                  PREINC2   0x000fdc       data     extern C:\MCC18\src\traditional\proc\p18F4550.asm
                 POSTDEC2   0x000fdd       data     extern C:\MCC18\src\traditional\proc\p18F4550.asm
                 POSTINC2   0x000fde       data     extern C:\MCC18\src\traditional\proc\p18F4550.asm
                    INDF2   0x000fdf       data     extern C:\MCC18\src\traditional\proc\p18F4550.asm
                      BSR   0x000fe0       data     extern C:\MCC18\src\traditional\proc\p18F4550.asm
                     FSR1   0x000fe1       data     extern C:\MCC18\src\traditional\proc\p18F4550.asm
                    FSR1L   0x000fe1       data     extern C:\MCC18\src\traditional\proc\p18F4550.asm
                    FSR1H   0x000fe2       data     extern C:\MCC18\src\traditional\proc\p18F4550.asm
                   PLUSW1   0x000fe3       data     extern C:\MCC18\src\traditional\proc\p18F4550.asm
                  PREINC1   0x000fe4       data     extern C:\MCC18\src\traditional\proc\p18F4550.asm
                 POSTDEC1   0x000fe5       data     extern C:\MCC18\src\traditional\proc\p18F4550.asm
                 POSTINC1   0x000fe6       data     extern C:\MCC18\src\traditional\proc\p18F4550.asm
                    INDF1   0x000fe7       data     extern C:\MCC18\src\traditional\proc\p18F4550.asm
                     WREG   0x000fe8       data     extern C:\MCC18\src\traditional\proc\p18F4550.asm
                     FSR0   0x000fe9       data     extern C:\MCC18\src\traditional\proc\p18F4550.asm
                    FSR0L   0x000fe9       data     extern C:\MCC18\src\traditional\proc\p18F4550.asm
                    FSR0H   0x000fea       data     extern C:\MCC18\src\traditional\proc\p18F4550.asm
                   PLUSW0   0x000feb       data     extern C:\MCC18\src\traditional\proc\p18F4550.asm
                  PREINC0   0x000fec       data     extern C:\MCC18\src\traditional\proc\p18F4550.asm
                 POSTDEC0   0x000fed       data     extern C:\MCC18\src\traditional\proc\p18F4550.asm
                 POSTINC0   0x000fee       data     extern C:\MCC18\src\traditional\proc\p18F4550.asm
                    INDF0   0x000fef       data     extern C:\MCC18\src\traditional\proc\p18F4550.asm
              INTCON3bits   0x000ff0       data     extern C:\MCC18\src\traditional\proc\p18F4550.asm
                  INTCON3   0x000ff0       data     extern C:\MCC18\src\traditional\proc\p18F4550.asm
              INTCON2bits   0x000ff1       data     extern C:\MCC18\src\traditional\proc\p18F4550.asm
                  INTCON2   0x000ff1       data     extern C:\MCC18\src\traditional\proc\p18F4550.asm
               INTCONbits   0x000ff2       data     extern C:\MCC18\src\traditional\proc\p18F4550.asm
                   INTCON   0x000ff2       data     extern C:\MCC18\src\traditional\proc\p18F4550.asm
                     PROD   0x000ff3       data     extern C:\MCC18\src\traditional\proc\p18F4550.asm
                    PRODL   0x000ff3       data     extern C:\MCC18\src\traditional\proc\p18F4550.asm
                    PRODH   0x000ff4       data     extern C:\MCC18\src\traditional\proc\p18F4550.asm
                   TABLAT   0x000ff5       data     extern C:\MCC18\src\traditional\proc\p18F4550.asm
                  TBLPTRL   0x000ff6       data     extern C:\MCC18\src\traditional\proc\p18F4550.asm
                   TBLPTR   0x000ff6       data     extern C:\MCC18\src\traditional\proc\p18F4550.asm
                  TBLPTRH   0x000ff7       data     extern C:\MCC18\src\traditional\proc\p18F4550.asm
                  TBLPTRU   0x000ff8       data     extern C:\MCC18\src\traditional\proc\p18F4550.asm
                       PC   0x000ff9       data     extern C:\MCC18\src\traditional\proc\p18F4550.asm
                      PCL   0x000ff9       data     extern C:\MCC18\src\traditional\proc\p18F4550.asm
                   PCLATH   0x000ffa       data     extern C:\MCC18\src\traditional\proc\p18F4550.asm
                   PCLATU   0x000ffb       data     extern C:\MCC18\src\traditional\proc\p18F4550.asm
                   STKPTR   0x000ffc       data     extern C:\MCC18\src\traditional\proc\p18F4550.asm
               STKPTRbits   0x000ffc       data     extern C:\MCC18\src\traditional\proc\p18F4550.asm
                      TOS   0x000ffd       data     extern C:\MCC18\src\traditional\proc\p18F4550.asm
                     TOSL   0x000ffd       data     extern C:\MCC18\src\traditional\proc\p18F4550.asm
                     TOSH   0x000ffe       data     extern C:\MCC18\src\traditional\proc\p18F4550.asm
                     TOSU   0x000fff       data     extern C:\MCC18\src\traditional\proc\p18F4550.asm


