MPLINK 4.21, Linker
Linker Map File - Created Fri May 14 00:44:14 2010

                                 Section Info
                  Section       Type    Address   Location Size(Bytes)
                ---------  ---------  ---------  ---------  ---------
               _entry_scn       code   0x000000    program   0x000006
    HIGH_INTERRUPT_VECTOR       code   0x000008    program   0x000006
     LOW_INTERRUPT_VECTOR       code   0x000018    program   0x000006
    REMAPPED_RESET_VECTOR       code   0x000800    program   0x000006
REMAPPED_HIGH_INTERRUPT_VECTOR       code   0x000808    program   0x000006
REMAPPED_LOW_INTERRUPT_VECTOR       code   0x000818    program   0x000006
                   .cinit    romdata   0x00082a    program   0x00004a
             .code_main.o       code   0x000874    program   0x0013b6
       .code_usb_device.o       code   0x001c2a    program   0x000b4c
             .code_ax12.o       code   0x002776    program   0x000606
                     PROG       code   0x002d7c    program   0x000544
         .code_infrared.o       code   0x0032c0    program   0x000446
            .code_servo.o       code   0x003706    program   0x00025c
              .code_mcc.o       code   0x003962    program   0x00022a
        .code_adjd-s371.o       code   0x003b8c    program   0x000128
              .code_lcd.o       code   0x003cb4    program   0x0000dc
 .code_usb_function_hid.o       code   0x003d90    program   0x0000ce
.romdata_usb_descriptors.o    romdata   0x003e5e    program   0x0000b0
               _cinit_scn       code   0x003f0e    program   0x00009e
            .code_uopen.o       code   0x003fac    program   0x00008a
         .code_i2c_puts.o       code   0x004036    program   0x000076
          .code_adcopen.o       code   0x0040ac    program   0x00006e
                   STRING       code   0x00411a    program   0x00006c
           .code_eeprom.o       code   0x004186    program   0x00006c
         .code_pw1setdc.o       code   0x0041f2    program   0x00005e
         .code_fxd3232u.o       code   0x004250    program   0x000048
           .code_t3open.o       code   0x004298    program   0x000046
            .code_uread.o       code   0x0042de    program   0x00003e
         .code_i2c_writ.o       code   0x00431c    program   0x00003c
             .stringtable    romdata   0x004358    program   0x00003b
      .idata_i2c_open.o_i    romdata   0x004393    program   0x000000
      .romdata_i2c_open.o    romdata   0x004393    program   0x000000
         .romdata_uread.o    romdata   0x004393    program   0x000000
         .idata_uread.o_i    romdata   0x004393    program   0x000000
       .romdata_adcread.o    romdata   0x004393    program   0x000000
       .idata_adcread.o_i    romdata   0x004393    program   0x000000
.idata_usb_descriptors.o_i    romdata   0x004393    program   0x000000
         .romdata_uopen.o    romdata   0x004393    program   0x000000
       .idata_pw1open.o_i    romdata   0x004393    program   0x000000
         .idata_uopen.o_i    romdata   0x004393    program   0x000000
       .romdata_pw1open.o    romdata   0x004393    program   0x000000
        .romdata_t3open.o    romdata   0x004393    program   0x000000
        .idata_t3open.o_i    romdata   0x004393    program   0x000000
        .romdata_t2open.o    romdata   0x004393    program   0x000000
        .idata_t2open.o_i    romdata   0x004393    program   0x000000
        .romdata_t0open.o    romdata   0x004393    program   0x000000
        .idata_t0open.o_i    romdata   0x004393    program   0x000000
         .idata_c018i.o_i    romdata   0x004393    program   0x000000
         .romdata_c018i.o    romdata   0x004393    program   0x000000
      .romdata_i2c_puts.o    romdata   0x004393    program   0x000000
      .idata_i2c_puts.o_i    romdata   0x004393    program   0x000000
        .romdata___init.o    romdata   0x004393    program   0x000000
        .idata___init.o_i    romdata   0x004393    program   0x000000
        .romdata_uwrite.o    romdata   0x004393    program   0x000000
        .idata_uwrite.o_i    romdata   0x004393    program   0x000000
       .romdata_t3write.o    romdata   0x004393    program   0x000000
       .idata_t3write.o_i    romdata   0x004393    program   0x000000
       .romdata_t0write.o    romdata   0x004393    program   0x000000
       .idata_t0write.o_i    romdata   0x004393    program   0x000000
      .romdata_i2c_writ.o    romdata   0x004393    program   0x000000
      .idata_i2c_writ.o_i    romdata   0x004393    program   0x000000
         .romdata_udefs.o    romdata   0x004393    program   0x000000
         .idata_udefs.o_i    romdata   0x004393    program   0x000000
      .romdata_pw1setdc.o    romdata   0x004393    program   0x000000
      .idata_pw1setdc.o_i    romdata   0x004393    program   0x000000
  .romdata_adcselchconv.o    romdata   0x004393    program   0x000000
  .idata_adcselchconv.o_i    romdata   0x004393    program   0x000000
           .romdata_lcd.o    romdata   0x004393    program   0x000000
        .idata_eeprom.o_i    romdata   0x004393    program   0x000000
           .idata_lcd.o_i    romdata   0x004393    program   0x000000
        .romdata_eeprom.o    romdata   0x004393    program   0x000000
      .romdata_infrared.o    romdata   0x004393    program   0x000000
       .idata_adcbusy.o_i    romdata   0x004393    program   0x000000
       .romdata_adcbusy.o    romdata   0x004393    program   0x000000
     .romdata_adjd-s371.o    romdata   0x004393    program   0x000000
     .idata_adjd-s371.o_i    romdata   0x004393    program   0x000000
      .idata_i2c_clos.o_i    romdata   0x004393    program   0x000000
      .romdata_i2c_clos.o    romdata   0x004393    program   0x000000
    .idata_usb_device.o_i    romdata   0x004393    program   0x000000
           .romdata_mcc.o    romdata   0x004393    program   0x000000
    .romdata_usb_device.o    romdata   0x004393    program   0x000000
          .romdata_main.o    romdata   0x004393    program   0x000000
      .idata_fxd3232u.o_i    romdata   0x004393    program   0x000000
         .romdata_servo.o    romdata   0x004393    program   0x000000
      .romdata_fxd3232u.o    romdata   0x004393    program   0x000000
         .romdata_error.o    romdata   0x004393    program   0x000000
      .idata_i2c_idle.o_i    romdata   0x004393    program   0x000000
      .romdata_i2c_idle.o    romdata   0x004393    program   0x000000
.idata_usb_function_hid.o_i    romdata   0x004393    program   0x000000
       .idata_adcopen.o_i    romdata   0x004393    program   0x000000
          .romdata_ax12.o    romdata   0x004393    program   0x000000
       .romdata_adcopen.o    romdata   0x004393    program   0x000000
.romdata_usb_function_hid.o    romdata   0x004393    program   0x000000
          .code_t3write.o       code   0x004394    program   0x000038
            .code_c018i.o       code   0x004394    program   0x000000
            .code_udefs.o       code   0x004394    program   0x000000
  .code_usb_descriptors.o       code   0x004394    program   0x000000
          .code_t0write.o       code   0x0043cc    program   0x000038
           .code_t0open.o       code   0x004404    program   0x000038
           .code_t2open.o       code   0x00443c    program   0x000036
         .code_i2c_open.o       code   0x004472    program   0x000036
            .code_error.o       code   0x0044a8    program   0x000036
          .code_pw1open.o       code   0x0044de    program   0x000030
     .code_adcselchconv.o       code   0x00450e    program   0x000030
             D10KTCYXCODE       code   0x00453e    program   0x00002e
           .code_uwrite.o       code   0x00456c    program   0x00002e
             _startup_scn       code   0x00459a    program   0x00001c
              D10TCYXCODE       code   0x0045b6    program   0x000016
          .code_adcread.o       code   0x0045cc    program   0x000012
         .code_i2c_idle.o       code   0x0045de    program   0x00000e
                    .code       code   0x0045ec    program   0x00000e
          .code_adcbusy.o       code   0x0045fa    program   0x00000a
         .code_i2c_clos.o       code   0x004604    program   0x000004
           .code___init.o       code   0x004608    program   0x000002
         .idata_servo.o_i    romdata   0x00460a    program   0x000009
           .idata_mcc.o_i    romdata   0x004613    program   0x000010
          .idata_main.o_i    romdata   0x004623    program   0x000009
      .idata_infrared.o_i    romdata   0x00462c    program   0x000003
         .idata_error.o_i    romdata   0x00462f    program   0x000021
          .idata_ax12.o_i    romdata   0x004650    program   0x000024
                 .tmpdata      udata   0x000000       data   0x000022
                MATH_DATA      udata   0x000022       data   0x000014
                DELAYDAT2      udata   0x000036       data   0x000001
                DELAYDAT1      udata   0x000037       data   0x000001
      .udata_usb_device.o      udata   0x000060       data   0x000026
            .idata_ax12.o      idata   0x000086       data   0x000024
            .udata_ax12.o      udata   0x0000aa       data   0x000021
           .idata_error.o      idata   0x0000cb       data   0x000021
             .idata_mcc.o      idata   0x0000ec       data   0x000010
            .udata_main.o      udata   0x0000fc       data   0x000003
           .udata_udefs.o      udata   0x0000ff       data   0x000001
        .udata_infrared.o      udata   0x000100       data   0x000020
           .udata_c018i.o      udata   0x000120       data   0x00000a
           .idata_servo.o      idata   0x00012a       data   0x000009
            .idata_main.o      idata   0x000133       data   0x000009
        .idata_infrared.o      idata   0x00013c       data   0x000003
.udata_usb_function_hid.o      udata   0x00013f       data   0x000002
          .udata_eeprom.o      udata   0x000141       data   0x000001
          .udata_t0open.o      udata   0x000142       data   0x000000
          .idata_t0open.o      idata   0x000142       data   0x000000
          .udata_t2open.o      udata   0x000142       data   0x000000
          .idata_t2open.o      idata   0x000142       data   0x000000
          .udata_t3open.o      udata   0x000142       data   0x000000
          .idata_t3open.o      idata   0x000142       data   0x000000
           .udata_uopen.o      udata   0x000142       data   0x000000
           .idata_uopen.o      idata   0x000142       data   0x000000
         .udata_adcread.o      udata   0x000142       data   0x000000
         .idata_adcread.o      idata   0x000142       data   0x000000
        .idata_i2c_puts.o      idata   0x000142       data   0x000000
           .udata_uread.o      udata   0x000142       data   0x000000
           .idata_uread.o      idata   0x000142       data   0x000000
    .udata_adcselchconv.o      udata   0x000142       data   0x000000
    .idata_adcselchconv.o      idata   0x000142       data   0x000000
        .udata_pw1setdc.o      udata   0x000142       data   0x000000
          .idata_uwrite.o      idata   0x000142       data   0x000000
          .udata___init.o      udata   0x000142       data   0x000000
        .idata_pw1setdc.o      idata   0x000142       data   0x000000
          .udata_uwrite.o      udata   0x000142       data   0x000000
           .idata_udefs.o      idata   0x000142       data   0x000000
        .udata_i2c_writ.o      udata   0x000142       data   0x000000
        .udata_i2c_puts.o      udata   0x000142       data   0x000000
        .idata_i2c_writ.o      idata   0x000142       data   0x000000
         .idata_t3write.o      idata   0x000142       data   0x000000
         .udata_t0write.o      udata   0x000142       data   0x000000
          .idata___init.o      idata   0x000142       data   0x000000
         .idata_t0write.o      idata   0x000142       data   0x000000
         .udata_t3write.o      udata   0x000142       data   0x000000
           .idata_c018i.o      idata   0x000142       data   0x000000
 .udata_usb_descriptors.o      udata   0x000142       data   0x000000
 .idata_usb_descriptors.o      idata   0x000142       data   0x000000
          .idata_eeprom.o      idata   0x000142       data   0x000000
      .idata_usb_device.o      idata   0x000142       data   0x000000
.idata_usb_function_hid.o      idata   0x000142       data   0x000000
           .udata_error.o      udata   0x000142       data   0x000000
           .udata_servo.o      udata   0x000142       data   0x000000
             .udata_mcc.o      udata   0x000142       data   0x000000
       .udata_adjd-s371.o      udata   0x000142       data   0x000000
       .idata_adjd-s371.o      idata   0x000142       data   0x000000
             .udata_lcd.o      udata   0x000142       data   0x000000
             .idata_lcd.o      idata   0x000142       data   0x000000
         .idata_pw1open.o      idata   0x000142       data   0x000000
         .udata_pw1open.o      udata   0x000142       data   0x000000
        .idata_i2c_open.o      idata   0x000142       data   0x000000
        .udata_i2c_open.o      udata   0x000142       data   0x000000
         .idata_adcopen.o      idata   0x000142       data   0x000000
         .udata_adcopen.o      udata   0x000142       data   0x000000
        .idata_i2c_idle.o      idata   0x000142       data   0x000000
        .udata_i2c_idle.o      udata   0x000142       data   0x000000
        .idata_fxd3232u.o      idata   0x000142       data   0x000000
        .udata_fxd3232u.o      udata   0x000142       data   0x000000
        .idata_i2c_clos.o      idata   0x000142       data   0x000000
        .udata_i2c_clos.o      udata   0x000142       data   0x000000
         .idata_adcbusy.o      idata   0x000142       data   0x000000
         .udata_adcbusy.o      udata   0x000142       data   0x000000
                   .stack      udata   0x000300       data   0x000100
                  USB_BDT      udata   0x000400       data   0x000036
            USB_VARIABLES      udata   0x000500       data   0x000080
            SFR_UNBANKED0      udata   0x000f62       data   0x00009e



                              Program Memory Usage 
                               Start         End      
                           ---------   ---------      
                            0x000000    0x000005      
                            0x000008    0x00000d      
                            0x000018    0x00001d      
                            0x000800    0x000805      
                            0x000808    0x00080d      
                            0x000818    0x00081d      
                            0x00082a    0x004392      
                            0x004394    0x004673      
            15981 out of 33048 program addresses used, program memory utilization is 48%



                              Symbols - Sorted by Name
                     Name    Address   Location    Storage File                     
                ---------  ---------  ---------  --------- ---------                
           BlinkUSBStatus   0x001840    program     extern C:\krobot\elec\boards\Interface_Robot\Firmware\main.c
                  BusyADC   0x0045fa    program     extern C:\MCC18\src\pmc_common\ADC\adcbusy.c
                 CloseI2C   0x004604    program     extern C:\MCC18\src\pmc_common\i2c\i2c_clos.c
                   D10K_1   0x00454a    program     static C:\MCC18\src\traditional\delays\d10ktcyx.asm
                    D10Kl   0x004556    program     static C:\MCC18\src\traditional\delays\d10ktcyx.asm
                    D10Kx   0x004548    program     static C:\MCC18\src\traditional\delays\d10ktcyx.asm
                    D10_1   0x0045c6    program     static C:\MCC18\src\traditional\delays\d10tcyx.asm
                     D10x   0x0045be    program     static C:\MCC18\src\traditional\delays\d10tcyx.asm
             Delay10KTCYx   0x00453e    program     extern C:\MCC18\src\traditional\delays\d10ktcyx.asm
              Delay10TCYx   0x0045b6    program     extern C:\MCC18\src\traditional\delays\d10tcyx.asm
                 FLO0832S   0x002d80    program     extern C:\MCC18\src\traditional\math\cast08FP.asm
                 FLO0832U   0x002d7c    program     extern C:\MCC18\src\traditional\math\cast08FP.asm
                 FLO1632S   0x002da2    program     extern C:\MCC18\src\traditional\math\cast16FP.asm
                 FLO1632U   0x002d9e    program     extern C:\MCC18\src\traditional\math\cast16FP.asm
                 FLO3232S   0x002dcc    program     extern C:\MCC18\src\traditional\math\cast32FP.asm
                 FLO3232U   0x002dc8    program     extern C:\MCC18\src\traditional\math\cast32FP.asm
                    FPA32   0x002e00    program     extern C:\MCC18\src\traditional\math\addFP.asm
                    FPD32   0x002f2c    program     extern C:\MCC18\src\traditional\math\divFP.asm
                    FPM32   0x002fd2    program     extern C:\MCC18\src\traditional\math\mulFP.asm
                    FPS32   0x002dfe    program     extern C:\MCC18\src\traditional\math\addFP.asm
                 FXD3232U   0x004250    program     extern C:\MCC18\src\traditional\math\fxd3232u.c
                 FXM1616U   0x0030ac    program     extern C:\MCC18\src\traditional\math\fxm1616u.asm
                 High_ISR   0x000008    program     extern C:\krobot\elec\boards\Interface_Robot\Firmware\main.c
                  INT3216   0x0030e8    program     extern C:\MCC18\src\traditional\math\castFP16.asm
                  INT3232   0x003146    program     extern C:\MCC18\src\traditional\math\castFP32.asm
                  IdleI2C   0x0045de    program     extern C:\MCC18\src\pmc_common\i2c\i2c_idle.c
         InitializeSystem   0x000984    program     static C:\krobot\elec\boards\Interface_Robot\Firmware\main.c
                  Low_ISR   0x000018    program     extern C:\krobot\elec\boards\Interface_Robot\Firmware\main.c
                  OpenADC   0x0040ac    program     extern C:\MCC18\src\pmc_common\ADC\adcopen.c
                  OpenI2C   0x004472    program     extern C:\MCC18\src\pmc_common\i2c\i2c_open.c
                 OpenPWM1   0x0044de    program     extern C:\MCC18\src\pmc_common\PWM\pw1open.c
         OpenPWM1ConfigIO   0x00450a    program     extern C:\MCC18\src\pmc_common\PWM\pw1open.c
               OpenTimer0   0x004404    program     extern C:\MCC18\src\pmc_common\Timers\t0open.c
               OpenTimer2   0x00443c    program     extern C:\MCC18\src\pmc_common\Timers\t2open.c
               OpenTimer3   0x004298    program     extern C:\MCC18\src\pmc_common\Timers\t3open.c
                OpenUSART   0x003fac    program     extern C:\MCC18\src\pmc_common\USART\uopen.c
                ProcessIO   0x000a12    program     extern C:\krobot\elec\boards\Interface_Robot\Firmware\main.c
                  ReadADC   0x0045cc    program     extern C:\MCC18\src\pmc_common\ADC\adcread.c
               ReadEEPROM   0x0041c6    program     extern C:\krobot\elec\boards\Interface_Robot\Firmware\eeprom.c
                ReadUSART   0x0042de    program     extern C:\MCC18\src\pmc_common\USART\uread.c
        Remapped_High_ISR   0x000808    program     extern C:\krobot\elec\boards\Interface_Robot\Firmware\main.c
         Remapped_Low_ISR   0x000818    program     extern C:\krobot\elec\boards\Interface_Robot\Firmware\main.c
              ResetSource   0x001a58    program     extern C:\krobot\elec\boards\Interface_Robot\Firmware\main.c
           SelChanConvADC   0x00450e    program     extern C:\MCC18\src\pmc_common\ADC\adcselchconv.c
                SetDCPWM1   0x0041f2    program     extern C:\MCC18\src\pmc_common\PWM\pw1setdc.c
       USBCBCheckOtherReq   0x001968    program     extern C:\krobot\elec\boards\Interface_Robot\Firmware\main.c
        USBCBErrorHandler   0x001966    program     extern C:\krobot\elec\boards\Interface_Robot\Firmware\main.c
              USBCBInitEP   0x00196e    program     extern C:\krobot\elec\boards\Interface_Robot\Firmware\main.c
          USBCBSendResume   0x0019a6    program     extern C:\krobot\elec\boards\Interface_Robot\Firmware\main.c
    USBCBStdSetDscHandler   0x00196c    program     extern C:\krobot\elec\boards\Interface_Robot\Firmware\main.c
             USBCBSuspend   0x0018be    program     extern C:\krobot\elec\boards\Interface_Robot\Firmware\main.c
     USBCBWakeFromSuspend   0x0018fc    program     extern C:\krobot\elec\boards\Interface_Robot\Firmware\main.c
        USBCB_SOF_Handler   0x001964    program     extern C:\krobot\elec\boards\Interface_Robot\Firmware\main.c
       USBCheckHIDRequest   0x003d90    program     extern C:\krobot\elec\boards\Interface_Robot\Firmware\usb_function_hid.c
       USBCheckStdRequest   0x001f7e    program     extern C:\krobot\elec\boards\Interface_Robot\Firmware\usb_device.c
    USBClearInterruptFlag   0x002534    program     extern C:\krobot\elec\boards\Interface_Robot\Firmware\usb_device.c
     USBConfigureEndpoint   0x0023f0    program     extern C:\krobot\elec\boards\Interface_Robot\Firmware\usb_device.c
         USBCtrlEPService   0x001e08    program     extern C:\krobot\elec\boards\Interface_Robot\Firmware\usb_device.c
 USBCtrlEPServiceComplete   0x0021e8    program     extern C:\krobot\elec\boards\Interface_Robot\Firmware\usb_device.c
      USBCtrlTrfInHandler   0x001edc    program     extern C:\krobot\elec\boards\Interface_Robot\Firmware\usb_device.c
     USBCtrlTrfOutHandler   0x001ec0    program     extern C:\krobot\elec\boards\Interface_Robot\Firmware\usb_device.c
      USBCtrlTrfRxService   0x002302    program     extern C:\krobot\elec\boards\Interface_Robot\Firmware\usb_device.c
   USBCtrlTrfSetupHandler   0x001e9c    program     extern C:\krobot\elec\boards\Interface_Robot\Firmware\usb_device.c
      USBCtrlTrfTxService   0x00225c    program     extern C:\krobot\elec\boards\Interface_Robot\Firmware\usb_device.c
            USBDeviceInit   0x001c2a    program     extern C:\krobot\elec\boards\Interface_Robot\Firmware\usb_device.c
           USBDeviceTasks   0x001c96    program     extern C:\krobot\elec\boards\Interface_Robot\Firmware\usb_device.c
        USBEnableEndpoint   0x002468    program     extern C:\krobot\elec\boards\Interface_Robot\Firmware\usb_device.c
USBPrepareForNextSetupTrf   0x001f36    program     extern C:\krobot\elec\boards\Interface_Robot\Firmware\usb_device.c
         USBStallEndpoint   0x0024a2    program     extern C:\krobot\elec\boards\Interface_Robot\Firmware\usb_device.c
          USBStallHandler   0x001db8    program     extern C:\krobot\elec\boards\Interface_Robot\Firmware\usb_device.c
  USBStdFeatureReqHandler   0x002026    program     extern C:\krobot\elec\boards\Interface_Robot\Firmware\usb_device.c
      USBStdGetDscHandler   0x0020e8    program     extern C:\krobot\elec\boards\Interface_Robot\Firmware\usb_device.c
   USBStdGetStatusHandler   0x00216a    program     extern C:\krobot\elec\boards\Interface_Robot\Firmware\usb_device.c
      USBStdSetCfgHandler   0x0023ba    program     extern C:\krobot\elec\boards\Interface_Robot\Firmware\usb_device.c
               USBSuspend   0x001dde    program     extern C:\krobot\elec\boards\Interface_Robot\Firmware\usb_device.c
     USBTransferOnePacket   0x0024cc    program     extern C:\krobot\elec\boards\Interface_Robot\Firmware\usb_device.c
       USBWakeFromSuspend   0x001df0    program     extern C:\krobot\elec\boards\Interface_Robot\Firmware\usb_device.c
               USB_CD_Ptr   0x003f06    program     extern C:\krobot\elec\boards\Interface_Robot\Firmware\usb_descriptors.c
               USB_SD_Ptr   0x003f08    program     extern C:\krobot\elec\boards\Interface_Robot\Firmware\usb_descriptors.c
USER_USB_CALLBACK_EVENT_HANDLER   0x0019c2    program     extern C:\krobot\elec\boards\Interface_Robot\Firmware\main.c
                 UserInit   0x00098e    program     extern C:\krobot\elec\boards\Interface_Robot\Firmware\main.c
              WriteEEPROM   0x004186    program     extern C:\krobot\elec\boards\Interface_Robot\Firmware\eeprom.c
                 WriteI2C   0x00431c    program     extern C:\MCC18\src\pmc_common\i2c\i2c_writ.c
              WriteTimer0   0x0043cc    program     extern C:\MCC18\src\pmc_common\Timers\t0write.c
              WriteTimer3   0x004394    program     extern C:\MCC18\src\pmc_common\Timers\t3write.c
               WriteUSART   0x00456c    program     extern C:\MCC18\src\pmc_common\USART\uwrite.c
  YourHighPriorityISRCode   0x000874    program     extern C:\krobot\elec\boards\Interface_Robot\Firmware\main.c
   YourLowPriorityISRCode   0x000934    program     extern C:\krobot\elec\boards\Interface_Robot\Firmware\main.c
              _2jContinue   0x00413a    program     static C:\MCC18\src\traditional\stdclib\memset.asm
                   _3jEnd   0x004144    program     static C:\MCC18\src\traditional\stdclib\memset.asm
       _D10KTCYXCODE_0010   0x00454e    program     static C:\MCC18\src\traditional\delays\d10ktcyx.asm
       _D10KTCYXCODE_001C   0x00455a    program     static C:\MCC18\src\traditional\delays\d10ktcyx.asm
        _D10TCYXCODE_000A   0x0045c0    program     static C:\MCC18\src\traditional\delays\d10tcyx.asm
        _D10TCYXCODE_000C   0x0045c2    program     static C:\MCC18\src\traditional\delays\d10tcyx.asm
        _D10TCYXCODE_000E   0x0045c4    program     static C:\MCC18\src\traditional\delays\d10tcyx.asm
                 __FpExit   0x0031c0    program     extern C:\MCC18\src\traditional\math\packFP.asm
                 __FpPack   0x0031ec    program     extern C:\MCC18\src\traditional\math\packFP.asm
            __FpReturnNaN   0x0031b4    program     extern C:\MCC18\src\traditional\math\packFP.asm
         __FpReturnNegInf   0x0031c6    program     extern C:\MCC18\src\traditional\math\packFP.asm
        __FpReturnNegZero   0x0031de    program     extern C:\MCC18\src\traditional\math\packFP.asm
         __FpReturnPosInf   0x0031cc    program     extern C:\MCC18\src\traditional\math\packFP.asm
        __FpReturnPosZero   0x0031e6    program     extern C:\MCC18\src\traditional\math\packFP.asm
        __FpReturnSignInf   0x0031c2    program     extern C:\MCC18\src\traditional\math\packFP.asm
       __FpReturnSignZero   0x0031da    program     extern C:\MCC18\src\traditional\math\packFP.asm
              __FpReturnW   0x003244    program     extern C:\MCC18\src\traditional\math\packFP.asm
              __FpUnPackA   0x003264    program     extern C:\MCC18\src\traditional\math\UnpackFP.asm
              __FpUnPackB   0x003294    program     extern C:\MCC18\src\traditional\math\UnpackFP.asm
           ___?:_lbl00021   0x000a6c    program     static                          
           ___?:_lbl00022   0x000a5c    program     static                          
           ___?:_lbl00025   0x000ad0    program     static                          
           ___?:_lbl00026   0x000ac0    program     static                          
           ___?:_lbl00029   0x000b6a    program     static                          
           ___?:_lbl00030   0x000b5a    program     static                          
           ___?:_lbl00034   0x000bf6    program     static                          
           ___?:_lbl00035   0x000be6    program     static                          
           ___?:_lbl00074   0x0010f8    program     static                          
           ___?:_lbl00075   0x0010e8    program     static                          
           ___?:_lbl00114   0x0017c6    program     static                          
           ___?:_lbl00115   0x0017b6    program     static                          
      ___case_-1_lbl00160   0x001a42    program     static                          
       ___case_0_lbl00032   0x000bb2    program     static                          
       ___case_0_lbl00037   0x000c34    program     static                          
       ___case_0_lbl00061   0x000faa    program     static                          
       ___case_0_lbl00096   0x00151a    program     static                          
      ___case_10_lbl00042   0x000d1a    program     static                          
      ___case_10_lbl00086   0x0012fa    program     static                          
      ___case_11_lbl00087   0x001434    program     static                          
      ___case_11_lbl00111   0x0015ea    program     static                          
      ___case_12_lbl00088   0x00144c    program     static                          
      ___case_13_lbl00089   0x00147a    program     static                          
      ___case_13_lbl00105   0x0014f4    program     static                          
      ___case_14_lbl00090   0x001486    program     static                          
      ___case_15_lbl00091   0x001492    program     static                          
       ___case_1_lbl00033   0x000bb8    program     static                          
       ___case_1_lbl00038   0x000c3a    program     static                          
       ___case_1_lbl00062   0x000fca    program     static                          
       ___case_1_lbl00077   0x001164    program     static                          
       ___case_1_lbl00097   0x001526    program     static                          
       ___case_1_lbl00107   0x0015fc    program     static                          
       ___case_1_lbl00161   0x001a46    program     static                          
      ___case_21_lbl00154   0x001a2a    program     static                          
      ___case_22_lbl00155   0x001a2e    program     static                          
      ___case_23_lbl00156   0x001a32    program     static                          
       ___case_2_lbl00039   0x000c6a    program     static                          
       ___case_2_lbl00059   0x000bda    program     static                          
       ___case_2_lbl00063   0x000fea    program     static                          
       ___case_2_lbl00078   0x001180    program     static                          
       ___case_2_lbl00098   0x001538    program     static                          
       ___case_2_lbl00108   0x001608    program     static                          
       ___case_2_lbl00157   0x001a36    program     static                          
       ___case_3_lbl00040   0x000cee    program     static                          
       ___case_3_lbl00064   0x00100a    program     static                          
       ___case_3_lbl00079   0x0011a2    program     static                          
       ___case_3_lbl00099   0x001548    program     static                          
       ___case_3_lbl00109   0x001614    program     static                          
       ___case_3_lbl00159   0x001a3e    program     static                          
       ___case_4_lbl00041   0x000d04    program     static                          
       ___case_4_lbl00065   0x00102a    program     static                          
       ___case_4_lbl00080   0x0011d8    program     static                          
       ___case_4_lbl00100   0x00155a    program     static                          
       ___case_4_lbl00158   0x001a3a    program     static                          
       ___case_5_lbl00056   0x000e1a    program     static                          
       ___case_5_lbl00067   0x00103c    program     static                          
       ___case_5_lbl00081   0x0011f0    program     static                          
       ___case_5_lbl00101   0x00156a    program     static                          
       ___case_5_lbl00112   0x00169c    program     static                          
       ___case_6_lbl00073   0x000f8c    program     static                          
       ___case_6_lbl00082   0x00121e    program     static                          
       ___case_6_lbl00102   0x001582    program     static                          
       ___case_7_lbl00083   0x001264    program     static                          
       ___case_7_lbl00103   0x00159a    program     static                          
       ___case_7_lbl00113   0x0016f8    program     static                          
       ___case_8_lbl00084   0x001294    program     static                          
       ___case_9_lbl00085   0x0012c4    program     static                          
       ___case_9_lbl00094   0x0010dc    program     static                          
      ___default_lbl00057   0x000f34    program     static                          
      ___default_lbl00072   0x0010aa    program     static                          
      ___default_lbl00092   0x00149e    program     static                          
      ___default_lbl00104   0x0015b8    program     static                          
      ___default_lbl00110   0x00166a    program     static                          
      ___default_lbl00117   0x0017aa    program     static                          
      ___default_lbl00162   0x001a4a    program     static                          
         ___else_lbl00051   0x000dfa    program     static                          
          ___for_lbl00043   0x000e02    program     static                          
          ___for_lbl00044   0x002a0e    program     static                          
          ___for_lbl00044   0x000e0e    program     static                          
          ___for_lbl00045   0x000dbc    program     static                          
          ___for_lbl00045   0x002a18    program     static                          
          ___for_lbl00046   0x000dc8    program     static                          
          ___for_lbl00047   0x0029ca    program     static                          
          ___for_lbl00048   0x000d84    program     static                          
          ___for_lbl00052   0x002af4    program     static                          
          ___for_lbl00052   0x000d5a    program     static                          
          ___for_lbl00053   0x000f26    program     static                          
          ___for_lbl00053   0x002afe    program     static                          
          ___for_lbl00054   0x000f32    program     static                          
          ___for_lbl00055   0x000e22    program     static                          
          ___for_lbl00055   0x002a9c    program     static                          
          ___for_lbl00057   0x002bd6    program     static                          
          ___for_lbl00058   0x002be0    program     static                          
          ___for_lbl00060   0x002b62    program     static                          
           ___if_lbl00017   0x000a2c    program     static                          
           ___if_lbl00019   0x000a3e    program     static                          
           ___if_lbl00024   0x000ab4    program     static                          
           ___if_lbl00028   0x000b4e    program     static                          
           ___if_lbl00046   0x0029f6    program     static                          
           ___if_lbl00047   0x000dbc    program     static                          
           ___if_lbl00049   0x000dde    program     static                          
           ___if_lbl00050   0x000dfe    program     static                          
           ___if_lbl00054   0x002adc    program     static                          
           ___if_lbl00058   0x000f88    program     static                          
           ___if_lbl00059   0x002bbe    program     static                          
           ___if_lbl00066   0x001050    program     static                          
           ___if_lbl00068   0x001066    program     static                          
           ___if_lbl00069   0x00107c    program     static                          
           ___if_lbl00070   0x001092    program     static                          
           ___if_lbl00071   0x0010a8    program     static                          
           ___if_lbl00093   0x0014f2    program     static                          
           ___if_lbl00116   0x00182c    program     static                          
           ___if_lbl00118   0x00182c    program     static                          
       ___return_lbl00000   0x000804    program     static                          
       ___return_lbl00000   0x000004    program     static                          
       ___return_lbl00000   0x004296    program     static                          
       ___return_lbl00001   0x00080c    program     static                          
       ___return_lbl00001   0x0045b4    program     static                          
       ___return_lbl00002   0x00081c    program     static                          
       ___return_lbl00002   0x003faa    program     static                          
       ___return_lbl00003   0x00000c    program     static                          
       ___return_lbl00004   0x00001c    program     static                          
       ___return_lbl00016   0x00182c    program     static                          
       ___return_lbl00043   0x002a22    program     static                          
       ___return_lbl00051   0x002b08    program     static                          
       ___return_lbl00056   0x002bec    program     static                          
       ___return_lbl00152   0x001a50    program     static                          
   ___switchexit_lbl00031   0x00182c    program     static                          
   ___switchexit_lbl00036   0x000f3a    program     static                          
   ___switchexit_lbl00060   0x0010b4    program     static                          
   ___switchexit_lbl00076   0x0014a4    program     static                          
   ___switchexit_lbl00095   0x0015c2    program     static                          
   ___switchexit_lbl00106   0x001674    program     static                          
   ___switchexit_lbl00153   0x001a4c    program     static                          
                   __init   0x004608    program     extern C:\MCC18\src\traditional\stdclib\__init.c
                   __pa_0   0x0044d0    program     static C:\krobot\elec\boards\Interface_Robot\Firmware\error.c
                   __pa_0   0x003898    program     static C:\krobot\elec\boards\Interface_Robot\Firmware\servo.c
                   __pa_0   0x003b72    program     static C:\krobot\elec\boards\Interface_Robot\Firmware\mcc.c
                   __pa_0   0x003c64    program     static C:\krobot\elec\boards\Interface_Robot\Firmware\adjd-s371.c
                   __pa_0   0x003d22    program     static C:\krobot\elec\boards\Interface_Robot\Firmware\lcd.c
                   __pa_0   0x002c74    program     static C:\krobot\elec\boards\Interface_Robot\Firmware\ax12.c
                   __pa_0   0x003628    program     static C:\krobot\elec\boards\Interface_Robot\Firmware\infrared.c
                   __pa_0   0x0041e2    program     static C:\krobot\elec\boards\Interface_Robot\Firmware\eeprom.c
                   __pa_0   0x00255e    program     static C:\krobot\elec\boards\Interface_Robot\Firmware\usb_device.c
                   __pa_0   0x00409c    program     static C:\MCC18\src\pmc_common\i2c\i2c_puts.c
                   __pa_0   0x001aa4    program     static C:\krobot\elec\boards\Interface_Robot\Firmware\main.c
                   __pa_1   0x003b84    program     static C:\krobot\elec\boards\Interface_Robot\Firmware\mcc.c
                   __pa_1   0x0038f0    program     static C:\krobot\elec\boards\Interface_Robot\Firmware\servo.c
                   __pa_1   0x00256c    program     static C:\krobot\elec\boards\Interface_Robot\Firmware\usb_device.c
                   __pa_1   0x002c80    program     static C:\krobot\elec\boards\Interface_Robot\Firmware\ax12.c
                   __pa_1   0x003c6e    program     static C:\krobot\elec\boards\Interface_Robot\Firmware\adjd-s371.c
                   __pa_1   0x003636    program     static C:\krobot\elec\boards\Interface_Robot\Firmware\infrared.c
                   __pa_1   0x001ae0    program     static C:\krobot\elec\boards\Interface_Robot\Firmware\main.c
                   __pa_1   0x003d48    program     static C:\krobot\elec\boards\Interface_Robot\Firmware\lcd.c
                  __pa_10   0x001ba0    program     static C:\krobot\elec\boards\Interface_Robot\Firmware\main.c
                  __pa_10   0x002d02    program     static C:\krobot\elec\boards\Interface_Robot\Firmware\ax12.c
                  __pa_10   0x0036b2    program     static C:\krobot\elec\boards\Interface_Robot\Firmware\infrared.c
                  __pa_10   0x0025bc    program     static C:\krobot\elec\boards\Interface_Robot\Firmware\usb_device.c
                  __pa_11   0x002d10    program     static C:\krobot\elec\boards\Interface_Robot\Firmware\ax12.c
                  __pa_11   0x001bae    program     static C:\krobot\elec\boards\Interface_Robot\Firmware\main.c
                  __pa_11   0x0025cc    program     static C:\krobot\elec\boards\Interface_Robot\Firmware\usb_device.c
                  __pa_11   0x0036c6    program     static C:\krobot\elec\boards\Interface_Robot\Firmware\infrared.c
                  __pa_12   0x002d1a    program     static C:\krobot\elec\boards\Interface_Robot\Firmware\ax12.c
                  __pa_12   0x0036d8    program     static C:\krobot\elec\boards\Interface_Robot\Firmware\infrared.c
                  __pa_12   0x001bb8    program     static C:\krobot\elec\boards\Interface_Robot\Firmware\main.c
                  __pa_12   0x0025e0    program     static C:\krobot\elec\boards\Interface_Robot\Firmware\usb_device.c
                  __pa_13   0x002d20    program     static C:\krobot\elec\boards\Interface_Robot\Firmware\ax12.c
                  __pa_13   0x001bcc    program     static C:\krobot\elec\boards\Interface_Robot\Firmware\main.c
                  __pa_13   0x0036e2    program     static C:\krobot\elec\boards\Interface_Robot\Firmware\infrared.c
                  __pa_13   0x0025f2    program     static C:\krobot\elec\boards\Interface_Robot\Firmware\usb_device.c
                  __pa_14   0x002d2a    program     static C:\krobot\elec\boards\Interface_Robot\Firmware\ax12.c
                  __pa_14   0x0036ec    program     static C:\krobot\elec\boards\Interface_Robot\Firmware\infrared.c
                  __pa_14   0x001bd4    program     static C:\krobot\elec\boards\Interface_Robot\Firmware\main.c
                  __pa_14   0x0025fe    program     static C:\krobot\elec\boards\Interface_Robot\Firmware\usb_device.c
                  __pa_15   0x001be0    program     static C:\krobot\elec\boards\Interface_Robot\Firmware\main.c
                  __pa_15   0x00261a    program     static C:\krobot\elec\boards\Interface_Robot\Firmware\usb_device.c
                  __pa_15   0x002d3e    program     static C:\krobot\elec\boards\Interface_Robot\Firmware\ax12.c
                  __pa_15   0x0036f6    program     static C:\krobot\elec\boards\Interface_Robot\Firmware\infrared.c
                  __pa_16   0x001bea    program     static C:\krobot\elec\boards\Interface_Robot\Firmware\main.c
                  __pa_16   0x002d48    program     static C:\krobot\elec\boards\Interface_Robot\Firmware\ax12.c
                  __pa_16   0x002620    program     static C:\krobot\elec\boards\Interface_Robot\Firmware\usb_device.c
                  __pa_16   0x003700    program     static C:\krobot\elec\boards\Interface_Robot\Firmware\infrared.c
                  __pa_17   0x00262a    program     static C:\krobot\elec\boards\Interface_Robot\Firmware\usb_device.c
                  __pa_17   0x002d54    program     static C:\krobot\elec\boards\Interface_Robot\Firmware\ax12.c
                  __pa_17   0x001bfa    program     static C:\krobot\elec\boards\Interface_Robot\Firmware\main.c
                  __pa_18   0x002636    program     static C:\krobot\elec\boards\Interface_Robot\Firmware\usb_device.c
                  __pa_18   0x002d5c    program     static C:\krobot\elec\boards\Interface_Robot\Firmware\ax12.c
                  __pa_18   0x001c02    program     static C:\krobot\elec\boards\Interface_Robot\Firmware\main.c
                  __pa_19   0x002d6c    program     static C:\krobot\elec\boards\Interface_Robot\Firmware\ax12.c
                  __pa_19   0x001c0a    program     static C:\krobot\elec\boards\Interface_Robot\Firmware\main.c
                  __pa_19   0x002642    program     static C:\krobot\elec\boards\Interface_Robot\Firmware\usb_device.c
                   __pa_2   0x002c9e    program     static C:\krobot\elec\boards\Interface_Robot\Firmware\ax12.c
                   __pa_2   0x002572    program     static C:\krobot\elec\boards\Interface_Robot\Firmware\usb_device.c
                   __pa_2   0x003914    program     static C:\krobot\elec\boards\Interface_Robot\Firmware\servo.c
                   __pa_2   0x003648    program     static C:\krobot\elec\boards\Interface_Robot\Firmware\infrared.c
                   __pa_2   0x003c9c    program     static C:\krobot\elec\boards\Interface_Robot\Firmware\adjd-s371.c
                   __pa_2   0x001b32    program     static C:\krobot\elec\boards\Interface_Robot\Firmware\main.c
                   __pa_2   0x003d5c    program     static C:\krobot\elec\boards\Interface_Robot\Firmware\lcd.c
                  __pa_20   0x002d74    program     static C:\krobot\elec\boards\Interface_Robot\Firmware\ax12.c
                  __pa_20   0x002652    program     static C:\krobot\elec\boards\Interface_Robot\Firmware\usb_device.c
                  __pa_20   0x001c14    program     static C:\krobot\elec\boards\Interface_Robot\Firmware\main.c
                  __pa_21   0x002662    program     static C:\krobot\elec\boards\Interface_Robot\Firmware\usb_device.c
                  __pa_21   0x001c1c    program     static C:\krobot\elec\boards\Interface_Robot\Firmware\main.c
                  __pa_22   0x002672    program     static C:\krobot\elec\boards\Interface_Robot\Firmware\usb_device.c
                  __pa_23   0x002680    program     static C:\krobot\elec\boards\Interface_Robot\Firmware\usb_device.c
                  __pa_24   0x00268e    program     static C:\krobot\elec\boards\Interface_Robot\Firmware\usb_device.c
                  __pa_25   0x00269c    program     static C:\krobot\elec\boards\Interface_Robot\Firmware\usb_device.c
                  __pa_26   0x0026aa    program     static C:\krobot\elec\boards\Interface_Robot\Firmware\usb_device.c
                  __pa_27   0x0026b8    program     static C:\krobot\elec\boards\Interface_Robot\Firmware\usb_device.c
                  __pa_28   0x0026d0    program     static C:\krobot\elec\boards\Interface_Robot\Firmware\usb_device.c
                  __pa_29   0x0026ec    program     static C:\krobot\elec\boards\Interface_Robot\Firmware\usb_device.c
                   __pa_3   0x001b38    program     static C:\krobot\elec\boards\Interface_Robot\Firmware\main.c
                   __pa_3   0x002ca8    program     static C:\krobot\elec\boards\Interface_Robot\Firmware\ax12.c
                   __pa_3   0x00257c    program     static C:\krobot\elec\boards\Interface_Robot\Firmware\usb_device.c
                   __pa_3   0x003d62    program     static C:\krobot\elec\boards\Interface_Robot\Firmware\lcd.c
                   __pa_3   0x00392a    program     static C:\krobot\elec\boards\Interface_Robot\Firmware\servo.c
                   __pa_3   0x003652    program     static C:\krobot\elec\boards\Interface_Robot\Firmware\infrared.c
                   __pa_3   0x003ca4    program     static C:\krobot\elec\boards\Interface_Robot\Firmware\adjd-s371.c
                  __pa_30   0x0026f6    program     static C:\krobot\elec\boards\Interface_Robot\Firmware\usb_device.c
                  __pa_31   0x0026fe    program     static C:\krobot\elec\boards\Interface_Robot\Firmware\usb_device.c
                  __pa_32   0x002710    program     static C:\krobot\elec\boards\Interface_Robot\Firmware\usb_device.c
                  __pa_33   0x00271a    program     static C:\krobot\elec\boards\Interface_Robot\Firmware\usb_device.c
                  __pa_34   0x002724    program     static C:\krobot\elec\boards\Interface_Robot\Firmware\usb_device.c
                  __pa_35   0x00272e    program     static C:\krobot\elec\boards\Interface_Robot\Firmware\usb_device.c
                  __pa_36   0x00273e    program     static C:\krobot\elec\boards\Interface_Robot\Firmware\usb_device.c
                  __pa_37   0x00274c    program     static C:\krobot\elec\boards\Interface_Robot\Firmware\usb_device.c
                  __pa_38   0x002756    program     static C:\krobot\elec\boards\Interface_Robot\Firmware\usb_device.c
                  __pa_39   0x002760    program     static C:\krobot\elec\boards\Interface_Robot\Firmware\usb_device.c
                   __pa_4   0x001b4a    program     static C:\krobot\elec\boards\Interface_Robot\Firmware\main.c
                   __pa_4   0x002cb0    program     static C:\krobot\elec\boards\Interface_Robot\Firmware\ax12.c
                   __pa_4   0x002584    program     static C:\krobot\elec\boards\Interface_Robot\Firmware\usb_device.c
                   __pa_4   0x003d6a    program     static C:\krobot\elec\boards\Interface_Robot\Firmware\lcd.c
                   __pa_4   0x00393c    program     static C:\krobot\elec\boards\Interface_Robot\Firmware\servo.c
                   __pa_4   0x003cac    program     static C:\krobot\elec\boards\Interface_Robot\Firmware\adjd-s371.c
                   __pa_4   0x003668    program     static C:\krobot\elec\boards\Interface_Robot\Firmware\infrared.c
                  __pa_40   0x002768    program     static C:\krobot\elec\boards\Interface_Robot\Firmware\usb_device.c
                  __pa_41   0x002770    program     static C:\krobot\elec\boards\Interface_Robot\Firmware\usb_device.c
                   __pa_5   0x003d6e    program     static C:\krobot\elec\boards\Interface_Robot\Firmware\lcd.c
                   __pa_5   0x00366e    program     static C:\krobot\elec\boards\Interface_Robot\Firmware\infrared.c
                   __pa_5   0x002cc4    program     static C:\krobot\elec\boards\Interface_Robot\Firmware\ax12.c
                   __pa_5   0x001b5e    program     static C:\krobot\elec\boards\Interface_Robot\Firmware\main.c
                   __pa_5   0x003948    program     static C:\krobot\elec\boards\Interface_Robot\Firmware\servo.c
                   __pa_5   0x00258e    program     static C:\krobot\elec\boards\Interface_Robot\Firmware\usb_device.c
                   __pa_6   0x003d76    program     static C:\krobot\elec\boards\Interface_Robot\Firmware\lcd.c
                   __pa_6   0x003680    program     static C:\krobot\elec\boards\Interface_Robot\Firmware\infrared.c
                   __pa_6   0x002cd2    program     static C:\krobot\elec\boards\Interface_Robot\Firmware\ax12.c
                   __pa_6   0x003950    program     static C:\krobot\elec\boards\Interface_Robot\Firmware\servo.c
                   __pa_6   0x002596    program     static C:\krobot\elec\boards\Interface_Robot\Firmware\usb_device.c
                   __pa_6   0x001b6c    program     static C:\krobot\elec\boards\Interface_Robot\Firmware\main.c
                   __pa_7   0x001b70    program     static C:\krobot\elec\boards\Interface_Robot\Firmware\main.c
                   __pa_7   0x002cda    program     static C:\krobot\elec\boards\Interface_Robot\Firmware\ax12.c
                   __pa_7   0x003692    program     static C:\krobot\elec\boards\Interface_Robot\Firmware\infrared.c
                   __pa_7   0x003d7c    program     static C:\krobot\elec\boards\Interface_Robot\Firmware\lcd.c
                   __pa_7   0x00259e    program     static C:\krobot\elec\boards\Interface_Robot\Firmware\usb_device.c
                   __pa_8   0x001b80    program     static C:\krobot\elec\boards\Interface_Robot\Firmware\main.c
                   __pa_8   0x00369e    program     static C:\krobot\elec\boards\Interface_Robot\Firmware\infrared.c
                   __pa_8   0x002ce6    program     static C:\krobot\elec\boards\Interface_Robot\Firmware\ax12.c
                   __pa_8   0x003d84    program     static C:\krobot\elec\boards\Interface_Robot\Firmware\lcd.c
                   __pa_8   0x0025a4    program     static C:\krobot\elec\boards\Interface_Robot\Firmware\usb_device.c
                   __pa_9   0x0036aa    program     static C:\krobot\elec\boards\Interface_Robot\Firmware\infrared.c
                   __pa_9   0x002cf6    program     static C:\krobot\elec\boards\Interface_Robot\Firmware\ax12.c
                   __pa_9   0x0025b2    program     static C:\krobot\elec\boards\Interface_Robot\Firmware\usb_device.c
                   __pa_9   0x001b90    program     static C:\krobot\elec\boards\Interface_Robot\Firmware\main.c
               __string_0   0x00436f    program     static C:\krobot\elec\boards\Interface_Robot\Firmware\main.c
               __string_1   0x004363    program     static C:\krobot\elec\boards\Interface_Robot\Firmware\main.c
               __string_2   0x004361    program     static C:\krobot\elec\boards\Interface_Robot\Firmware\main.c
               __string_3   0x004358    program     static C:\krobot\elec\boards\Interface_Robot\Firmware\main.c
               __tmplbl_0   0x000a3a    program     static                          
               __tmplbl_1   0x000a34    program     static                          
              __tmplbl_10   0x0019fe    program     static                          
              __tmplbl_11   0x001a08    program     static                          
              __tmplbl_12   0x001a12    program     static                          
              __tmplbl_13   0x001a1c    program     static                          
              __tmplbl_14   0x001a26    program     static                          
              __tmplbl_18   0x001c02    program     static                          
               __tmplbl_2   0x000a70    program     static                          
              __tmplbl_20   0x002596    program     static                          
              __tmplbl_26   0x002596    program     static                          
               __tmplbl_3   0x000a50    program     static                          
               __tmplbl_4   0x000a48    program     static                          
               __tmplbl_5   0x000ae6    program     static                          
               __tmplbl_6   0x000ad4    program     static                          
               __tmplbl_7   0x0019de    program     static                          
               __tmplbl_8   0x0019ea    program     static                          
               __tmplbl_9   0x0019f4    program     static                          
            __zero_memory   0x0045ec    program     extern C:\MCC18\src\traditional\proc\p18F4550.asm
                _do_cinit   0x003f0e    program     extern C:\MCC18\src\traditional\startup\c018i.c
                   _entry   0x000000    program     extern C:\MCC18\src\traditional\startup\c018i.c
                   _false   0x004292    program     static                          
                   _reset   0x000800    program     extern C:\krobot\elec\boards\Interface_Robot\Firmware\main.c
                 _startup   0x00459a    program     extern C:\MCC18\src\traditional\startup\c018i.c
               actionAX12   0x002c18    program     extern C:\krobot\elec\boards\Interface_Robot\Firmware\ax12.c
         adjdReadRegister   0x003be6    program     extern C:\krobot\elec\boards\Interface_Robot\Firmware\adjd-s371.c
        adjdWriteRegister   0x003bc2    program     extern C:\krobot\elec\boards\Interface_Robot\Firmware\adjd-s371.c
                 checkTOR   0x003b3c    program     extern C:\krobot\elec\boards\Interface_Robot\Firmware\mcc.c
               clear_loop   0x0045f2    program     static C:\MCC18\src\traditional\proc\p18F4550.asm
               configAX12   0x002982    program     extern C:\krobot\elec\boards\Interface_Robot\Firmware\ax12.c
        configDescriptor1   0x003e70    program     extern C:\krobot\elec\boards\Interface_Robot\Firmware\usb_descriptors.c
                copy_loop   0x003f80    program     static                          
            copy_one_byte   0x003f86    program     static                          
               device_dsc   0x003e5e    program     extern C:\krobot\elec\boards\Interface_Robot\Firmware\usb_descriptors.c
             disableMotor   0x0039ea    program     extern C:\krobot\elec\boards\Interface_Robot\Firmware\mcc.c
             disableServo   0x003884    program     extern C:\krobot\elec\boards\Interface_Robot\Firmware\servo.c
                     done   0x003faa    program     static                          
             done_copying   0x003f94    program     static                          
              enableMotor   0x0039e2    program     extern C:\krobot\elec\boards\Interface_Robot\Firmware\mcc.c
              enableServo   0x003870    program     extern C:\krobot\elec\boards\Interface_Robot\Firmware\servo.c
                    error   0x0044a8    program     extern C:\krobot\elec\boards\Interface_Robot\Firmware\error.c
               getIFRange   0x0034c8    program     extern C:\krobot\elec\boards\Interface_Robot\Firmware\infrared.c
              getPosition   0x002c68    program     extern C:\krobot\elec\boards\Interface_Robot\Firmware\ax12.c
                 getSpeed   0x002c6e    program     extern C:\krobot\elec\boards\Interface_Robot\Firmware\ax12.c
                     goTo   0x002c22    program     extern C:\krobot\elec\boards\Interface_Robot\Firmware\ax12.c
              hasTimedOut   0x00295c    program     extern C:\krobot\elec\boards\Interface_Robot\Firmware\ax12.c
                hid_rpt01   0x003ee9    program     extern C:\krobot\elec\boards\Interface_Robot\Firmware\usb_descriptors.c
                 initAX12   0x002776    program     extern C:\krobot\elec\boards\Interface_Robot\Firmware\ax12.c
                 initAdjd   0x003b8c    program     extern C:\krobot\elec\boards\Interface_Robot\Firmware\adjd-s371.c
                   initIF   0x0032c0    program     extern C:\krobot\elec\boards\Interface_Robot\Firmware\infrared.c
                  initMCC   0x003962    program     extern C:\krobot\elec\boards\Interface_Robot\Firmware\mcc.c
               initServos   0x003706    program     extern C:\krobot\elec\boards\Interface_Robot\Firmware\servo.c
            interruptAX12   0x002780    program     extern C:\krobot\elec\boards\Interface_Robot\Firmware\ax12.c
              interruptIF   0x0032e0    program     extern C:\krobot\elec\boards\Interface_Robot\Firmware\infrared.c
          interruptMotor1   0x0039ac    program     extern C:\krobot\elec\boards\Interface_Robot\Firmware\mcc.c
           interruptServo   0x003730    program     extern C:\krobot\elec\boards\Interface_Robot\Firmware\servo.c
   isStatusPacketReceived   0x002956    program     extern C:\krobot\elec\boards\Interface_Robot\Firmware\ax12.c
                 jANotInf   0x002f4a    program     static C:\MCC18\src\traditional\math\divFP.asm
                 jANotInf   0x002e28    program     static C:\MCC18\src\traditional\math\addFP.asm
                 jANotInf   0x002ff0    program     static C:\MCC18\src\traditional\math\mulFP.asm
                 jANotNeg   0x002ebc    program     static C:\MCC18\src\traditional\math\addFP.asm
                jANotZero   0x002f5e    program     static C:\MCC18\src\traditional\math\divFP.asm
              jAandWsetup   0x002e8c    program     static C:\MCC18\src\traditional\math\addFP.asm
                 jAltBexp   0x002e7a    program     static C:\MCC18\src\traditional\math\addFP.asm
                jBANotInf   0x002e1e    program     static C:\MCC18\src\traditional\math\addFP.asm
                 jBNotInf   0x002e36    program     static C:\MCC18\src\traditional\math\addFP.asm
              jBothFinite   0x002ffe    program     static C:\MCC18\src\traditional\math\mulFP.asm
             jBothNotZero   0x00300a    program     static C:\MCC18\src\traditional\math\mulFP.asm
            jDifOrPosSign   0x002e4a    program     static C:\MCC18\src\traditional\math\addFP.asm
                     jEnd   0x004184    program     static C:\MCC18\src\traditional\stdclib\scatp2r.asm
                     jEnd   0x00414c    program     static C:\MCC18\src\traditional\stdclib\memset.asm
                    jExit   0x0031b2    program     static C:\MCC18\src\traditional\math\castFP32.asm
                    jExit   0x003144    program     static C:\MCC18\src\traditional\math\castFP16.asm
               jFinalSign   0x002f24    program     static C:\MCC18\src\traditional\math\addFP.asm
                jHaveZero   0x003006    program     static C:\MCC18\src\traditional\math\mulFP.asm
                jI2F08Beg   0x002d8a    program     static C:\MCC18\src\traditional\math\cast08FP.asm
                jI2F16Beg   0x002db2    program     static C:\MCC18\src\traditional\math\cast16FP.asm
                jI2F32Beg   0x002de4    program     static C:\MCC18\src\traditional\math\cast32FP.asm
                    jLoop   0x00412e    program     static C:\MCC18\src\traditional\stdclib\memset.asm
                    jLoop   0x002f86    program     static C:\MCC18\src\traditional\math\divFP.asm
                    jLoop   0x00417a    program     static C:\MCC18\src\traditional\stdclib\scatp2r.asm
                    jLoop   0x003186    program     static C:\MCC18\src\traditional\math\castFP32.asm
                    jLoop   0x003124    program     static C:\MCC18\src\traditional\math\castFP16.asm
                jLoopExit   0x00319a    program     static C:\MCC18\src\traditional\math\castFP32.asm
                jLoopExit   0x003134    program     static C:\MCC18\src\traditional\math\castFP16.asm
                     jMax   0x003156    program     static C:\MCC18\src\traditional\math\castFP32.asm
                     jMax   0x0030f8    program     static C:\MCC18\src\traditional\math\castFP16.asm
                  jMaxNeg   0x003168    program     static C:\MCC18\src\traditional\math\castFP32.asm
                  jMaxNeg   0x003106    program     static C:\MCC18\src\traditional\math\castFP16.asm
                  jMaxPos   0x00315a    program     static C:\MCC18\src\traditional\math\castFP32.asm
                  jMaxPos   0x0030fc    program     static C:\MCC18\src\traditional\math\castFP16.asm
                    jNext   0x002fac    program     static C:\MCC18\src\traditional\math\divFP.asm
                jNoAdjust   0x002faa    program     static C:\MCC18\src\traditional\math\divFP.asm
             jNotBothZero   0x002e4e    program     static C:\MCC18\src\traditional\math\addFP.asm
                  jNotInf   0x003114    program     static C:\MCC18\src\traditional\math\castFP16.asm
                  jNotInf   0x003174    program     static C:\MCC18\src\traditional\math\castFP32.asm
                jNullLoop   0x004174    program     static C:\MCC18\src\traditional\stdclib\scatp2r.asm
                  jPkLoop   0x0031fa    program     static C:\MCC18\src\traditional\math\packFP.asm
             jPkRoundDone   0x003244    program     static C:\MCC18\src\traditional\math\packFP.asm
               jPkRoundIt   0x00322c    program     static C:\MCC18\src\traditional\math\packFP.asm
             jPkShiftDone   0x003216    program     static C:\MCC18\src\traditional\math\packFP.asm
           jReturnPosInf0   0x0031d0    program     static C:\MCC18\src\traditional\math\packFP.asm
               jShiftDone   0x002ee4    program     static C:\MCC18\src\traditional\math\addFP.asm
               jShiftLoop   0x002ed6    program     static C:\MCC18\src\traditional\math\addFP.asm
                jSignDone   0x002f14    program     static C:\MCC18\src\traditional\math\addFP.asm
              jSignedZero   0x002f54    program     static C:\MCC18\src\traditional\math\divFP.asm
                  jUnpkA1   0x00326e    program     static C:\MCC18\src\traditional\math\UnpackFP.asm
                  jUnpkA2   0x003286    program     static C:\MCC18\src\traditional\math\UnpackFP.asm
                 jUnpkANZ   0x00327c    program     static C:\MCC18\src\traditional\math\UnpackFP.asm
                  jUnpkB1   0x00329e    program     static C:\MCC18\src\traditional\math\UnpackFP.asm
                  jUnpkB2   0x0032b6    program     static C:\MCC18\src\traditional\math\UnpackFP.asm
                 jUnpkBNZ   0x0032ac    program     static C:\MCC18\src\traditional\math\UnpackFP.asm
                 jUnpkNaN   0x003290    program     static C:\MCC18\src\traditional\math\UnpackFP.asm
                 jWNotNeg   0x002ed0    program     static C:\MCC18\src\traditional\math\addFP.asm
                   jWr123   0x003160    program     static C:\MCC18\src\traditional\math\castFP32.asm
                  jWrZ123   0x003170    program     static C:\MCC18\src\traditional\math\castFP32.asm
                    jZero   0x00316e    program     static C:\MCC18\src\traditional\math\castFP32.asm
                    jZero   0x00310e    program     static C:\MCC18\src\traditional\math\castFP16.asm
               jZero1and2   0x0031d4    program     static C:\MCC18\src\traditional\math\packFP.asm
            lastErrorAX12   0x00299a    program     extern C:\krobot\elec\boards\Interface_Robot\Firmware\ax12.c
                lcd_clear   0x003cc2    program     extern C:\krobot\elec\boards\Interface_Robot\Firmware\lcd.c
                 lcd_goto   0x003cee    program     extern C:\krobot\elec\boards\Interface_Robot\Firmware\lcd.c
          lcd_goto_origin   0x003ce8    program     extern C:\krobot\elec\boards\Interface_Robot\Firmware\lcd.c
                 lcd_init   0x003cb4    program     extern C:\krobot\elec\boards\Interface_Robot\Firmware\lcd.c
        lcd_set_backlight   0x003cd8    program     extern C:\krobot\elec\boards\Interface_Robot\Firmware\lcd.c
           lcd_set_cursor   0x003cc8    program     extern C:\krobot\elec\boards\Interface_Robot\Firmware\lcd.c
                lcd_write   0x003d08    program     extern C:\krobot\elec\boards\Interface_Robot\Firmware\lcd.c
           lcd_write_line   0x003d14    program     extern C:\krobot\elec\boards\Interface_Robot\Firmware\lcd.c
                     loop   0x00425e    program     static                          
                     loop   0x0045aa    program     static                          
                     main   0x00097a    program     extern C:\krobot\elec\boards\Interface_Robot\Firmware\main.c
                   memset   0x00411a    program     extern C:\MCC18\src\traditional\stdclib\memset.asm
                     move   0x0039f2    program     extern C:\krobot\elec\boards\Interface_Robot\Firmware\mcc.c
                 pingAX12   0x0029a6    program     extern C:\krobot\elec\boards\Interface_Robot\Firmware\ax12.c
                  putsI2C   0x004036    program     extern C:\MCC18\src\pmc_common\i2c\i2c_puts.c
              readValue16   0x002b20    program     extern C:\krobot\elec\boards\Interface_Robot\Firmware\ax12.c
               readValue8   0x002a5a    program     extern C:\krobot\elec\boards\Interface_Robot\Firmware\ax12.c
               regWrite16   0x002c08    program     extern C:\krobot\elec\boards\Interface_Robot\Firmware\ax12.c
                regWrite8   0x002c00    program     extern C:\krobot\elec\boards\Interface_Robot\Firmware\ax12.c
                resetAX12   0x002a3a    program     extern C:\krobot\elec\boards\Interface_Robot\Firmware\ax12.c
                    sd000   0x003e99    program     extern C:\krobot\elec\boards\Interface_Robot\Firmware\usb_descriptors.c
                    sd001   0x003e9d    program     extern C:\krobot\elec\boards\Interface_Robot\Firmware\usb_descriptors.c
                    sd002   0x003ec9    program     extern C:\krobot\elec\boards\Interface_Robot\Firmware\usb_descriptors.c
           sendInstPacket   0x002860    program     extern C:\krobot\elec\boards\Interface_Robot\Firmware\ax12.c
                 setParam   0x00296a    program     extern C:\krobot\elec\boards\Interface_Robot\Firmware\ax12.c
            setServoAngle   0x00385a    program     extern C:\krobot\elec\boards\Interface_Robot\Firmware\servo.c
            strcatpgm2ram   0x00414e    program     extern C:\MCC18\src\traditional\stdclib\scatp2r.asm
                     test   0x003f28    program     static                          
         waitStatusPacket   0x002962    program     extern C:\krobot\elec\boards\Interface_Robot\Firmware\ax12.c
             writeValue16   0x002a4c    program     extern C:\krobot\elec\boards\Interface_Robot\Firmware\ax12.c
              writeValue8   0x002a44    program     extern C:\krobot\elec\boards\Interface_Robot\Firmware\ax12.c
                   ADCON0   0x000fc2       data     extern C:\MCC18\src\traditional\proc\p18F4550.asm
               ADCON0bits   0x000fc2       data     extern C:\MCC18\src\traditional\proc\p18F4550.asm
                   ADCON1   0x000fc1       data     extern C:\MCC18\src\traditional\proc\p18F4550.asm
               ADCON1bits   0x000fc1       data     extern C:\MCC18\src\traditional\proc\p18F4550.asm
                   ADCON2   0x000fc0       data     extern C:\MCC18\src\traditional\proc\p18F4550.asm
               ADCON2bits   0x000fc0       data     extern C:\MCC18\src\traditional\proc\p18F4550.asm
                    ADRES   0x000fc3       data     extern C:\MCC18\src\traditional\proc\p18F4550.asm
                   ADRESH   0x000fc4       data     extern C:\MCC18\src\traditional\proc\p18F4550.asm
                   ADRESL   0x000fc3       data     extern C:\MCC18\src\traditional\proc\p18F4550.asm
                  BAUDCON   0x000fb8       data     extern C:\MCC18\src\traditional\proc\p18F4550.asm
              BAUDCONbits   0x000fb8       data     extern C:\MCC18\src\traditional\proc\p18F4550.asm
                      BDT   0x000400       data     extern C:\krobot\elec\boards\Interface_Robot\Firmware\usb_device.c
                      BSR   0x000fe0       data     extern C:\MCC18\src\traditional\proc\p18F4550.asm
       BothEP0OutUOWNsSet   0x000081       data     extern C:\krobot\elec\boards\Interface_Robot\Firmware\usb_device.c
                   CCP1AS   0x000fb6       data     extern C:\MCC18\src\traditional\proc\p18F4550.asm
               CCP1ASbits   0x000fb6       data     extern C:\MCC18\src\traditional\proc\p18F4550.asm
                  CCP1CON   0x000fbd       data     extern C:\MCC18\src\traditional\proc\p18F4550.asm
              CCP1CONbits   0x000fbd       data     extern C:\MCC18\src\traditional\proc\p18F4550.asm
                  CCP1DEL   0x000fb7       data     extern C:\MCC18\src\traditional\proc\p18F4550.asm
              CCP1DELbits   0x000fb7       data     extern C:\MCC18\src\traditional\proc\p18F4550.asm
                  CCP2CON   0x000fba       data     extern C:\MCC18\src\traditional\proc\p18F4550.asm
              CCP2CONbits   0x000fba       data     extern C:\MCC18\src\traditional\proc\p18F4550.asm
                    CCPR1   0x000fbe       data     extern C:\MCC18\src\traditional\proc\p18F4550.asm
                   CCPR1H   0x000fbf       data     extern C:\MCC18\src\traditional\proc\p18F4550.asm
                   CCPR1L   0x000fbe       data     extern C:\MCC18\src\traditional\proc\p18F4550.asm
                    CCPR2   0x000fbb       data     extern C:\MCC18\src\traditional\proc\p18F4550.asm
                   CCPR2H   0x000fbc       data     extern C:\MCC18\src\traditional\proc\p18F4550.asm
                   CCPR2L   0x000fbb       data     extern C:\MCC18\src\traditional\proc\p18F4550.asm
                    CMCON   0x000fb4       data     extern C:\MCC18\src\traditional\proc\p18F4550.asm
                CMCONbits   0x000fb4       data     extern C:\MCC18\src\traditional\proc\p18F4550.asm
                   CVRCON   0x000fb5       data     extern C:\MCC18\src\traditional\proc\p18F4550.asm
               CVRCONbits   0x000fb5       data     extern C:\MCC18\src\traditional\proc\p18F4550.asm
              CtrlTrfData   0x000428       data     extern C:\krobot\elec\boards\Interface_Robot\Firmware\usb_device.c
                     DDRA   0x000f92       data     extern C:\MCC18\src\traditional\proc\p18F4550.asm
                 DDRAbits   0x000f92       data     extern C:\MCC18\src\traditional\proc\p18F4550.asm
                     DDRB   0x000f93       data     extern C:\MCC18\src\traditional\proc\p18F4550.asm
                 DDRBbits   0x000f93       data     extern C:\MCC18\src\traditional\proc\p18F4550.asm
                     DDRC   0x000f94       data     extern C:\MCC18\src\traditional\proc\p18F4550.asm
                 DDRCbits   0x000f94       data     extern C:\MCC18\src\traditional\proc\p18F4550.asm
                     DDRD   0x000f95       data     extern C:\MCC18\src\traditional\proc\p18F4550.asm
                 DDRDbits   0x000f95       data     extern C:\MCC18\src\traditional\proc\p18F4550.asm
                     DDRE   0x000f96       data     extern C:\MCC18\src\traditional\proc\p18F4550.asm
                 DDREbits   0x000f96       data     extern C:\MCC18\src\traditional\proc\p18F4550.asm
            DelayCounter1   0x000037       data     extern C:\MCC18\src\traditional\delays\delayd1.asm
            DelayCounter2   0x000036       data     extern C:\MCC18\src\traditional\delays\delayd2.asm
                  ECCP1AS   0x000fb6       data     extern C:\MCC18\src\traditional\proc\p18F4550.asm
              ECCP1ASbits   0x000fb6       data     extern C:\MCC18\src\traditional\proc\p18F4550.asm
                 ECCP1CON   0x000fbd       data     extern C:\MCC18\src\traditional\proc\p18F4550.asm
             ECCP1CONbits   0x000fbd       data     extern C:\MCC18\src\traditional\proc\p18F4550.asm
                 ECCP1DEL   0x000fb7       data     extern C:\MCC18\src\traditional\proc\p18F4550.asm
             ECCP1DELbits   0x000fb7       data     extern C:\MCC18\src\traditional\proc\p18F4550.asm
                    EEADR   0x000fa9       data     extern C:\MCC18\src\traditional\proc\p18F4550.asm
                   EECON1   0x000fa6       data     extern C:\MCC18\src\traditional\proc\p18F4550.asm
               EECON1bits   0x000fa6       data     extern C:\MCC18\src\traditional\proc\p18F4550.asm
                   EECON2   0x000fa7       data     extern C:\MCC18\src\traditional\proc\p18F4550.asm
                   EEDATA   0x000fa8       data     extern C:\MCC18\src\traditional\proc\p18F4550.asm
                     FSR0   0x000fe9       data     extern C:\MCC18\src\traditional\proc\p18F4550.asm
                    FSR0H   0x000fea       data     extern C:\MCC18\src\traditional\proc\p18F4550.asm
                    FSR0L   0x000fe9       data     extern C:\MCC18\src\traditional\proc\p18F4550.asm
                     FSR1   0x000fe1       data     extern C:\MCC18\src\traditional\proc\p18F4550.asm
                    FSR1H   0x000fe2       data     extern C:\MCC18\src\traditional\proc\p18F4550.asm
                    FSR1L   0x000fe1       data     extern C:\MCC18\src\traditional\proc\p18F4550.asm
                     FSR2   0x000fd9       data     extern C:\MCC18\src\traditional\proc\p18F4550.asm
                    FSR2H   0x000fda       data     extern C:\MCC18\src\traditional\proc\p18F4550.asm
                    FSR2L   0x000fd9       data     extern C:\MCC18\src\traditional\proc\p18F4550.asm
               GIE_Status   0x000141       data     static C:\krobot\elec\boards\Interface_Robot\Firmware\eeprom.c
                  HLVDCON   0x000fd2       data     extern C:\MCC18\src\traditional\proc\p18F4550.asm
              HLVDCONbits   0x000fd2       data     extern C:\MCC18\src\traditional\proc\p18F4550.asm
                  IF1_idx   0x00013d       data     static C:\krobot\elec\boards\Interface_Robot\Firmware\infrared.c
                 IF1range   0x000100       data     extern C:\krobot\elec\boards\Interface_Robot\Firmware\infrared.c
               IF1range_0   0x000110       data     static C:\krobot\elec\boards\Interface_Robot\Firmware\infrared.c
                  IF2_idx   0x00013e       data     static C:\krobot\elec\boards\Interface_Robot\Firmware\infrared.c
                 IF2range   0x000104       data     extern C:\krobot\elec\boards\Interface_Robot\Firmware\infrared.c
               IF2range_0   0x000114       data     static C:\krobot\elec\boards\Interface_Robot\Firmware\infrared.c
                 IF3range   0x000108       data     extern C:\krobot\elec\boards\Interface_Robot\Firmware\infrared.c
               IF3range_0   0x000118       data     static C:\krobot\elec\boards\Interface_Robot\Firmware\infrared.c
                 IF4range   0x00010c       data     extern C:\krobot\elec\boards\Interface_Robot\Firmware\infrared.c
               IF4range_0   0x00011c       data     static C:\krobot\elec\boards\Interface_Robot\Firmware\infrared.c
                    INDF0   0x000fef       data     extern C:\MCC18\src\traditional\proc\p18F4550.asm
                    INDF1   0x000fe7       data     extern C:\MCC18\src\traditional\proc\p18F4550.asm
                    INDF2   0x000fdf       data     extern C:\MCC18\src\traditional\proc\p18F4550.asm
                   INTCON   0x000ff2       data     extern C:\MCC18\src\traditional\proc\p18F4550.asm
                  INTCON2   0x000ff1       data     extern C:\MCC18\src\traditional\proc\p18F4550.asm
              INTCON2bits   0x000ff1       data     extern C:\MCC18\src\traditional\proc\p18F4550.asm
                  INTCON3   0x000ff0       data     extern C:\MCC18\src\traditional\proc\p18F4550.asm
              INTCON3bits   0x000ff0       data     extern C:\MCC18\src\traditional\proc\p18F4550.asm
               INTCONbits   0x000ff2       data     extern C:\MCC18\src\traditional\proc\p18F4550.asm
                     IPR1   0x000f9f       data     extern C:\MCC18\src\traditional\proc\p18F4550.asm
                 IPR1bits   0x000f9f       data     extern C:\MCC18\src\traditional\proc\p18F4550.asm
                     IPR2   0x000fa2       data     extern C:\MCC18\src\traditional\proc\p18F4550.asm
                 IPR2bits   0x000fa2       data     extern C:\MCC18\src\traditional\proc\p18F4550.asm
                     LATA   0x000f89       data     extern C:\MCC18\src\traditional\proc\p18F4550.asm
                 LATAbits   0x000f89       data     extern C:\MCC18\src\traditional\proc\p18F4550.asm
                     LATB   0x000f8a       data     extern C:\MCC18\src\traditional\proc\p18F4550.asm
                 LATBbits   0x000f8a       data     extern C:\MCC18\src\traditional\proc\p18F4550.asm
                     LATC   0x000f8b       data     extern C:\MCC18\src\traditional\proc\p18F4550.asm
                 LATCbits   0x000f8b       data     extern C:\MCC18\src\traditional\proc\p18F4550.asm
                     LATD   0x000f8c       data     extern C:\MCC18\src\traditional\proc\p18F4550.asm
[...]
                    UEP13   0x000f7d       data     extern C:\MCC18\src\traditional\proc\p18F4550.asm
                UEP13bits   0x000f7d       data     extern C:\MCC18\src\traditional\proc\p18F4550.asm
                UEP14bits   0x000f7e       data     extern C:\MCC18\src\traditional\proc\p18F4550.asm
                    UEP14   0x000f7e       data     extern C:\MCC18\src\traditional\proc\p18F4550.asm
                UEP15bits   0x000f7f       data     extern C:\MCC18\src\traditional\proc\p18F4550.asm
                    UEP15   0x000f7f       data     extern C:\MCC18\src\traditional\proc\p18F4550.asm
                    PORTA   0x000f80       data     extern C:\MCC18\src\traditional\proc\p18F4550.asm
                PORTAbits   0x000f80       data     extern C:\MCC18\src\traditional\proc\p18F4550.asm
                    PORTB   0x000f81       data     extern C:\MCC18\src\traditional\proc\p18F4550.asm
                PORTBbits   0x000f81       data     extern C:\MCC18\src\traditional\proc\p18F4550.asm
                    PORTC   0x000f82       data     extern C:\MCC18\src\traditional\proc\p18F4550.asm
                PORTCbits   0x000f82       data     extern C:\MCC18\src\traditional\proc\p18F4550.asm
                    PORTD   0x000f83       data     extern C:\MCC18\src\traditional\proc\p18F4550.asm
                PORTDbits   0x000f83       data     extern C:\MCC18\src\traditional\proc\p18F4550.asm
                PORTEbits   0x000f84       data     extern C:\MCC18\src\traditional\proc\p18F4550.asm
                    PORTE   0x000f84       data     extern C:\MCC18\src\traditional\proc\p18F4550.asm
                     LATA   0x000f89       data     extern C:\MCC18\src\traditional\proc\p18F4550.asm
                 LATAbits   0x000f89       data     extern C:\MCC18\src\traditional\proc\p18F4550.asm
                     LATB   0x000f8a       data     extern C:\MCC18\src\traditional\proc\p18F4550.asm
                 LATBbits   0x000f8a       data     extern C:\MCC18\src\traditional\proc\p18F4550.asm
                     LATC   0x000f8b       data     extern C:\MCC18\src\traditional\proc\p18F4550.asm
                 LATCbits   0x000f8b       data     extern C:\MCC18\src\traditional\proc\p18F4550.asm
                 LATDbits   0x000f8c       data     extern C:\MCC18\src\traditional\proc\p18F4550.asm
                     LATD   0x000f8c       data     extern C:\MCC18\src\traditional\proc\p18F4550.asm
                 LATEbits   0x000f8d       data     extern C:\MCC18\src\traditional\proc\p18F4550.asm
                     LATE   0x000f8d       data     extern C:\MCC18\src\traditional\proc\p18F4550.asm
                TRISAbits   0x000f92       data     extern C:\MCC18\src\traditional\proc\p18F4550.asm
                    TRISA   0x000f92       data     extern C:\MCC18\src\traditional\proc\p18F4550.asm
                 DDRAbits   0x000f92       data     extern C:\MCC18\src\traditional\proc\p18F4550.asm
                     DDRA   0x000f92       data     extern C:\MCC18\src\traditional\proc\p18F4550.asm
                    TRISB   0x000f93       data     extern C:\MCC18\src\traditional\proc\p18F4550.asm
                TRISBbits   0x000f93       data     extern C:\MCC18\src\traditional\proc\p18F4550.asm
                 DDRBbits   0x000f93       data     extern C:\MCC18\src\traditional\proc\p18F4550.asm
                     DDRB   0x000f93       data     extern C:\MCC18\src\traditional\proc\p18F4550.asm
                 DDRCbits   0x000f94       data     extern C:\MCC18\src\traditional\proc\p18F4550.asm
                     DDRC   0x000f94       data     extern C:\MCC18\src\traditional\proc\p18F4550.asm
                    TRISC   0x000f94       data     extern C:\MCC18\src\traditional\proc\p18F4550.asm
                TRISCbits   0x000f94       data     extern C:\MCC18\src\traditional\proc\p18F4550.asm
                    TRISD   0x000f95       data     extern C:\MCC18\src\traditional\proc\p18F4550.asm
                TRISDbits   0x000f95       data     extern C:\MCC18\src\traditional\proc\p18F4550.asm
                 DDRDbits   0x000f95       data     extern C:\MCC18\src\traditional\proc\p18F4550.asm
                     DDRD   0x000f95       data     extern C:\MCC18\src\traditional\proc\p18F4550.asm
                    TRISE   0x000f96       data     extern C:\MCC18\src\traditional\proc\p18F4550.asm
                TRISEbits   0x000f96       data     extern C:\MCC18\src\traditional\proc\p18F4550.asm
                     DDRE   0x000f96       data     extern C:\MCC18\src\traditional\proc\p18F4550.asm
                 DDREbits   0x000f96       data     extern C:\MCC18\src\traditional\proc\p18F4550.asm
                  OSCTUNE   0x000f9b       data     extern C:\MCC18\src\traditional\proc\p18F4550.asm
              OSCTUNEbits   0x000f9b       data     extern C:\MCC18\src\traditional\proc\p18F4550.asm
                     PIE1   0x000f9d       data     extern C:\MCC18\src\traditional\proc\p18F4550.asm
                 PIE1bits   0x000f9d       data     extern C:\MCC18\src\traditional\proc\p18F4550.asm
                 PIR1bits   0x000f9e       data     extern C:\MCC18\src\traditional\proc\p18F4550.asm
                     PIR1   0x000f9e       data     extern C:\MCC18\src\traditional\proc\p18F4550.asm
                 IPR1bits   0x000f9f       data     extern C:\MCC18\src\traditional\proc\p18F4550.asm
                     IPR1   0x000f9f       data     extern C:\MCC18\src\traditional\proc\p18F4550.asm
                 PIE2bits   0x000fa0       data     extern C:\MCC18\src\traditional\proc\p18F4550.asm
                     PIE2   0x000fa0       data     extern C:\MCC18\src\traditional\proc\p18F4550.asm
                 PIR2bits   0x000fa1       data     extern C:\MCC18\src\traditional\proc\p18F4550.asm
                     PIR2   0x000fa1       data     extern C:\MCC18\src\traditional\proc\p18F4550.asm
                 IPR2bits   0x000fa2       data     extern C:\MCC18\src\traditional\proc\p18F4550.asm
                     IPR2   0x000fa2       data     extern C:\MCC18\src\traditional\proc\p18F4550.asm
                   EECON1   0x000fa6       data     extern C:\MCC18\src\traditional\proc\p18F4550.asm
               EECON1bits   0x000fa6       data     extern C:\MCC18\src\traditional\proc\p18F4550.asm
                   EECON2   0x000fa7       data     extern C:\MCC18\src\traditional\proc\p18F4550.asm
                   EEDATA   0x000fa8       data     extern C:\MCC18\src\traditional\proc\p18F4550.asm
                    EEADR   0x000fa9       data     extern C:\MCC18\src\traditional\proc\p18F4550.asm
                    RCSTA   0x000fab       data     extern C:\MCC18\src\traditional\proc\p18F4550.asm
                RCSTAbits   0x000fab       data     extern C:\MCC18\src\traditional\proc\p18F4550.asm
                TXSTAbits   0x000fac       data     extern C:\MCC18\src\traditional\proc\p18F4550.asm
                    TXSTA   0x000fac       data     extern C:\MCC18\src\traditional\proc\p18F4550.asm
                    TXREG   0x000fad       data     extern C:\MCC18\src\traditional\proc\p18F4550.asm
                    RCREG   0x000fae       data     extern C:\MCC18\src\traditional\proc\p18F4550.asm
                    SPBRG   0x000faf       data     extern C:\MCC18\src\traditional\proc\p18F4550.asm
                   SPBRGH   0x000fb0       data     extern C:\MCC18\src\traditional\proc\p18F4550.asm
                T3CONbits   0x000fb1       data     extern C:\MCC18\src\traditional\proc\p18F4550.asm
                    T3CON   0x000fb1       data     extern C:\MCC18\src\traditional\proc\p18F4550.asm
                    TMR3L   0x000fb2       data     extern C:\MCC18\src\traditional\proc\p18F4550.asm
                    TMR3H   0x000fb3       data     extern C:\MCC18\src\traditional\proc\p18F4550.asm
                CMCONbits   0x000fb4       data     extern C:\MCC18\src\traditional\proc\p18F4550.asm
                    CMCON   0x000fb4       data     extern C:\MCC18\src\traditional\proc\p18F4550.asm
               CVRCONbits   0x000fb5       data     extern C:\MCC18\src\traditional\proc\p18F4550.asm
                   CVRCON   0x000fb5       data     extern C:\MCC18\src\traditional\proc\p18F4550.asm
                  ECCP1AS   0x000fb6       data     extern C:\MCC18\src\traditional\proc\p18F4550.asm
              ECCP1ASbits   0x000fb6       data     extern C:\MCC18\src\traditional\proc\p18F4550.asm
               CCP1ASbits   0x000fb6       data     extern C:\MCC18\src\traditional\proc\p18F4550.asm
                   CCP1AS   0x000fb6       data     extern C:\MCC18\src\traditional\proc\p18F4550.asm
              CCP1DELbits   0x000fb7       data     extern C:\MCC18\src\traditional\proc\p18F4550.asm
                  CCP1DEL   0x000fb7       data     extern C:\MCC18\src\traditional\proc\p18F4550.asm
                 ECCP1DEL   0x000fb7       data     extern C:\MCC18\src\traditional\proc\p18F4550.asm
             ECCP1DELbits   0x000fb7       data     extern C:\MCC18\src\traditional\proc\p18F4550.asm
                  BAUDCON   0x000fb8       data     extern C:\MCC18\src\traditional\proc\p18F4550.asm
              BAUDCONbits   0x000fb8       data     extern C:\MCC18\src\traditional\proc\p18F4550.asm
              CCP2CONbits   0x000fba       data     extern C:\MCC18\src\traditional\proc\p18F4550.asm
                  CCP2CON   0x000fba       data     extern C:\MCC18\src\traditional\proc\p18F4550.asm
                    CCPR2   0x000fbb       data     extern C:\MCC18\src\traditional\proc\p18F4550.asm
                   CCPR2L   0x000fbb       data     extern C:\MCC18\src\traditional\proc\p18F4550.asm
                   CCPR2H   0x000fbc       data     extern C:\MCC18\src\traditional\proc\p18F4550.asm
                 ECCP1CON   0x000fbd       data     extern C:\MCC18\src\traditional\proc\p18F4550.asm
             ECCP1CONbits   0x000fbd       data     extern C:\MCC18\src\traditional\proc\p18F4550.asm
              CCP1CONbits   0x000fbd       data     extern C:\MCC18\src\traditional\proc\p18F4550.asm
                  CCP1CON   0x000fbd       data     extern C:\MCC18\src\traditional\proc\p18F4550.asm
                   CCPR1L   0x000fbe       data     extern C:\MCC18\src\traditional\proc\p18F4550.asm
                    CCPR1   0x000fbe       data     extern C:\MCC18\src\traditional\proc\p18F4550.asm
                   CCPR1H   0x000fbf       data     extern C:\MCC18\src\traditional\proc\p18F4550.asm
               ADCON2bits   0x000fc0       data     extern C:\MCC18\src\traditional\proc\p18F4550.asm
                   ADCON2   0x000fc0       data     extern C:\MCC18\src\traditional\proc\p18F4550.asm
               ADCON1bits   0x000fc1       data     extern C:\MCC18\src\traditional\proc\p18F4550.asm
                   ADCON1   0x000fc1       data     extern C:\MCC18\src\traditional\proc\p18F4550.asm
                   ADCON0   0x000fc2       data     extern C:\MCC18\src\traditional\proc\p18F4550.asm
               ADCON0bits   0x000fc2       data     extern C:\MCC18\src\traditional\proc\p18F4550.asm
                    ADRES   0x000fc3       data     extern C:\MCC18\src\traditional\proc\p18F4550.asm
                   ADRESL   0x000fc3       data     extern C:\MCC18\src\traditional\proc\p18F4550.asm
                   ADRESH   0x000fc4       data     extern C:\MCC18\src\traditional\proc\p18F4550.asm
                  SSPCON2   0x000fc5       data     extern C:\MCC18\src\traditional\proc\p18F4550.asm
              SSPCON2bits   0x000fc5       data     extern C:\MCC18\src\traditional\proc\p18F4550.asm
                  SSPCON1   0x000fc6       data     extern C:\MCC18\src\traditional\proc\p18F4550.asm
              SSPCON1bits   0x000fc6       data     extern C:\MCC18\src\traditional\proc\p18F4550.asm
                  SSPSTAT   0x000fc7       data     extern C:\MCC18\src\traditional\proc\p18F4550.asm
              SSPSTATbits   0x000fc7       data     extern C:\MCC18\src\traditional\proc\p18F4550.asm
                   SSPADD   0x000fc8       data     extern C:\MCC18\src\traditional\proc\p18F4550.asm
                   SSPBUF   0x000fc9       data     extern C:\MCC18\src\traditional\proc\p18F4550.asm
                    T2CON   0x000fca       data     extern C:\MCC18\src\traditional\proc\p18F4550.asm
                T2CONbits   0x000fca       data     extern C:\MCC18\src\traditional\proc\p18F4550.asm
                      PR2   0x000fcb       data     extern C:\MCC18\src\traditional\proc\p18F4550.asm
                     TMR2   0x000fcc       data     extern C:\MCC18\src\traditional\proc\p18F4550.asm
                T1CONbits   0x000fcd       data     extern C:\MCC18\src\traditional\proc\p18F4550.asm
                    T1CON   0x000fcd       data     extern C:\MCC18\src\traditional\proc\p18F4550.asm
                    TMR1L   0x000fce       data     extern C:\MCC18\src\traditional\proc\p18F4550.asm
                    TMR1H   0x000fcf       data     extern C:\MCC18\src\traditional\proc\p18F4550.asm
                     RCON   0x000fd0       data     extern C:\MCC18\src\traditional\proc\p18F4550.asm
                 RCONbits   0x000fd0       data     extern C:\MCC18\src\traditional\proc\p18F4550.asm
                   WDTCON   0x000fd1       data     extern C:\MCC18\src\traditional\proc\p18F4550.asm
               WDTCONbits   0x000fd1       data     extern C:\MCC18\src\traditional\proc\p18F4550.asm
                  HLVDCON   0x000fd2       data     extern C:\MCC18\src\traditional\proc\p18F4550.asm
              HLVDCONbits   0x000fd2       data     extern C:\MCC18\src\traditional\proc\p18F4550.asm
                   LVDCON   0x000fd2       data     extern C:\MCC18\src\traditional\proc\p18F4550.asm
               LVDCONbits   0x000fd2       data     extern C:\MCC18\src\traditional\proc\p18F4550.asm
                   OSCCON   0x000fd3       data     extern C:\MCC18\src\traditional\proc\p18F4550.asm
               OSCCONbits   0x000fd3       data     extern C:\MCC18\src\traditional\proc\p18F4550.asm
                T0CONbits   0x000fd5       data     extern C:\MCC18\src\traditional\proc\p18F4550.asm
                    T0CON   0x000fd5       data     extern C:\MCC18\src\traditional\proc\p18F4550.asm
                    TMR0L   0x000fd6       data     extern C:\MCC18\src\traditional\proc\p18F4550.asm
                    TMR0H   0x000fd7       data     extern C:\MCC18\src\traditional\proc\p18F4550.asm
                   STATUS   0x000fd8       data     extern C:\MCC18\src\traditional\proc\p18F4550.asm
               STATUSbits   0x000fd8       data     extern C:\MCC18\src\traditional\proc\p18F4550.asm
                    FSR2L   0x000fd9       data     extern C:\MCC18\src\traditional\proc\p18F4550.asm
                     FSR2   0x000fd9       data     extern C:\MCC18\src\traditional\proc\p18F4550.asm
                    FSR2H   0x000fda       data     extern C:\MCC18\src\traditional\proc\p18F4550.asm
                   PLUSW2   0x000fdb       data     extern C:\MCC18\src\traditional\proc\p18F4550.asm
                  PREINC2   0x000fdc       data     extern C:\MCC18\src\traditional\proc\p18F4550.asm
                 POSTDEC2   0x000fdd       data     extern C:\MCC18\src\traditional\proc\p18F4550.asm
                 POSTINC2   0x000fde       data     extern C:\MCC18\src\traditional\proc\p18F4550.asm
                    INDF2   0x000fdf       data     extern C:\MCC18\src\traditional\proc\p18F4550.asm
                      BSR   0x000fe0       data     extern C:\MCC18\src\traditional\proc\p18F4550.asm
                     FSR1   0x000fe1       data     extern C:\MCC18\src\traditional\proc\p18F4550.asm
                    FSR1L   0x000fe1       data     extern C:\MCC18\src\traditional\proc\p18F4550.asm
                    FSR1H   0x000fe2       data     extern C:\MCC18\src\traditional\proc\p18F4550.asm
                   PLUSW1   0x000fe3       data     extern C:\MCC18\src\traditional\proc\p18F4550.asm
                  PREINC1   0x000fe4       data     extern C:\MCC18\src\traditional\proc\p18F4550.asm
                 POSTDEC1   0x000fe5       data     extern C:\MCC18\src\traditional\proc\p18F4550.asm
                 POSTINC1   0x000fe6       data     extern C:\MCC18\src\traditional\proc\p18F4550.asm
                    INDF1   0x000fe7       data     extern C:\MCC18\src\traditional\proc\p18F4550.asm
                     WREG   0x000fe8       data     extern C:\MCC18\src\traditional\proc\p18F4550.asm
                     FSR0   0x000fe9       data     extern C:\MCC18\src\traditional\proc\p18F4550.asm
                    FSR0L   0x000fe9       data     extern C:\MCC18\src\traditional\proc\p18F4550.asm
                    FSR0H   0x000fea       data     extern C:\MCC18\src\traditional\proc\p18F4550.asm
                   PLUSW0   0x000feb       data     extern C:\MCC18\src\traditional\proc\p18F4550.asm
                  PREINC0   0x000fec       data     extern C:\MCC18\src\traditional\proc\p18F4550.asm
                 POSTDEC0   0x000fed       data     extern C:\MCC18\src\traditional\proc\p18F4550.asm
                 POSTINC0   0x000fee       data     extern C:\MCC18\src\traditional\proc\p18F4550.asm
                    INDF0   0x000fef       data     extern C:\MCC18\src\traditional\proc\p18F4550.asm
              INTCON3bits   0x000ff0       data     extern C:\MCC18\src\traditional\proc\p18F4550.asm
                  INTCON3   0x000ff0       data     extern C:\MCC18\src\traditional\proc\p18F4550.asm
              INTCON2bits   0x000ff1       data     extern C:\MCC18\src\traditional\proc\p18F4550.asm
                  INTCON2   0x000ff1       data     extern C:\MCC18\src\traditional\proc\p18F4550.asm
               INTCONbits   0x000ff2       data     extern C:\MCC18\src\traditional\proc\p18F4550.asm
                   INTCON   0x000ff2       data     extern C:\MCC18\src\traditional\proc\p18F4550.asm
                    PRODL   0x000ff3       data     extern C:\MCC18\src\traditional\proc\p18F4550.asm
                     PROD   0x000ff3       data     extern C:\MCC18\src\traditional\proc\p18F4550.asm
                    PRODH   0x000ff4       data     extern C:\MCC18\src\traditional\proc\p18F4550.asm
                   TABLAT   0x000ff5       data     extern C:\MCC18\src\traditional\proc\p18F4550.asm
                  TBLPTRL   0x000ff6       data     extern C:\MCC18\src\traditional\proc\p18F4550.asm
                   TBLPTR   0x000ff6       data     extern C:\MCC18\src\traditional\proc\p18F4550.asm
                  TBLPTRH   0x000ff7       data     extern C:\MCC18\src\traditional\proc\p18F4550.asm
                  TBLPTRU   0x000ff8       data     extern C:\MCC18\src\traditional\proc\p18F4550.asm
                       PC   0x000ff9       data     extern C:\MCC18\src\traditional\proc\p18F4550.asm
                      PCL   0x000ff9       data     extern C:\MCC18\src\traditional\proc\p18F4550.asm
                   PCLATH   0x000ffa       data     extern C:\MCC18\src\traditional\proc\p18F4550.asm
                   PCLATU   0x000ffb       data     extern C:\MCC18\src\traditional\proc\p18F4550.asm
                   STKPTR   0x000ffc       data     extern C:\MCC18\src\traditional\proc\p18F4550.asm
               STKPTRbits   0x000ffc       data     extern C:\MCC18\src\traditional\proc\p18F4550.asm
                      TOS   0x000ffd       data     extern C:\MCC18\src\traditional\proc\p18F4550.asm
                     TOSL   0x000ffd       data     extern C:\MCC18\src\traditional\proc\p18F4550.asm
                     TOSH   0x000ffe       data     extern C:\MCC18\src\traditional\proc\p18F4550.asm
                     TOSU   0x000fff       data     extern C:\MCC18\src\traditional\proc\p18F4550.asm


