MPLINK 4.21, Linker
Linker Map File - Created Sun Oct 18 15:42:40 2009

                                 Section Info
                  Section       Type    Address   Location Size(Bytes)
                ---------  ---------  ---------  ---------  ---------
               _entry_scn       code   0x000000    program   0x000006
    HIGH_INTERRUPT_VECTOR       code   0x000008    program   0x000006
     LOW_INTERRUPT_VECTOR       code   0x000018    program   0x000006
    REMAPPED_RESET_VECTOR       code   0x000800    program   0x000006
REMAPPED_HIGH_INTERRUPT_VECTOR       code   0x000808    program   0x000006
REMAPPED_LOW_INTERRUPT_VECTOR       code   0x000818    program   0x000006
                   .cinit    romdata   0x00082a    program   0x000026
      .code_rangefinder.o       code   0x000850    program   0x001aa0
             .code_main.o       code   0x0022f0    program   0x000d90
       .code_usb_device.o       code   0x003080    program   0x000b4c
                     PROG       code   0x003bcc    program   0x000532
 .code_usb_function_hid.o       code   0x0040fe    program   0x0000ce
.romdata_usb_descriptors.o    romdata   0x0041cc    program   0x0000b2
               _cinit_scn       code   0x00427e    program   0x00009e
          .code_fxm3232.o       code   0x00431c    program   0x000070
                   STRING       code   0x00438c    program   0x00006c
           .code_eeprom.o       code   0x0043f8    program   0x00006c
           .code_t1open.o       code   0x004464    program   0x000042
           .code_t1read.o       code   0x0044a6    program   0x00003e
             .stringtable    romdata   0x0044e4    program   0x00003a
          .code_t1write.o       code   0x00451e    program   0x000038
            .code_error.o       code   0x004556    program   0x000036
             D10KTCYXCODE       code   0x00458c    program   0x00002e
         .code_fxd1616u.o       code   0x0045ba    program   0x00002c
             _startup_scn       code   0x0045e6    program   0x00001c
              D10TCYXCODE       code   0x004602    program   0x000016
                    .code       code   0x004618    program   0x00000e
           .code___init.o       code   0x004626    program   0x000002
      .romdata_fxd1616u.o    romdata   0x004628    program   0x000000
       .romdata_fxm3232.o    romdata   0x004628    program   0x000000
        .idata_t1open.o_i    romdata   0x004628    program   0x000000
        .romdata_t1open.o    romdata   0x004628    program   0x000000
        .idata_t1read.o_i    romdata   0x004628    program   0x000000
        .romdata_t1read.o    romdata   0x004628    program   0x000000
        .romdata___init.o    romdata   0x004628    program   0x000000
       .romdata_t1write.o    romdata   0x004628    program   0x000000
       .idata_t1write.o_i    romdata   0x004628    program   0x000000
         .romdata_c018i.o    romdata   0x004628    program   0x000000
         .romdata_error.o    romdata   0x004628    program   0x000000
.idata_usb_descriptors.o_i    romdata   0x004628    program   0x000000
.romdata_usb_function_hid.o    romdata   0x004628    program   0x000000
.idata_usb_function_hid.o_i    romdata   0x004628    program   0x000000
    .romdata_usb_device.o    romdata   0x004628    program   0x000000
    .idata_usb_device.o_i    romdata   0x004628    program   0x000000
   .romdata_rangefinder.o    romdata   0x004628    program   0x000000
   .idata_rangefinder.o_i    romdata   0x004628    program   0x000033
        .romdata_eeprom.o    romdata   0x004628    program   0x000000
          .romdata_main.o    romdata   0x004628    program   0x000000
          .idata_main.o_i    romdata   0x00465b    program   0x00000c
       .idata_fxm3232.o_i    romdata   0x004667    program   0x000000
         .idata_error.o_i    romdata   0x004667    program   0x000021
      .idata_fxd1616u.o_i    romdata   0x004667    program   0x000000
        .idata_eeprom.o_i    romdata   0x004688    program   0x000000
  .code_usb_descriptors.o       code   0x004688    program   0x000000
        .idata___init.o_i    romdata   0x004688    program   0x000000
            .code_c018i.o       code   0x004688    program   0x000000
         .idata_c018i.o_i    romdata   0x004688    program   0x000000
                 .tmpdata      udata   0x000000       data   0x00001c
                MATH_DATA      udata   0x00001c       data   0x000014
                DELAYDAT2      udata   0x000030       data   0x000001
                DELAYDAT1      udata   0x000031       data   0x000001
     .udata_rangefinder.o      udata   0x000060       data   0x000078
      .udata_usb_device.o      udata   0x0000d8       data   0x000026
.udata_usb_function_hid.o      udata   0x0000fe       data   0x000002
     .idata_rangefinder.o      idata   0x000100       data   0x000033
           .idata_error.o      idata   0x000133       data   0x000021
            .idata_main.o      idata   0x000154       data   0x00000c
           .udata_c018i.o      udata   0x000160       data   0x00000a
            .udata_main.o      udata   0x00016a       data   0x000005
          .udata_eeprom.o      udata   0x00016f       data   0x000001
         .udata_t1write.o      udata   0x000170       data   0x000000
          .idata_t1read.o      idata   0x000170       data   0x000000
         .idata_t1write.o      idata   0x000170       data   0x000000
          .udata_t1read.o      udata   0x000170       data   0x000000
          .idata_t1open.o      idata   0x000170       data   0x000000
          .udata___init.o      udata   0x000170       data   0x000000
          .udata_t1open.o      udata   0x000170       data   0x000000
         .idata_fxm3232.o      idata   0x000170       data   0x000000
         .udata_fxm3232.o      udata   0x000170       data   0x000000
          .idata___init.o      idata   0x000170       data   0x000000
        .idata_fxd1616u.o      idata   0x000170       data   0x000000
        .udata_fxd1616u.o      udata   0x000170       data   0x000000
           .udata_error.o      udata   0x000170       data   0x000000
.idata_usb_function_hid.o      idata   0x000170       data   0x000000
      .idata_usb_device.o      idata   0x000170       data   0x000000
          .idata_eeprom.o      idata   0x000170       data   0x000000
 .idata_usb_descriptors.o      idata   0x000170       data   0x000000
 .udata_usb_descriptors.o      udata   0x000170       data   0x000000
           .idata_c018i.o      idata   0x000170       data   0x000000
                   .stack      udata   0x000300       data   0x000100
                  USB_BDT      udata   0x000400       data   0x000036
            USB_VARIABLES      udata   0x000500       data   0x000080
            SFR_UNBANKED0      udata   0x000f62       data   0x00009e



                              Program Memory Usage 
                               Start         End      
                           ---------   ---------      
                            0x000000    0x000005      
                            0x000008    0x00000d      
                            0x000018    0x00001d      
                            0x000800    0x000805      
                            0x000808    0x00080d      
                            0x000818    0x00081d      
                            0x00082a    0x004687      
            16002 out of 33048 program addresses used, program memory utilization is 48%



                              Symbols - Sorted by Name
                     Name    Address   Location    Storage File                     
                ---------  ---------  ---------  --------- ---------                
           BlinkUSBStatus   0x002e36    program     extern C:\krobot\USB_Module\Proximity_Sensor\Firmware\main.c
                   D10K_1   0x004598    program     static C:\MCC18\src\traditional\delays\d10ktcyx.asm
                    D10Kl   0x0045a4    program     static C:\MCC18\src\traditional\delays\d10ktcyx.asm
                    D10Kx   0x004596    program     static C:\MCC18\src\traditional\delays\d10ktcyx.asm
                    D10_1   0x004612    program     static C:\MCC18\src\traditional\delays\d10tcyx.asm
                     D10x   0x00460a    program     static C:\MCC18\src\traditional\delays\d10tcyx.asm
                   D1616S   0x003efc    program     static C:\MCC18\src\traditional\math\fxd1616s.asm
                D1616SNEG   0x003f0a    program     static C:\MCC18\src\traditional\math\fxd1616s.asm
                 D1616SOK   0x003f06    program     static C:\MCC18\src\traditional\math\fxd1616s.asm
                  D1616SX   0x003f1c    program     static C:\MCC18\src\traditional\math\fxd1616s.asm
                  DA1616S   0x003eec    program     static C:\MCC18\src\traditional\math\fxd1616s.asm
             Delay10KTCYx   0x00458c    program     extern C:\MCC18\src\traditional\delays\d10ktcyx.asm
              Delay10TCYx   0x004602    program     extern C:\MCC18\src\traditional\delays\d10tcyx.asm
                 FLO1632S   0x003bd0    program     extern C:\MCC18\src\traditional\math\cast16FP.asm
                 FLO1632U   0x003bcc    program     extern C:\MCC18\src\traditional\math\cast16FP.asm
                 FLO3232S   0x003bfa    program     extern C:\MCC18\src\traditional\math\cast32FP.asm
                 FLO3232U   0x003bf6    program     extern C:\MCC18\src\traditional\math\cast32FP.asm
                    FPA32   0x003c2e    program     extern C:\MCC18\src\traditional\math\addFP.asm
                    FPD32   0x003d5a    program     extern C:\MCC18\src\traditional\math\divFP.asm
                    FPM32   0x003e00    program     extern C:\MCC18\src\traditional\math\mulFP.asm
                    FPS32   0x003c2c    program     extern C:\MCC18\src\traditional\math\addFP.asm
                 FXD1616S   0x003eda    program     extern C:\MCC18\src\traditional\math\fxd1616s.asm
                 FXD1616U   0x0045ba    program     extern C:\MCC18\src\traditional\math\fxd1616u.c
                  FXM3232   0x00431c    program     extern C:\MCC18\src\traditional\math\fxm3232.c
                 High_ISR   0x000008    program     extern C:\krobot\USB_Module\Proximity_Sensor\Firmware\main.c
                  INT3216   0x003f26    program     extern C:\MCC18\src\traditional\math\castFP16.asm
                  INT3232   0x003f84    program     extern C:\MCC18\src\traditional\math\castFP32.asm
         InitializeSystem   0x0023f6    program     static C:\krobot\USB_Module\Proximity_Sensor\Firmware\main.c
                  Low_ISR   0x000018    program     extern C:\krobot\USB_Module\Proximity_Sensor\Firmware\main.c
               OpenTimer1   0x004464    program     extern C:\MCC18\src\pmc_common\Timers\t1open.c
                ProcessIO   0x00255c    program     extern C:\krobot\USB_Module\Proximity_Sensor\Firmware\main.c
               ReadEEPROM   0x004438    program     extern C:\krobot\USB_Module\Proximity_Sensor\Firmware\eeprom.c
               ReadTimer1   0x0044a6    program     extern C:\MCC18\src\pmc_common\Timers\t1read.c
        Remapped_High_ISR   0x000808    program     extern C:\krobot\USB_Module\Proximity_Sensor\Firmware\main.c
         Remapped_Low_ISR   0x000818    program     extern C:\krobot\USB_Module\Proximity_Sensor\Firmware\main.c
              ResetSource   0x002fac    program     extern C:\krobot\USB_Module\Proximity_Sensor\Firmware\main.c
       USBCBCheckOtherReq   0x002ebc    program     extern C:\krobot\USB_Module\Proximity_Sensor\Firmware\main.c
        USBCBErrorHandler   0x002eba    program     extern C:\krobot\USB_Module\Proximity_Sensor\Firmware\main.c
              USBCBInitEP   0x002ec2    program     extern C:\krobot\USB_Module\Proximity_Sensor\Firmware\main.c
          USBCBSendResume   0x002efa    program     extern C:\krobot\USB_Module\Proximity_Sensor\Firmware\main.c
    USBCBStdSetDscHandler   0x002ec0    program     extern C:\krobot\USB_Module\Proximity_Sensor\Firmware\main.c
             USBCBSuspend   0x002eb4    program     extern C:\krobot\USB_Module\Proximity_Sensor\Firmware\main.c
     USBCBWakeFromSuspend   0x002eb6    program     extern C:\krobot\USB_Module\Proximity_Sensor\Firmware\main.c
        USBCB_SOF_Handler   0x002eb8    program     extern C:\krobot\USB_Module\Proximity_Sensor\Firmware\main.c
       USBCheckHIDRequest   0x0040fe    program     extern C:\krobot\USB_Module\Proximity_Sensor\Firmware\usb_function_hid.c
       USBCheckStdRequest   0x0033d4    program     extern C:\krobot\USB_Module\Proximity_Sensor\Firmware\usb_device.c
    USBClearInterruptFlag   0x00398a    program     extern C:\krobot\USB_Module\Proximity_Sensor\Firmware\usb_device.c
     USBConfigureEndpoint   0x003846    program     extern C:\krobot\USB_Module\Proximity_Sensor\Firmware\usb_device.c
         USBCtrlEPService   0x00325e    program     extern C:\krobot\USB_Module\Proximity_Sensor\Firmware\usb_device.c
 USBCtrlEPServiceComplete   0x00363e    program     extern C:\krobot\USB_Module\Proximity_Sensor\Firmware\usb_device.c
      USBCtrlTrfInHandler   0x003332    program     extern C:\krobot\USB_Module\Proximity_Sensor\Firmware\usb_device.c
     USBCtrlTrfOutHandler   0x003316    program     extern C:\krobot\USB_Module\Proximity_Sensor\Firmware\usb_device.c
      USBCtrlTrfRxService   0x003758    program     extern C:\krobot\USB_Module\Proximity_Sensor\Firmware\usb_device.c
   USBCtrlTrfSetupHandler   0x0032f2    program     extern C:\krobot\USB_Module\Proximity_Sensor\Firmware\usb_device.c
      USBCtrlTrfTxService   0x0036b2    program     extern C:\krobot\USB_Module\Proximity_Sensor\Firmware\usb_device.c
            USBDeviceInit   0x003080    program     extern C:\krobot\USB_Module\Proximity_Sensor\Firmware\usb_device.c
           USBDeviceTasks   0x0030ec    program     extern C:\krobot\USB_Module\Proximity_Sensor\Firmware\usb_device.c
        USBEnableEndpoint   0x0038be    program     extern C:\krobot\USB_Module\Proximity_Sensor\Firmware\usb_device.c
USBPrepareForNextSetupTrf   0x00338c    program     extern C:\krobot\USB_Module\Proximity_Sensor\Firmware\usb_device.c
         USBStallEndpoint   0x0038f8    program     extern C:\krobot\USB_Module\Proximity_Sensor\Firmware\usb_device.c
          USBStallHandler   0x00320e    program     extern C:\krobot\USB_Module\Proximity_Sensor\Firmware\usb_device.c
  USBStdFeatureReqHandler   0x00347c    program     extern C:\krobot\USB_Module\Proximity_Sensor\Firmware\usb_device.c
      USBStdGetDscHandler   0x00353e    program     extern C:\krobot\USB_Module\Proximity_Sensor\Firmware\usb_device.c
   USBStdGetStatusHandler   0x0035c0    program     extern C:\krobot\USB_Module\Proximity_Sensor\Firmware\usb_device.c
      USBStdSetCfgHandler   0x003810    program     extern C:\krobot\USB_Module\Proximity_Sensor\Firmware\usb_device.c
               USBSuspend   0x003234    program     extern C:\krobot\USB_Module\Proximity_Sensor\Firmware\usb_device.c
     USBTransferOnePacket   0x003922    program     extern C:\krobot\USB_Module\Proximity_Sensor\Firmware\usb_device.c
       USBWakeFromSuspend   0x003246    program     extern C:\krobot\USB_Module\Proximity_Sensor\Firmware\usb_device.c
               USB_CD_Ptr   0x004276    program     extern C:\krobot\USB_Module\Proximity_Sensor\Firmware\usb_descriptors.c
               USB_SD_Ptr   0x004278    program     extern C:\krobot\USB_Module\Proximity_Sensor\Firmware\usb_descriptors.c
USER_USB_CALLBACK_EVENT_HANDLER   0x002f16    program     extern C:\krobot\USB_Module\Proximity_Sensor\Firmware\main.c
                 UserInit   0x002400    program     extern C:\krobot\USB_Module\Proximity_Sensor\Firmware\main.c
              WriteEEPROM   0x0043f8    program     extern C:\krobot\USB_Module\Proximity_Sensor\Firmware\eeprom.c
              WriteTimer1   0x00451e    program     extern C:\MCC18\src\pmc_common\Timers\t1write.c
  YourHighPriorityISRCode   0x0022f0    program     extern C:\krobot\USB_Module\Proximity_Sensor\Firmware\main.c
   YourLowPriorityISRCode   0x0023a6    program     extern C:\krobot\USB_Module\Proximity_Sensor\Firmware\main.c
              _2jContinue   0x0043ac    program     static C:\MCC18\src\traditional\stdclib\memset.asm
                   _3jEnd   0x0043b6    program     static C:\MCC18\src\traditional\stdclib\memset.asm
       _D10KTCYXCODE_0010   0x00459c    program     static C:\MCC18\src\traditional\delays\d10ktcyx.asm
       _D10KTCYXCODE_001C   0x0045a8    program     static C:\MCC18\src\traditional\delays\d10ktcyx.asm
        _D10TCYXCODE_000A   0x00460c    program     static C:\MCC18\src\traditional\delays\d10tcyx.asm
        _D10TCYXCODE_000C   0x00460e    program     static C:\MCC18\src\traditional\delays\d10tcyx.asm
        _D10TCYXCODE_000E   0x004610    program     static C:\MCC18\src\traditional\delays\d10tcyx.asm
                 __FpExit   0x003ffe    program     extern C:\MCC18\src\traditional\math\packFP.asm
                 __FpPack   0x00402a    program     extern C:\MCC18\src\traditional\math\packFP.asm
            __FpReturnNaN   0x003ff2    program     extern C:\MCC18\src\traditional\math\packFP.asm
         __FpReturnNegInf   0x004004    program     extern C:\MCC18\src\traditional\math\packFP.asm
        __FpReturnNegZero   0x00401c    program     extern C:\MCC18\src\traditional\math\packFP.asm
         __FpReturnPosInf   0x00400a    program     extern C:\MCC18\src\traditional\math\packFP.asm
        __FpReturnPosZero   0x004024    program     extern C:\MCC18\src\traditional\math\packFP.asm
        __FpReturnSignInf   0x004000    program     extern C:\MCC18\src\traditional\math\packFP.asm
       __FpReturnSignZero   0x004018    program     extern C:\MCC18\src\traditional\math\packFP.asm
              __FpReturnW   0x004082    program     extern C:\MCC18\src\traditional\math\packFP.asm
              __FpUnPackA   0x0040a2    program     extern C:\MCC18\src\traditional\math\UnpackFP.asm
              __FpUnPackB   0x0040d2    program     extern C:\MCC18\src\traditional\math\UnpackFP.asm
           ___?:_lbl00022   0x0025a0    program     static                          
           ___?:_lbl00023   0x002590    program     static                          
           ___?:_lbl00034   0x002692    program     static                          
           ___?:_lbl00035   0x002682    program     static                          
           ___?:_lbl00048   0x002824    program     static                          
           ___?:_lbl00049   0x002814    program     static                          
           ___?:_lbl00053   0x002888    program     static                          
           ___?:_lbl00054   0x002878    program     static                          
           ___?:_lbl00083   0x002dbc    program     static                          
           ___?:_lbl00084   0x002dac    program     static                          
      ___case_-1_lbl00129   0x002f96    program     static                          
       ___case_0_lbl00033   0x002646    program     static                          
       ___case_0_lbl00051   0x002848    program     static                          
       ___case_0_lbl00056   0x0028cc    program     static                          
       ___case_0_lbl00071   0x002c8c    program     static                          
       ___case_0_lbl00078   0x002d50    program     static                          
       ___case_1_lbl00042   0x002676    program     static                          
       ___case_1_lbl00052   0x00284c    program     static                          
       ___case_1_lbl00057   0x0028d2    program     static                          
       ___case_1_lbl00072   0x002cac    program     static                          
       ___case_1_lbl00079   0x002d64    program     static                          
       ___case_1_lbl00130   0x002f9a    program     static                          
      ___case_21_lbl00123   0x002f7e    program     static                          
      ___case_22_lbl00124   0x002f82    program     static                          
      ___case_23_lbl00125   0x002f86    program     static                          
       ___case_2_lbl00043   0x0027ca    program     static                          
       ___case_2_lbl00058   0x002902    program     static                          
       ___case_2_lbl00069   0x00286c    program     static                          
       ___case_2_lbl00073   0x002ccc    program     static                          
       ___case_2_lbl00080   0x002d6c    program     static                          
       ___case_2_lbl00126   0x002f8a    program     static                          
       ___case_3_lbl00059   0x002986    program     static                          
       ___case_3_lbl00074   0x002cec    program     static                          
       ___case_3_lbl00128   0x002f92    program     static                          
       ___case_4_lbl00060   0x00299c    program     static                          
       ___case_4_lbl00127   0x002f8e    program     static                          
       ___case_5_lbl00064   0x0029b2    program     static                          
       ___case_6_lbl00076   0x002c76    program     static                          
       ___case_8_lbl00065   0x002a78    program     static                          
       ___case_8_lbl00082   0x002d3e    program     static                          
       ___case_9_lbl00066   0x002b36    program     static                          
      ___default_lbl00047   0x002804    program     static                          
      ___default_lbl00067   0x002c20    program     static                          
      ___default_lbl00075   0x002d0c    program     static                          
      ___default_lbl00081   0x002d76    program     static                          
      ___default_lbl00086   0x002da0    program     static                          
      ___default_lbl00131   0x002f9e    program     static                          
         ___else_lbl00027   0x002624    program     static                          
         ___else_lbl00031   0x002670    program     static                          
         ___else_lbl00045   0x0027fe    program     static                          
          ___for_lbl00061   0x002a70    program     static                          
          ___for_lbl00062   0x002a76    program     static                          
          ___for_lbl00063   0x0029b6    program     static                          
           ___if_lbl00019   0x002572    program     static                          
           ___if_lbl00021   0x002584    program     static                          
           ___if_lbl00025   0x002632    program     static                          
           ___if_lbl00026   0x002632    program     static                          
           ___if_lbl00028   0x002632    program     static                          
           ___if_lbl00030   0x002674    program     static                          
           ___if_lbl00032   0x002674    program     static                          
           ___if_lbl00038   0x0027c8    program     static                          
           ___if_lbl00039   0x0027c8    program     static                          
           ___if_lbl00040   0x0027c8    program     static                          
           ___if_lbl00041   0x0027c8    program     static                          
           ___if_lbl00044   0x002802    program     static                          
           ___if_lbl00046   0x002802    program     static                          
           ___if_lbl00068   0x002c74    program     static                          
           ___if_lbl00085   0x002e22    program     static                          
           ___if_lbl00087   0x002e22    program     static                          
       ___return_lbl00000   0x000004    program     static                          
       ___return_lbl00000   0x00438a    program     static                          
       ___return_lbl00000   0x0045e4    program     static                          
       ___return_lbl00000   0x000804    program     static                          
       ___return_lbl00001   0x004600    program     static                          
       ___return_lbl00001   0x00080c    program     static                          
       ___return_lbl00002   0x00431a    program     static                          
       ___return_lbl00002   0x00081c    program     static                          
       ___return_lbl00003   0x00000c    program     static                          
       ___return_lbl00004   0x00001c    program     static                          
       ___return_lbl00018   0x002e22    program     static                          
       ___return_lbl00031   0x000ef0    program     static                          
       ___return_lbl00121   0x002fa4    program     static                          
   ___switchexit_lbl00029   0x002808    program     static                          
   ___switchexit_lbl00050   0x002e22    program     static                          
   ___switchexit_lbl00055   0x002c26    program     static                          
   ___switchexit_lbl00070   0x002d16    program     static                          
   ___switchexit_lbl00077   0x002d78    program     static                          
   ___switchexit_lbl00122   0x002fa0    program     static                          
                   __init   0x004626    program     extern C:\MCC18\src\traditional\stdclib\__init.c
                   __pa_0   0x00457e    program     static C:\krobot\USB_Module\Proximity_Sensor\Firmware\error.c
                   __pa_0   0x0039b4    program     static C:\krobot\USB_Module\Proximity_Sensor\Firmware\usb_device.c
                   __pa_0   0x003004    program     static C:\krobot\USB_Module\Proximity_Sensor\Firmware\main.c
                   __pa_0   0x004454    program     static C:\krobot\USB_Module\Proximity_Sensor\Firmware\eeprom.c
                   __pa_0   0x001bc0    program     static C:\krobot\USB_Module\Proximity_Sensor\Firmware\rangefinder.c
                   __pa_1   0x001bde    program     static C:\krobot\USB_Module\Proximity_Sensor\Firmware\rangefinder.c
                   __pa_1   0x00300e    program     static C:\krobot\USB_Module\Proximity_Sensor\Firmware\main.c
                   __pa_1   0x0039c2    program     static C:\krobot\USB_Module\Proximity_Sensor\Firmware\usb_device.c
                  __pa_10   0x003a12    program     static C:\krobot\USB_Module\Proximity_Sensor\Firmware\usb_device.c
                  __pa_10   0x001d0c    program     static C:\krobot\USB_Module\Proximity_Sensor\Firmware\rangefinder.c
                 __pa_100   0x002244    program     static C:\krobot\USB_Module\Proximity_Sensor\Firmware\rangefinder.c
                 __pa_101   0x00224a    program     static C:\krobot\USB_Module\Proximity_Sensor\Firmware\rangefinder.c
                 __pa_102   0x00225c    program     static C:\krobot\USB_Module\Proximity_Sensor\Firmware\rangefinder.c
                 __pa_103   0x002268    program     static C:\krobot\USB_Module\Proximity_Sensor\Firmware\rangefinder.c
                 __pa_104   0x00226e    program     static C:\krobot\USB_Module\Proximity_Sensor\Firmware\rangefinder.c
                 __pa_105   0x002278    program     static C:\krobot\USB_Module\Proximity_Sensor\Firmware\rangefinder.c
                 __pa_106   0x00228e    program     static C:\krobot\USB_Module\Proximity_Sensor\Firmware\rangefinder.c
                 __pa_107   0x002296    program     static C:\krobot\USB_Module\Proximity_Sensor\Firmware\rangefinder.c
                 __pa_108   0x0022a8    program     static C:\krobot\USB_Module\Proximity_Sensor\Firmware\rangefinder.c
                 __pa_109   0x0022b2    program     static C:\krobot\USB_Module\Proximity_Sensor\Firmware\rangefinder.c
                  __pa_11   0x001d1c    program     static C:\krobot\USB_Module\Proximity_Sensor\Firmware\rangefinder.c
                  __pa_11   0x003a22    program     static C:\krobot\USB_Module\Proximity_Sensor\Firmware\usb_device.c
                 __pa_110   0x0022b8    program     static C:\krobot\USB_Module\Proximity_Sensor\Firmware\rangefinder.c
                 __pa_111   0x0022c4    program     static C:\krobot\USB_Module\Proximity_Sensor\Firmware\rangefinder.c
                 __pa_112   0x0022ce    program     static C:\krobot\USB_Module\Proximity_Sensor\Firmware\rangefinder.c
                 __pa_113   0x0022dc    program     static C:\krobot\USB_Module\Proximity_Sensor\Firmware\rangefinder.c
                 __pa_114   0x0022e2    program     static C:\krobot\USB_Module\Proximity_Sensor\Firmware\rangefinder.c
                 __pa_115   0x0022e8    program     static C:\krobot\USB_Module\Proximity_Sensor\Firmware\rangefinder.c
                  __pa_12   0x001d2e    program     static C:\krobot\USB_Module\Proximity_Sensor\Firmware\rangefinder.c
                  __pa_12   0x003a36    program     static C:\krobot\USB_Module\Proximity_Sensor\Firmware\usb_device.c
                  __pa_13   0x001d3e    program     static C:\krobot\USB_Module\Proximity_Sensor\Firmware\rangefinder.c
                  __pa_13   0x003a48    program     static C:\krobot\USB_Module\Proximity_Sensor\Firmware\usb_device.c
                  __pa_14   0x001d50    program     static C:\krobot\USB_Module\Proximity_Sensor\Firmware\rangefinder.c
                  __pa_14   0x003a54    program     static C:\krobot\USB_Module\Proximity_Sensor\Firmware\usb_device.c
                  __pa_15   0x001d68    program     static C:\krobot\USB_Module\Proximity_Sensor\Firmware\rangefinder.c
                  __pa_15   0x003a70    program     static C:\krobot\USB_Module\Proximity_Sensor\Firmware\usb_device.c
                  __pa_16   0x003a76    program     static C:\krobot\USB_Module\Proximity_Sensor\Firmware\usb_device.c
                  __pa_16   0x001d72    program     static C:\krobot\USB_Module\Proximity_Sensor\Firmware\rangefinder.c
                  __pa_17   0x001d80    program     static C:\krobot\USB_Module\Proximity_Sensor\Firmware\rangefinder.c
                  __pa_17   0x003a80    program     static C:\krobot\USB_Module\Proximity_Sensor\Firmware\usb_device.c
                  __pa_18   0x003a8c    program     static C:\krobot\USB_Module\Proximity_Sensor\Firmware\usb_device.c
                  __pa_18   0x001db4    program     static C:\krobot\USB_Module\Proximity_Sensor\Firmware\rangefinder.c
                  __pa_19   0x003a98    program     static C:\krobot\USB_Module\Proximity_Sensor\Firmware\usb_device.c
                  __pa_19   0x001dd8    program     static C:\krobot\USB_Module\Proximity_Sensor\Firmware\rangefinder.c
                   __pa_2   0x0039c8    program     static C:\krobot\USB_Module\Proximity_Sensor\Firmware\usb_device.c
                   __pa_2   0x003020    program     static C:\krobot\USB_Module\Proximity_Sensor\Firmware\main.c
                   __pa_2   0x001bfc    program     static C:\krobot\USB_Module\Proximity_Sensor\Firmware\rangefinder.c
                  __pa_20   0x003aa8    program     static C:\krobot\USB_Module\Proximity_Sensor\Firmware\usb_device.c
                  __pa_20   0x001de4    program     static C:\krobot\USB_Module\Proximity_Sensor\Firmware\rangefinder.c
                  __pa_21   0x001dfc    program     static C:\krobot\USB_Module\Proximity_Sensor\Firmware\rangefinder.c
                  __pa_21   0x003ab8    program     static C:\krobot\USB_Module\Proximity_Sensor\Firmware\usb_device.c
                  __pa_22   0x001e0a    program     static C:\krobot\USB_Module\Proximity_Sensor\Firmware\rangefinder.c
                  __pa_22   0x003ac8    program     static C:\krobot\USB_Module\Proximity_Sensor\Firmware\usb_device.c
                  __pa_23   0x001e14    program     static C:\krobot\USB_Module\Proximity_Sensor\Firmware\rangefinder.c
                  __pa_23   0x003ad6    program     static C:\krobot\USB_Module\Proximity_Sensor\Firmware\usb_device.c
                  __pa_24   0x003ae4    program     static C:\krobot\USB_Module\Proximity_Sensor\Firmware\usb_device.c
                  __pa_24   0x001e24    program     static C:\krobot\USB_Module\Proximity_Sensor\Firmware\rangefinder.c
                  __pa_25   0x001e30    program     static C:\krobot\USB_Module\Proximity_Sensor\Firmware\rangefinder.c
                  __pa_25   0x003af2    program     static C:\krobot\USB_Module\Proximity_Sensor\Firmware\usb_device.c
                  __pa_26   0x003b00    program     static C:\krobot\USB_Module\Proximity_Sensor\Firmware\usb_device.c
                  __pa_26   0x001e52    program     static C:\krobot\USB_Module\Proximity_Sensor\Firmware\rangefinder.c
                  __pa_27   0x001e5c    program     static C:\krobot\USB_Module\Proximity_Sensor\Firmware\rangefinder.c
                  __pa_27   0x003b0e    program     static C:\krobot\USB_Module\Proximity_Sensor\Firmware\usb_device.c
                  __pa_28   0x001e64    program     static C:\krobot\USB_Module\Proximity_Sensor\Firmware\rangefinder.c
                  __pa_28   0x003b26    program     static C:\krobot\USB_Module\Proximity_Sensor\Firmware\usb_device.c
                  __pa_29   0x001e76    program     static C:\krobot\USB_Module\Proximity_Sensor\Firmware\rangefinder.c
                  __pa_29   0x003b42    program     static C:\krobot\USB_Module\Proximity_Sensor\Firmware\usb_device.c
                   __pa_3   0x0039d2    program     static C:\krobot\USB_Module\Proximity_Sensor\Firmware\usb_device.c
                   __pa_3   0x003030    program     static C:\krobot\USB_Module\Proximity_Sensor\Firmware\main.c
                   __pa_3   0x001c2a    program     static C:\krobot\USB_Module\Proximity_Sensor\Firmware\rangefinder.c
                  __pa_30   0x003b4c    program     static C:\krobot\USB_Module\Proximity_Sensor\Firmware\usb_device.c
                  __pa_30   0x001e88    program     static C:\krobot\USB_Module\Proximity_Sensor\Firmware\rangefinder.c
                  __pa_31   0x003b54    program     static C:\krobot\USB_Module\Proximity_Sensor\Firmware\usb_device.c
                  __pa_31   0x001e9a    program     static C:\krobot\USB_Module\Proximity_Sensor\Firmware\rangefinder.c
                  __pa_32   0x003b66    program     static C:\krobot\USB_Module\Proximity_Sensor\Firmware\usb_device.c
                  __pa_32   0x001eac    program     static C:\krobot\USB_Module\Proximity_Sensor\Firmware\rangefinder.c
                  __pa_33   0x001ebe    program     static C:\krobot\USB_Module\Proximity_Sensor\Firmware\rangefinder.c
                  __pa_33   0x003b70    program     static C:\krobot\USB_Module\Proximity_Sensor\Firmware\usb_device.c
                  __pa_34   0x001ec6    program     static C:\krobot\USB_Module\Proximity_Sensor\Firmware\rangefinder.c
                  __pa_34   0x003b7a    program     static C:\krobot\USB_Module\Proximity_Sensor\Firmware\usb_device.c
                  __pa_35   0x003b84    program     static C:\krobot\USB_Module\Proximity_Sensor\Firmware\usb_device.c
                  __pa_35   0x001ece    program     static C:\krobot\USB_Module\Proximity_Sensor\Firmware\rangefinder.c
                  __pa_36   0x001edc    program     static C:\krobot\USB_Module\Proximity_Sensor\Firmware\rangefinder.c
                  __pa_36   0x003b94    program     static C:\krobot\USB_Module\Proximity_Sensor\Firmware\usb_device.c
                  __pa_37   0x003ba2    program     static C:\krobot\USB_Module\Proximity_Sensor\Firmware\usb_device.c
                  __pa_37   0x001eee    program     static C:\krobot\USB_Module\Proximity_Sensor\Firmware\rangefinder.c
                  __pa_38   0x001f06    program     static C:\krobot\USB_Module\Proximity_Sensor\Firmware\rangefinder.c
                  __pa_38   0x003bac    program     static C:\krobot\USB_Module\Proximity_Sensor\Firmware\usb_device.c
                  __pa_39   0x001f12    program     static C:\krobot\USB_Module\Proximity_Sensor\Firmware\rangefinder.c
                  __pa_39   0x003bb6    program     static C:\krobot\USB_Module\Proximity_Sensor\Firmware\usb_device.c
                   __pa_4   0x0039da    program     static C:\krobot\USB_Module\Proximity_Sensor\Firmware\usb_device.c
                   __pa_4   0x003040    program     static C:\krobot\USB_Module\Proximity_Sensor\Firmware\main.c
                   __pa_4   0x001c34    program     static C:\krobot\USB_Module\Proximity_Sensor\Firmware\rangefinder.c
                  __pa_40   0x001f1a    program     static C:\krobot\USB_Module\Proximity_Sensor\Firmware\rangefinder.c
                  __pa_40   0x003bbe    program     static C:\krobot\USB_Module\Proximity_Sensor\Firmware\usb_device.c
                  __pa_41   0x001f26    program     static C:\krobot\USB_Module\Proximity_Sensor\Firmware\rangefinder.c
                  __pa_41   0x003bc6    program     static C:\krobot\USB_Module\Proximity_Sensor\Firmware\usb_device.c
                  __pa_42   0x001f3c    program     static C:\krobot\USB_Module\Proximity_Sensor\Firmware\rangefinder.c
                  __pa_43   0x001f52    program     static C:\krobot\USB_Module\Proximity_Sensor\Firmware\rangefinder.c
                  __pa_44   0x001f68    program     static C:\krobot\USB_Module\Proximity_Sensor\Firmware\rangefinder.c
                  __pa_45   0x001f70    program     static C:\krobot\USB_Module\Proximity_Sensor\Firmware\rangefinder.c
                  __pa_46   0x001f7c    program     static C:\krobot\USB_Module\Proximity_Sensor\Firmware\rangefinder.c
                  __pa_47   0x001f8e    program     static C:\krobot\USB_Module\Proximity_Sensor\Firmware\rangefinder.c
                  __pa_48   0x001fa0    program     static C:\krobot\USB_Module\Proximity_Sensor\Firmware\rangefinder.c
                  __pa_49   0x001fb2    program     static C:\krobot\USB_Module\Proximity_Sensor\Firmware\rangefinder.c
                   __pa_5   0x003050    program     static C:\krobot\USB_Module\Proximity_Sensor\Firmware\main.c
                   __pa_5   0x001cc2    program     static C:\krobot\USB_Module\Proximity_Sensor\Firmware\rangefinder.c
                   __pa_5   0x0039e4    program     static C:\krobot\USB_Module\Proximity_Sensor\Firmware\usb_device.c
                  __pa_50   0x001fc4    program     static C:\krobot\USB_Module\Proximity_Sensor\Firmware\rangefinder.c
                  __pa_51   0x001fd6    program     static C:\krobot\USB_Module\Proximity_Sensor\Firmware\rangefinder.c
                  __pa_52   0x001fe0    program     static C:\krobot\USB_Module\Proximity_Sensor\Firmware\rangefinder.c
                  __pa_53   0x001ff0    program     static C:\krobot\USB_Module\Proximity_Sensor\Firmware\rangefinder.c
                  __pa_54   0x002000    program     static C:\krobot\USB_Module\Proximity_Sensor\Firmware\rangefinder.c
                  __pa_55   0x002008    program     static C:\krobot\USB_Module\Proximity_Sensor\Firmware\rangefinder.c
                  __pa_56   0x002012    program     static C:\krobot\USB_Module\Proximity_Sensor\Firmware\rangefinder.c
                  __pa_57   0x002020    program     static C:\krobot\USB_Module\Proximity_Sensor\Firmware\rangefinder.c
                  __pa_58   0x00202a    program     static C:\krobot\USB_Module\Proximity_Sensor\Firmware\rangefinder.c
                  __pa_59   0x002034    program     static C:\krobot\USB_Module\Proximity_Sensor\Firmware\rangefinder.c
                   __pa_6   0x001ccc    program     static C:\krobot\USB_Module\Proximity_Sensor\Firmware\rangefinder.c
                   __pa_6   0x00305a    program     static C:\krobot\USB_Module\Proximity_Sensor\Firmware\main.c
                   __pa_6   0x0039ec    program     static C:\krobot\USB_Module\Proximity_Sensor\Firmware\usb_device.c
                  __pa_60   0x00203e    program     static C:\krobot\USB_Module\Proximity_Sensor\Firmware\rangefinder.c
                  __pa_61   0x002054    program     static C:\krobot\USB_Module\Proximity_Sensor\Firmware\rangefinder.c
                  __pa_62   0x002064    program     static C:\krobot\USB_Module\Proximity_Sensor\Firmware\rangefinder.c
                  __pa_63   0x002070    program     static C:\krobot\USB_Module\Proximity_Sensor\Firmware\rangefinder.c
                  __pa_64   0x002082    program     static C:\krobot\USB_Module\Proximity_Sensor\Firmware\rangefinder.c
                  __pa_65   0x002088    program     static C:\krobot\USB_Module\Proximity_Sensor\Firmware\rangefinder.c
                  __pa_66   0x002090    program     static C:\krobot\USB_Module\Proximity_Sensor\Firmware\rangefinder.c
                  __pa_67   0x0020b4    program     static C:\krobot\USB_Module\Proximity_Sensor\Firmware\rangefinder.c
                  __pa_68   0x0020c0    program     static C:\krobot\USB_Module\Proximity_Sensor\Firmware\rangefinder.c
                  __pa_69   0x0020c6    program     static C:\krobot\USB_Module\Proximity_Sensor\Firmware\rangefinder.c
                   __pa_7   0x00306c    program     static C:\krobot\USB_Module\Proximity_Sensor\Firmware\main.c
                   __pa_7   0x001ce0    program     static C:\krobot\USB_Module\Proximity_Sensor\Firmware\rangefinder.c
                   __pa_7   0x0039f4    program     static C:\krobot\USB_Module\Proximity_Sensor\Firmware\usb_device.c
                  __pa_70   0x0020e0    program     static C:\krobot\USB_Module\Proximity_Sensor\Firmware\rangefinder.c
                  __pa_71   0x0020f0    program     static C:\krobot\USB_Module\Proximity_Sensor\Firmware\rangefinder.c
                  __pa_72   0x002102    program     static C:\krobot\USB_Module\Proximity_Sensor\Firmware\rangefinder.c
                  __pa_73   0x002110    program     static C:\krobot\USB_Module\Proximity_Sensor\Firmware\rangefinder.c
                  __pa_74   0x002116    program     static C:\krobot\USB_Module\Proximity_Sensor\Firmware\rangefinder.c
                  __pa_75   0x00211c    program     static C:\krobot\USB_Module\Proximity_Sensor\Firmware\rangefinder.c
                  __pa_76   0x002126    program     static C:\krobot\USB_Module\Proximity_Sensor\Firmware\rangefinder.c
                  __pa_77   0x002136    program     static C:\krobot\USB_Module\Proximity_Sensor\Firmware\rangefinder.c
                  __pa_78   0x002140    program     static C:\krobot\USB_Module\Proximity_Sensor\Firmware\rangefinder.c
                  __pa_79   0x00214e    program     static C:\krobot\USB_Module\Proximity_Sensor\Firmware\rangefinder.c
                   __pa_8   0x003072    program     static C:\krobot\USB_Module\Proximity_Sensor\Firmware\main.c
                   __pa_8   0x001cee    program     static C:\krobot\USB_Module\Proximity_Sensor\Firmware\rangefinder.c
                   __pa_8   0x0039fa    program     static C:\krobot\USB_Module\Proximity_Sensor\Firmware\usb_device.c
                  __pa_80   0x002156    program     static C:\krobot\USB_Module\Proximity_Sensor\Firmware\rangefinder.c
                  __pa_81   0x00216a    program     static C:\krobot\USB_Module\Proximity_Sensor\Firmware\rangefinder.c
                  __pa_82   0x00217a    program     static C:\krobot\USB_Module\Proximity_Sensor\Firmware\rangefinder.c
                  __pa_83   0x00218c    program     static C:\krobot\USB_Module\Proximity_Sensor\Firmware\rangefinder.c
                  __pa_84   0x002196    program     static C:\krobot\USB_Module\Proximity_Sensor\Firmware\rangefinder.c
                  __pa_85   0x0021a0    program     static C:\krobot\USB_Module\Proximity_Sensor\Firmware\rangefinder.c
                  __pa_86   0x0021aa    program     static C:\krobot\USB_Module\Proximity_Sensor\Firmware\rangefinder.c
                  __pa_87   0x0021b4    program     static C:\krobot\USB_Module\Proximity_Sensor\Firmware\rangefinder.c
                  __pa_88   0x0021bc    program     static C:\krobot\USB_Module\Proximity_Sensor\Firmware\rangefinder.c
                  __pa_89   0x0021c4    program     static C:\krobot\USB_Module\Proximity_Sensor\Firmware\rangefinder.c
                   __pa_9   0x001cfc    program     static C:\krobot\USB_Module\Proximity_Sensor\Firmware\rangefinder.c
                   __pa_9   0x003a08    program     static C:\krobot\USB_Module\Proximity_Sensor\Firmware\usb_device.c
                  __pa_90   0x0021ca    program     static C:\krobot\USB_Module\Proximity_Sensor\Firmware\rangefinder.c
                  __pa_91   0x0021d6    program     static C:\krobot\USB_Module\Proximity_Sensor\Firmware\rangefinder.c
                  __pa_92   0x0021e4    program     static C:\krobot\USB_Module\Proximity_Sensor\Firmware\rangefinder.c
                  __pa_93   0x0021f2    program     static C:\krobot\USB_Module\Proximity_Sensor\Firmware\rangefinder.c
                  __pa_94   0x0021fe    program     static C:\krobot\USB_Module\Proximity_Sensor\Firmware\rangefinder.c
                  __pa_95   0x00220a    program     static C:\krobot\USB_Module\Proximity_Sensor\Firmware\rangefinder.c
                  __pa_96   0x002218    program     static C:\krobot\USB_Module\Proximity_Sensor\Firmware\rangefinder.c
                  __pa_97   0x002224    program     static C:\krobot\USB_Module\Proximity_Sensor\Firmware\rangefinder.c
                  __pa_98   0x002232    program     static C:\krobot\USB_Module\Proximity_Sensor\Firmware\rangefinder.c
                  __pa_99   0x00223a    program     static C:\krobot\USB_Module\Proximity_Sensor\Firmware\rangefinder.c
               __string_0   0x0044fb    program     static C:\krobot\USB_Module\Proximity_Sensor\Firmware\main.c
               __string_1   0x0044ef    program     static C:\krobot\USB_Module\Proximity_Sensor\Firmware\main.c
               __string_2   0x0044ed    program     static C:\krobot\USB_Module\Proximity_Sensor\Firmware\main.c
               __string_3   0x0044e4    program     static C:\krobot\USB_Module\Proximity_Sensor\Firmware\main.c
               __tmplbl_0   0x002580    program     static                          
               __tmplbl_1   0x00257a    program     static                          
              __tmplbl_10   0x002f48    program     static                          
             __tmplbl_107   0x001e5c    program     static                          
              __tmplbl_11   0x002f52    program     static                          
              __tmplbl_12   0x002f5c    program     static                          
              __tmplbl_13   0x002f66    program     static                          
              __tmplbl_14   0x002f70    program     static                          
              __tmplbl_15   0x002f7a    program     static                          
              __tmplbl_19   0x002664    program     static                          
               __tmplbl_2   0x0025b8    program     static                          
              __tmplbl_20   0x0039ec    program     static                          
              __tmplbl_20   0x0027ee    program     static                          
              __tmplbl_21   0x0029ca    program     static                          
              __tmplbl_26   0x0039ec    program     static                          
               __tmplbl_3   0x0025a4    program     static                          
               __tmplbl_4   0x0026a6    program     static                          
               __tmplbl_5   0x00269e    program     static                          
               __tmplbl_6   0x0027c4    program     static                          
               __tmplbl_7   0x0027bc    program     static                          
              __tmplbl_73   0x001e5c    program     static                          
              __tmplbl_78   0x001e5c    program     static                          
               __tmplbl_8   0x002f32    program     static                          
              __tmplbl_85   0x001e5c    program     static                          
              __tmplbl_86   0x001e5c    program     static                          
              __tmplbl_87   0x001e5c    program     static                          
               __tmplbl_9   0x002f3e    program     static                          
            __zero_memory   0x004618    program     extern C:\MCC18\src\traditional\proc\p18F4550.asm
                _do_cinit   0x00427e    program     extern C:\MCC18\src\traditional\startup\c018i.c
                   _entry   0x000000    program     extern C:\MCC18\src\traditional\startup\c018i.c
                   _reset   0x000800    program     extern C:\krobot\USB_Module\Proximity_Sensor\Firmware\main.c
                 _startup   0x0045e6    program     extern C:\MCC18\src\traditional\startup\c018i.c
                calibrate   0x000f16    program     extern C:\krobot\USB_Module\Proximity_Sensor\Firmware\rangefinder.c
            calibrateAuto   0x0014f2    program     extern C:\krobot\USB_Module\Proximity_Sensor\Firmware\rangefinder.c
               clear_loop   0x00461e    program     static C:\MCC18\src\traditional\proc\p18F4550.asm
        configDescriptor1   0x0041de    program     extern C:\krobot\USB_Module\Proximity_Sensor\Firmware\usb_descriptors.c
                copy_loop   0x0042f0    program     static                          
            copy_one_byte   0x0042f6    program     static                          
               device_dsc   0x0041cc    program     extern C:\krobot\USB_Module\Proximity_Sensor\Firmware\usb_descriptors.c
                     done   0x000eee    program     static                          
                     done   0x00431a    program     static                          
             done_copying   0x004304    program     static                          
                  endloop   0x0045e0    program     static                          
                    error   0x004556    program     extern C:\krobot\USB_Module\Proximity_Sensor\Firmware\error.c
          getMeasuredDist   0x000efa    program     extern C:\krobot\USB_Module\Proximity_Sensor\Firmware\rangefinder.c
                hid_rpt01   0x004259    program     extern C:\krobot\USB_Module\Proximity_Sensor\Firmware\usb_descriptors.c
     interruptRangefinder   0x000850    program     extern C:\krobot\USB_Module\Proximity_Sensor\Firmware\rangefinder.c
    interruptRangefinder2   0x00093e    program     extern C:\krobot\USB_Module\Proximity_Sensor\Firmware\rangefinder.c
                 jANotInf   0x003c56    program     static C:\MCC18\src\traditional\math\addFP.asm
                 jANotInf   0x003e1e    program     static C:\MCC18\src\traditional\math\mulFP.asm
                 jANotInf   0x003d78    program     static C:\MCC18\src\traditional\math\divFP.asm
                 jANotNeg   0x003cea    program     static C:\MCC18\src\traditional\math\addFP.asm
                jANotZero   0x003d8c    program     static C:\MCC18\src\traditional\math\divFP.asm
              jAandWsetup   0x003cba    program     static C:\MCC18\src\traditional\math\addFP.asm
                 jAltBexp   0x003ca8    program     static C:\MCC18\src\traditional\math\addFP.asm
                jBANotInf   0x003c4c    program     static C:\MCC18\src\traditional\math\addFP.asm
                 jBNotInf   0x003c64    program     static C:\MCC18\src\traditional\math\addFP.asm
              jBothFinite   0x003e2c    program     static C:\MCC18\src\traditional\math\mulFP.asm
             jBothNotZero   0x003e38    program     static C:\MCC18\src\traditional\math\mulFP.asm
            jDifOrPosSign   0x003c78    program     static C:\MCC18\src\traditional\math\addFP.asm
                     jEnd   0x0043be    program     static C:\MCC18\src\traditional\stdclib\memset.asm
                     jEnd   0x0043f6    program     static C:\MCC18\src\traditional\stdclib\scatp2r.asm
                    jExit   0x003ff0    program     static C:\MCC18\src\traditional\math\castFP32.asm
                    jExit   0x003f82    program     static C:\MCC18\src\traditional\math\castFP16.asm
               jFinalSign   0x003d52    program     static C:\MCC18\src\traditional\math\addFP.asm
                jHaveZero   0x003e34    program     static C:\MCC18\src\traditional\math\mulFP.asm
                jI2F16Beg   0x003be0    program     static C:\MCC18\src\traditional\math\cast16FP.asm
                jI2F32Beg   0x003c12    program     static C:\MCC18\src\traditional\math\cast32FP.asm
                    jLoop   0x003fc4    program     static C:\MCC18\src\traditional\math\castFP32.asm
                    jLoop   0x0043a0    program     static C:\MCC18\src\traditional\stdclib\memset.asm
                    jLoop   0x003f62    program     static C:\MCC18\src\traditional\math\castFP16.asm
                    jLoop   0x003db4    program     static C:\MCC18\src\traditional\math\divFP.asm
                    jLoop   0x0043ec    program     static C:\MCC18\src\traditional\stdclib\scatp2r.asm
                jLoopExit   0x003f72    program     static C:\MCC18\src\traditional\math\castFP16.asm
                jLoopExit   0x003fd8    program     static C:\MCC18\src\traditional\math\castFP32.asm
                     jMax   0x003f94    program     static C:\MCC18\src\traditional\math\castFP32.asm
                     jMax   0x003f36    program     static C:\MCC18\src\traditional\math\castFP16.asm
                  jMaxNeg   0x003f44    program     static C:\MCC18\src\traditional\math\castFP16.asm
                  jMaxNeg   0x003fa6    program     static C:\MCC18\src\traditional\math\castFP32.asm
                  jMaxPos   0x003f3a    program     static C:\MCC18\src\traditional\math\castFP16.asm
                  jMaxPos   0x003f98    program     static C:\MCC18\src\traditional\math\castFP32.asm
                    jNext   0x003dda    program     static C:\MCC18\src\traditional\math\divFP.asm
                jNoAdjust   0x003dd8    program     static C:\MCC18\src\traditional\math\divFP.asm
             jNotBothZero   0x003c7c    program     static C:\MCC18\src\traditional\math\addFP.asm
                  jNotInf   0x003fb2    program     static C:\MCC18\src\traditional\math\castFP32.asm
                  jNotInf   0x003f52    program     static C:\MCC18\src\traditional\math\castFP16.asm
                jNullLoop   0x0043e6    program     static C:\MCC18\src\traditional\stdclib\scatp2r.asm
                  jPkLoop   0x004038    program     static C:\MCC18\src\traditional\math\packFP.asm
             jPkRoundDone   0x004082    program     static C:\MCC18\src\traditional\math\packFP.asm
               jPkRoundIt   0x00406a    program     static C:\MCC18\src\traditional\math\packFP.asm
             jPkShiftDone   0x004054    program     static C:\MCC18\src\traditional\math\packFP.asm
           jReturnPosInf0   0x00400e    program     static C:\MCC18\src\traditional\math\packFP.asm
               jShiftDone   0x003d12    program     static C:\MCC18\src\traditional\math\addFP.asm
               jShiftLoop   0x003d04    program     static C:\MCC18\src\traditional\math\addFP.asm
                jSignDone   0x003d42    program     static C:\MCC18\src\traditional\math\addFP.asm
              jSignedZero   0x003d82    program     static C:\MCC18\src\traditional\math\divFP.asm
                  jUnpkA1   0x0040ac    program     static C:\MCC18\src\traditional\math\UnpackFP.asm
                  jUnpkA2   0x0040c4    program     static C:\MCC18\src\traditional\math\UnpackFP.asm
                 jUnpkANZ   0x0040ba    program     static C:\MCC18\src\traditional\math\UnpackFP.asm
                  jUnpkB1   0x0040dc    program     static C:\MCC18\src\traditional\math\UnpackFP.asm
                  jUnpkB2   0x0040f4    program     static C:\MCC18\src\traditional\math\UnpackFP.asm
                 jUnpkBNZ   0x0040ea    program     static C:\MCC18\src\traditional\math\UnpackFP.asm
                 jUnpkNaN   0x0040ce    program     static C:\MCC18\src\traditional\math\UnpackFP.asm
                 jWNotNeg   0x003cfe    program     static C:\MCC18\src\traditional\math\addFP.asm
                   jWr123   0x003f9e    program     static C:\MCC18\src\traditional\math\castFP32.asm
                  jWrZ123   0x003fae    program     static C:\MCC18\src\traditional\math\castFP32.asm
                    jZero   0x003f4c    program     static C:\MCC18\src\traditional\math\castFP16.asm
                    jZero   0x003fac    program     static C:\MCC18\src\traditional\math\castFP32.asm
               jZero1and2   0x004012    program     static C:\MCC18\src\traditional\math\packFP.asm
                     loop   0x0045f6    program     static                          
                     loop   0x000c92    program     static                          
                     loop   0x0045c4    program     static                          
                     main   0x0023ec    program     extern C:\krobot\USB_Module\Proximity_Sensor\Firmware\main.c
          measureDistance   0x000b08    program     extern C:\krobot\USB_Module\Proximity_Sensor\Firmware\rangefinder.c
                   memset   0x00438c    program     extern C:\MCC18\src\traditional\stdclib\memset.asm
              quickSelect   0x001874    program     extern C:\krobot\USB_Module\Proximity_Sensor\Firmware\rangefinder.c
                    sd000   0x004207    program     extern C:\krobot\USB_Module\Proximity_Sensor\Firmware\usb_descriptors.c
                    sd001   0x00420b    program     extern C:\krobot\USB_Module\Proximity_Sensor\Firmware\usb_descriptors.c
                    sd002   0x004237    program     extern C:\krobot\USB_Module\Proximity_Sensor\Firmware\usb_descriptors.c
        selectRangefinder   0x000c4a    program     extern C:\krobot\USB_Module\Proximity_Sensor\Firmware\rangefinder.c
                sendPulse   0x000c82    program     extern C:\krobot\USB_Module\Proximity_Sensor\Firmware\rangefinder.c
            strcatpgm2ram   0x0043c0    program     extern C:\MCC18\src\traditional\stdclib\scatp2r.asm
                     test   0x004298    program     static                          
                   ADCON0   0x000fc2       data     extern C:\MCC18\src\traditional\proc\p18F4550.asm
               ADCON0bits   0x000fc2       data     extern C:\MCC18\src\traditional\proc\p18F4550.asm
                   ADCON1   0x000fc1       data     extern C:\MCC18\src\traditional\proc\p18F4550.asm
               ADCON1bits   0x000fc1       data     extern C:\MCC18\src\traditional\proc\p18F4550.asm
                   ADCON2   0x000fc0       data     extern C:\MCC18\src\traditional\proc\p18F4550.asm
               ADCON2bits   0x000fc0       data     extern C:\MCC18\src\traditional\proc\p18F4550.asm
                    ADRES   0x000fc3       data     extern C:\MCC18\src\traditional\proc\p18F4550.asm
                   ADRESH   0x000fc4       data     extern C:\MCC18\src\traditional\proc\p18F4550.asm
                   ADRESL   0x000fc3       data     extern C:\MCC18\src\traditional\proc\p18F4550.asm
                  BAUDCON   0x000fb8       data     extern C:\MCC18\src\traditional\proc\p18F4550.asm
              BAUDCONbits   0x000fb8       data     extern C:\MCC18\src\traditional\proc\p18F4550.asm
                      BDT   0x000400       data     extern C:\krobot\USB_Module\Proximity_Sensor\Firmware\usb_device.c
                      BSR   0x000fe0       data     extern C:\MCC18\src\traditional\proc\p18F4550.asm
       BothEP0OutUOWNsSet   0x0000f9       data     extern C:\krobot\USB_Module\Proximity_Sensor\Firmware\usb_device.c
                   CCP1AS   0x000fb6       data     extern C:\MCC18\src\traditional\proc\p18F4550.asm
               CCP1ASbits   0x000fb6       data     extern C:\MCC18\src\traditional\proc\p18F4550.asm
                  CCP1CON   0x000fbd       data     extern C:\MCC18\src\traditional\proc\p18F4550.asm
              CCP1CONbits   0x000fbd       data     extern C:\MCC18\src\traditional\proc\p18F4550.asm
                  CCP1DEL   0x000fb7       data     extern C:\MCC18\src\traditional\proc\p18F4550.asm
              CCP1DELbits   0x000fb7       data     extern C:\MCC18\src\traditional\proc\p18F4550.asm
                  CCP2CON   0x000fba       data     extern C:\MCC18\src\traditional\proc\p18F4550.asm
              CCP2CONbits   0x000fba       data     extern C:\MCC18\src\traditional\proc\p18F4550.asm
                    CCPR1   0x000fbe       data     extern C:\MCC18\src\traditional\proc\p18F4550.asm
                   CCPR1H   0x000fbf       data     extern C:\MCC18\src\traditional\proc\p18F4550.asm
                   CCPR1L   0x000fbe       data     extern C:\MCC18\src\traditional\proc\p18F4550.asm
                    CCPR2   0x000fbb       data     extern C:\MCC18\src\traditional\proc\p18F4550.asm
                   CCPR2H   0x000fbc       data     extern C:\MCC18\src\traditional\proc\p18F4550.asm
                   CCPR2L   0x000fbb       data     extern C:\MCC18\src\traditional\proc\p18F4550.asm
                    CMCON   0x000fb4       data     extern C:\MCC18\src\traditional\proc\p18F4550.asm
                CMCONbits   0x000fb4       data     extern C:\MCC18\src\traditional\proc\p18F4550.asm
                   CVRCON   0x000fb5       data     extern C:\MCC18\src\traditional\proc\p18F4550.asm
               CVRCONbits   0x000fb5       data     extern C:\MCC18\src\traditional\proc\p18F4550.asm
          CalibrationData   0x000065       data     extern C:\krobot\USB_Module\Proximity_Sensor\Firmware\rangefinder.c
        CalibrationStatus   0x00012e       data     extern C:\krobot\USB_Module\Proximity_Sensor\Firmware\rangefinder.c
              CtrlTrfData   0x000428       data     extern C:\krobot\USB_Module\Proximity_Sensor\Firmware\usb_device.c
              CurrentMeas   0x000061       data     extern C:\krobot\USB_Module\Proximity_Sensor\Firmware\rangefinder.c
                     DDRA   0x000f92       data     extern C:\MCC18\src\traditional\proc\p18F4550.asm
                 DDRAbits   0x000f92       data     extern C:\MCC18\src\traditional\proc\p18F4550.asm
                     DDRB   0x000f93       data     extern C:\MCC18\src\traditional\proc\p18F4550.asm
                 DDRBbits   0x000f93       data     extern C:\MCC18\src\traditional\proc\p18F4550.asm
                     DDRC   0x000f94       data     extern C:\MCC18\src\traditional\proc\p18F4550.asm
                 DDRCbits   0x000f94       data     extern C:\MCC18\src\traditional\proc\p18F4550.asm
                     DDRD   0x000f95       data     extern C:\MCC18\src\traditional\proc\p18F4550.asm
                 DDRDbits   0x000f95       data     extern C:\MCC18\src\traditional\proc\p18F4550.asm
                     DDRE   0x000f96       data     extern C:\MCC18\src\traditional\proc\p18F4550.asm
                 DDREbits   0x000f96       data     extern C:\MCC18\src\traditional\proc\p18F4550.asm
            DelayCounter1   0x000031       data     extern C:\MCC18\src\traditional\delays\delayd1.asm
            DelayCounter2   0x000030       data     extern C:\MCC18\src\traditional\delays\delayd2.asm
                  ECCP1AS   0x000fb6       data     extern C:\MCC18\src\traditional\proc\p18F4550.asm
              ECCP1ASbits   0x000fb6       data     extern C:\MCC18\src\traditional\proc\p18F4550.asm
                 ECCP1CON   0x000fbd       data     extern C:\MCC18\src\traditional\proc\p18F4550.asm
             ECCP1CONbits   0x000fbd       data     extern C:\MCC18\src\traditional\proc\p18F4550.asm
                 ECCP1DEL   0x000fb7       data     extern C:\MCC18\src\traditional\proc\p18F4550.asm
             ECCP1DELbits   0x000fb7       data     extern C:\MCC18\src\traditional\proc\p18F4550.asm
                    EEADR   0x000fa9       data     extern C:\MCC18\src\traditional\proc\p18F4550.asm
                   EECON1   0x000fa6       data     extern C:\MCC18\src\traditional\proc\p18F4550.asm
               EECON1bits   0x000fa6       data     extern C:\MCC18\src\traditional\proc\p18F4550.asm
                   EECON2   0x000fa7       data     extern C:\MCC18\src\traditional\proc\p18F4550.asm
                   EEDATA   0x000fa8       data     extern C:\MCC18\src\traditional\proc\p18F4550.asm
              ElapsedTime   0x000101       data     extern C:\krobot\USB_Module\Proximity_Sensor\Firmware\rangefinder.c
         EnDynCalibration   0x000125       data     extern C:\krobot\USB_Module\Proximity_Sensor\Firmware\rangefinder.c
                     FSR0   0x000fe9       data     extern C:\MCC18\src\traditional\proc\p18F4550.asm
                    FSR0H   0x000fea       data     extern C:\MCC18\src\traditional\proc\p18F4550.asm
                    FSR0L   0x000fe9       data     extern C:\MCC18\src\traditional\proc\p18F4550.asm
                     FSR1   0x000fe1       data     extern C:\MCC18\src\traditional\proc\p18F4550.asm
                    FSR1H   0x000fe2       data     extern C:\MCC18\src\traditional\proc\p18F4550.asm
                    FSR1L   0x000fe1       data     extern C:\MCC18\src\traditional\proc\p18F4550.asm
                     FSR2   0x000fd9       data     extern C:\MCC18\src\traditional\proc\p18F4550.asm
                    FSR2H   0x000fda       data     extern C:\MCC18\src\traditional\proc\p18F4550.asm
                    FSR2L   0x000fd9       data     extern C:\MCC18\src\traditional\proc\p18F4550.asm
               GIE_Status   0x00016f       data     static C:\krobot\USB_Module\Proximity_Sensor\Firmware\eeprom.c
                  HLVDCON   0x000fd2       data     extern C:\MCC18\src\traditional\proc\p18F4550.asm
              HLVDCONbits   0x000fd2       data     extern C:\MCC18\src\traditional\proc\p18F4550.asm
                    INDF0   0x000fef       data     extern C:\MCC18\src\traditional\proc\p18F4550.asm
                    INDF1   0x000fe7       data     extern C:\MCC18\src\traditional\proc\p18F4550.asm
                    INDF2   0x000fdf       data     extern C:\MCC18\src\traditional\proc\p18F4550.asm
                   INTCON   0x000ff2       data     extern C:\MCC18\src\traditional\proc\p18F4550.asm
                  INTCON2   0x000ff1       data     extern C:\MCC18\src\traditional\proc\p18F4550.asm
              INTCON2bits   0x000ff1       data     extern C:\MCC18\src\traditional\proc\p18F4550.asm
                  INTCON3   0x000ff0       data     extern C:\MCC18\src\traditional\proc\p18F4550.asm
              INTCON3bits   0x000ff0       data     extern C:\MCC18\src\traditional\proc\p18F4550.asm
               INTCONbits   0x000ff2       data     extern C:\MCC18\src\traditional\proc\p18F4550.asm
                     IPR1   0x000f9f       data     extern C:\MCC18\src\traditional\proc\p18F4550.asm
                 IPR1bits   0x000f9f       data     extern C:\MCC18\src\traditional\proc\p18F4550.asm
                     IPR2   0x000fa2       data     extern C:\MCC18\src\traditional\proc\p18F4550.asm
                 IPR2bits   0x000fa2       data     extern C:\MCC18\src\traditional\proc\p18F4550.asm
                     LATA   0x000f89       data     extern C:\MCC18\src\traditional\proc\p18F4550.asm
                 LATAbits   0x000f89       data     extern C:\MCC18\src\traditional\proc\p18F4550.asm
                     LATB   0x000f8a       data     extern C:\MCC18\src\traditional\proc\p18F4550.asm
                 LATBbits   0x000f8a       data     extern C:\MCC18\src\traditional\proc\p18F4550.asm
                     LATC   0x000f8b       data     extern C:\MCC18\src\traditional\proc\p18F4550.asm
                 LATCbits   0x000f8b       data     extern C:\MCC18\src\traditional\proc\p18F4550.asm
                     LATD   0x000f8c       data     extern C:\MCC18\src\traditional\proc\p18F4550.asm
                 LATDbits   0x000f8c       data     extern C:\MCC18\src\traditional\proc\p18F4550.asm
                     LATE   0x000f8d       data     extern C:\MCC18\src\traditional\proc\p18F4550.asm
                 LATEbits   0x000f8d       data     extern C:\MCC18\src\traditional\proc\p18F4550.asm
                   LVDCON   0x000fd2       data     extern C:\MCC18\src\traditional\proc\p18F4550.asm
               LVDCONbits   0x000fd2       data     extern C:\MCC18\src\traditional\proc\p18F4550.asm
                 MeasDiff   0x000126       data     extern C:\krobot\USB_Module\Proximity_Sensor\Firmware\rangefinder.c
             MeasuredDist   0x000105       data     extern C:\krobot\USB_Module\Proximity_Sensor\Firmware\rangefinder.c
                   OSCCON   0x000fd3       data     extern C:\MCC18\src\traditional\proc\p18F4550.asm
               OSCCONbits   0x000fd3       data     extern C:\MCC18\src\traditional\proc\p18F4550.asm
                  OSCTUNE   0x000f9b       data     extern C:\MCC18\src\traditional\proc\p18F4550.asm
              OSCTUNEbits   0x000f9b       data     extern C:\MCC18\src\traditional\proc\p18F4550.asm
                       PC   0x000ff9       data     extern C:\MCC18\src\traditional\proc\p18F4550.asm
                      PCL   0x000ff9       data     extern C:\MCC18\src\traditional\proc\p18F4550.asm
                   PCLATH   0x000ffa       data     extern C:\MCC18\src\traditional\proc\p18F4550.asm
                   PCLATU   0x000ffb       data     extern C:\MCC18\src\traditional\proc\p18F4550.asm
                     PIE1   0x000f9d       data     extern C:\MCC18\src\traditional\proc\p18F4550.asm
                 PIE1bits   0x000f9d       data     extern C:\MCC18\src\traditional\proc\p18F4550.asm
                     PIE2   0x000fa0       data     extern C:\MCC18\src\traditional\proc\p18F4550.asm
                 PIE2bits   0x000fa0       data     extern C:\MCC18\src\traditional\proc\p18F4550.asm
                     PIR1   0x000f9e       data     extern C:\MCC18\src\traditional\proc\p18F4550.asm
                 PIR1bits   0x000f9e       data     extern C:\MCC18\src\traditional\proc\p18F4550.asm
                     PIR2   0x000fa1       data     extern C:\MCC18\src\traditional\proc\p18F4550.asm
                 PIR2bits   0x000fa1       data     extern C:\MCC18\src\traditional\proc\p18F4550.asm
                   PLUSW0   0x000feb       data     extern C:\MCC18\src\traditional\proc\p18F4550.asm
                   PLUSW1   0x000fe3       data     extern C:\MCC18\src\traditional\proc\p18F4550.asm
                   PLUSW2   0x000fdb       data     extern C:\MCC18\src\traditional\proc\p18F4550.asm
                    PORTA   0x000f80       data     extern C:\MCC18\src\traditional\proc\p18F4550.asm
                PORTAbits   0x000f80       data     extern C:\MCC18\src\traditional\proc\p18F4550.asm
                    PORTB   0x000f81       data     extern C:\MCC18\src\traditional\proc\p18F4550.asm
                PORTBbits   0x000f81       data     extern C:\MCC18\src\traditional\proc\p18F4550.asm
                    PORTC   0x000f82       data     extern C:\MCC18\src\traditional\proc\p18F4550.asm
                PORTCbits   0x000f82       data     extern C:\MCC18\src\traditional\proc\p18F4550.asm
                    PORTD   0x000f83       data     extern C:\MCC18\src\traditional\proc\p18F4550.asm
                PORTDbits   0x000f83       data     extern C:\MCC18\src\traditional\proc\p18F4550.asm
                    PORTE   0x000f84       data     extern C:\MCC18\src\traditional\proc\p18F4550.asm
                PORTEbits   0x000f84       data     extern C:\MCC18\src\traditional\proc\p18F4550.asm
                 POSTDEC0   0x000fed       data     extern C:\MCC18\src\traditional\proc\p18F4550.asm
                 POSTDEC1   0x000fe5       data     extern C:\MCC18\src\traditional\proc\p18F4550.asm
                 POSTDEC2   0x000fdd       data     extern C:\MCC18\src\traditional\proc\p18F4550.asm
                 POSTINC0   0x000fee       data     extern C:\MCC18\src\traditional\proc\p18F4550.asm
                 POSTINC1   0x000fe6       data     extern C:\MCC18\src\traditional\proc\p18F4550.asm
                 POSTINC2   0x000fde       data     extern C:\MCC18\src\traditional\proc\p18F4550.asm
                      PR2   0x000fcb       data     extern C:\MCC18\src\traditional\proc\p18F4550.asm
                  PREINC0   0x000fec       data     extern C:\MCC18\src\traditional\proc\p18F4550.asm
                  PREINC1   0x000fe4       data     extern C:\MCC18\src\traditional\proc\p18F4550.asm
                  PREINC2   0x000fdc       data     extern C:\MCC18\src\traditional\proc\p18F4550.asm
                     PROD   0x000ff3       data     extern C:\MCC18\src\traditional\proc\p18F4550.asm
                    PRODH   0x000ff4       data     extern C:\MCC18\src\traditional\proc\p18F4550.asm
                    PRODL   0x000ff3       data     extern C:\MCC18\src\traditional\proc\p18F4550.asm
                     RCON   0x000fd0       data     extern C:\MCC18\src\traditional\proc\p18F4550.asm
                 RCONbits   0x000fd0       data     extern C:\MCC18\src\traditional\proc\p18F4550.asm
                    RCREG   0x000fae       data     extern C:\MCC18\src\traditional\proc\p18F4550.asm
                    RCSTA   0x000fab       data     extern C:\MCC18\src\traditional\proc\p18F4550.asm
                RCSTAbits   0x000fab       data     extern C:\MCC18\src\traditional\proc\p18F4550.asm
              Rangefinder   0x000060       data     extern C:\krobot\USB_Module\Proximity_Sensor\Firmware\rangefinder.c
       ReceivedDataBuffer   0x000500       data     extern C:\krobot\USB_Module\Proximity_Sensor\Firmware\main.c
             RemoteWakeup   0x0000f7       data     extern C:\krobot\USB_Module\Proximity_Sensor\Firmware\usb_device.c
                     SIGN   0x00001c       data     extern C:\MCC18\src\traditional\math\cmath18.asm
                    SPBRG   0x000faf       data     extern C:\MCC18\src\traditional\proc\p18F4550.asm
                   SPBRGH   0x000fb0       data     extern C:\MCC18\src\traditional\proc\p18F4550.asm
                   SPPCFG   0x000f63       data     extern C:\MCC18\src\traditional\proc\p18F4550.asm
               SPPCFGbits   0x000f63       data     extern C:\MCC18\src\traditional\proc\p18F4550.asm
                   SPPCON   0x000f65       data     extern C:\MCC18\src\traditional\proc\p18F4550.asm
               SPPCONbits   0x000f65       data     extern C:\MCC18\src\traditional\proc\p18F4550.asm
                  SPPDATA   0x000f62       data     extern C:\MCC18\src\traditional\proc\p18F4550.asm
                   SPPEPS   0x000f64       data     extern C:\MCC18\src\traditional\proc\p18F4550.asm
               SPPEPSbits   0x000f64       data     extern C:\MCC18\src\traditional\proc\p18F4550.asm
                   SSPADD   0x000fc8       data     extern C:\MCC18\src\traditional\proc\p18F4550.asm
                   SSPBUF   0x000fc9       data     extern C:\MCC18\src\traditional\proc\p18F4550.asm
                  SSPCON1   0x000fc6       data     extern C:\MCC18\src\traditional\proc\p18F4550.asm
              SSPCON1bits   0x000fc6       data     extern C:\MCC18\src\traditional\proc\p18F4550.asm
                  SSPCON2   0x000fc5       data     extern C:\MCC18\src\traditional\proc\p18F4550.asm
              SSPCON2bits   0x000fc5       data     extern C:\MCC18\src\traditional\proc\p18F4550.asm
                  SSPSTAT   0x000fc7       data     extern C:\MCC18\src\traditional\proc\p18F4550.asm
              SSPSTATbits   0x000fc7       data     extern C:\MCC18\src\traditional\proc\p18F4550.asm
                   STATUS   0x000fd8       data     extern C:\MCC18\src\traditional\proc\p18F4550.asm
               STATUSbits   0x000fd8       data     extern C:\MCC18\src\traditional\proc\p18F4550.asm
                   STKPTR   0x000ffc       data     extern C:\MCC18\src\traditional\proc\p18F4550.asm
               STKPTRbits   0x000ffc       data     extern C:\MCC18\src\traditional\proc\p18F4550.asm
                 SetupPkt   0x000420       data     extern C:\krobot\USB_Module\Proximity_Sensor\Firmware\usb_device.c
                    State   0x000100       data     extern C:\krobot\USB_Module\Proximity_Sensor\Firmware\rangefinder.c
                    T0CON   0x000fd5       data     extern C:\MCC18\src\traditional\proc\p18F4550.asm
                T0CONbits   0x000fd5       data     extern C:\MCC18\src\traditional\proc\p18F4550.asm
                    T1CON   0x000fcd       data     extern C:\MCC18\src\traditional\proc\p18F4550.asm
                T1CONbits   0x000fcd       data     extern C:\MCC18\src\traditional\proc\p18F4550.asm
                    T2CON   0x000fca       data     extern C:\MCC18\src\traditional\proc\p18F4550.asm
                T2CONbits   0x000fca       data     extern C:\MCC18\src\traditional\proc\p18F4550.asm
                    T3CON   0x000fb1       data     extern C:\MCC18\src\traditional\proc\p18F4550.asm
                T3CONbits   0x000fb1       data     extern C:\MCC18\src\traditional\proc\p18F4550.asm
                   TABLAT   0x000ff5       data     extern C:\MCC18\src\traditional\proc\p18F4550.asm
                   TBLPTR   0x000ff6       data     extern C:\MCC18\src\traditional\proc\p18F4550.asm
                  TBLPTRH   0x000ff7       data     extern C:\MCC18\src\traditional\proc\p18F4550.asm
                  TBLPTRL   0x000ff6       data     extern C:\MCC18\src\traditional\proc\p18F4550.asm
                  TBLPTRU   0x000ff8       data     extern C:\MCC18\src\traditional\proc\p18F4550.asm
                    TMR0H   0x000fd7       data     extern C:\MCC18\src\traditional\proc\p18F4550.asm
                    TMR0L   0x000fd6       data     extern C:\MCC18\src\traditional\proc\p18F4550.asm
                    TMR1H   0x000fcf       data     extern C:\MCC18\src\traditional\proc\p18F4550.asm
                    TMR1L   0x000fce       data     extern C:\MCC18\src\traditional\proc\p18F4550.asm
                     TMR2   0x000fcc       data     extern C:\MCC18\src\traditional\proc\p18F4550.asm
                    TMR3H   0x000fb3       data     extern C:\MCC18\src\traditional\proc\p18F4550.asm
                    TMR3L   0x000fb2       data     extern C:\MCC18\src\traditional\proc\p18F4550.asm
                      TOS   0x000ffd       data     extern C:\MCC18\src\traditional\proc\p18F4550.asm
                     TOSH   0x000ffe       data     extern C:\MCC18\src\traditional\proc\p18F4550.asm
                     TOSL   0x000ffd       data     extern C:\MCC18\src\traditional\proc\p18F4550.asm
                     TOSU   0x000fff       data     extern C:\MCC18\src\traditional\proc\p18F4550.asm
                    TRISA   0x000f92       data     extern C:\MCC18\src\traditional\proc\p18F4550.asm
                TRISAbits   0x000f92       data     extern C:\MCC18\src\traditional\proc\p18F4550.asm
                    TRISB   0x000f93       data     extern C:\MCC18\src\traditional\proc\p18F4550.asm
[...]
                UEP13bits   0x000f7d       data     extern C:\MCC18\src\traditional\proc\p18F4550.asm
                    UEP13   0x000f7d       data     extern C:\MCC18\src\traditional\proc\p18F4550.asm
                    UEP14   0x000f7e       data     extern C:\MCC18\src\traditional\proc\p18F4550.asm
                UEP14bits   0x000f7e       data     extern C:\MCC18\src\traditional\proc\p18F4550.asm
                    UEP15   0x000f7f       data     extern C:\MCC18\src\traditional\proc\p18F4550.asm
                UEP15bits   0x000f7f       data     extern C:\MCC18\src\traditional\proc\p18F4550.asm
                PORTAbits   0x000f80       data     extern C:\MCC18\src\traditional\proc\p18F4550.asm
                    PORTA   0x000f80       data     extern C:\MCC18\src\traditional\proc\p18F4550.asm
                PORTBbits   0x000f81       data     extern C:\MCC18\src\traditional\proc\p18F4550.asm
                    PORTB   0x000f81       data     extern C:\MCC18\src\traditional\proc\p18F4550.asm
                PORTCbits   0x000f82       data     extern C:\MCC18\src\traditional\proc\p18F4550.asm
                    PORTC   0x000f82       data     extern C:\MCC18\src\traditional\proc\p18F4550.asm
                    PORTD   0x000f83       data     extern C:\MCC18\src\traditional\proc\p18F4550.asm
                PORTDbits   0x000f83       data     extern C:\MCC18\src\traditional\proc\p18F4550.asm
                    PORTE   0x000f84       data     extern C:\MCC18\src\traditional\proc\p18F4550.asm
                PORTEbits   0x000f84       data     extern C:\MCC18\src\traditional\proc\p18F4550.asm
                 LATAbits   0x000f89       data     extern C:\MCC18\src\traditional\proc\p18F4550.asm
                     LATA   0x000f89       data     extern C:\MCC18\src\traditional\proc\p18F4550.asm
                     LATB   0x000f8a       data     extern C:\MCC18\src\traditional\proc\p18F4550.asm
                 LATBbits   0x000f8a       data     extern C:\MCC18\src\traditional\proc\p18F4550.asm
                     LATC   0x000f8b       data     extern C:\MCC18\src\traditional\proc\p18F4550.asm
                 LATCbits   0x000f8b       data     extern C:\MCC18\src\traditional\proc\p18F4550.asm
                     LATD   0x000f8c       data     extern C:\MCC18\src\traditional\proc\p18F4550.asm
                 LATDbits   0x000f8c       data     extern C:\MCC18\src\traditional\proc\p18F4550.asm
                     LATE   0x000f8d       data     extern C:\MCC18\src\traditional\proc\p18F4550.asm
                 LATEbits   0x000f8d       data     extern C:\MCC18\src\traditional\proc\p18F4550.asm
                    TRISA   0x000f92       data     extern C:\MCC18\src\traditional\proc\p18F4550.asm
                TRISAbits   0x000f92       data     extern C:\MCC18\src\traditional\proc\p18F4550.asm
                     DDRA   0x000f92       data     extern C:\MCC18\src\traditional\proc\p18F4550.asm
                 DDRAbits   0x000f92       data     extern C:\MCC18\src\traditional\proc\p18F4550.asm
                    TRISB   0x000f93       data     extern C:\MCC18\src\traditional\proc\p18F4550.asm
                TRISBbits   0x000f93       data     extern C:\MCC18\src\traditional\proc\p18F4550.asm
                     DDRB   0x000f93       data     extern C:\MCC18\src\traditional\proc\p18F4550.asm
                 DDRBbits   0x000f93       data     extern C:\MCC18\src\traditional\proc\p18F4550.asm
                TRISCbits   0x000f94       data     extern C:\MCC18\src\traditional\proc\p18F4550.asm
                    TRISC   0x000f94       data     extern C:\MCC18\src\traditional\proc\p18F4550.asm
                 DDRCbits   0x000f94       data     extern C:\MCC18\src\traditional\proc\p18F4550.asm
                     DDRC   0x000f94       data     extern C:\MCC18\src\traditional\proc\p18F4550.asm
                 DDRDbits   0x000f95       data     extern C:\MCC18\src\traditional\proc\p18F4550.asm
                TRISDbits   0x000f95       data     extern C:\MCC18\src\traditional\proc\p18F4550.asm
                    TRISD   0x000f95       data     extern C:\MCC18\src\traditional\proc\p18F4550.asm
                     DDRD   0x000f95       data     extern C:\MCC18\src\traditional\proc\p18F4550.asm
                     DDRE   0x000f96       data     extern C:\MCC18\src\traditional\proc\p18F4550.asm
                 DDREbits   0x000f96       data     extern C:\MCC18\src\traditional\proc\p18F4550.asm
                TRISEbits   0x000f96       data     extern C:\MCC18\src\traditional\proc\p18F4550.asm
                    TRISE   0x000f96       data     extern C:\MCC18\src\traditional\proc\p18F4550.asm
              OSCTUNEbits   0x000f9b       data     extern C:\MCC18\src\traditional\proc\p18F4550.asm
                  OSCTUNE   0x000f9b       data     extern C:\MCC18\src\traditional\proc\p18F4550.asm
                 PIE1bits   0x000f9d       data     extern C:\MCC18\src\traditional\proc\p18F4550.asm
                     PIE1   0x000f9d       data     extern C:\MCC18\src\traditional\proc\p18F4550.asm
                 PIR1bits   0x000f9e       data     extern C:\MCC18\src\traditional\proc\p18F4550.asm
                     PIR1   0x000f9e       data     extern C:\MCC18\src\traditional\proc\p18F4550.asm
                 IPR1bits   0x000f9f       data     extern C:\MCC18\src\traditional\proc\p18F4550.asm
                     IPR1   0x000f9f       data     extern C:\MCC18\src\traditional\proc\p18F4550.asm
                 PIE2bits   0x000fa0       data     extern C:\MCC18\src\traditional\proc\p18F4550.asm
                     PIE2   0x000fa0       data     extern C:\MCC18\src\traditional\proc\p18F4550.asm
                     PIR2   0x000fa1       data     extern C:\MCC18\src\traditional\proc\p18F4550.asm
                 PIR2bits   0x000fa1       data     extern C:\MCC18\src\traditional\proc\p18F4550.asm
                     IPR2   0x000fa2       data     extern C:\MCC18\src\traditional\proc\p18F4550.asm
                 IPR2bits   0x000fa2       data     extern C:\MCC18\src\traditional\proc\p18F4550.asm
               EECON1bits   0x000fa6       data     extern C:\MCC18\src\traditional\proc\p18F4550.asm
                   EECON1   0x000fa6       data     extern C:\MCC18\src\traditional\proc\p18F4550.asm
                   EECON2   0x000fa7       data     extern C:\MCC18\src\traditional\proc\p18F4550.asm
                   EEDATA   0x000fa8       data     extern C:\MCC18\src\traditional\proc\p18F4550.asm
                    EEADR   0x000fa9       data     extern C:\MCC18\src\traditional\proc\p18F4550.asm
                    RCSTA   0x000fab       data     extern C:\MCC18\src\traditional\proc\p18F4550.asm
                RCSTAbits   0x000fab       data     extern C:\MCC18\src\traditional\proc\p18F4550.asm
                    TXSTA   0x000fac       data     extern C:\MCC18\src\traditional\proc\p18F4550.asm
                TXSTAbits   0x000fac       data     extern C:\MCC18\src\traditional\proc\p18F4550.asm
                    TXREG   0x000fad       data     extern C:\MCC18\src\traditional\proc\p18F4550.asm
                    RCREG   0x000fae       data     extern C:\MCC18\src\traditional\proc\p18F4550.asm
                    SPBRG   0x000faf       data     extern C:\MCC18\src\traditional\proc\p18F4550.asm
                   SPBRGH   0x000fb0       data     extern C:\MCC18\src\traditional\proc\p18F4550.asm
                T3CONbits   0x000fb1       data     extern C:\MCC18\src\traditional\proc\p18F4550.asm
                    T3CON   0x000fb1       data     extern C:\MCC18\src\traditional\proc\p18F4550.asm
                    TMR3L   0x000fb2       data     extern C:\MCC18\src\traditional\proc\p18F4550.asm
                    TMR3H   0x000fb3       data     extern C:\MCC18\src\traditional\proc\p18F4550.asm
                CMCONbits   0x000fb4       data     extern C:\MCC18\src\traditional\proc\p18F4550.asm
                    CMCON   0x000fb4       data     extern C:\MCC18\src\traditional\proc\p18F4550.asm
               CVRCONbits   0x000fb5       data     extern C:\MCC18\src\traditional\proc\p18F4550.asm
                   CVRCON   0x000fb5       data     extern C:\MCC18\src\traditional\proc\p18F4550.asm
                   CCP1AS   0x000fb6       data     extern C:\MCC18\src\traditional\proc\p18F4550.asm
               CCP1ASbits   0x000fb6       data     extern C:\MCC18\src\traditional\proc\p18F4550.asm
              ECCP1ASbits   0x000fb6       data     extern C:\MCC18\src\traditional\proc\p18F4550.asm
                  ECCP1AS   0x000fb6       data     extern C:\MCC18\src\traditional\proc\p18F4550.asm
             ECCP1DELbits   0x000fb7       data     extern C:\MCC18\src\traditional\proc\p18F4550.asm
              CCP1DELbits   0x000fb7       data     extern C:\MCC18\src\traditional\proc\p18F4550.asm
                  CCP1DEL   0x000fb7       data     extern C:\MCC18\src\traditional\proc\p18F4550.asm
                 ECCP1DEL   0x000fb7       data     extern C:\MCC18\src\traditional\proc\p18F4550.asm
                  BAUDCON   0x000fb8       data     extern C:\MCC18\src\traditional\proc\p18F4550.asm
              BAUDCONbits   0x000fb8       data     extern C:\MCC18\src\traditional\proc\p18F4550.asm
                  CCP2CON   0x000fba       data     extern C:\MCC18\src\traditional\proc\p18F4550.asm
              CCP2CONbits   0x000fba       data     extern C:\MCC18\src\traditional\proc\p18F4550.asm
                   CCPR2L   0x000fbb       data     extern C:\MCC18\src\traditional\proc\p18F4550.asm
                    CCPR2   0x000fbb       data     extern C:\MCC18\src\traditional\proc\p18F4550.asm
                   CCPR2H   0x000fbc       data     extern C:\MCC18\src\traditional\proc\p18F4550.asm
              CCP1CONbits   0x000fbd       data     extern C:\MCC18\src\traditional\proc\p18F4550.asm
                 ECCP1CON   0x000fbd       data     extern C:\MCC18\src\traditional\proc\p18F4550.asm
             ECCP1CONbits   0x000fbd       data     extern C:\MCC18\src\traditional\proc\p18F4550.asm
                  CCP1CON   0x000fbd       data     extern C:\MCC18\src\traditional\proc\p18F4550.asm
                    CCPR1   0x000fbe       data     extern C:\MCC18\src\traditional\proc\p18F4550.asm
                   CCPR1L   0x000fbe       data     extern C:\MCC18\src\traditional\proc\p18F4550.asm
                   CCPR1H   0x000fbf       data     extern C:\MCC18\src\traditional\proc\p18F4550.asm
                   ADCON2   0x000fc0       data     extern C:\MCC18\src\traditional\proc\p18F4550.asm
               ADCON2bits   0x000fc0       data     extern C:\MCC18\src\traditional\proc\p18F4550.asm
               ADCON1bits   0x000fc1       data     extern C:\MCC18\src\traditional\proc\p18F4550.asm
                   ADCON1   0x000fc1       data     extern C:\MCC18\src\traditional\proc\p18F4550.asm
               ADCON0bits   0x000fc2       data     extern C:\MCC18\src\traditional\proc\p18F4550.asm
                   ADCON0   0x000fc2       data     extern C:\MCC18\src\traditional\proc\p18F4550.asm
                   ADRESL   0x000fc3       data     extern C:\MCC18\src\traditional\proc\p18F4550.asm
                    ADRES   0x000fc3       data     extern C:\MCC18\src\traditional\proc\p18F4550.asm
                   ADRESH   0x000fc4       data     extern C:\MCC18\src\traditional\proc\p18F4550.asm
                  SSPCON2   0x000fc5       data     extern C:\MCC18\src\traditional\proc\p18F4550.asm
              SSPCON2bits   0x000fc5       data     extern C:\MCC18\src\traditional\proc\p18F4550.asm
                  SSPCON1   0x000fc6       data     extern C:\MCC18\src\traditional\proc\p18F4550.asm
              SSPCON1bits   0x000fc6       data     extern C:\MCC18\src\traditional\proc\p18F4550.asm
                  SSPSTAT   0x000fc7       data     extern C:\MCC18\src\traditional\proc\p18F4550.asm
              SSPSTATbits   0x000fc7       data     extern C:\MCC18\src\traditional\proc\p18F4550.asm
                   SSPADD   0x000fc8       data     extern C:\MCC18\src\traditional\proc\p18F4550.asm
                   SSPBUF   0x000fc9       data     extern C:\MCC18\src\traditional\proc\p18F4550.asm
                T2CONbits   0x000fca       data     extern C:\MCC18\src\traditional\proc\p18F4550.asm
                    T2CON   0x000fca       data     extern C:\MCC18\src\traditional\proc\p18F4550.asm
                      PR2   0x000fcb       data     extern C:\MCC18\src\traditional\proc\p18F4550.asm
                     TMR2   0x000fcc       data     extern C:\MCC18\src\traditional\proc\p18F4550.asm
                    T1CON   0x000fcd       data     extern C:\MCC18\src\traditional\proc\p18F4550.asm
                T1CONbits   0x000fcd       data     extern C:\MCC18\src\traditional\proc\p18F4550.asm
                    TMR1L   0x000fce       data     extern C:\MCC18\src\traditional\proc\p18F4550.asm
                    TMR1H   0x000fcf       data     extern C:\MCC18\src\traditional\proc\p18F4550.asm
                 RCONbits   0x000fd0       data     extern C:\MCC18\src\traditional\proc\p18F4550.asm
                     RCON   0x000fd0       data     extern C:\MCC18\src\traditional\proc\p18F4550.asm
                   WDTCON   0x000fd1       data     extern C:\MCC18\src\traditional\proc\p18F4550.asm
               WDTCONbits   0x000fd1       data     extern C:\MCC18\src\traditional\proc\p18F4550.asm
               LVDCONbits   0x000fd2       data     extern C:\MCC18\src\traditional\proc\p18F4550.asm
                  HLVDCON   0x000fd2       data     extern C:\MCC18\src\traditional\proc\p18F4550.asm
              HLVDCONbits   0x000fd2       data     extern C:\MCC18\src\traditional\proc\p18F4550.asm
                   LVDCON   0x000fd2       data     extern C:\MCC18\src\traditional\proc\p18F4550.asm
                   OSCCON   0x000fd3       data     extern C:\MCC18\src\traditional\proc\p18F4550.asm
               OSCCONbits   0x000fd3       data     extern C:\MCC18\src\traditional\proc\p18F4550.asm
                    T0CON   0x000fd5       data     extern C:\MCC18\src\traditional\proc\p18F4550.asm
                T0CONbits   0x000fd5       data     extern C:\MCC18\src\traditional\proc\p18F4550.asm
                    TMR0L   0x000fd6       data     extern C:\MCC18\src\traditional\proc\p18F4550.asm
                    TMR0H   0x000fd7       data     extern C:\MCC18\src\traditional\proc\p18F4550.asm
               STATUSbits   0x000fd8       data     extern C:\MCC18\src\traditional\proc\p18F4550.asm
                   STATUS   0x000fd8       data     extern C:\MCC18\src\traditional\proc\p18F4550.asm
                    FSR2L   0x000fd9       data     extern C:\MCC18\src\traditional\proc\p18F4550.asm
                     FSR2   0x000fd9       data     extern C:\MCC18\src\traditional\proc\p18F4550.asm
                    FSR2H   0x000fda       data     extern C:\MCC18\src\traditional\proc\p18F4550.asm
                   PLUSW2   0x000fdb       data     extern C:\MCC18\src\traditional\proc\p18F4550.asm
                  PREINC2   0x000fdc       data     extern C:\MCC18\src\traditional\proc\p18F4550.asm
                 POSTDEC2   0x000fdd       data     extern C:\MCC18\src\traditional\proc\p18F4550.asm
                 POSTINC2   0x000fde       data     extern C:\MCC18\src\traditional\proc\p18F4550.asm
                    INDF2   0x000fdf       data     extern C:\MCC18\src\traditional\proc\p18F4550.asm
                      BSR   0x000fe0       data     extern C:\MCC18\src\traditional\proc\p18F4550.asm
                     FSR1   0x000fe1       data     extern C:\MCC18\src\traditional\proc\p18F4550.asm
                    FSR1L   0x000fe1       data     extern C:\MCC18\src\traditional\proc\p18F4550.asm
                    FSR1H   0x000fe2       data     extern C:\MCC18\src\traditional\proc\p18F4550.asm
                   PLUSW1   0x000fe3       data     extern C:\MCC18\src\traditional\proc\p18F4550.asm
                  PREINC1   0x000fe4       data     extern C:\MCC18\src\traditional\proc\p18F4550.asm
                 POSTDEC1   0x000fe5       data     extern C:\MCC18\src\traditional\proc\p18F4550.asm
                 POSTINC1   0x000fe6       data     extern C:\MCC18\src\traditional\proc\p18F4550.asm
                    INDF1   0x000fe7       data     extern C:\MCC18\src\traditional\proc\p18F4550.asm
                     WREG   0x000fe8       data     extern C:\MCC18\src\traditional\proc\p18F4550.asm
                    FSR0L   0x000fe9       data     extern C:\MCC18\src\traditional\proc\p18F4550.asm
                     FSR0   0x000fe9       data     extern C:\MCC18\src\traditional\proc\p18F4550.asm
                    FSR0H   0x000fea       data     extern C:\MCC18\src\traditional\proc\p18F4550.asm
                   PLUSW0   0x000feb       data     extern C:\MCC18\src\traditional\proc\p18F4550.asm
                  PREINC0   0x000fec       data     extern C:\MCC18\src\traditional\proc\p18F4550.asm
                 POSTDEC0   0x000fed       data     extern C:\MCC18\src\traditional\proc\p18F4550.asm
                 POSTINC0   0x000fee       data     extern C:\MCC18\src\traditional\proc\p18F4550.asm
                    INDF0   0x000fef       data     extern C:\MCC18\src\traditional\proc\p18F4550.asm
                  INTCON3   0x000ff0       data     extern C:\MCC18\src\traditional\proc\p18F4550.asm
              INTCON3bits   0x000ff0       data     extern C:\MCC18\src\traditional\proc\p18F4550.asm
                  INTCON2   0x000ff1       data     extern C:\MCC18\src\traditional\proc\p18F4550.asm
              INTCON2bits   0x000ff1       data     extern C:\MCC18\src\traditional\proc\p18F4550.asm
               INTCONbits   0x000ff2       data     extern C:\MCC18\src\traditional\proc\p18F4550.asm
                   INTCON   0x000ff2       data     extern C:\MCC18\src\traditional\proc\p18F4550.asm
                     PROD   0x000ff3       data     extern C:\MCC18\src\traditional\proc\p18F4550.asm
                    PRODL   0x000ff3       data     extern C:\MCC18\src\traditional\proc\p18F4550.asm
                    PRODH   0x000ff4       data     extern C:\MCC18\src\traditional\proc\p18F4550.asm
                   TABLAT   0x000ff5       data     extern C:\MCC18\src\traditional\proc\p18F4550.asm
                   TBLPTR   0x000ff6       data     extern C:\MCC18\src\traditional\proc\p18F4550.asm
                  TBLPTRL   0x000ff6       data     extern C:\MCC18\src\traditional\proc\p18F4550.asm
                  TBLPTRH   0x000ff7       data     extern C:\MCC18\src\traditional\proc\p18F4550.asm
                  TBLPTRU   0x000ff8       data     extern C:\MCC18\src\traditional\proc\p18F4550.asm
                      PCL   0x000ff9       data     extern C:\MCC18\src\traditional\proc\p18F4550.asm
                       PC   0x000ff9       data     extern C:\MCC18\src\traditional\proc\p18F4550.asm
                   PCLATH   0x000ffa       data     extern C:\MCC18\src\traditional\proc\p18F4550.asm
                   PCLATU   0x000ffb       data     extern C:\MCC18\src\traditional\proc\p18F4550.asm
                   STKPTR   0x000ffc       data     extern C:\MCC18\src\traditional\proc\p18F4550.asm
               STKPTRbits   0x000ffc       data     extern C:\MCC18\src\traditional\proc\p18F4550.asm
                     TOSL   0x000ffd       data     extern C:\MCC18\src\traditional\proc\p18F4550.asm
                      TOS   0x000ffd       data     extern C:\MCC18\src\traditional\proc\p18F4550.asm
                     TOSH   0x000ffe       data     extern C:\MCC18\src\traditional\proc\p18F4550.asm
                     TOSU   0x000fff       data     extern C:\MCC18\src\traditional\proc\p18F4550.asm


